Building with support for profile generation:
gmake clean
gmake[1]: Entering directory '/Users/dojo/Library/Caches/Homebrew/Python-3.6.2'
find . -depth -name '__pycache__' -exec rm -rf {} ';'
find . -name '*.py[co]' -exec rm -f {} ';'
find . -name '*.[oa]' -exec rm -f {} ';'
find . -name '*.s[ol]' -exec rm -f {} ';'
find . -name '*.so.[0-9]*.[0-9]*' -exec rm -f {} ';'
find build -name 'fficonfig.h' -exec rm -f {} ';' || true
find build -name '*.py' -exec rm -f {} ';' || true
find build -name '*.py[co]' -exec rm -f {} ';' || true
rm -f pybuilddir.txt
rm -f Lib/lib2to3/*Grammar*.pickle
rm -f Programs/_testembed Programs/_freeze_importlib
find build -type f -a ! -name '*.gc??' -exec rm -f {} ';'
rm -f Include/pydtrace_probes.h
gmake[1]: Leaving directory '/Users/dojo/Library/Caches/Homebrew/Python-3.6.2'
gmake profile-removal
gmake[1]: Entering directory '/Users/dojo/Library/Caches/Homebrew/Python-3.6.2'
find . -name '*.gc??' -exec rm -f {} ';'
find . -name '*.profclang?' -exec rm -f {} ';'
find . -name '*.dyn' -exec rm -f {} ';'
rm -f /Users/dojo/Library/Caches/Homebrew/Python-3.6.2/coverage.info
rm -rf /Users/dojo/Library/Caches/Homebrew/Python-3.6.2/lcov-report
gmake[1]: Leaving directory '/Users/dojo/Library/Caches/Homebrew/Python-3.6.2'
gmake build_all_generate_profile
gmake[1]: Entering directory '/Users/dojo/Library/Caches/Homebrew/Python-3.6.2'
gmake build_all CFLAGS_NODIST="-fomit-frame-pointer -funroll-loops  -ffast-math -Ofast -fno-signed-zeros -ffp-contract=fast -mmmx -msse -flto    " LDFLAGS="-L/usr/local/opt/openblas/lib -L/usr/local/opt/llvm/lib -L/usr/local/opt/sqlite/lib -L/usr/local/opt/readline/lib -L/usr/local/opt/openssl@1.1/lib   " LIBS="-lintl -ldl  -framework CoreFoundation"
gmake[2]: Entering directory '/Users/dojo/Library/Caches/Homebrew/Python-3.6.2'
cc -c -fsanitize=address -fno-omit-frame-pointer  -Wno-unused-result -Wsign-compare -DDYNAMIC_ANNOTATIONS_ENABLED=1 -g -Ofast -Wall -Wstrict-prototypes -fomit-frame-pointer -funroll-loops  -ffast-math -Ofast -fno-signed-zeros -ffp-contract=fast -mmmx -msse -flto   -fomit-frame-pointer -funroll-loops  -ffast-math -Ofast -fno-signed-zeros -ffp-contract=fast -mmmx -msse -flto    -std=c99 -Wextra -Wno-unused-result -Wno-unused-parameter -Wno-missing-field-initializers -fomit-frame-pointer -funroll-loops  -ffast-math -Ofast -fno-signed-zeros -ffp-contract=fast -mmmx -msse -flto      -I. -I./Include -I/usr/local/opt/openblas/include -I/usr/local/opt/llvm/include -I/usr/local/opt/sqlite/include -I/usr/local/opt/readline/include -I/usr/local/opt/openssl@1.1/include  -I/usr/local/opt/openblas/include -I/usr/local/opt/llvm/include -I/usr/local/opt/sqlite/include -I/usr/local/opt/readline/include -I/usr/local/opt/openssl@1.1/include   -DPy_BUILD_CORE -o Programs/python.o ./Programs/python.c
cc -c -fsanitize=address -fno-omit-frame-pointer  -Wno-unused-result -Wsign-compare -DDYNAMIC_ANNOTATIONS_ENABLED=1 -g -Ofast -Wall -Wstrict-prototypes -fomit-frame-pointer -funroll-loops  -ffast-math -Ofast -fno-signed-zeros -ffp-contract=fast -mmmx -msse -flto   -fomit-frame-pointer -funroll-loops  -ffast-math -Ofast -fno-signed-zeros -ffp-contract=fast -mmmx -msse -flto    -std=c99 -Wextra -Wno-unused-result -Wno-unused-parameter -Wno-missing-field-initializers -fomit-frame-pointer -funroll-loops  -ffast-math -Ofast -fno-signed-zeros -ffp-contract=fast -mmmx -msse -flto      -I. -I./Include -I/usr/local/opt/openblas/include -I/usr/local/opt/llvm/include -I/usr/local/opt/sqlite/include -I/usr/local/opt/readline/include -I/usr/local/opt/openssl@1.1/include  -I/usr/local/opt/openblas/include -I/usr/local/opt/llvm/include -I/usr/local/opt/sqlite/include -I/usr/local/opt/readline/include -I/usr/local/opt/openssl@1.1/include   -DPy_BUILD_CORE -o Parser/acceler.o Parser/acceler.c
cc -c -fsanitize=address -fno-omit-frame-pointer  -Wno-unused-result -Wsign-compare -DDYNAMIC_ANNOTATIONS_ENABLED=1 -g -Ofast -Wall -Wstrict-prototypes -fomit-frame-pointer -funroll-loops  -ffast-math -Ofast -fno-signed-zeros -ffp-contract=fast -mmmx -msse -flto   -fomit-frame-pointer -funroll-loops  -ffast-math -Ofast -fno-signed-zeros -ffp-contract=fast -mmmx -msse -flto    -std=c99 -Wextra -Wno-unused-result -Wno-unused-parameter -Wno-missing-field-initializers -fomit-frame-pointer -funroll-loops  -ffast-math -Ofast -fno-signed-zeros -ffp-contract=fast -mmmx -msse -flto      -I. -I./Include -I/usr/local/opt/openblas/include -I/usr/local/opt/llvm/include -I/usr/local/opt/sqlite/include -I/usr/local/opt/readline/include -I/usr/local/opt/openssl@1.1/include  -I/usr/local/opt/openblas/include -I/usr/local/opt/llvm/include -I/usr/local/opt/sqlite/include -I/usr/local/opt/readline/include -I/usr/local/opt/openssl@1.1/include   -DPy_BUILD_CORE -o Parser/grammar1.o Parser/grammar1.c
cc -c -fsanitize=address -fno-omit-frame-pointer  -Wno-unused-result -Wsign-compare -DDYNAMIC_ANNOTATIONS_ENABLED=1 -g -Ofast -Wall -Wstrict-prototypes -fomit-frame-pointer -funroll-loops  -ffast-math -Ofast -fno-signed-zeros -ffp-contract=fast -mmmx -msse -flto   -fomit-frame-pointer -funroll-loops  -ffast-math -Ofast -fno-signed-zeros -ffp-contract=fast -mmmx -msse -flto    -std=c99 -Wextra -Wno-unused-result -Wno-unused-parameter -Wno-missing-field-initializers -fomit-frame-pointer -funroll-loops  -ffast-math -Ofast -fno-signed-zeros -ffp-contract=fast -mmmx -msse -flto      -I. -I./Include -I/usr/local/opt/openblas/include -I/usr/local/opt/llvm/include -I/usr/local/opt/sqlite/include -I/usr/local/opt/readline/include -I/usr/local/opt/openssl@1.1/include  -I/usr/local/opt/openblas/include -I/usr/local/opt/llvm/include -I/usr/local/opt/sqlite/include -I/usr/local/opt/readline/include -I/usr/local/opt/openssl@1.1/include   -DPy_BUILD_CORE -o Parser/listnode.o Parser/listnode.c
cc -c -fsanitize=address -fno-omit-frame-pointer  -Wno-unused-result -Wsign-compare -DDYNAMIC_ANNOTATIONS_ENABLED=1 -g -Ofast -Wall -Wstrict-prototypes -fomit-frame-pointer -funroll-loops  -ffast-math -Ofast -fno-signed-zeros -ffp-contract=fast -mmmx -msse -flto   -fomit-frame-pointer -funroll-loops  -ffast-math -Ofast -fno-signed-zeros -ffp-contract=fast -mmmx -msse -flto    -std=c99 -Wextra -Wno-unused-result -Wno-unused-parameter -Wno-missing-field-initializers -fomit-frame-pointer -funroll-loops  -ffast-math -Ofast -fno-signed-zeros -ffp-contract=fast -mmmx -msse -flto      -I. -I./Include -I/usr/local/opt/openblas/include -I/usr/local/opt/llvm/include -I/usr/local/opt/sqlite/include -I/usr/local/opt/readline/include -I/usr/local/opt/openssl@1.1/include  -I/usr/local/opt/openblas/include -I/usr/local/opt/llvm/include -I/usr/local/opt/sqlite/include -I/usr/local/opt/readline/include -I/usr/local/opt/openssl@1.1/include   -DPy_BUILD_CORE -o Parser/node.o Parser/node.c
cc -c -fsanitize=address -fno-omit-frame-pointer  -Wno-unused-result -Wsign-compare -DDYNAMIC_ANNOTATIONS_ENABLED=1 -g -Ofast -Wall -Wstrict-prototypes -fomit-frame-pointer -funroll-loops  -ffast-math -Ofast -fno-signed-zeros -ffp-contract=fast -mmmx -msse -flto   -fomit-frame-pointer -funroll-loops  -ffast-math -Ofast -fno-signed-zeros -ffp-contract=fast -mmmx -msse -flto    -std=c99 -Wextra -Wno-unused-result -Wno-unused-parameter -Wno-missing-field-initializers -fomit-frame-pointer -funroll-loops  -ffast-math -Ofast -fno-signed-zeros -ffp-contract=fast -mmmx -msse -flto      -I. -I./Include -I/usr/local/opt/openblas/include -I/usr/local/opt/llvm/include -I/usr/local/opt/sqlite/include -I/usr/local/opt/readline/include -I/usr/local/opt/openssl@1.1/include  -I/usr/local/opt/openblas/include -I/usr/local/opt/llvm/include -I/usr/local/opt/sqlite/include -I/usr/local/opt/readline/include -I/usr/local/opt/openssl@1.1/include   -DPy_BUILD_CORE -o Parser/parser.o Parser/parser.c
cc -c -fsanitize=address -fno-omit-frame-pointer  -Wno-unused-result -Wsign-compare -DDYNAMIC_ANNOTATIONS_ENABLED=1 -g -Ofast -Wall -Wstrict-prototypes -fomit-frame-pointer -funroll-loops  -ffast-math -Ofast -fno-signed-zeros -ffp-contract=fast -mmmx -msse -flto   -fomit-frame-pointer -funroll-loops  -ffast-math -Ofast -fno-signed-zeros -ffp-contract=fast -mmmx -msse -flto    -std=c99 -Wextra -Wno-unused-result -Wno-unused-parameter -Wno-missing-field-initializers -fomit-frame-pointer -funroll-loops  -ffast-math -Ofast -fno-signed-zeros -ffp-contract=fast -mmmx -msse -flto      -I. -I./Include -I/usr/local/opt/openblas/include -I/usr/local/opt/llvm/include -I/usr/local/opt/sqlite/include -I/usr/local/opt/readline/include -I/usr/local/opt/openssl@1.1/include  -I/usr/local/opt/openblas/include -I/usr/local/opt/llvm/include -I/usr/local/opt/sqlite/include -I/usr/local/opt/readline/include -I/usr/local/opt/openssl@1.1/include   -DPy_BUILD_CORE -o Parser/bitset.o Parser/bitset.c
cc -c -fsanitize=address -fno-omit-frame-pointer  -Wno-unused-result -Wsign-compare -DDYNAMIC_ANNOTATIONS_ENABLED=1 -g -Ofast -Wall -Wstrict-prototypes -fomit-frame-pointer -funroll-loops  -ffast-math -Ofast -fno-signed-zeros -ffp-contract=fast -mmmx -msse -flto   -fomit-frame-pointer -funroll-loops  -ffast-math -Ofast -fno-signed-zeros -ffp-contract=fast -mmmx -msse -flto    -std=c99 -Wextra -Wno-unused-result -Wno-unused-parameter -Wno-missing-field-initializers -fomit-frame-pointer -funroll-loops  -ffast-math -Ofast -fno-signed-zeros -ffp-contract=fast -mmmx -msse -flto      -I. -I./Include -I/usr/local/opt/openblas/include -I/usr/local/opt/llvm/include -I/usr/local/opt/sqlite/include -I/usr/local/opt/readline/include -I/usr/local/opt/openssl@1.1/include  -I/usr/local/opt/openblas/include -I/usr/local/opt/llvm/include -I/usr/local/opt/sqlite/include -I/usr/local/opt/readline/include -I/usr/local/opt/openssl@1.1/include   -DPy_BUILD_CORE -o Parser/metagrammar.o Parser/metagrammar.c
cc -c -fsanitize=address -fno-omit-frame-pointer  -Wno-unused-result -Wsign-compare -DDYNAMIC_ANNOTATIONS_ENABLED=1 -g -Ofast -Wall -Wstrict-prototypes -fomit-frame-pointer -funroll-loops  -ffast-math -Ofast -fno-signed-zeros -ffp-contract=fast -mmmx -msse -flto   -fomit-frame-pointer -funroll-loops  -ffast-math -Ofast -fno-signed-zeros -ffp-contract=fast -mmmx -msse -flto    -std=c99 -Wextra -Wno-unused-result -Wno-unused-parameter -Wno-missing-field-initializers -fomit-frame-pointer -funroll-loops  -ffast-math -Ofast -fno-signed-zeros -ffp-contract=fast -mmmx -msse -flto      -I. -I./Include -I/usr/local/opt/openblas/include -I/usr/local/opt/llvm/include -I/usr/local/opt/sqlite/include -I/usr/local/opt/readline/include -I/usr/local/opt/openssl@1.1/include  -I/usr/local/opt/openblas/include -I/usr/local/opt/llvm/include -I/usr/local/opt/sqlite/include -I/usr/local/opt/readline/include -I/usr/local/opt/openssl@1.1/include   -DPy_BUILD_CORE -o Parser/firstsets.o Parser/firstsets.c
cc -c -fsanitize=address -fno-omit-frame-pointer  -Wno-unused-result -Wsign-compare -DDYNAMIC_ANNOTATIONS_ENABLED=1 -g -Ofast -Wall -Wstrict-prototypes -fomit-frame-pointer -funroll-loops  -ffast-math -Ofast -fno-signed-zeros -ffp-contract=fast -mmmx -msse -flto   -fomit-frame-pointer -funroll-loops  -ffast-math -Ofast -fno-signed-zeros -ffp-contract=fast -mmmx -msse -flto    -std=c99 -Wextra -Wno-unused-result -Wno-unused-parameter -Wno-missing-field-initializers -fomit-frame-pointer -funroll-loops  -ffast-math -Ofast -fno-signed-zeros -ffp-contract=fast -mmmx -msse -flto      -I. -I./Include -I/usr/local/opt/openblas/include -I/usr/local/opt/llvm/include -I/usr/local/opt/sqlite/include -I/usr/local/opt/readline/include -I/usr/local/opt/openssl@1.1/include  -I/usr/local/opt/openblas/include -I/usr/local/opt/llvm/include -I/usr/local/opt/sqlite/include -I/usr/local/opt/readline/include -I/usr/local/opt/openssl@1.1/include   -DPy_BUILD_CORE -o Parser/grammar.o Parser/grammar.c
cc -c -fsanitize=address -fno-omit-frame-pointer  -Wno-unused-result -Wsign-compare -DDYNAMIC_ANNOTATIONS_ENABLED=1 -g -Ofast -Wall -Wstrict-prototypes -fomit-frame-pointer -funroll-loops  -ffast-math -Ofast -fno-signed-zeros -ffp-contract=fast -mmmx -msse -flto   -fomit-frame-pointer -funroll-loops  -ffast-math -Ofast -fno-signed-zeros -ffp-contract=fast -mmmx -msse -flto    -std=c99 -Wextra -Wno-unused-result -Wno-unused-parameter -Wno-missing-field-initializers -fomit-frame-pointer -funroll-loops  -ffast-math -Ofast -fno-signed-zeros -ffp-contract=fast -mmmx -msse -flto      -I. -I./Include -I/usr/local/opt/openblas/include -I/usr/local/opt/llvm/include -I/usr/local/opt/sqlite/include -I/usr/local/opt/readline/include -I/usr/local/opt/openssl@1.1/include  -I/usr/local/opt/openblas/include -I/usr/local/opt/llvm/include -I/usr/local/opt/sqlite/include -I/usr/local/opt/readline/include -I/usr/local/opt/openssl@1.1/include   -DPy_BUILD_CORE -o Parser/pgen.o Parser/pgen.c
cc -c -fsanitize=address -fno-omit-frame-pointer  -Wno-unused-result -Wsign-compare -DDYNAMIC_ANNOTATIONS_ENABLED=1 -g -Ofast -Wall -Wstrict-prototypes -fomit-frame-pointer -funroll-loops  -ffast-math -Ofast -fno-signed-zeros -ffp-contract=fast -mmmx -msse -flto   -fomit-frame-pointer -funroll-loops  -ffast-math -Ofast -fno-signed-zeros -ffp-contract=fast -mmmx -msse -flto    -std=c99 -Wextra -Wno-unused-result -Wno-unused-parameter -Wno-missing-field-initializers -fomit-frame-pointer -funroll-loops  -ffast-math -Ofast -fno-signed-zeros -ffp-contract=fast -mmmx -msse -flto      -I. -I./Include -I/usr/local/opt/openblas/include -I/usr/local/opt/llvm/include -I/usr/local/opt/sqlite/include -I/usr/local/opt/readline/include -I/usr/local/opt/openssl@1.1/include  -I/usr/local/opt/openblas/include -I/usr/local/opt/llvm/include -I/usr/local/opt/sqlite/include -I/usr/local/opt/readline/include -I/usr/local/opt/openssl@1.1/include   -DPy_BUILD_CORE -o Parser/myreadline.o Parser/myreadline.c
cc -c -fsanitize=address -fno-omit-frame-pointer  -Wno-unused-result -Wsign-compare -DDYNAMIC_ANNOTATIONS_ENABLED=1 -g -Ofast -Wall -Wstrict-prototypes -fomit-frame-pointer -funroll-loops  -ffast-math -Ofast -fno-signed-zeros -ffp-contract=fast -mmmx -msse -flto   -fomit-frame-pointer -funroll-loops  -ffast-math -Ofast -fno-signed-zeros -ffp-contract=fast -mmmx -msse -flto    -std=c99 -Wextra -Wno-unused-result -Wno-unused-parameter -Wno-missing-field-initializers -fomit-frame-pointer -funroll-loops  -ffast-math -Ofast -fno-signed-zeros -ffp-contract=fast -mmmx -msse -flto      -I. -I./Include -I/usr/local/opt/openblas/include -I/usr/local/opt/llvm/include -I/usr/local/opt/sqlite/include -I/usr/local/opt/readline/include -I/usr/local/opt/openssl@1.1/include  -I/usr/local/opt/openblas/include -I/usr/local/opt/llvm/include -I/usr/local/opt/sqlite/include -I/usr/local/opt/readline/include -I/usr/local/opt/openssl@1.1/include   -DPy_BUILD_CORE -o Parser/parsetok.o Parser/parsetok.c
cc -c -fsanitize=address -fno-omit-frame-pointer  -Wno-unused-result -Wsign-compare -DDYNAMIC_ANNOTATIONS_ENABLED=1 -g -Ofast -Wall -Wstrict-prototypes -fomit-frame-pointer -funroll-loops  -ffast-math -Ofast -fno-signed-zeros -ffp-contract=fast -mmmx -msse -flto   -fomit-frame-pointer -funroll-loops  -ffast-math -Ofast -fno-signed-zeros -ffp-contract=fast -mmmx -msse -flto    -std=c99 -Wextra -Wno-unused-result -Wno-unused-parameter -Wno-missing-field-initializers -fomit-frame-pointer -funroll-loops  -ffast-math -Ofast -fno-signed-zeros -ffp-contract=fast -mmmx -msse -flto      -I. -I./Include -I/usr/local/opt/openblas/include -I/usr/local/opt/llvm/include -I/usr/local/opt/sqlite/include -I/usr/local/opt/readline/include -I/usr/local/opt/openssl@1.1/include  -I/usr/local/opt/openblas/include -I/usr/local/opt/llvm/include -I/usr/local/opt/sqlite/include -I/usr/local/opt/readline/include -I/usr/local/opt/openssl@1.1/include   -DPy_BUILD_CORE -o Parser/tokenizer.o Parser/tokenizer.c
cc -c -fsanitize=address -fno-omit-frame-pointer  -Wno-unused-result -Wsign-compare -DDYNAMIC_ANNOTATIONS_ENABLED=1 -g -Ofast -Wall -Wstrict-prototypes -fomit-frame-pointer -funroll-loops  -ffast-math -Ofast -fno-signed-zeros -ffp-contract=fast -mmmx -msse -flto   -fomit-frame-pointer -funroll-loops  -ffast-math -Ofast -fno-signed-zeros -ffp-contract=fast -mmmx -msse -flto    -std=c99 -Wextra -Wno-unused-result -Wno-unused-parameter -Wno-missing-field-initializers -fomit-frame-pointer -funroll-loops  -ffast-math -Ofast -fno-signed-zeros -ffp-contract=fast -mmmx -msse -flto      -I. -I./Include -I/usr/local/opt/openblas/include -I/usr/local/opt/llvm/include -I/usr/local/opt/sqlite/include -I/usr/local/opt/readline/include -I/usr/local/opt/openssl@1.1/include  -I/usr/local/opt/openblas/include -I/usr/local/opt/llvm/include -I/usr/local/opt/sqlite/include -I/usr/local/opt/readline/include -I/usr/local/opt/openssl@1.1/include   -DPy_BUILD_CORE -o Objects/abstract.o Objects/abstract.c
cc -c -fsanitize=address -fno-omit-frame-pointer  -Wno-unused-result -Wsign-compare -DDYNAMIC_ANNOTATIONS_ENABLED=1 -g -Ofast -Wall -Wstrict-prototypes -fomit-frame-pointer -funroll-loops  -ffast-math -Ofast -fno-signed-zeros -ffp-contract=fast -mmmx -msse -flto   -fomit-frame-pointer -funroll-loops  -ffast-math -Ofast -fno-signed-zeros -ffp-contract=fast -mmmx -msse -flto    -std=c99 -Wextra -Wno-unused-result -Wno-unused-parameter -Wno-missing-field-initializers -fomit-frame-pointer -funroll-loops  -ffast-math -Ofast -fno-signed-zeros -ffp-contract=fast -mmmx -msse -flto      -I. -I./Include -I/usr/local/opt/openblas/include -I/usr/local/opt/llvm/include -I/usr/local/opt/sqlite/include -I/usr/local/opt/readline/include -I/usr/local/opt/openssl@1.1/include  -I/usr/local/opt/openblas/include -I/usr/local/opt/llvm/include -I/usr/local/opt/sqlite/include -I/usr/local/opt/readline/include -I/usr/local/opt/openssl@1.1/include   -DPy_BUILD_CORE -o Objects/accu.o Objects/accu.c
cc -c -fsanitize=address -fno-omit-frame-pointer  -Wno-unused-result -Wsign-compare -DDYNAMIC_ANNOTATIONS_ENABLED=1 -g -Ofast -Wall -Wstrict-prototypes -fomit-frame-pointer -funroll-loops  -ffast-math -Ofast -fno-signed-zeros -ffp-contract=fast -mmmx -msse -flto   -fomit-frame-pointer -funroll-loops  -ffast-math -Ofast -fno-signed-zeros -ffp-contract=fast -mmmx -msse -flto    -std=c99 -Wextra -Wno-unused-result -Wno-unused-parameter -Wno-missing-field-initializers -fomit-frame-pointer -funroll-loops  -ffast-math -Ofast -fno-signed-zeros -ffp-contract=fast -mmmx -msse -flto      -I. -I./Include -I/usr/local/opt/openblas/include -I/usr/local/opt/llvm/include -I/usr/local/opt/sqlite/include -I/usr/local/opt/readline/include -I/usr/local/opt/openssl@1.1/include  -I/usr/local/opt/openblas/include -I/usr/local/opt/llvm/include -I/usr/local/opt/sqlite/include -I/usr/local/opt/readline/include -I/usr/local/opt/openssl@1.1/include   -DPy_BUILD_CORE -o Objects/boolobject.o Objects/boolobject.c
cc -c -fsanitize=address -fno-omit-frame-pointer  -Wno-unused-result -Wsign-compare -DDYNAMIC_ANNOTATIONS_ENABLED=1 -g -Ofast -Wall -Wstrict-prototypes -fomit-frame-pointer -funroll-loops  -ffast-math -Ofast -fno-signed-zeros -ffp-contract=fast -mmmx -msse -flto   -fomit-frame-pointer -funroll-loops  -ffast-math -Ofast -fno-signed-zeros -ffp-contract=fast -mmmx -msse -flto    -std=c99 -Wextra -Wno-unused-result -Wno-unused-parameter -Wno-missing-field-initializers -fomit-frame-pointer -funroll-loops  -ffast-math -Ofast -fno-signed-zeros -ffp-contract=fast -mmmx -msse -flto      -I. -I./Include -I/usr/local/opt/openblas/include -I/usr/local/opt/llvm/include -I/usr/local/opt/sqlite/include -I/usr/local/opt/readline/include -I/usr/local/opt/openssl@1.1/include  -I/usr/local/opt/openblas/include -I/usr/local/opt/llvm/include -I/usr/local/opt/sqlite/include -I/usr/local/opt/readline/include -I/usr/local/opt/openssl@1.1/include   -DPy_BUILD_CORE -o Objects/bytes_methods.o Objects/bytes_methods.c
cc -c -fsanitize=address -fno-omit-frame-pointer  -Wno-unused-result -Wsign-compare -DDYNAMIC_ANNOTATIONS_ENABLED=1 -g -Ofast -Wall -Wstrict-prototypes -fomit-frame-pointer -funroll-loops  -ffast-math -Ofast -fno-signed-zeros -ffp-contract=fast -mmmx -msse -flto   -fomit-frame-pointer -funroll-loops  -ffast-math -Ofast -fno-signed-zeros -ffp-contract=fast -mmmx -msse -flto    -std=c99 -Wextra -Wno-unused-result -Wno-unused-parameter -Wno-missing-field-initializers -fomit-frame-pointer -funroll-loops  -ffast-math -Ofast -fno-signed-zeros -ffp-contract=fast -mmmx -msse -flto      -I. -I./Include -I/usr/local/opt/openblas/include -I/usr/local/opt/llvm/include -I/usr/local/opt/sqlite/include -I/usr/local/opt/readline/include -I/usr/local/opt/openssl@1.1/include  -I/usr/local/opt/openblas/include -I/usr/local/opt/llvm/include -I/usr/local/opt/sqlite/include -I/usr/local/opt/readline/include -I/usr/local/opt/openssl@1.1/include   -DPy_BUILD_CORE -o Objects/bytearrayobject.o Objects/bytearrayobject.c
cc -c -fsanitize=address -fno-omit-frame-pointer  -Wno-unused-result -Wsign-compare -DDYNAMIC_ANNOTATIONS_ENABLED=1 -g -Ofast -Wall -Wstrict-prototypes -fomit-frame-pointer -funroll-loops  -ffast-math -Ofast -fno-signed-zeros -ffp-contract=fast -mmmx -msse -flto   -fomit-frame-pointer -funroll-loops  -ffast-math -Ofast -fno-signed-zeros -ffp-contract=fast -mmmx -msse -flto    -std=c99 -Wextra -Wno-unused-result -Wno-unused-parameter -Wno-missing-field-initializers -fomit-frame-pointer -funroll-loops  -ffast-math -Ofast -fno-signed-zeros -ffp-contract=fast -mmmx -msse -flto      -I. -I./Include -I/usr/local/opt/openblas/include -I/usr/local/opt/llvm/include -I/usr/local/opt/sqlite/include -I/usr/local/opt/readline/include -I/usr/local/opt/openssl@1.1/include  -I/usr/local/opt/openblas/include -I/usr/local/opt/llvm/include -I/usr/local/opt/sqlite/include -I/usr/local/opt/readline/include -I/usr/local/opt/openssl@1.1/include   -DPy_BUILD_CORE -o Objects/bytesobject.o Objects/bytesobject.c
cc -c -fsanitize=address -fno-omit-frame-pointer  -Wno-unused-result -Wsign-compare -DDYNAMIC_ANNOTATIONS_ENABLED=1 -g -Ofast -Wall -Wstrict-prototypes -fomit-frame-pointer -funroll-loops  -ffast-math -Ofast -fno-signed-zeros -ffp-contract=fast -mmmx -msse -flto   -fomit-frame-pointer -funroll-loops  -ffast-math -Ofast -fno-signed-zeros -ffp-contract=fast -mmmx -msse -flto    -std=c99 -Wextra -Wno-unused-result -Wno-unused-parameter -Wno-missing-field-initializers -fomit-frame-pointer -funroll-loops  -ffast-math -Ofast -fno-signed-zeros -ffp-contract=fast -mmmx -msse -flto      -I. -I./Include -I/usr/local/opt/openblas/include -I/usr/local/opt/llvm/include -I/usr/local/opt/sqlite/include -I/usr/local/opt/readline/include -I/usr/local/opt/openssl@1.1/include  -I/usr/local/opt/openblas/include -I/usr/local/opt/llvm/include -I/usr/local/opt/sqlite/include -I/usr/local/opt/readline/include -I/usr/local/opt/openssl@1.1/include   -DPy_BUILD_CORE -o Objects/cellobject.o Objects/cellobject.c
cc -c -fsanitize=address -fno-omit-frame-pointer  -Wno-unused-result -Wsign-compare -DDYNAMIC_ANNOTATIONS_ENABLED=1 -g -Ofast -Wall -Wstrict-prototypes -fomit-frame-pointer -funroll-loops  -ffast-math -Ofast -fno-signed-zeros -ffp-contract=fast -mmmx -msse -flto   -fomit-frame-pointer -funroll-loops  -ffast-math -Ofast -fno-signed-zeros -ffp-contract=fast -mmmx -msse -flto    -std=c99 -Wextra -Wno-unused-result -Wno-unused-parameter -Wno-missing-field-initializers -fomit-frame-pointer -funroll-loops  -ffast-math -Ofast -fno-signed-zeros -ffp-contract=fast -mmmx -msse -flto      -I. -I./Include -I/usr/local/opt/openblas/include -I/usr/local/opt/llvm/include -I/usr/local/opt/sqlite/include -I/usr/local/opt/readline/include -I/usr/local/opt/openssl@1.1/include  -I/usr/local/opt/openblas/include -I/usr/local/opt/llvm/include -I/usr/local/opt/sqlite/include -I/usr/local/opt/readline/include -I/usr/local/opt/openssl@1.1/include   -DPy_BUILD_CORE -o Objects/classobject.o Objects/classobject.c
cc -c -fsanitize=address -fno-omit-frame-pointer  -Wno-unused-result -Wsign-compare -DDYNAMIC_ANNOTATIONS_ENABLED=1 -g -Ofast -Wall -Wstrict-prototypes -fomit-frame-pointer -funroll-loops  -ffast-math -Ofast -fno-signed-zeros -ffp-contract=fast -mmmx -msse -flto   -fomit-frame-pointer -funroll-loops  -ffast-math -Ofast -fno-signed-zeros -ffp-contract=fast -mmmx -msse -flto    -std=c99 -Wextra -Wno-unused-result -Wno-unused-parameter -Wno-missing-field-initializers -fomit-frame-pointer -funroll-loops  -ffast-math -Ofast -fno-signed-zeros -ffp-contract=fast -mmmx -msse -flto      -I. -I./Include -I/usr/local/opt/openblas/include -I/usr/local/opt/llvm/include -I/usr/local/opt/sqlite/include -I/usr/local/opt/readline/include -I/usr/local/opt/openssl@1.1/include  -I/usr/local/opt/openblas/include -I/usr/local/opt/llvm/include -I/usr/local/opt/sqlite/include -I/usr/local/opt/readline/include -I/usr/local/opt/openssl@1.1/include   -DPy_BUILD_CORE -o Objects/codeobject.o Objects/codeobject.c
cc -c -fsanitize=address -fno-omit-frame-pointer  -Wno-unused-result -Wsign-compare -DDYNAMIC_ANNOTATIONS_ENABLED=1 -g -Ofast -Wall -Wstrict-prototypes -fomit-frame-pointer -funroll-loops  -ffast-math -Ofast -fno-signed-zeros -ffp-contract=fast -mmmx -msse -flto   -fomit-frame-pointer -funroll-loops  -ffast-math -Ofast -fno-signed-zeros -ffp-contract=fast -mmmx -msse -flto    -std=c99 -Wextra -Wno-unused-result -Wno-unused-parameter -Wno-missing-field-initializers -fomit-frame-pointer -funroll-loops  -ffast-math -Ofast -fno-signed-zeros -ffp-contract=fast -mmmx -msse -flto      -I. -I./Include -I/usr/local/opt/openblas/include -I/usr/local/opt/llvm/include -I/usr/local/opt/sqlite/include -I/usr/local/opt/readline/include -I/usr/local/opt/openssl@1.1/include  -I/usr/local/opt/openblas/include -I/usr/local/opt/llvm/include -I/usr/local/opt/sqlite/include -I/usr/local/opt/readline/include -I/usr/local/opt/openssl@1.1/include   -DPy_BUILD_CORE -o Objects/complexobject.o Objects/complexobject.c
cc -c -fsanitize=address -fno-omit-frame-pointer  -Wno-unused-result -Wsign-compare -DDYNAMIC_ANNOTATIONS_ENABLED=1 -g -Ofast -Wall -Wstrict-prototypes -fomit-frame-pointer -funroll-loops  -ffast-math -Ofast -fno-signed-zeros -ffp-contract=fast -mmmx -msse -flto   -fomit-frame-pointer -funroll-loops  -ffast-math -Ofast -fno-signed-zeros -ffp-contract=fast -mmmx -msse -flto    -std=c99 -Wextra -Wno-unused-result -Wno-unused-parameter -Wno-missing-field-initializers -fomit-frame-pointer -funroll-loops  -ffast-math -Ofast -fno-signed-zeros -ffp-contract=fast -mmmx -msse -flto      -I. -I./Include -I/usr/local/opt/openblas/include -I/usr/local/opt/llvm/include -I/usr/local/opt/sqlite/include -I/usr/local/opt/readline/include -I/usr/local/opt/openssl@1.1/include  -I/usr/local/opt/openblas/include -I/usr/local/opt/llvm/include -I/usr/local/opt/sqlite/include -I/usr/local/opt/readline/include -I/usr/local/opt/openssl@1.1/include   -DPy_BUILD_CORE -o Objects/descrobject.o Objects/descrobject.c
cc -c -fsanitize=address -fno-omit-frame-pointer  -Wno-unused-result -Wsign-compare -DDYNAMIC_ANNOTATIONS_ENABLED=1 -g -Ofast -Wall -Wstrict-prototypes -fomit-frame-pointer -funroll-loops  -ffast-math -Ofast -fno-signed-zeros -ffp-contract=fast -mmmx -msse -flto   -fomit-frame-pointer -funroll-loops  -ffast-math -Ofast -fno-signed-zeros -ffp-contract=fast -mmmx -msse -flto    -std=c99 -Wextra -Wno-unused-result -Wno-unused-parameter -Wno-missing-field-initializers -fomit-frame-pointer -funroll-loops  -ffast-math -Ofast -fno-signed-zeros -ffp-contract=fast -mmmx -msse -flto      -I. -I./Include -I/usr/local/opt/openblas/include -I/usr/local/opt/llvm/include -I/usr/local/opt/sqlite/include -I/usr/local/opt/readline/include -I/usr/local/opt/openssl@1.1/include  -I/usr/local/opt/openblas/include -I/usr/local/opt/llvm/include -I/usr/local/opt/sqlite/include -I/usr/local/opt/readline/include -I/usr/local/opt/openssl@1.1/include   -DPy_BUILD_CORE -o Objects/enumobject.o Objects/enumobject.c
cc -c -fsanitize=address -fno-omit-frame-pointer  -Wno-unused-result -Wsign-compare -DDYNAMIC_ANNOTATIONS_ENABLED=1 -g -Ofast -Wall -Wstrict-prototypes -fomit-frame-pointer -funroll-loops  -ffast-math -Ofast -fno-signed-zeros -ffp-contract=fast -mmmx -msse -flto   -fomit-frame-pointer -funroll-loops  -ffast-math -Ofast -fno-signed-zeros -ffp-contract=fast -mmmx -msse -flto    -std=c99 -Wextra -Wno-unused-result -Wno-unused-parameter -Wno-missing-field-initializers -fomit-frame-pointer -funroll-loops  -ffast-math -Ofast -fno-signed-zeros -ffp-contract=fast -mmmx -msse -flto      -I. -I./Include -I/usr/local/opt/openblas/include -I/usr/local/opt/llvm/include -I/usr/local/opt/sqlite/include -I/usr/local/opt/readline/include -I/usr/local/opt/openssl@1.1/include  -I/usr/local/opt/openblas/include -I/usr/local/opt/llvm/include -I/usr/local/opt/sqlite/include -I/usr/local/opt/readline/include -I/usr/local/opt/openssl@1.1/include   -DPy_BUILD_CORE -o Objects/exceptions.o Objects/exceptions.c
cc -c -fsanitize=address -fno-omit-frame-pointer  -Wno-unused-result -Wsign-compare -DDYNAMIC_ANNOTATIONS_ENABLED=1 -g -Ofast -Wall -Wstrict-prototypes -fomit-frame-pointer -funroll-loops  -ffast-math -Ofast -fno-signed-zeros -ffp-contract=fast -mmmx -msse -flto   -fomit-frame-pointer -funroll-loops  -ffast-math -Ofast -fno-signed-zeros -ffp-contract=fast -mmmx -msse -flto    -std=c99 -Wextra -Wno-unused-result -Wno-unused-parameter -Wno-missing-field-initializers -fomit-frame-pointer -funroll-loops  -ffast-math -Ofast -fno-signed-zeros -ffp-contract=fast -mmmx -msse -flto      -I. -I./Include -I/usr/local/opt/openblas/include -I/usr/local/opt/llvm/include -I/usr/local/opt/sqlite/include -I/usr/local/opt/readline/include -I/usr/local/opt/openssl@1.1/include  -I/usr/local/opt/openblas/include -I/usr/local/opt/llvm/include -I/usr/local/opt/sqlite/include -I/usr/local/opt/readline/include -I/usr/local/opt/openssl@1.1/include   -DPy_BUILD_CORE -o Objects/genobject.o Objects/genobject.c
cc -c -fsanitize=address -fno-omit-frame-pointer  -Wno-unused-result -Wsign-compare -DDYNAMIC_ANNOTATIONS_ENABLED=1 -g -Ofast -Wall -Wstrict-prototypes -fomit-frame-pointer -funroll-loops  -ffast-math -Ofast -fno-signed-zeros -ffp-contract=fast -mmmx -msse -flto   -fomit-frame-pointer -funroll-loops  -ffast-math -Ofast -fno-signed-zeros -ffp-contract=fast -mmmx -msse -flto    -std=c99 -Wextra -Wno-unused-result -Wno-unused-parameter -Wno-missing-field-initializers -fomit-frame-pointer -funroll-loops  -ffast-math -Ofast -fno-signed-zeros -ffp-contract=fast -mmmx -msse -flto      -I. -I./Include -I/usr/local/opt/openblas/include -I/usr/local/opt/llvm/include -I/usr/local/opt/sqlite/include -I/usr/local/opt/readline/include -I/usr/local/opt/openssl@1.1/include  -I/usr/local/opt/openblas/include -I/usr/local/opt/llvm/include -I/usr/local/opt/sqlite/include -I/usr/local/opt/readline/include -I/usr/local/opt/openssl@1.1/include   -DPy_BUILD_CORE -o Objects/fileobject.o Objects/fileobject.c
cc -c -fsanitize=address -fno-omit-frame-pointer  -Wno-unused-result -Wsign-compare -DDYNAMIC_ANNOTATIONS_ENABLED=1 -g -Ofast -Wall -Wstrict-prototypes -fomit-frame-pointer -funroll-loops  -ffast-math -Ofast -fno-signed-zeros -ffp-contract=fast -mmmx -msse -flto   -fomit-frame-pointer -funroll-loops  -ffast-math -Ofast -fno-signed-zeros -ffp-contract=fast -mmmx -msse -flto    -std=c99 -Wextra -Wno-unused-result -Wno-unused-parameter -Wno-missing-field-initializers -fomit-frame-pointer -funroll-loops  -ffast-math -Ofast -fno-signed-zeros -ffp-contract=fast -mmmx -msse -flto      -I. -I./Include -I/usr/local/opt/openblas/include -I/usr/local/opt/llvm/include -I/usr/local/opt/sqlite/include -I/usr/local/opt/readline/include -I/usr/local/opt/openssl@1.1/include  -I/usr/local/opt/openblas/include -I/usr/local/opt/llvm/include -I/usr/local/opt/sqlite/include -I/usr/local/opt/readline/include -I/usr/local/opt/openssl@1.1/include   -DPy_BUILD_CORE -o Objects/floatobject.o Objects/floatobject.c
cc -c -fsanitize=address -fno-omit-frame-pointer  -Wno-unused-result -Wsign-compare -DDYNAMIC_ANNOTATIONS_ENABLED=1 -g -Ofast -Wall -Wstrict-prototypes -fomit-frame-pointer -funroll-loops  -ffast-math -Ofast -fno-signed-zeros -ffp-contract=fast -mmmx -msse -flto   -fomit-frame-pointer -funroll-loops  -ffast-math -Ofast -fno-signed-zeros -ffp-contract=fast -mmmx -msse -flto    -std=c99 -Wextra -Wno-unused-result -Wno-unused-parameter -Wno-missing-field-initializers -fomit-frame-pointer -funroll-loops  -ffast-math -Ofast -fno-signed-zeros -ffp-contract=fast -mmmx -msse -flto      -I. -I./Include -I/usr/local/opt/openblas/include -I/usr/local/opt/llvm/include -I/usr/local/opt/sqlite/include -I/usr/local/opt/readline/include -I/usr/local/opt/openssl@1.1/include  -I/usr/local/opt/openblas/include -I/usr/local/opt/llvm/include -I/usr/local/opt/sqlite/include -I/usr/local/opt/readline/include -I/usr/local/opt/openssl@1.1/include   -DPy_BUILD_CORE -o Objects/frameobject.o Objects/frameobject.c
cc -c -fsanitize=address -fno-omit-frame-pointer  -Wno-unused-result -Wsign-compare -DDYNAMIC_ANNOTATIONS_ENABLED=1 -g -Ofast -Wall -Wstrict-prototypes -fomit-frame-pointer -funroll-loops  -ffast-math -Ofast -fno-signed-zeros -ffp-contract=fast -mmmx -msse -flto   -fomit-frame-pointer -funroll-loops  -ffast-math -Ofast -fno-signed-zeros -ffp-contract=fast -mmmx -msse -flto    -std=c99 -Wextra -Wno-unused-result -Wno-unused-parameter -Wno-missing-field-initializers -fomit-frame-pointer -funroll-loops  -ffast-math -Ofast -fno-signed-zeros -ffp-contract=fast -mmmx -msse -flto      -I. -I./Include -I/usr/local/opt/openblas/include -I/usr/local/opt/llvm/include -I/usr/local/opt/sqlite/include -I/usr/local/opt/readline/include -I/usr/local/opt/openssl@1.1/include  -I/usr/local/opt/openblas/include -I/usr/local/opt/llvm/include -I/usr/local/opt/sqlite/include -I/usr/local/opt/readline/include -I/usr/local/opt/openssl@1.1/include   -DPy_BUILD_CORE -o Objects/funcobject.o Objects/funcobject.c
cc -c -fsanitize=address -fno-omit-frame-pointer  -Wno-unused-result -Wsign-compare -DDYNAMIC_ANNOTATIONS_ENABLED=1 -g -Ofast -Wall -Wstrict-prototypes -fomit-frame-pointer -funroll-loops  -ffast-math -Ofast -fno-signed-zeros -ffp-contract=fast -mmmx -msse -flto   -fomit-frame-pointer -funroll-loops  -ffast-math -Ofast -fno-signed-zeros -ffp-contract=fast -mmmx -msse -flto    -std=c99 -Wextra -Wno-unused-result -Wno-unused-parameter -Wno-missing-field-initializers -fomit-frame-pointer -funroll-loops  -ffast-math -Ofast -fno-signed-zeros -ffp-contract=fast -mmmx -msse -flto      -I. -I./Include -I/usr/local/opt/openblas/include -I/usr/local/opt/llvm/include -I/usr/local/opt/sqlite/include -I/usr/local/opt/readline/include -I/usr/local/opt/openssl@1.1/include  -I/usr/local/opt/openblas/include -I/usr/local/opt/llvm/include -I/usr/local/opt/sqlite/include -I/usr/local/opt/readline/include -I/usr/local/opt/openssl@1.1/include   -DPy_BUILD_CORE -o Objects/iterobject.o Objects/iterobject.c
cc -c -fsanitize=address -fno-omit-frame-pointer  -Wno-unused-result -Wsign-compare -DDYNAMIC_ANNOTATIONS_ENABLED=1 -g -Ofast -Wall -Wstrict-prototypes -fomit-frame-pointer -funroll-loops  -ffast-math -Ofast -fno-signed-zeros -ffp-contract=fast -mmmx -msse -flto   -fomit-frame-pointer -funroll-loops  -ffast-math -Ofast -fno-signed-zeros -ffp-contract=fast -mmmx -msse -flto    -std=c99 -Wextra -Wno-unused-result -Wno-unused-parameter -Wno-missing-field-initializers -fomit-frame-pointer -funroll-loops  -ffast-math -Ofast -fno-signed-zeros -ffp-contract=fast -mmmx -msse -flto      -I. -I./Include -I/usr/local/opt/openblas/include -I/usr/local/opt/llvm/include -I/usr/local/opt/sqlite/include -I/usr/local/opt/readline/include -I/usr/local/opt/openssl@1.1/include  -I/usr/local/opt/openblas/include -I/usr/local/opt/llvm/include -I/usr/local/opt/sqlite/include -I/usr/local/opt/readline/include -I/usr/local/opt/openssl@1.1/include   -DPy_BUILD_CORE -o Objects/listobject.o Objects/listobject.c
cc -c -fsanitize=address -fno-omit-frame-pointer  -Wno-unused-result -Wsign-compare -DDYNAMIC_ANNOTATIONS_ENABLED=1 -g -Ofast -Wall -Wstrict-prototypes -fomit-frame-pointer -funroll-loops  -ffast-math -Ofast -fno-signed-zeros -ffp-contract=fast -mmmx -msse -flto   -fomit-frame-pointer -funroll-loops  -ffast-math -Ofast -fno-signed-zeros -ffp-contract=fast -mmmx -msse -flto    -std=c99 -Wextra -Wno-unused-result -Wno-unused-parameter -Wno-missing-field-initializers -fomit-frame-pointer -funroll-loops  -ffast-math -Ofast -fno-signed-zeros -ffp-contract=fast -mmmx -msse -flto      -I. -I./Include -I/usr/local/opt/openblas/include -I/usr/local/opt/llvm/include -I/usr/local/opt/sqlite/include -I/usr/local/opt/readline/include -I/usr/local/opt/openssl@1.1/include  -I/usr/local/opt/openblas/include -I/usr/local/opt/llvm/include -I/usr/local/opt/sqlite/include -I/usr/local/opt/readline/include -I/usr/local/opt/openssl@1.1/include   -DPy_BUILD_CORE -o Objects/longobject.o Objects/longobject.c
cc -c -fsanitize=address -fno-omit-frame-pointer  -Wno-unused-result -Wsign-compare -DDYNAMIC_ANNOTATIONS_ENABLED=1 -g -Ofast -Wall -Wstrict-prototypes -fomit-frame-pointer -funroll-loops  -ffast-math -Ofast -fno-signed-zeros -ffp-contract=fast -mmmx -msse -flto   -fomit-frame-pointer -funroll-loops  -ffast-math -Ofast -fno-signed-zeros -ffp-contract=fast -mmmx -msse -flto    -std=c99 -Wextra -Wno-unused-result -Wno-unused-parameter -Wno-missing-field-initializers -fomit-frame-pointer -funroll-loops  -ffast-math -Ofast -fno-signed-zeros -ffp-contract=fast -mmmx -msse -flto      -I. -I./Include -I/usr/local/opt/openblas/include -I/usr/local/opt/llvm/include -I/usr/local/opt/sqlite/include -I/usr/local/opt/readline/include -I/usr/local/opt/openssl@1.1/include  -I/usr/local/opt/openblas/include -I/usr/local/opt/llvm/include -I/usr/local/opt/sqlite/include -I/usr/local/opt/readline/include -I/usr/local/opt/openssl@1.1/include   -DPy_BUILD_CORE -o Objects/dictobject.o Objects/dictobject.c
cc -c -fsanitize=address -fno-omit-frame-pointer  -Wno-unused-result -Wsign-compare -DDYNAMIC_ANNOTATIONS_ENABLED=1 -g -Ofast -Wall -Wstrict-prototypes -fomit-frame-pointer -funroll-loops  -ffast-math -Ofast -fno-signed-zeros -ffp-contract=fast -mmmx -msse -flto   -fomit-frame-pointer -funroll-loops  -ffast-math -Ofast -fno-signed-zeros -ffp-contract=fast -mmmx -msse -flto    -std=c99 -Wextra -Wno-unused-result -Wno-unused-parameter -Wno-missing-field-initializers -fomit-frame-pointer -funroll-loops  -ffast-math -Ofast -fno-signed-zeros -ffp-contract=fast -mmmx -msse -flto      -I. -I./Include -I/usr/local/opt/openblas/include -I/usr/local/opt/llvm/include -I/usr/local/opt/sqlite/include -I/usr/local/opt/readline/include -I/usr/local/opt/openssl@1.1/include  -I/usr/local/opt/openblas/include -I/usr/local/opt/llvm/include -I/usr/local/opt/sqlite/include -I/usr/local/opt/readline/include -I/usr/local/opt/openssl@1.1/include   -DPy_BUILD_CORE -o Objects/odictobject.o Objects/odictobject.c
cc -c -fsanitize=address -fno-omit-frame-pointer  -Wno-unused-result -Wsign-compare -DDYNAMIC_ANNOTATIONS_ENABLED=1 -g -Ofast -Wall -Wstrict-prototypes -fomit-frame-pointer -funroll-loops  -ffast-math -Ofast -fno-signed-zeros -ffp-contract=fast -mmmx -msse -flto   -fomit-frame-pointer -funroll-loops  -ffast-math -Ofast -fno-signed-zeros -ffp-contract=fast -mmmx -msse -flto    -std=c99 -Wextra -Wno-unused-result -Wno-unused-parameter -Wno-missing-field-initializers -fomit-frame-pointer -funroll-loops  -ffast-math -Ofast -fno-signed-zeros -ffp-contract=fast -mmmx -msse -flto      -I. -I./Include -I/usr/local/opt/openblas/include -I/usr/local/opt/llvm/include -I/usr/local/opt/sqlite/include -I/usr/local/opt/readline/include -I/usr/local/opt/openssl@1.1/include  -I/usr/local/opt/openblas/include -I/usr/local/opt/llvm/include -I/usr/local/opt/sqlite/include -I/usr/local/opt/readline/include -I/usr/local/opt/openssl@1.1/include   -DPy_BUILD_CORE -o Objects/memoryobject.o Objects/memoryobject.c
cc -c -fsanitize=address -fno-omit-frame-pointer  -Wno-unused-result -Wsign-compare -DDYNAMIC_ANNOTATIONS_ENABLED=1 -g -Ofast -Wall -Wstrict-prototypes -fomit-frame-pointer -funroll-loops  -ffast-math -Ofast -fno-signed-zeros -ffp-contract=fast -mmmx -msse -flto   -fomit-frame-pointer -funroll-loops  -ffast-math -Ofast -fno-signed-zeros -ffp-contract=fast -mmmx -msse -flto    -std=c99 -Wextra -Wno-unused-result -Wno-unused-parameter -Wno-missing-field-initializers -fomit-frame-pointer -funroll-loops  -ffast-math -Ofast -fno-signed-zeros -ffp-contract=fast -mmmx -msse -flto      -I. -I./Include -I/usr/local/opt/openblas/include -I/usr/local/opt/llvm/include -I/usr/local/opt/sqlite/include -I/usr/local/opt/readline/include -I/usr/local/opt/openssl@1.1/include  -I/usr/local/opt/openblas/include -I/usr/local/opt/llvm/include -I/usr/local/opt/sqlite/include -I/usr/local/opt/readline/include -I/usr/local/opt/openssl@1.1/include   -DPy_BUILD_CORE -o Objects/methodobject.o Objects/methodobject.c
cc -c -fsanitize=address -fno-omit-frame-pointer  -Wno-unused-result -Wsign-compare -DDYNAMIC_ANNOTATIONS_ENABLED=1 -g -Ofast -Wall -Wstrict-prototypes -fomit-frame-pointer -funroll-loops  -ffast-math -Ofast -fno-signed-zeros -ffp-contract=fast -mmmx -msse -flto   -fomit-frame-pointer -funroll-loops  -ffast-math -Ofast -fno-signed-zeros -ffp-contract=fast -mmmx -msse -flto    -std=c99 -Wextra -Wno-unused-result -Wno-unused-parameter -Wno-missing-field-initializers -fomit-frame-pointer -funroll-loops  -ffast-math -Ofast -fno-signed-zeros -ffp-contract=fast -mmmx -msse -flto      -I. -I./Include -I/usr/local/opt/openblas/include -I/usr/local/opt/llvm/include -I/usr/local/opt/sqlite/include -I/usr/local/opt/readline/include -I/usr/local/opt/openssl@1.1/include  -I/usr/local/opt/openblas/include -I/usr/local/opt/llvm/include -I/usr/local/opt/sqlite/include -I/usr/local/opt/readline/include -I/usr/local/opt/openssl@1.1/include   -DPy_BUILD_CORE -o Objects/moduleobject.o Objects/moduleobject.c
cc -c -fsanitize=address -fno-omit-frame-pointer  -Wno-unused-result -Wsign-compare -DDYNAMIC_ANNOTATIONS_ENABLED=1 -g -Ofast -Wall -Wstrict-prototypes -fomit-frame-pointer -funroll-loops  -ffast-math -Ofast -fno-signed-zeros -ffp-contract=fast -mmmx -msse -flto   -fomit-frame-pointer -funroll-loops  -ffast-math -Ofast -fno-signed-zeros -ffp-contract=fast -mmmx -msse -flto    -std=c99 -Wextra -Wno-unused-result -Wno-unused-parameter -Wno-missing-field-initializers -fomit-frame-pointer -funroll-loops  -ffast-math -Ofast -fno-signed-zeros -ffp-contract=fast -mmmx -msse -flto      -I. -I./Include -I/usr/local/opt/openblas/include -I/usr/local/opt/llvm/include -I/usr/local/opt/sqlite/include -I/usr/local/opt/readline/include -I/usr/local/opt/openssl@1.1/include  -I/usr/local/opt/openblas/include -I/usr/local/opt/llvm/include -I/usr/local/opt/sqlite/include -I/usr/local/opt/readline/include -I/usr/local/opt/openssl@1.1/include   -DPy_BUILD_CORE -o Objects/namespaceobject.o Objects/namespaceobject.c
cc -c -fsanitize=address -fno-omit-frame-pointer  -Wno-unused-result -Wsign-compare -DDYNAMIC_ANNOTATIONS_ENABLED=1 -g -Ofast -Wall -Wstrict-prototypes -fomit-frame-pointer -funroll-loops  -ffast-math -Ofast -fno-signed-zeros -ffp-contract=fast -mmmx -msse -flto   -fomit-frame-pointer -funroll-loops  -ffast-math -Ofast -fno-signed-zeros -ffp-contract=fast -mmmx -msse -flto    -std=c99 -Wextra -Wno-unused-result -Wno-unused-parameter -Wno-missing-field-initializers -fomit-frame-pointer -funroll-loops  -ffast-math -Ofast -fno-signed-zeros -ffp-contract=fast -mmmx -msse -flto      -I. -I./Include -I/usr/local/opt/openblas/include -I/usr/local/opt/llvm/include -I/usr/local/opt/sqlite/include -I/usr/local/opt/readline/include -I/usr/local/opt/openssl@1.1/include  -I/usr/local/opt/openblas/include -I/usr/local/opt/llvm/include -I/usr/local/opt/sqlite/include -I/usr/local/opt/readline/include -I/usr/local/opt/openssl@1.1/include   -DPy_BUILD_CORE -o Objects/object.o Objects/object.c
cc -c -fsanitize=address -fno-omit-frame-pointer  -Wno-unused-result -Wsign-compare -DDYNAMIC_ANNOTATIONS_ENABLED=1 -g -Ofast -Wall -Wstrict-prototypes -fomit-frame-pointer -funroll-loops  -ffast-math -Ofast -fno-signed-zeros -ffp-contract=fast -mmmx -msse -flto   -fomit-frame-pointer -funroll-loops  -ffast-math -Ofast -fno-signed-zeros -ffp-contract=fast -mmmx -msse -flto    -std=c99 -Wextra -Wno-unused-result -Wno-unused-parameter -Wno-missing-field-initializers -fomit-frame-pointer -funroll-loops  -ffast-math -Ofast -fno-signed-zeros -ffp-contract=fast -mmmx -msse -flto      -I. -I./Include -I/usr/local/opt/openblas/include -I/usr/local/opt/llvm/include -I/usr/local/opt/sqlite/include -I/usr/local/opt/readline/include -I/usr/local/opt/openssl@1.1/include  -I/usr/local/opt/openblas/include -I/usr/local/opt/llvm/include -I/usr/local/opt/sqlite/include -I/usr/local/opt/readline/include -I/usr/local/opt/openssl@1.1/include   -DPy_BUILD_CORE -o Objects/obmalloc.o Objects/obmalloc.c
cc -c -fsanitize=address -fno-omit-frame-pointer  -Wno-unused-result -Wsign-compare -DDYNAMIC_ANNOTATIONS_ENABLED=1 -g -Ofast -Wall -Wstrict-prototypes -fomit-frame-pointer -funroll-loops  -ffast-math -Ofast -fno-signed-zeros -ffp-contract=fast -mmmx -msse -flto   -fomit-frame-pointer -funroll-loops  -ffast-math -Ofast -fno-signed-zeros -ffp-contract=fast -mmmx -msse -flto    -std=c99 -Wextra -Wno-unused-result -Wno-unused-parameter -Wno-missing-field-initializers -fomit-frame-pointer -funroll-loops  -ffast-math -Ofast -fno-signed-zeros -ffp-contract=fast -mmmx -msse -flto      -I. -I./Include -I/usr/local/opt/openblas/include -I/usr/local/opt/llvm/include -I/usr/local/opt/sqlite/include -I/usr/local/opt/readline/include -I/usr/local/opt/openssl@1.1/include  -I/usr/local/opt/openblas/include -I/usr/local/opt/llvm/include -I/usr/local/opt/sqlite/include -I/usr/local/opt/readline/include -I/usr/local/opt/openssl@1.1/include   -DPy_BUILD_CORE -o Objects/capsule.o Objects/capsule.c
cc -c -fsanitize=address -fno-omit-frame-pointer  -Wno-unused-result -Wsign-compare -DDYNAMIC_ANNOTATIONS_ENABLED=1 -g -Ofast -Wall -Wstrict-prototypes -fomit-frame-pointer -funroll-loops  -ffast-math -Ofast -fno-signed-zeros -ffp-contract=fast -mmmx -msse -flto   -fomit-frame-pointer -funroll-loops  -ffast-math -Ofast -fno-signed-zeros -ffp-contract=fast -mmmx -msse -flto    -std=c99 -Wextra -Wno-unused-result -Wno-unused-parameter -Wno-missing-field-initializers -fomit-frame-pointer -funroll-loops  -ffast-math -Ofast -fno-signed-zeros -ffp-contract=fast -mmmx -msse -flto      -I. -I./Include -I/usr/local/opt/openblas/include -I/usr/local/opt/llvm/include -I/usr/local/opt/sqlite/include -I/usr/local/opt/readline/include -I/usr/local/opt/openssl@1.1/include  -I/usr/local/opt/openblas/include -I/usr/local/opt/llvm/include -I/usr/local/opt/sqlite/include -I/usr/local/opt/readline/include -I/usr/local/opt/openssl@1.1/include   -DPy_BUILD_CORE -o Objects/rangeobject.o Objects/rangeobject.c
cc -c -fsanitize=address -fno-omit-frame-pointer  -Wno-unused-result -Wsign-compare -DDYNAMIC_ANNOTATIONS_ENABLED=1 -g -Ofast -Wall -Wstrict-prototypes -fomit-frame-pointer -funroll-loops  -ffast-math -Ofast -fno-signed-zeros -ffp-contract=fast -mmmx -msse -flto   -fomit-frame-pointer -funroll-loops  -ffast-math -Ofast -fno-signed-zeros -ffp-contract=fast -mmmx -msse -flto    -std=c99 -Wextra -Wno-unused-result -Wno-unused-parameter -Wno-missing-field-initializers -fomit-frame-pointer -funroll-loops  -ffast-math -Ofast -fno-signed-zeros -ffp-contract=fast -mmmx -msse -flto      -I. -I./Include -I/usr/local/opt/openblas/include -I/usr/local/opt/llvm/include -I/usr/local/opt/sqlite/include -I/usr/local/opt/readline/include -I/usr/local/opt/openssl@1.1/include  -I/usr/local/opt/openblas/include -I/usr/local/opt/llvm/include -I/usr/local/opt/sqlite/include -I/usr/local/opt/readline/include -I/usr/local/opt/openssl@1.1/include   -DPy_BUILD_CORE -o Objects/setobject.o Objects/setobject.c
cc -c -fsanitize=address -fno-omit-frame-pointer  -Wno-unused-result -Wsign-compare -DDYNAMIC_ANNOTATIONS_ENABLED=1 -g -Ofast -Wall -Wstrict-prototypes -fomit-frame-pointer -funroll-loops  -ffast-math -Ofast -fno-signed-zeros -ffp-contract=fast -mmmx -msse -flto   -fomit-frame-pointer -funroll-loops  -ffast-math -Ofast -fno-signed-zeros -ffp-contract=fast -mmmx -msse -flto    -std=c99 -Wextra -Wno-unused-result -Wno-unused-parameter -Wno-missing-field-initializers -fomit-frame-pointer -funroll-loops  -ffast-math -Ofast -fno-signed-zeros -ffp-contract=fast -mmmx -msse -flto      -I. -I./Include -I/usr/local/opt/openblas/include -I/usr/local/opt/llvm/include -I/usr/local/opt/sqlite/include -I/usr/local/opt/readline/include -I/usr/local/opt/openssl@1.1/include  -I/usr/local/opt/openblas/include -I/usr/local/opt/llvm/include -I/usr/local/opt/sqlite/include -I/usr/local/opt/readline/include -I/usr/local/opt/openssl@1.1/include   -DPy_BUILD_CORE -o Objects/sliceobject.o Objects/sliceobject.c
cc -c -fsanitize=address -fno-omit-frame-pointer  -Wno-unused-result -Wsign-compare -DDYNAMIC_ANNOTATIONS_ENABLED=1 -g -Ofast -Wall -Wstrict-prototypes -fomit-frame-pointer -funroll-loops  -ffast-math -Ofast -fno-signed-zeros -ffp-contract=fast -mmmx -msse -flto   -fomit-frame-pointer -funroll-loops  -ffast-math -Ofast -fno-signed-zeros -ffp-contract=fast -mmmx -msse -flto    -std=c99 -Wextra -Wno-unused-result -Wno-unused-parameter -Wno-missing-field-initializers -fomit-frame-pointer -funroll-loops  -ffast-math -Ofast -fno-signed-zeros -ffp-contract=fast -mmmx -msse -flto      -I. -I./Include -I/usr/local/opt/openblas/include -I/usr/local/opt/llvm/include -I/usr/local/opt/sqlite/include -I/usr/local/opt/readline/include -I/usr/local/opt/openssl@1.1/include  -I/usr/local/opt/openblas/include -I/usr/local/opt/llvm/include -I/usr/local/opt/sqlite/include -I/usr/local/opt/readline/include -I/usr/local/opt/openssl@1.1/include   -DPy_BUILD_CORE -o Objects/structseq.o Objects/structseq.c
cc -c -fsanitize=address -fno-omit-frame-pointer  -Wno-unused-result -Wsign-compare -DDYNAMIC_ANNOTATIONS_ENABLED=1 -g -Ofast -Wall -Wstrict-prototypes -fomit-frame-pointer -funroll-loops  -ffast-math -Ofast -fno-signed-zeros -ffp-contract=fast -mmmx -msse -flto   -fomit-frame-pointer -funroll-loops  -ffast-math -Ofast -fno-signed-zeros -ffp-contract=fast -mmmx -msse -flto    -std=c99 -Wextra -Wno-unused-result -Wno-unused-parameter -Wno-missing-field-initializers -fomit-frame-pointer -funroll-loops  -ffast-math -Ofast -fno-signed-zeros -ffp-contract=fast -mmmx -msse -flto      -I. -I./Include -I/usr/local/opt/openblas/include -I/usr/local/opt/llvm/include -I/usr/local/opt/sqlite/include -I/usr/local/opt/readline/include -I/usr/local/opt/openssl@1.1/include  -I/usr/local/opt/openblas/include -I/usr/local/opt/llvm/include -I/usr/local/opt/sqlite/include -I/usr/local/opt/readline/include -I/usr/local/opt/openssl@1.1/include   -DPy_BUILD_CORE -o Objects/tupleobject.o Objects/tupleobject.c
cc -c -fsanitize=address -fno-omit-frame-pointer  -Wno-unused-result -Wsign-compare -DDYNAMIC_ANNOTATIONS_ENABLED=1 -g -Ofast -Wall -Wstrict-prototypes -fomit-frame-pointer -funroll-loops  -ffast-math -Ofast -fno-signed-zeros -ffp-contract=fast -mmmx -msse -flto   -fomit-frame-pointer -funroll-loops  -ffast-math -Ofast -fno-signed-zeros -ffp-contract=fast -mmmx -msse -flto    -std=c99 -Wextra -Wno-unused-result -Wno-unused-parameter -Wno-missing-field-initializers -fomit-frame-pointer -funroll-loops  -ffast-math -Ofast -fno-signed-zeros -ffp-contract=fast -mmmx -msse -flto      -I. -I./Include -I/usr/local/opt/openblas/include -I/usr/local/opt/llvm/include -I/usr/local/opt/sqlite/include -I/usr/local/opt/readline/include -I/usr/local/opt/openssl@1.1/include  -I/usr/local/opt/openblas/include -I/usr/local/opt/llvm/include -I/usr/local/opt/sqlite/include -I/usr/local/opt/readline/include -I/usr/local/opt/openssl@1.1/include   -DPy_BUILD_CORE -o Objects/typeobject.o Objects/typeobject.c
cc -c -fsanitize=address -fno-omit-frame-pointer  -Wno-unused-result -Wsign-compare -DDYNAMIC_ANNOTATIONS_ENABLED=1 -g -Ofast -Wall -Wstrict-prototypes -fomit-frame-pointer -funroll-loops  -ffast-math -Ofast -fno-signed-zeros -ffp-contract=fast -mmmx -msse -flto   -fomit-frame-pointer -funroll-loops  -ffast-math -Ofast -fno-signed-zeros -ffp-contract=fast -mmmx -msse -flto    -std=c99 -Wextra -Wno-unused-result -Wno-unused-parameter -Wno-missing-field-initializers -fomit-frame-pointer -funroll-loops  -ffast-math -Ofast -fno-signed-zeros -ffp-contract=fast -mmmx -msse -flto      -I. -I./Include -I/usr/local/opt/openblas/include -I/usr/local/opt/llvm/include -I/usr/local/opt/sqlite/include -I/usr/local/opt/readline/include -I/usr/local/opt/openssl@1.1/include  -I/usr/local/opt/openblas/include -I/usr/local/opt/llvm/include -I/usr/local/opt/sqlite/include -I/usr/local/opt/readline/include -I/usr/local/opt/openssl@1.1/include   -DPy_BUILD_CORE -o Objects/unicodeobject.o Objects/unicodeobject.c
cc -c -fsanitize=address -fno-omit-frame-pointer  -Wno-unused-result -Wsign-compare -DDYNAMIC_ANNOTATIONS_ENABLED=1 -g -Ofast -Wall -Wstrict-prototypes -fomit-frame-pointer -funroll-loops  -ffast-math -Ofast -fno-signed-zeros -ffp-contract=fast -mmmx -msse -flto   -fomit-frame-pointer -funroll-loops  -ffast-math -Ofast -fno-signed-zeros -ffp-contract=fast -mmmx -msse -flto    -std=c99 -Wextra -Wno-unused-result -Wno-unused-parameter -Wno-missing-field-initializers -fomit-frame-pointer -funroll-loops  -ffast-math -Ofast -fno-signed-zeros -ffp-contract=fast -mmmx -msse -flto      -I. -I./Include -I/usr/local/opt/openblas/include -I/usr/local/opt/llvm/include -I/usr/local/opt/sqlite/include -I/usr/local/opt/readline/include -I/usr/local/opt/openssl@1.1/include  -I/usr/local/opt/openblas/include -I/usr/local/opt/llvm/include -I/usr/local/opt/sqlite/include -I/usr/local/opt/readline/include -I/usr/local/opt/openssl@1.1/include   -DPy_BUILD_CORE -o Objects/unicodectype.o Objects/unicodectype.c
cc -c -fsanitize=address -fno-omit-frame-pointer  -Wno-unused-result -Wsign-compare -DDYNAMIC_ANNOTATIONS_ENABLED=1 -g -Ofast -Wall -Wstrict-prototypes -fomit-frame-pointer -funroll-loops  -ffast-math -Ofast -fno-signed-zeros -ffp-contract=fast -mmmx -msse -flto   -fomit-frame-pointer -funroll-loops  -ffast-math -Ofast -fno-signed-zeros -ffp-contract=fast -mmmx -msse -flto    -std=c99 -Wextra -Wno-unused-result -Wno-unused-parameter -Wno-missing-field-initializers -fomit-frame-pointer -funroll-loops  -ffast-math -Ofast -fno-signed-zeros -ffp-contract=fast -mmmx -msse -flto      -I. -I./Include -I/usr/local/opt/openblas/include -I/usr/local/opt/llvm/include -I/usr/local/opt/sqlite/include -I/usr/local/opt/readline/include -I/usr/local/opt/openssl@1.1/include  -I/usr/local/opt/openblas/include -I/usr/local/opt/llvm/include -I/usr/local/opt/sqlite/include -I/usr/local/opt/readline/include -I/usr/local/opt/openssl@1.1/include   -DPy_BUILD_CORE -o Objects/weakrefobject.o Objects/weakrefobject.c
cc -c -fsanitize=address -fno-omit-frame-pointer  -Wno-unused-result -Wsign-compare -DDYNAMIC_ANNOTATIONS_ENABLED=1 -g -Ofast -Wall -Wstrict-prototypes -fomit-frame-pointer -funroll-loops  -ffast-math -Ofast -fno-signed-zeros -ffp-contract=fast -mmmx -msse -flto   -fomit-frame-pointer -funroll-loops  -ffast-math -Ofast -fno-signed-zeros -ffp-contract=fast -mmmx -msse -flto    -std=c99 -Wextra -Wno-unused-result -Wno-unused-parameter -Wno-missing-field-initializers -fomit-frame-pointer -funroll-loops  -ffast-math -Ofast -fno-signed-zeros -ffp-contract=fast -mmmx -msse -flto      -I. -I./Include -I/usr/local/opt/openblas/include -I/usr/local/opt/llvm/include -I/usr/local/opt/sqlite/include -I/usr/local/opt/readline/include -I/usr/local/opt/openssl@1.1/include  -I/usr/local/opt/openblas/include -I/usr/local/opt/llvm/include -I/usr/local/opt/sqlite/include -I/usr/local/opt/readline/include -I/usr/local/opt/openssl@1.1/include   -DPy_BUILD_CORE -o Python/_warnings.o Python/_warnings.c
cc -c -fsanitize=address -fno-omit-frame-pointer  -Wno-unused-result -Wsign-compare -DDYNAMIC_ANNOTATIONS_ENABLED=1 -g -Ofast -Wall -Wstrict-prototypes -fomit-frame-pointer -funroll-loops  -ffast-math -Ofast -fno-signed-zeros -ffp-contract=fast -mmmx -msse -flto   -fomit-frame-pointer -funroll-loops  -ffast-math -Ofast -fno-signed-zeros -ffp-contract=fast -mmmx -msse -flto    -std=c99 -Wextra -Wno-unused-result -Wno-unused-parameter -Wno-missing-field-initializers -fomit-frame-pointer -funroll-loops  -ffast-math -Ofast -fno-signed-zeros -ffp-contract=fast -mmmx -msse -flto      -I. -I./Include -I/usr/local/opt/openblas/include -I/usr/local/opt/llvm/include -I/usr/local/opt/sqlite/include -I/usr/local/opt/readline/include -I/usr/local/opt/openssl@1.1/include  -I/usr/local/opt/openblas/include -I/usr/local/opt/llvm/include -I/usr/local/opt/sqlite/include -I/usr/local/opt/readline/include -I/usr/local/opt/openssl@1.1/include   -DPy_BUILD_CORE -o Python/Python-ast.o Python/Python-ast.c
cc -c -fsanitize=address -fno-omit-frame-pointer  -Wno-unused-result -Wsign-compare -DDYNAMIC_ANNOTATIONS_ENABLED=1 -g -Ofast -Wall -Wstrict-prototypes -fomit-frame-pointer -funroll-loops  -ffast-math -Ofast -fno-signed-zeros -ffp-contract=fast -mmmx -msse -flto   -fomit-frame-pointer -funroll-loops  -ffast-math -Ofast -fno-signed-zeros -ffp-contract=fast -mmmx -msse -flto    -std=c99 -Wextra -Wno-unused-result -Wno-unused-parameter -Wno-missing-field-initializers -fomit-frame-pointer -funroll-loops  -ffast-math -Ofast -fno-signed-zeros -ffp-contract=fast -mmmx -msse -flto      -I. -I./Include -I/usr/local/opt/openblas/include -I/usr/local/opt/llvm/include -I/usr/local/opt/sqlite/include -I/usr/local/opt/readline/include -I/usr/local/opt/openssl@1.1/include  -I/usr/local/opt/openblas/include -I/usr/local/opt/llvm/include -I/usr/local/opt/sqlite/include -I/usr/local/opt/readline/include -I/usr/local/opt/openssl@1.1/include   -DPy_BUILD_CORE -o Python/asdl.o Python/asdl.c
cc -c -fsanitize=address -fno-omit-frame-pointer  -Wno-unused-result -Wsign-compare -DDYNAMIC_ANNOTATIONS_ENABLED=1 -g -Ofast -Wall -Wstrict-prototypes -fomit-frame-pointer -funroll-loops  -ffast-math -Ofast -fno-signed-zeros -ffp-contract=fast -mmmx -msse -flto   -fomit-frame-pointer -funroll-loops  -ffast-math -Ofast -fno-signed-zeros -ffp-contract=fast -mmmx -msse -flto    -std=c99 -Wextra -Wno-unused-result -Wno-unused-parameter -Wno-missing-field-initializers -fomit-frame-pointer -funroll-loops  -ffast-math -Ofast -fno-signed-zeros -ffp-contract=fast -mmmx -msse -flto      -I. -I./Include -I/usr/local/opt/openblas/include -I/usr/local/opt/llvm/include -I/usr/local/opt/sqlite/include -I/usr/local/opt/readline/include -I/usr/local/opt/openssl@1.1/include  -I/usr/local/opt/openblas/include -I/usr/local/opt/llvm/include -I/usr/local/opt/sqlite/include -I/usr/local/opt/readline/include -I/usr/local/opt/openssl@1.1/include   -DPy_BUILD_CORE -o Python/ast.o Python/ast.c
cc -c -fsanitize=address -fno-omit-frame-pointer  -Wno-unused-result -Wsign-compare -DDYNAMIC_ANNOTATIONS_ENABLED=1 -g -Ofast -Wall -Wstrict-prototypes -fomit-frame-pointer -funroll-loops  -ffast-math -Ofast -fno-signed-zeros -ffp-contract=fast -mmmx -msse -flto   -fomit-frame-pointer -funroll-loops  -ffast-math -Ofast -fno-signed-zeros -ffp-contract=fast -mmmx -msse -flto    -std=c99 -Wextra -Wno-unused-result -Wno-unused-parameter -Wno-missing-field-initializers -fomit-frame-pointer -funroll-loops  -ffast-math -Ofast -fno-signed-zeros -ffp-contract=fast -mmmx -msse -flto      -I. -I./Include -I/usr/local/opt/openblas/include -I/usr/local/opt/llvm/include -I/usr/local/opt/sqlite/include -I/usr/local/opt/readline/include -I/usr/local/opt/openssl@1.1/include  -I/usr/local/opt/openblas/include -I/usr/local/opt/llvm/include -I/usr/local/opt/sqlite/include -I/usr/local/opt/readline/include -I/usr/local/opt/openssl@1.1/include   -DPy_BUILD_CORE -o Python/bltinmodule.o Python/bltinmodule.c
cc -c -fsanitize=address -fno-omit-frame-pointer  -Wno-unused-result -Wsign-compare -DDYNAMIC_ANNOTATIONS_ENABLED=1 -g -Ofast -Wall -Wstrict-prototypes -fomit-frame-pointer -funroll-loops  -ffast-math -Ofast -fno-signed-zeros -ffp-contract=fast -mmmx -msse -flto   -fomit-frame-pointer -funroll-loops  -ffast-math -Ofast -fno-signed-zeros -ffp-contract=fast -mmmx -msse -flto    -std=c99 -Wextra -Wno-unused-result -Wno-unused-parameter -Wno-missing-field-initializers -fomit-frame-pointer -funroll-loops  -ffast-math -Ofast -fno-signed-zeros -ffp-contract=fast -mmmx -msse -flto      -I. -I./Include -I/usr/local/opt/openblas/include -I/usr/local/opt/llvm/include -I/usr/local/opt/sqlite/include -I/usr/local/opt/readline/include -I/usr/local/opt/openssl@1.1/include  -I/usr/local/opt/openblas/include -I/usr/local/opt/llvm/include -I/usr/local/opt/sqlite/include -I/usr/local/opt/readline/include -I/usr/local/opt/openssl@1.1/include   -DPy_BUILD_CORE -o Python/ceval.o Python/ceval.c
cc -c -fsanitize=address -fno-omit-frame-pointer  -Wno-unused-result -Wsign-compare -DDYNAMIC_ANNOTATIONS_ENABLED=1 -g -Ofast -Wall -Wstrict-prototypes -fomit-frame-pointer -funroll-loops  -ffast-math -Ofast -fno-signed-zeros -ffp-contract=fast -mmmx -msse -flto   -fomit-frame-pointer -funroll-loops  -ffast-math -Ofast -fno-signed-zeros -ffp-contract=fast -mmmx -msse -flto    -std=c99 -Wextra -Wno-unused-result -Wno-unused-parameter -Wno-missing-field-initializers -fomit-frame-pointer -funroll-loops  -ffast-math -Ofast -fno-signed-zeros -ffp-contract=fast -mmmx -msse -flto      -I. -I./Include -I/usr/local/opt/openblas/include -I/usr/local/opt/llvm/include -I/usr/local/opt/sqlite/include -I/usr/local/opt/readline/include -I/usr/local/opt/openssl@1.1/include  -I/usr/local/opt/openblas/include -I/usr/local/opt/llvm/include -I/usr/local/opt/sqlite/include -I/usr/local/opt/readline/include -I/usr/local/opt/openssl@1.1/include   -DPy_BUILD_CORE -o Python/compile.o Python/compile.c
cc -c -fsanitize=address -fno-omit-frame-pointer  -Wno-unused-result -Wsign-compare -DDYNAMIC_ANNOTATIONS_ENABLED=1 -g -Ofast -Wall -Wstrict-prototypes -fomit-frame-pointer -funroll-loops  -ffast-math -Ofast -fno-signed-zeros -ffp-contract=fast -mmmx -msse -flto   -fomit-frame-pointer -funroll-loops  -ffast-math -Ofast -fno-signed-zeros -ffp-contract=fast -mmmx -msse -flto    -std=c99 -Wextra -Wno-unused-result -Wno-unused-parameter -Wno-missing-field-initializers -fomit-frame-pointer -funroll-loops  -ffast-math -Ofast -fno-signed-zeros -ffp-contract=fast -mmmx -msse -flto      -I. -I./Include -I/usr/local/opt/openblas/include -I/usr/local/opt/llvm/include -I/usr/local/opt/sqlite/include -I/usr/local/opt/readline/include -I/usr/local/opt/openssl@1.1/include  -I/usr/local/opt/openblas/include -I/usr/local/opt/llvm/include -I/usr/local/opt/sqlite/include -I/usr/local/opt/readline/include -I/usr/local/opt/openssl@1.1/include   -DPy_BUILD_CORE -o Python/codecs.o Python/codecs.c
cc -c -fsanitize=address -fno-omit-frame-pointer  -Wno-unused-result -Wsign-compare -DDYNAMIC_ANNOTATIONS_ENABLED=1 -g -Ofast -Wall -Wstrict-prototypes -fomit-frame-pointer -funroll-loops  -ffast-math -Ofast -fno-signed-zeros -ffp-contract=fast -mmmx -msse -flto   -fomit-frame-pointer -funroll-loops  -ffast-math -Ofast -fno-signed-zeros -ffp-contract=fast -mmmx -msse -flto    -std=c99 -Wextra -Wno-unused-result -Wno-unused-parameter -Wno-missing-field-initializers -fomit-frame-pointer -funroll-loops  -ffast-math -Ofast -fno-signed-zeros -ffp-contract=fast -mmmx -msse -flto      -I. -I./Include -I/usr/local/opt/openblas/include -I/usr/local/opt/llvm/include -I/usr/local/opt/sqlite/include -I/usr/local/opt/readline/include -I/usr/local/opt/openssl@1.1/include  -I/usr/local/opt/openblas/include -I/usr/local/opt/llvm/include -I/usr/local/opt/sqlite/include -I/usr/local/opt/readline/include -I/usr/local/opt/openssl@1.1/include   -DPy_BUILD_CORE -o Python/dynamic_annotations.o Python/dynamic_annotations.c
cc -c -fsanitize=address -fno-omit-frame-pointer  -Wno-unused-result -Wsign-compare -DDYNAMIC_ANNOTATIONS_ENABLED=1 -g -Ofast -Wall -Wstrict-prototypes -fomit-frame-pointer -funroll-loops  -ffast-math -Ofast -fno-signed-zeros -ffp-contract=fast -mmmx -msse -flto   -fomit-frame-pointer -funroll-loops  -ffast-math -Ofast -fno-signed-zeros -ffp-contract=fast -mmmx -msse -flto    -std=c99 -Wextra -Wno-unused-result -Wno-unused-parameter -Wno-missing-field-initializers -fomit-frame-pointer -funroll-loops  -ffast-math -Ofast -fno-signed-zeros -ffp-contract=fast -mmmx -msse -flto      -I. -I./Include -I/usr/local/opt/openblas/include -I/usr/local/opt/llvm/include -I/usr/local/opt/sqlite/include -I/usr/local/opt/readline/include -I/usr/local/opt/openssl@1.1/include  -I/usr/local/opt/openblas/include -I/usr/local/opt/llvm/include -I/usr/local/opt/sqlite/include -I/usr/local/opt/readline/include -I/usr/local/opt/openssl@1.1/include   -DPy_BUILD_CORE -o Python/errors.o Python/errors.c
cc -c -fsanitize=address -fno-omit-frame-pointer  -Wno-unused-result -Wsign-compare -DDYNAMIC_ANNOTATIONS_ENABLED=1 -g -Ofast -Wall -Wstrict-prototypes -fomit-frame-pointer -funroll-loops  -ffast-math -Ofast -fno-signed-zeros -ffp-contract=fast -mmmx -msse -flto   -fomit-frame-pointer -funroll-loops  -ffast-math -Ofast -fno-signed-zeros -ffp-contract=fast -mmmx -msse -flto    -std=c99 -Wextra -Wno-unused-result -Wno-unused-parameter -Wno-missing-field-initializers -fomit-frame-pointer -funroll-loops  -ffast-math -Ofast -fno-signed-zeros -ffp-contract=fast -mmmx -msse -flto      -I. -I./Include -I/usr/local/opt/openblas/include -I/usr/local/opt/llvm/include -I/usr/local/opt/sqlite/include -I/usr/local/opt/readline/include -I/usr/local/opt/openssl@1.1/include  -I/usr/local/opt/openblas/include -I/usr/local/opt/llvm/include -I/usr/local/opt/sqlite/include -I/usr/local/opt/readline/include -I/usr/local/opt/openssl@1.1/include   -DPy_BUILD_CORE -o Python/frozenmain.o Python/frozenmain.c
cc -c -fsanitize=address -fno-omit-frame-pointer  -Wno-unused-result -Wsign-compare -DDYNAMIC_ANNOTATIONS_ENABLED=1 -g -Ofast -Wall -Wstrict-prototypes -fomit-frame-pointer -funroll-loops  -ffast-math -Ofast -fno-signed-zeros -ffp-contract=fast -mmmx -msse -flto   -fomit-frame-pointer -funroll-loops  -ffast-math -Ofast -fno-signed-zeros -ffp-contract=fast -mmmx -msse -flto    -std=c99 -Wextra -Wno-unused-result -Wno-unused-parameter -Wno-missing-field-initializers -fomit-frame-pointer -funroll-loops  -ffast-math -Ofast -fno-signed-zeros -ffp-contract=fast -mmmx -msse -flto      -I. -I./Include -I/usr/local/opt/openblas/include -I/usr/local/opt/llvm/include -I/usr/local/opt/sqlite/include -I/usr/local/opt/readline/include -I/usr/local/opt/openssl@1.1/include  -I/usr/local/opt/openblas/include -I/usr/local/opt/llvm/include -I/usr/local/opt/sqlite/include -I/usr/local/opt/readline/include -I/usr/local/opt/openssl@1.1/include   -DPy_BUILD_CORE -o Python/future.o Python/future.c
cc -c -fsanitize=address -fno-omit-frame-pointer  -Wno-unused-result -Wsign-compare -DDYNAMIC_ANNOTATIONS_ENABLED=1 -g -Ofast -Wall -Wstrict-prototypes -fomit-frame-pointer -funroll-loops  -ffast-math -Ofast -fno-signed-zeros -ffp-contract=fast -mmmx -msse -flto   -fomit-frame-pointer -funroll-loops  -ffast-math -Ofast -fno-signed-zeros -ffp-contract=fast -mmmx -msse -flto    -std=c99 -Wextra -Wno-unused-result -Wno-unused-parameter -Wno-missing-field-initializers -fomit-frame-pointer -funroll-loops  -ffast-math -Ofast -fno-signed-zeros -ffp-contract=fast -mmmx -msse -flto      -I. -I./Include -I/usr/local/opt/openblas/include -I/usr/local/opt/llvm/include -I/usr/local/opt/sqlite/include -I/usr/local/opt/readline/include -I/usr/local/opt/openssl@1.1/include  -I/usr/local/opt/openblas/include -I/usr/local/opt/llvm/include -I/usr/local/opt/sqlite/include -I/usr/local/opt/readline/include -I/usr/local/opt/openssl@1.1/include   -DPy_BUILD_CORE -o Python/getargs.o Python/getargs.c
cc -c -fsanitize=address -fno-omit-frame-pointer  -Wno-unused-result -Wsign-compare -DDYNAMIC_ANNOTATIONS_ENABLED=1 -g -Ofast -Wall -Wstrict-prototypes -fomit-frame-pointer -funroll-loops  -ffast-math -Ofast -fno-signed-zeros -ffp-contract=fast -mmmx -msse -flto   -fomit-frame-pointer -funroll-loops  -ffast-math -Ofast -fno-signed-zeros -ffp-contract=fast -mmmx -msse -flto    -std=c99 -Wextra -Wno-unused-result -Wno-unused-parameter -Wno-missing-field-initializers -fomit-frame-pointer -funroll-loops  -ffast-math -Ofast -fno-signed-zeros -ffp-contract=fast -mmmx -msse -flto      -I. -I./Include -I/usr/local/opt/openblas/include -I/usr/local/opt/llvm/include -I/usr/local/opt/sqlite/include -I/usr/local/opt/readline/include -I/usr/local/opt/openssl@1.1/include  -I/usr/local/opt/openblas/include -I/usr/local/opt/llvm/include -I/usr/local/opt/sqlite/include -I/usr/local/opt/readline/include -I/usr/local/opt/openssl@1.1/include   -DPy_BUILD_CORE -o Python/getcompiler.o Python/getcompiler.c
cc -c -fsanitize=address -fno-omit-frame-pointer  -Wno-unused-result -Wsign-compare -DDYNAMIC_ANNOTATIONS_ENABLED=1 -g -Ofast -Wall -Wstrict-prototypes -fomit-frame-pointer -funroll-loops  -ffast-math -Ofast -fno-signed-zeros -ffp-contract=fast -mmmx -msse -flto   -fomit-frame-pointer -funroll-loops  -ffast-math -Ofast -fno-signed-zeros -ffp-contract=fast -mmmx -msse -flto    -std=c99 -Wextra -Wno-unused-result -Wno-unused-parameter -Wno-missing-field-initializers -fomit-frame-pointer -funroll-loops  -ffast-math -Ofast -fno-signed-zeros -ffp-contract=fast -mmmx -msse -flto      -I. -I./Include -I/usr/local/opt/openblas/include -I/usr/local/opt/llvm/include -I/usr/local/opt/sqlite/include -I/usr/local/opt/readline/include -I/usr/local/opt/openssl@1.1/include  -I/usr/local/opt/openblas/include -I/usr/local/opt/llvm/include -I/usr/local/opt/sqlite/include -I/usr/local/opt/readline/include -I/usr/local/opt/openssl@1.1/include   -DPy_BUILD_CORE -o Python/getcopyright.o Python/getcopyright.c
cc -c -fsanitize=address -fno-omit-frame-pointer  -Wno-unused-result -Wsign-compare -DDYNAMIC_ANNOTATIONS_ENABLED=1 -g -Ofast -Wall -Wstrict-prototypes -fomit-frame-pointer -funroll-loops  -ffast-math -Ofast -fno-signed-zeros -ffp-contract=fast -mmmx -msse -flto   -fomit-frame-pointer -funroll-loops  -ffast-math -Ofast -fno-signed-zeros -ffp-contract=fast -mmmx -msse -flto    -std=c99 -Wextra -Wno-unused-result -Wno-unused-parameter -Wno-missing-field-initializers -fomit-frame-pointer -funroll-loops  -ffast-math -Ofast -fno-signed-zeros -ffp-contract=fast -mmmx -msse -flto      -I. -I./Include -I/usr/local/opt/openblas/include -I/usr/local/opt/llvm/include -I/usr/local/opt/sqlite/include -I/usr/local/opt/readline/include -I/usr/local/opt/openssl@1.1/include  -I/usr/local/opt/openblas/include -I/usr/local/opt/llvm/include -I/usr/local/opt/sqlite/include -I/usr/local/opt/readline/include -I/usr/local/opt/openssl@1.1/include   -DPy_BUILD_CORE -DPLATFORM='"darwin"' -o Python/getplatform.o ./Python/getplatform.c
cc -c -fsanitize=address -fno-omit-frame-pointer  -Wno-unused-result -Wsign-compare -DDYNAMIC_ANNOTATIONS_ENABLED=1 -g -Ofast -Wall -Wstrict-prototypes -fomit-frame-pointer -funroll-loops  -ffast-math -Ofast -fno-signed-zeros -ffp-contract=fast -mmmx -msse -flto   -fomit-frame-pointer -funroll-loops  -ffast-math -Ofast -fno-signed-zeros -ffp-contract=fast -mmmx -msse -flto    -std=c99 -Wextra -Wno-unused-result -Wno-unused-parameter -Wno-missing-field-initializers -fomit-frame-pointer -funroll-loops  -ffast-math -Ofast -fno-signed-zeros -ffp-contract=fast -mmmx -msse -flto      -I. -I./Include -I/usr/local/opt/openblas/include -I/usr/local/opt/llvm/include -I/usr/local/opt/sqlite/include -I/usr/local/opt/readline/include -I/usr/local/opt/openssl@1.1/include  -I/usr/local/opt/openblas/include -I/usr/local/opt/llvm/include -I/usr/local/opt/sqlite/include -I/usr/local/opt/readline/include -I/usr/local/opt/openssl@1.1/include   -DPy_BUILD_CORE -o Python/getversion.o Python/getversion.c
cc -c -fsanitize=address -fno-omit-frame-pointer  -Wno-unused-result -Wsign-compare -DDYNAMIC_ANNOTATIONS_ENABLED=1 -g -Ofast -Wall -Wstrict-prototypes -fomit-frame-pointer -funroll-loops  -ffast-math -Ofast -fno-signed-zeros -ffp-contract=fast -mmmx -msse -flto   -fomit-frame-pointer -funroll-loops  -ffast-math -Ofast -fno-signed-zeros -ffp-contract=fast -mmmx -msse -flto    -std=c99 -Wextra -Wno-unused-result -Wno-unused-parameter -Wno-missing-field-initializers -fomit-frame-pointer -funroll-loops  -ffast-math -Ofast -fno-signed-zeros -ffp-contract=fast -mmmx -msse -flto      -I. -I./Include -I/usr/local/opt/openblas/include -I/usr/local/opt/llvm/include -I/usr/local/opt/sqlite/include -I/usr/local/opt/readline/include -I/usr/local/opt/openssl@1.1/include  -I/usr/local/opt/openblas/include -I/usr/local/opt/llvm/include -I/usr/local/opt/sqlite/include -I/usr/local/opt/readline/include -I/usr/local/opt/openssl@1.1/include   -DPy_BUILD_CORE -o Python/graminit.o Python/graminit.c
cc -c -fsanitize=address -fno-omit-frame-pointer  -Wno-unused-result -Wsign-compare -DDYNAMIC_ANNOTATIONS_ENABLED=1 -g -Ofast -Wall -Wstrict-prototypes -fomit-frame-pointer -funroll-loops  -ffast-math -Ofast -fno-signed-zeros -ffp-contract=fast -mmmx -msse -flto   -fomit-frame-pointer -funroll-loops  -ffast-math -Ofast -fno-signed-zeros -ffp-contract=fast -mmmx -msse -flto    -std=c99 -Wextra -Wno-unused-result -Wno-unused-parameter -Wno-missing-field-initializers -fomit-frame-pointer -funroll-loops  -ffast-math -Ofast -fno-signed-zeros -ffp-contract=fast -mmmx -msse -flto      -I. -I./Include -I/usr/local/opt/openblas/include -I/usr/local/opt/llvm/include -I/usr/local/opt/sqlite/include -I/usr/local/opt/readline/include -I/usr/local/opt/openssl@1.1/include  -I/usr/local/opt/openblas/include -I/usr/local/opt/llvm/include -I/usr/local/opt/sqlite/include -I/usr/local/opt/readline/include -I/usr/local/opt/openssl@1.1/include   -DPy_BUILD_CORE -o Python/import.o Python/import.c
cc -c -fsanitize=address -fno-omit-frame-pointer  -Wno-unused-result -Wsign-compare -DDYNAMIC_ANNOTATIONS_ENABLED=1 -g -Ofast -Wall -Wstrict-prototypes -fomit-frame-pointer -funroll-loops  -ffast-math -Ofast -fno-signed-zeros -ffp-contract=fast -mmmx -msse -flto   -fomit-frame-pointer -funroll-loops  -ffast-math -Ofast -fno-signed-zeros -ffp-contract=fast -mmmx -msse -flto    -std=c99 -Wextra -Wno-unused-result -Wno-unused-parameter -Wno-missing-field-initializers -fomit-frame-pointer -funroll-loops  -ffast-math -Ofast -fno-signed-zeros -ffp-contract=fast -mmmx -msse -flto      -I. -I./Include -I/usr/local/opt/openblas/include -I/usr/local/opt/llvm/include -I/usr/local/opt/sqlite/include -I/usr/local/opt/readline/include -I/usr/local/opt/openssl@1.1/include  -I/usr/local/opt/openblas/include -I/usr/local/opt/llvm/include -I/usr/local/opt/sqlite/include -I/usr/local/opt/readline/include -I/usr/local/opt/openssl@1.1/include   -DPy_BUILD_CORE -I. -o Python/importdl.o ./Python/importdl.c
cc -c -fsanitize=address -fno-omit-frame-pointer  -Wno-unused-result -Wsign-compare -DDYNAMIC_ANNOTATIONS_ENABLED=1 -g -Ofast -Wall -Wstrict-prototypes -fomit-frame-pointer -funroll-loops  -ffast-math -Ofast -fno-signed-zeros -ffp-contract=fast -mmmx -msse -flto   -fomit-frame-pointer -funroll-loops  -ffast-math -Ofast -fno-signed-zeros -ffp-contract=fast -mmmx -msse -flto    -std=c99 -Wextra -Wno-unused-result -Wno-unused-parameter -Wno-missing-field-initializers -fomit-frame-pointer -funroll-loops  -ffast-math -Ofast -fno-signed-zeros -ffp-contract=fast -mmmx -msse -flto      -I. -I./Include -I/usr/local/opt/openblas/include -I/usr/local/opt/llvm/include -I/usr/local/opt/sqlite/include -I/usr/local/opt/readline/include -I/usr/local/opt/openssl@1.1/include  -I/usr/local/opt/openblas/include -I/usr/local/opt/llvm/include -I/usr/local/opt/sqlite/include -I/usr/local/opt/readline/include -I/usr/local/opt/openssl@1.1/include   -DPy_BUILD_CORE -o Python/marshal.o Python/marshal.c
cc -c -fsanitize=address -fno-omit-frame-pointer  -Wno-unused-result -Wsign-compare -DDYNAMIC_ANNOTATIONS_ENABLED=1 -g -Ofast -Wall -Wstrict-prototypes -fomit-frame-pointer -funroll-loops  -ffast-math -Ofast -fno-signed-zeros -ffp-contract=fast -mmmx -msse -flto   -fomit-frame-pointer -funroll-loops  -ffast-math -Ofast -fno-signed-zeros -ffp-contract=fast -mmmx -msse -flto    -std=c99 -Wextra -Wno-unused-result -Wno-unused-parameter -Wno-missing-field-initializers -fomit-frame-pointer -funroll-loops  -ffast-math -Ofast -fno-signed-zeros -ffp-contract=fast -mmmx -msse -flto      -I. -I./Include -I/usr/local/opt/openblas/include -I/usr/local/opt/llvm/include -I/usr/local/opt/sqlite/include -I/usr/local/opt/readline/include -I/usr/local/opt/openssl@1.1/include  -I/usr/local/opt/openblas/include -I/usr/local/opt/llvm/include -I/usr/local/opt/sqlite/include -I/usr/local/opt/readline/include -I/usr/local/opt/openssl@1.1/include   -DPy_BUILD_CORE -o Python/modsupport.o Python/modsupport.c
cc -c -fsanitize=address -fno-omit-frame-pointer  -Wno-unused-result -Wsign-compare -DDYNAMIC_ANNOTATIONS_ENABLED=1 -g -Ofast -Wall -Wstrict-prototypes -fomit-frame-pointer -funroll-loops  -ffast-math -Ofast -fno-signed-zeros -ffp-contract=fast -mmmx -msse -flto   -fomit-frame-pointer -funroll-loops  -ffast-math -Ofast -fno-signed-zeros -ffp-contract=fast -mmmx -msse -flto    -std=c99 -Wextra -Wno-unused-result -Wno-unused-parameter -Wno-missing-field-initializers -fomit-frame-pointer -funroll-loops  -ffast-math -Ofast -fno-signed-zeros -ffp-contract=fast -mmmx -msse -flto      -I. -I./Include -I/usr/local/opt/openblas/include -I/usr/local/opt/llvm/include -I/usr/local/opt/sqlite/include -I/usr/local/opt/readline/include -I/usr/local/opt/openssl@1.1/include  -I/usr/local/opt/openblas/include -I/usr/local/opt/llvm/include -I/usr/local/opt/sqlite/include -I/usr/local/opt/readline/include -I/usr/local/opt/openssl@1.1/include   -DPy_BUILD_CORE -o Python/mystrtoul.o Python/mystrtoul.c
cc -c -fsanitize=address -fno-omit-frame-pointer  -Wno-unused-result -Wsign-compare -DDYNAMIC_ANNOTATIONS_ENABLED=1 -g -Ofast -Wall -Wstrict-prototypes -fomit-frame-pointer -funroll-loops  -ffast-math -Ofast -fno-signed-zeros -ffp-contract=fast -mmmx -msse -flto   -fomit-frame-pointer -funroll-loops  -ffast-math -Ofast -fno-signed-zeros -ffp-contract=fast -mmmx -msse -flto    -std=c99 -Wextra -Wno-unused-result -Wno-unused-parameter -Wno-missing-field-initializers -fomit-frame-pointer -funroll-loops  -ffast-math -Ofast -fno-signed-zeros -ffp-contract=fast -mmmx -msse -flto      -I. -I./Include -I/usr/local/opt/openblas/include -I/usr/local/opt/llvm/include -I/usr/local/opt/sqlite/include -I/usr/local/opt/readline/include -I/usr/local/opt/openssl@1.1/include  -I/usr/local/opt/openblas/include -I/usr/local/opt/llvm/include -I/usr/local/opt/sqlite/include -I/usr/local/opt/readline/include -I/usr/local/opt/openssl@1.1/include   -DPy_BUILD_CORE -o Python/mysnprintf.o Python/mysnprintf.c
cc -c -fsanitize=address -fno-omit-frame-pointer  -Wno-unused-result -Wsign-compare -DDYNAMIC_ANNOTATIONS_ENABLED=1 -g -Ofast -Wall -Wstrict-prototypes -fomit-frame-pointer -funroll-loops  -ffast-math -Ofast -fno-signed-zeros -ffp-contract=fast -mmmx -msse -flto   -fomit-frame-pointer -funroll-loops  -ffast-math -Ofast -fno-signed-zeros -ffp-contract=fast -mmmx -msse -flto    -std=c99 -Wextra -Wno-unused-result -Wno-unused-parameter -Wno-missing-field-initializers -fomit-frame-pointer -funroll-loops  -ffast-math -Ofast -fno-signed-zeros -ffp-contract=fast -mmmx -msse -flto      -I. -I./Include -I/usr/local/opt/openblas/include -I/usr/local/opt/llvm/include -I/usr/local/opt/sqlite/include -I/usr/local/opt/readline/include -I/usr/local/opt/openssl@1.1/include  -I/usr/local/opt/openblas/include -I/usr/local/opt/llvm/include -I/usr/local/opt/sqlite/include -I/usr/local/opt/readline/include -I/usr/local/opt/openssl@1.1/include   -DPy_BUILD_CORE -o Python/peephole.o Python/peephole.c
cc -c -fsanitize=address -fno-omit-frame-pointer  -Wno-unused-result -Wsign-compare -DDYNAMIC_ANNOTATIONS_ENABLED=1 -g -Ofast -Wall -Wstrict-prototypes -fomit-frame-pointer -funroll-loops  -ffast-math -Ofast -fno-signed-zeros -ffp-contract=fast -mmmx -msse -flto   -fomit-frame-pointer -funroll-loops  -ffast-math -Ofast -fno-signed-zeros -ffp-contract=fast -mmmx -msse -flto    -std=c99 -Wextra -Wno-unused-result -Wno-unused-parameter -Wno-missing-field-initializers -fomit-frame-pointer -funroll-loops  -ffast-math -Ofast -fno-signed-zeros -ffp-contract=fast -mmmx -msse -flto      -I. -I./Include -I/usr/local/opt/openblas/include -I/usr/local/opt/llvm/include -I/usr/local/opt/sqlite/include -I/usr/local/opt/readline/include -I/usr/local/opt/openssl@1.1/include  -I/usr/local/opt/openblas/include -I/usr/local/opt/llvm/include -I/usr/local/opt/sqlite/include -I/usr/local/opt/readline/include -I/usr/local/opt/openssl@1.1/include   -DPy_BUILD_CORE -o Python/pyarena.o Python/pyarena.c
cc -c -fsanitize=address -fno-omit-frame-pointer  -Wno-unused-result -Wsign-compare -DDYNAMIC_ANNOTATIONS_ENABLED=1 -g -Ofast -Wall -Wstrict-prototypes -fomit-frame-pointer -funroll-loops  -ffast-math -Ofast -fno-signed-zeros -ffp-contract=fast -mmmx -msse -flto   -fomit-frame-pointer -funroll-loops  -ffast-math -Ofast -fno-signed-zeros -ffp-contract=fast -mmmx -msse -flto    -std=c99 -Wextra -Wno-unused-result -Wno-unused-parameter -Wno-missing-field-initializers -fomit-frame-pointer -funroll-loops  -ffast-math -Ofast -fno-signed-zeros -ffp-contract=fast -mmmx -msse -flto      -I. -I./Include -I/usr/local/opt/openblas/include -I/usr/local/opt/llvm/include -I/usr/local/opt/sqlite/include -I/usr/local/opt/readline/include -I/usr/local/opt/openssl@1.1/include  -I/usr/local/opt/openblas/include -I/usr/local/opt/llvm/include -I/usr/local/opt/sqlite/include -I/usr/local/opt/readline/include -I/usr/local/opt/openssl@1.1/include   -DPy_BUILD_CORE -o Python/pyctype.o Python/pyctype.c
cc -c -fsanitize=address -fno-omit-frame-pointer  -Wno-unused-result -Wsign-compare -DDYNAMIC_ANNOTATIONS_ENABLED=1 -g -Ofast -Wall -Wstrict-prototypes -fomit-frame-pointer -funroll-loops  -ffast-math -Ofast -fno-signed-zeros -ffp-contract=fast -mmmx -msse -flto   -fomit-frame-pointer -funroll-loops  -ffast-math -Ofast -fno-signed-zeros -ffp-contract=fast -mmmx -msse -flto    -std=c99 -Wextra -Wno-unused-result -Wno-unused-parameter -Wno-missing-field-initializers -fomit-frame-pointer -funroll-loops  -ffast-math -Ofast -fno-signed-zeros -ffp-contract=fast -mmmx -msse -flto      -I. -I./Include -I/usr/local/opt/openblas/include -I/usr/local/opt/llvm/include -I/usr/local/opt/sqlite/include -I/usr/local/opt/readline/include -I/usr/local/opt/openssl@1.1/include  -I/usr/local/opt/openblas/include -I/usr/local/opt/llvm/include -I/usr/local/opt/sqlite/include -I/usr/local/opt/readline/include -I/usr/local/opt/openssl@1.1/include   -DPy_BUILD_CORE -o Python/pyfpe.o Python/pyfpe.c
cc -c -fsanitize=address -fno-omit-frame-pointer  -Wno-unused-result -Wsign-compare -DDYNAMIC_ANNOTATIONS_ENABLED=1 -g -Ofast -Wall -Wstrict-prototypes -fomit-frame-pointer -funroll-loops  -ffast-math -Ofast -fno-signed-zeros -ffp-contract=fast -mmmx -msse -flto   -fomit-frame-pointer -funroll-loops  -ffast-math -Ofast -fno-signed-zeros -ffp-contract=fast -mmmx -msse -flto    -std=c99 -Wextra -Wno-unused-result -Wno-unused-parameter -Wno-missing-field-initializers -fomit-frame-pointer -funroll-loops  -ffast-math -Ofast -fno-signed-zeros -ffp-contract=fast -mmmx -msse -flto      -I. -I./Include -I/usr/local/opt/openblas/include -I/usr/local/opt/llvm/include -I/usr/local/opt/sqlite/include -I/usr/local/opt/readline/include -I/usr/local/opt/openssl@1.1/include  -I/usr/local/opt/openblas/include -I/usr/local/opt/llvm/include -I/usr/local/opt/sqlite/include -I/usr/local/opt/readline/include -I/usr/local/opt/openssl@1.1/include   -DPy_BUILD_CORE -o Python/pyhash.o Python/pyhash.c
cc -c -fsanitize=address -fno-omit-frame-pointer  -Wno-unused-result -Wsign-compare -DDYNAMIC_ANNOTATIONS_ENABLED=1 -g -Ofast -Wall -Wstrict-prototypes -fomit-frame-pointer -funroll-loops  -ffast-math -Ofast -fno-signed-zeros -ffp-contract=fast -mmmx -msse -flto   -fomit-frame-pointer -funroll-loops  -ffast-math -Ofast -fno-signed-zeros -ffp-contract=fast -mmmx -msse -flto    -std=c99 -Wextra -Wno-unused-result -Wno-unused-parameter -Wno-missing-field-initializers -fomit-frame-pointer -funroll-loops  -ffast-math -Ofast -fno-signed-zeros -ffp-contract=fast -mmmx -msse -flto      -I. -I./Include -I/usr/local/opt/openblas/include -I/usr/local/opt/llvm/include -I/usr/local/opt/sqlite/include -I/usr/local/opt/readline/include -I/usr/local/opt/openssl@1.1/include  -I/usr/local/opt/openblas/include -I/usr/local/opt/llvm/include -I/usr/local/opt/sqlite/include -I/usr/local/opt/readline/include -I/usr/local/opt/openssl@1.1/include   -DPy_BUILD_CORE -o Python/pylifecycle.o Python/pylifecycle.c
cc -c -fsanitize=address -fno-omit-frame-pointer  -Wno-unused-result -Wsign-compare -DDYNAMIC_ANNOTATIONS_ENABLED=1 -g -Ofast -Wall -Wstrict-prototypes -fomit-frame-pointer -funroll-loops  -ffast-math -Ofast -fno-signed-zeros -ffp-contract=fast -mmmx -msse -flto   -fomit-frame-pointer -funroll-loops  -ffast-math -Ofast -fno-signed-zeros -ffp-contract=fast -mmmx -msse -flto    -std=c99 -Wextra -Wno-unused-result -Wno-unused-parameter -Wno-missing-field-initializers -fomit-frame-pointer -funroll-loops  -ffast-math -Ofast -fno-signed-zeros -ffp-contract=fast -mmmx -msse -flto      -I. -I./Include -I/usr/local/opt/openblas/include -I/usr/local/opt/llvm/include -I/usr/local/opt/sqlite/include -I/usr/local/opt/readline/include -I/usr/local/opt/openssl@1.1/include  -I/usr/local/opt/openblas/include -I/usr/local/opt/llvm/include -I/usr/local/opt/sqlite/include -I/usr/local/opt/readline/include -I/usr/local/opt/openssl@1.1/include   -DPy_BUILD_CORE -o Python/pymath.o Python/pymath.c
cc -c -fsanitize=address -fno-omit-frame-pointer  -Wno-unused-result -Wsign-compare -DDYNAMIC_ANNOTATIONS_ENABLED=1 -g -Ofast -Wall -Wstrict-prototypes -fomit-frame-pointer -funroll-loops  -ffast-math -Ofast -fno-signed-zeros -ffp-contract=fast -mmmx -msse -flto   -fomit-frame-pointer -funroll-loops  -ffast-math -Ofast -fno-signed-zeros -ffp-contract=fast -mmmx -msse -flto    -std=c99 -Wextra -Wno-unused-result -Wno-unused-parameter -Wno-missing-field-initializers -fomit-frame-pointer -funroll-loops  -ffast-math -Ofast -fno-signed-zeros -ffp-contract=fast -mmmx -msse -flto      -I. -I./Include -I/usr/local/opt/openblas/include -I/usr/local/opt/llvm/include -I/usr/local/opt/sqlite/include -I/usr/local/opt/readline/include -I/usr/local/opt/openssl@1.1/include  -I/usr/local/opt/openblas/include -I/usr/local/opt/llvm/include -I/usr/local/opt/sqlite/include -I/usr/local/opt/readline/include -I/usr/local/opt/openssl@1.1/include   -DPy_BUILD_CORE -o Python/pystate.o Python/pystate.c
cc -c -fsanitize=address -fno-omit-frame-pointer  -Wno-unused-result -Wsign-compare -DDYNAMIC_ANNOTATIONS_ENABLED=1 -g -Ofast -Wall -Wstrict-prototypes -fomit-frame-pointer -funroll-loops  -ffast-math -Ofast -fno-signed-zeros -ffp-contract=fast -mmmx -msse -flto   -fomit-frame-pointer -funroll-loops  -ffast-math -Ofast -fno-signed-zeros -ffp-contract=fast -mmmx -msse -flto    -std=c99 -Wextra -Wno-unused-result -Wno-unused-parameter -Wno-missing-field-initializers -fomit-frame-pointer -funroll-loops  -ffast-math -Ofast -fno-signed-zeros -ffp-contract=fast -mmmx -msse -flto      -I. -I./Include -I/usr/local/opt/openblas/include -I/usr/local/opt/llvm/include -I/usr/local/opt/sqlite/include -I/usr/local/opt/readline/include -I/usr/local/opt/openssl@1.1/include  -I/usr/local/opt/openblas/include -I/usr/local/opt/llvm/include -I/usr/local/opt/sqlite/include -I/usr/local/opt/readline/include -I/usr/local/opt/openssl@1.1/include   -DPy_BUILD_CORE -o Python/pythonrun.o Python/pythonrun.c
cc -c -fsanitize=address -fno-omit-frame-pointer  -Wno-unused-result -Wsign-compare -DDYNAMIC_ANNOTATIONS_ENABLED=1 -g -Ofast -Wall -Wstrict-prototypes -fomit-frame-pointer -funroll-loops  -ffast-math -Ofast -fno-signed-zeros -ffp-contract=fast -mmmx -msse -flto   -fomit-frame-pointer -funroll-loops  -ffast-math -Ofast -fno-signed-zeros -ffp-contract=fast -mmmx -msse -flto    -std=c99 -Wextra -Wno-unused-result -Wno-unused-parameter -Wno-missing-field-initializers -fomit-frame-pointer -funroll-loops  -ffast-math -Ofast -fno-signed-zeros -ffp-contract=fast -mmmx -msse -flto      -I. -I./Include -I/usr/local/opt/openblas/include -I/usr/local/opt/llvm/include -I/usr/local/opt/sqlite/include -I/usr/local/opt/readline/include -I/usr/local/opt/openssl@1.1/include  -I/usr/local/opt/openblas/include -I/usr/local/opt/llvm/include -I/usr/local/opt/sqlite/include -I/usr/local/opt/readline/include -I/usr/local/opt/openssl@1.1/include   -DPy_BUILD_CORE -o Python/pytime.o Python/pytime.c
cc -c -fsanitize=address -fno-omit-frame-pointer  -Wno-unused-result -Wsign-compare -DDYNAMIC_ANNOTATIONS_ENABLED=1 -g -Ofast -Wall -Wstrict-prototypes -fomit-frame-pointer -funroll-loops  -ffast-math -Ofast -fno-signed-zeros -ffp-contract=fast -mmmx -msse -flto   -fomit-frame-pointer -funroll-loops  -ffast-math -Ofast -fno-signed-zeros -ffp-contract=fast -mmmx -msse -flto    -std=c99 -Wextra -Wno-unused-result -Wno-unused-parameter -Wno-missing-field-initializers -fomit-frame-pointer -funroll-loops  -ffast-math -Ofast -fno-signed-zeros -ffp-contract=fast -mmmx -msse -flto      -I. -I./Include -I/usr/local/opt/openblas/include -I/usr/local/opt/llvm/include -I/usr/local/opt/sqlite/include -I/usr/local/opt/readline/include -I/usr/local/opt/openssl@1.1/include  -I/usr/local/opt/openblas/include -I/usr/local/opt/llvm/include -I/usr/local/opt/sqlite/include -I/usr/local/opt/readline/include -I/usr/local/opt/openssl@1.1/include   -DPy_BUILD_CORE -o Python/random.o Python/random.c
cc -c -fsanitize=address -fno-omit-frame-pointer  -Wno-unused-result -Wsign-compare -DDYNAMIC_ANNOTATIONS_ENABLED=1 -g -Ofast -Wall -Wstrict-prototypes -fomit-frame-pointer -funroll-loops  -ffast-math -Ofast -fno-signed-zeros -ffp-contract=fast -mmmx -msse -flto   -fomit-frame-pointer -funroll-loops  -ffast-math -Ofast -fno-signed-zeros -ffp-contract=fast -mmmx -msse -flto    -std=c99 -Wextra -Wno-unused-result -Wno-unused-parameter -Wno-missing-field-initializers -fomit-frame-pointer -funroll-loops  -ffast-math -Ofast -fno-signed-zeros -ffp-contract=fast -mmmx -msse -flto      -I. -I./Include -I/usr/local/opt/openblas/include -I/usr/local/opt/llvm/include -I/usr/local/opt/sqlite/include -I/usr/local/opt/readline/include -I/usr/local/opt/openssl@1.1/include  -I/usr/local/opt/openblas/include -I/usr/local/opt/llvm/include -I/usr/local/opt/sqlite/include -I/usr/local/opt/readline/include -I/usr/local/opt/openssl@1.1/include   -DPy_BUILD_CORE -o Python/structmember.o Python/structmember.c
cc -c -fsanitize=address -fno-omit-frame-pointer  -Wno-unused-result -Wsign-compare -DDYNAMIC_ANNOTATIONS_ENABLED=1 -g -Ofast -Wall -Wstrict-prototypes -fomit-frame-pointer -funroll-loops  -ffast-math -Ofast -fno-signed-zeros -ffp-contract=fast -mmmx -msse -flto   -fomit-frame-pointer -funroll-loops  -ffast-math -Ofast -fno-signed-zeros -ffp-contract=fast -mmmx -msse -flto    -std=c99 -Wextra -Wno-unused-result -Wno-unused-parameter -Wno-missing-field-initializers -fomit-frame-pointer -funroll-loops  -ffast-math -Ofast -fno-signed-zeros -ffp-contract=fast -mmmx -msse -flto      -I. -I./Include -I/usr/local/opt/openblas/include -I/usr/local/opt/llvm/include -I/usr/local/opt/sqlite/include -I/usr/local/opt/readline/include -I/usr/local/opt/openssl@1.1/include  -I/usr/local/opt/openblas/include -I/usr/local/opt/llvm/include -I/usr/local/opt/sqlite/include -I/usr/local/opt/readline/include -I/usr/local/opt/openssl@1.1/include   -DPy_BUILD_CORE -o Python/symtable.o Python/symtable.c
cc -c -fsanitize=address -fno-omit-frame-pointer  -Wno-unused-result -Wsign-compare -DDYNAMIC_ANNOTATIONS_ENABLED=1 -g -Ofast -Wall -Wstrict-prototypes -fomit-frame-pointer -funroll-loops  -ffast-math -Ofast -fno-signed-zeros -ffp-contract=fast -mmmx -msse -flto   -fomit-frame-pointer -funroll-loops  -ffast-math -Ofast -fno-signed-zeros -ffp-contract=fast -mmmx -msse -flto    -std=c99 -Wextra -Wno-unused-result -Wno-unused-parameter -Wno-missing-field-initializers -fomit-frame-pointer -funroll-loops  -ffast-math -Ofast -fno-signed-zeros -ffp-contract=fast -mmmx -msse -flto      -I. -I./Include -I/usr/local/opt/openblas/include -I/usr/local/opt/llvm/include -I/usr/local/opt/sqlite/include -I/usr/local/opt/readline/include -I/usr/local/opt/openssl@1.1/include  -I/usr/local/opt/openblas/include -I/usr/local/opt/llvm/include -I/usr/local/opt/sqlite/include -I/usr/local/opt/readline/include -I/usr/local/opt/openssl@1.1/include   -DPy_BUILD_CORE \
	-DABIFLAGS='"dm"' \
	-DMULTIARCH=\"darwin\" \
	-o Python/sysmodule.o ./Python/sysmodule.c
cc -c -fsanitize=address -fno-omit-frame-pointer  -Wno-unused-result -Wsign-compare -DDYNAMIC_ANNOTATIONS_ENABLED=1 -g -Ofast -Wall -Wstrict-prototypes -fomit-frame-pointer -funroll-loops  -ffast-math -Ofast -fno-signed-zeros -ffp-contract=fast -mmmx -msse -flto   -fomit-frame-pointer -funroll-loops  -ffast-math -Ofast -fno-signed-zeros -ffp-contract=fast -mmmx -msse -flto    -std=c99 -Wextra -Wno-unused-result -Wno-unused-parameter -Wno-missing-field-initializers -fomit-frame-pointer -funroll-loops  -ffast-math -Ofast -fno-signed-zeros -ffp-contract=fast -mmmx -msse -flto      -I. -I./Include -I/usr/local/opt/openblas/include -I/usr/local/opt/llvm/include -I/usr/local/opt/sqlite/include -I/usr/local/opt/readline/include -I/usr/local/opt/openssl@1.1/include  -I/usr/local/opt/openblas/include -I/usr/local/opt/llvm/include -I/usr/local/opt/sqlite/include -I/usr/local/opt/readline/include -I/usr/local/opt/openssl@1.1/include   -DPy_BUILD_CORE -o Python/traceback.o Python/traceback.c
cc -c -fsanitize=address -fno-omit-frame-pointer  -Wno-unused-result -Wsign-compare -DDYNAMIC_ANNOTATIONS_ENABLED=1 -g -Ofast -Wall -Wstrict-prototypes -fomit-frame-pointer -funroll-loops  -ffast-math -Ofast -fno-signed-zeros -ffp-contract=fast -mmmx -msse -flto   -fomit-frame-pointer -funroll-loops  -ffast-math -Ofast -fno-signed-zeros -ffp-contract=fast -mmmx -msse -flto    -std=c99 -Wextra -Wno-unused-result -Wno-unused-parameter -Wno-missing-field-initializers -fomit-frame-pointer -funroll-loops  -ffast-math -Ofast -fno-signed-zeros -ffp-contract=fast -mmmx -msse -flto      -I. -I./Include -I/usr/local/opt/openblas/include -I/usr/local/opt/llvm/include -I/usr/local/opt/sqlite/include -I/usr/local/opt/readline/include -I/usr/local/opt/openssl@1.1/include  -I/usr/local/opt/openblas/include -I/usr/local/opt/llvm/include -I/usr/local/opt/sqlite/include -I/usr/local/opt/readline/include -I/usr/local/opt/openssl@1.1/include   -DPy_BUILD_CORE -o Python/getopt.o Python/getopt.c
cc -c -fsanitize=address -fno-omit-frame-pointer  -Wno-unused-result -Wsign-compare -DDYNAMIC_ANNOTATIONS_ENABLED=1 -g -Ofast -Wall -Wstrict-prototypes -fomit-frame-pointer -funroll-loops  -ffast-math -Ofast -fno-signed-zeros -ffp-contract=fast -mmmx -msse -flto   -fomit-frame-pointer -funroll-loops  -ffast-math -Ofast -fno-signed-zeros -ffp-contract=fast -mmmx -msse -flto    -std=c99 -Wextra -Wno-unused-result -Wno-unused-parameter -Wno-missing-field-initializers -fomit-frame-pointer -funroll-loops  -ffast-math -Ofast -fno-signed-zeros -ffp-contract=fast -mmmx -msse -flto      -I. -I./Include -I/usr/local/opt/openblas/include -I/usr/local/opt/llvm/include -I/usr/local/opt/sqlite/include -I/usr/local/opt/readline/include -I/usr/local/opt/openssl@1.1/include  -I/usr/local/opt/openblas/include -I/usr/local/opt/llvm/include -I/usr/local/opt/sqlite/include -I/usr/local/opt/readline/include -I/usr/local/opt/openssl@1.1/include   -DPy_BUILD_CORE -o Python/pystrcmp.o Python/pystrcmp.c
cc -c -fsanitize=address -fno-omit-frame-pointer  -Wno-unused-result -Wsign-compare -DDYNAMIC_ANNOTATIONS_ENABLED=1 -g -Ofast -Wall -Wstrict-prototypes -fomit-frame-pointer -funroll-loops  -ffast-math -Ofast -fno-signed-zeros -ffp-contract=fast -mmmx -msse -flto   -fomit-frame-pointer -funroll-loops  -ffast-math -Ofast -fno-signed-zeros -ffp-contract=fast -mmmx -msse -flto    -std=c99 -Wextra -Wno-unused-result -Wno-unused-parameter -Wno-missing-field-initializers -fomit-frame-pointer -funroll-loops  -ffast-math -Ofast -fno-signed-zeros -ffp-contract=fast -mmmx -msse -flto      -I. -I./Include -I/usr/local/opt/openblas/include -I/usr/local/opt/llvm/include -I/usr/local/opt/sqlite/include -I/usr/local/opt/readline/include -I/usr/local/opt/openssl@1.1/include  -I/usr/local/opt/openblas/include -I/usr/local/opt/llvm/include -I/usr/local/opt/sqlite/include -I/usr/local/opt/readline/include -I/usr/local/opt/openssl@1.1/include   -DPy_BUILD_CORE -o Python/pystrtod.o Python/pystrtod.c
cc -c -fsanitize=address -fno-omit-frame-pointer  -Wno-unused-result -Wsign-compare -DDYNAMIC_ANNOTATIONS_ENABLED=1 -g -Ofast -Wall -Wstrict-prototypes -fomit-frame-pointer -funroll-loops  -ffast-math -Ofast -fno-signed-zeros -ffp-contract=fast -mmmx -msse -flto   -fomit-frame-pointer -funroll-loops  -ffast-math -Ofast -fno-signed-zeros -ffp-contract=fast -mmmx -msse -flto    -std=c99 -Wextra -Wno-unused-result -Wno-unused-parameter -Wno-missing-field-initializers -fomit-frame-pointer -funroll-loops  -ffast-math -Ofast -fno-signed-zeros -ffp-contract=fast -mmmx -msse -flto      -I. -I./Include -I/usr/local/opt/openblas/include -I/usr/local/opt/llvm/include -I/usr/local/opt/sqlite/include -I/usr/local/opt/readline/include -I/usr/local/opt/openssl@1.1/include  -I/usr/local/opt/openblas/include -I/usr/local/opt/llvm/include -I/usr/local/opt/sqlite/include -I/usr/local/opt/readline/include -I/usr/local/opt/openssl@1.1/include   -DPy_BUILD_CORE -o Python/pystrhex.o Python/pystrhex.c
cc -c -fsanitize=address -fno-omit-frame-pointer  -Wno-unused-result -Wsign-compare -DDYNAMIC_ANNOTATIONS_ENABLED=1 -g -Ofast -Wall -Wstrict-prototypes -fomit-frame-pointer -funroll-loops  -ffast-math -Ofast -fno-signed-zeros -ffp-contract=fast -mmmx -msse -flto   -fomit-frame-pointer -funroll-loops  -ffast-math -Ofast -fno-signed-zeros -ffp-contract=fast -mmmx -msse -flto    -std=c99 -Wextra -Wno-unused-result -Wno-unused-parameter -Wno-missing-field-initializers -fomit-frame-pointer -funroll-loops  -ffast-math -Ofast -fno-signed-zeros -ffp-contract=fast -mmmx -msse -flto      -I. -I./Include -I/usr/local/opt/openblas/include -I/usr/local/opt/llvm/include -I/usr/local/opt/sqlite/include -I/usr/local/opt/readline/include -I/usr/local/opt/openssl@1.1/include  -I/usr/local/opt/openblas/include -I/usr/local/opt/llvm/include -I/usr/local/opt/sqlite/include -I/usr/local/opt/readline/include -I/usr/local/opt/openssl@1.1/include   -DPy_BUILD_CORE -fno-strict-aliasing -o Python/dtoa.o Python/dtoa.c
cc -c -fsanitize=address -fno-omit-frame-pointer  -Wno-unused-result -Wsign-compare -DDYNAMIC_ANNOTATIONS_ENABLED=1 -g -Ofast -Wall -Wstrict-prototypes -fomit-frame-pointer -funroll-loops  -ffast-math -Ofast -fno-signed-zeros -ffp-contract=fast -mmmx -msse -flto   -fomit-frame-pointer -funroll-loops  -ffast-math -Ofast -fno-signed-zeros -ffp-contract=fast -mmmx -msse -flto    -std=c99 -Wextra -Wno-unused-result -Wno-unused-parameter -Wno-missing-field-initializers -fomit-frame-pointer -funroll-loops  -ffast-math -Ofast -fno-signed-zeros -ffp-contract=fast -mmmx -msse -flto      -I. -I./Include -I/usr/local/opt/openblas/include -I/usr/local/opt/llvm/include -I/usr/local/opt/sqlite/include -I/usr/local/opt/readline/include -I/usr/local/opt/openssl@1.1/include  -I/usr/local/opt/openblas/include -I/usr/local/opt/llvm/include -I/usr/local/opt/sqlite/include -I/usr/local/opt/readline/include -I/usr/local/opt/openssl@1.1/include   -DPy_BUILD_CORE -o Python/formatter_unicode.o Python/formatter_unicode.c
cc -c -fsanitize=address -fno-omit-frame-pointer  -Wno-unused-result -Wsign-compare -DDYNAMIC_ANNOTATIONS_ENABLED=1 -g -Ofast -Wall -Wstrict-prototypes -fomit-frame-pointer -funroll-loops  -ffast-math -Ofast -fno-signed-zeros -ffp-contract=fast -mmmx -msse -flto   -fomit-frame-pointer -funroll-loops  -ffast-math -Ofast -fno-signed-zeros -ffp-contract=fast -mmmx -msse -flto    -std=c99 -Wextra -Wno-unused-result -Wno-unused-parameter -Wno-missing-field-initializers -fomit-frame-pointer -funroll-loops  -ffast-math -Ofast -fno-signed-zeros -ffp-contract=fast -mmmx -msse -flto      -I. -I./Include -I/usr/local/opt/openblas/include -I/usr/local/opt/llvm/include -I/usr/local/opt/sqlite/include -I/usr/local/opt/readline/include -I/usr/local/opt/openssl@1.1/include  -I/usr/local/opt/openblas/include -I/usr/local/opt/llvm/include -I/usr/local/opt/sqlite/include -I/usr/local/opt/readline/include -I/usr/local/opt/openssl@1.1/include   -DPy_BUILD_CORE -o Python/fileutils.o Python/fileutils.c
cc -c -fsanitize=address -fno-omit-frame-pointer  -Wno-unused-result -Wsign-compare -DDYNAMIC_ANNOTATIONS_ENABLED=1 -g -Ofast -Wall -Wstrict-prototypes -fomit-frame-pointer -funroll-loops  -ffast-math -Ofast -fno-signed-zeros -ffp-contract=fast -mmmx -msse -flto   -fomit-frame-pointer -funroll-loops  -ffast-math -Ofast -fno-signed-zeros -ffp-contract=fast -mmmx -msse -flto    -std=c99 -Wextra -Wno-unused-result -Wno-unused-parameter -Wno-missing-field-initializers -fomit-frame-pointer -funroll-loops  -ffast-math -Ofast -fno-signed-zeros -ffp-contract=fast -mmmx -msse -flto      -I. -I./Include -I/usr/local/opt/openblas/include -I/usr/local/opt/llvm/include -I/usr/local/opt/sqlite/include -I/usr/local/opt/readline/include -I/usr/local/opt/openssl@1.1/include  -I/usr/local/opt/openblas/include -I/usr/local/opt/llvm/include -I/usr/local/opt/sqlite/include -I/usr/local/opt/readline/include -I/usr/local/opt/openssl@1.1/include   -DPy_BUILD_CORE \
	-DSOABI='"cpython-36dm-darwin"' \
	-o Python/dynload_shlib.o ./Python/dynload_shlib.c
cc -c -fsanitize=address -fno-omit-frame-pointer  -Wno-unused-result -Wsign-compare -DDYNAMIC_ANNOTATIONS_ENABLED=1 -g -Ofast -Wall -Wstrict-prototypes -fomit-frame-pointer -funroll-loops  -ffast-math -Ofast -fno-signed-zeros -ffp-contract=fast -mmmx -msse -flto   -fomit-frame-pointer -funroll-loops  -ffast-math -Ofast -fno-signed-zeros -ffp-contract=fast -mmmx -msse -flto    -std=c99 -Wextra -Wno-unused-result -Wno-unused-parameter -Wno-missing-field-initializers -fomit-frame-pointer -funroll-loops  -ffast-math -Ofast -fno-signed-zeros -ffp-contract=fast -mmmx -msse -flto      -I. -I./Include -I/usr/local/opt/openblas/include -I/usr/local/opt/llvm/include -I/usr/local/opt/sqlite/include -I/usr/local/opt/readline/include -I/usr/local/opt/openssl@1.1/include  -I/usr/local/opt/openblas/include -I/usr/local/opt/llvm/include -I/usr/local/opt/sqlite/include -I/usr/local/opt/readline/include -I/usr/local/opt/openssl@1.1/include   -DPy_BUILD_CORE -o Python/thread.o Python/thread.c
cc -c -fsanitize=address -fno-omit-frame-pointer  -Wno-unused-result -Wsign-compare -DDYNAMIC_ANNOTATIONS_ENABLED=1 -g -Ofast -Wall -Wstrict-prototypes -fomit-frame-pointer -funroll-loops  -ffast-math -Ofast -fno-signed-zeros -ffp-contract=fast -mmmx -msse -flto   -fomit-frame-pointer -funroll-loops  -ffast-math -Ofast -fno-signed-zeros -ffp-contract=fast -mmmx -msse -flto    -std=c99 -Wextra -Wno-unused-result -Wno-unused-parameter -Wno-missing-field-initializers -fomit-frame-pointer -funroll-loops  -ffast-math -Ofast -fno-signed-zeros -ffp-contract=fast -mmmx -msse -flto      -I. -I./Include -I/usr/local/opt/openblas/include -I/usr/local/opt/llvm/include -I/usr/local/opt/sqlite/include -I/usr/local/opt/readline/include -I/usr/local/opt/openssl@1.1/include  -I/usr/local/opt/openblas/include -I/usr/local/opt/llvm/include -I/usr/local/opt/sqlite/include -I/usr/local/opt/readline/include -I/usr/local/opt/openssl@1.1/include   -DPy_BUILD_CORE -o Modules/config.o Modules/config.c
cc -c -fsanitize=address -fno-omit-frame-pointer  -Wno-unused-result -Wsign-compare -DDYNAMIC_ANNOTATIONS_ENABLED=1 -g -Ofast -Wall -Wstrict-prototypes -fomit-frame-pointer -funroll-loops  -ffast-math -Ofast -fno-signed-zeros -ffp-contract=fast -mmmx -msse -flto   -fomit-frame-pointer -funroll-loops  -ffast-math -Ofast -fno-signed-zeros -ffp-contract=fast -mmmx -msse -flto    -std=c99 -Wextra -Wno-unused-result -Wno-unused-parameter -Wno-missing-field-initializers -fomit-frame-pointer -funroll-loops  -ffast-math -Ofast -fno-signed-zeros -ffp-contract=fast -mmmx -msse -flto      -I. -I./Include -I/usr/local/opt/openblas/include -I/usr/local/opt/llvm/include -I/usr/local/opt/sqlite/include -I/usr/local/opt/readline/include -I/usr/local/opt/openssl@1.1/include  -I/usr/local/opt/openblas/include -I/usr/local/opt/llvm/include -I/usr/local/opt/sqlite/include -I/usr/local/opt/readline/include -I/usr/local/opt/openssl@1.1/include   -DPy_BUILD_CORE -DPYTHONPATH='":"' \
	-DPREFIX='"/usr/local/Cellar/python3/3.6.2"' \
	-DEXEC_PREFIX='"/usr/local/Cellar/python3/3.6.2"' \
	-DVERSION='"3.6"' \
	-DVPATH='""' \
	-o Modules/getpath.o ./Modules/getpath.c
cc -c -fsanitize=address -fno-omit-frame-pointer  -Wno-unused-result -Wsign-compare -DDYNAMIC_ANNOTATIONS_ENABLED=1 -g -Ofast -Wall -Wstrict-prototypes -fomit-frame-pointer -funroll-loops  -ffast-math -Ofast -fno-signed-zeros -ffp-contract=fast -mmmx -msse -flto   -fomit-frame-pointer -funroll-loops  -ffast-math -Ofast -fno-signed-zeros -ffp-contract=fast -mmmx -msse -flto    -std=c99 -Wextra -Wno-unused-result -Wno-unused-parameter -Wno-missing-field-initializers -fomit-frame-pointer -funroll-loops  -ffast-math -Ofast -fno-signed-zeros -ffp-contract=fast -mmmx -msse -flto      -I. -I./Include -I/usr/local/opt/openblas/include -I/usr/local/opt/llvm/include -I/usr/local/opt/sqlite/include -I/usr/local/opt/readline/include -I/usr/local/opt/openssl@1.1/include  -I/usr/local/opt/openblas/include -I/usr/local/opt/llvm/include -I/usr/local/opt/sqlite/include -I/usr/local/opt/readline/include -I/usr/local/opt/openssl@1.1/include   -DPy_BUILD_CORE -o Modules/main.o Modules/main.c
cc -c -fsanitize=address -fno-omit-frame-pointer  -Wno-unused-result -Wsign-compare -DDYNAMIC_ANNOTATIONS_ENABLED=1 -g -Ofast -Wall -Wstrict-prototypes -fomit-frame-pointer -funroll-loops  -ffast-math -Ofast -fno-signed-zeros -ffp-contract=fast -mmmx -msse -flto   -fomit-frame-pointer -funroll-loops  -ffast-math -Ofast -fno-signed-zeros -ffp-contract=fast -mmmx -msse -flto    -std=c99 -Wextra -Wno-unused-result -Wno-unused-parameter -Wno-missing-field-initializers -fomit-frame-pointer -funroll-loops  -ffast-math -Ofast -fno-signed-zeros -ffp-contract=fast -mmmx -msse -flto      -I. -I./Include -I/usr/local/opt/openblas/include -I/usr/local/opt/llvm/include -I/usr/local/opt/sqlite/include -I/usr/local/opt/readline/include -I/usr/local/opt/openssl@1.1/include  -I/usr/local/opt/openblas/include -I/usr/local/opt/llvm/include -I/usr/local/opt/sqlite/include -I/usr/local/opt/readline/include -I/usr/local/opt/openssl@1.1/include   -DPy_BUILD_CORE -o Modules/gcmodule.o Modules/gcmodule.c
cc -fsanitize=address -fno-omit-frame-pointer  -Wno-unused-result -Wsign-compare -DDYNAMIC_ANNOTATIONS_ENABLED=1 -g -Ofast -Wall -Wstrict-prototypes -fomit-frame-pointer -funroll-loops  -ffast-math -Ofast -fno-signed-zeros -ffp-contract=fast -mmmx -msse -flto   -fomit-frame-pointer -funroll-loops  -ffast-math -Ofast -fno-signed-zeros -ffp-contract=fast -mmmx -msse -flto    -std=c99 -Wextra -Wno-unused-result -Wno-unused-parameter -Wno-missing-field-initializers -fomit-frame-pointer -funroll-loops  -ffast-math -Ofast -fno-signed-zeros -ffp-contract=fast -mmmx -msse -flto      -I. -I./Include -I/usr/local/opt/openblas/include -I/usr/local/opt/llvm/include -I/usr/local/opt/sqlite/include -I/usr/local/opt/readline/include -I/usr/local/opt/openssl@1.1/include  -I/usr/local/opt/openblas/include -I/usr/local/opt/llvm/include -I/usr/local/opt/sqlite/include -I/usr/local/opt/readline/include -I/usr/local/opt/openssl@1.1/include   -DPy_BUILD_CORE  -c ./Modules/_threadmodule.c -o Modules/_threadmodule.o
cc -fsanitize=address -fno-omit-frame-pointer  -Wno-unused-result -Wsign-compare -DDYNAMIC_ANNOTATIONS_ENABLED=1 -g -Ofast -Wall -Wstrict-prototypes -fomit-frame-pointer -funroll-loops  -ffast-math -Ofast -fno-signed-zeros -ffp-contract=fast -mmmx -msse -flto   -fomit-frame-pointer -funroll-loops  -ffast-math -Ofast -fno-signed-zeros -ffp-contract=fast -mmmx -msse -flto    -std=c99 -Wextra -Wno-unused-result -Wno-unused-parameter -Wno-missing-field-initializers -fomit-frame-pointer -funroll-loops  -ffast-math -Ofast -fno-signed-zeros -ffp-contract=fast -mmmx -msse -flto      -I. -I./Include -I/usr/local/opt/openblas/include -I/usr/local/opt/llvm/include -I/usr/local/opt/sqlite/include -I/usr/local/opt/readline/include -I/usr/local/opt/openssl@1.1/include  -I/usr/local/opt/openblas/include -I/usr/local/opt/llvm/include -I/usr/local/opt/sqlite/include -I/usr/local/opt/readline/include -I/usr/local/opt/openssl@1.1/include   -DPy_BUILD_CORE  -c ./Modules/posixmodule.c -o Modules/posixmodule.o
cc -fsanitize=address -fno-omit-frame-pointer  -Wno-unused-result -Wsign-compare -DDYNAMIC_ANNOTATIONS_ENABLED=1 -g -Ofast -Wall -Wstrict-prototypes -fomit-frame-pointer -funroll-loops  -ffast-math -Ofast -fno-signed-zeros -ffp-contract=fast -mmmx -msse -flto   -fomit-frame-pointer -funroll-loops  -ffast-math -Ofast -fno-signed-zeros -ffp-contract=fast -mmmx -msse -flto    -std=c99 -Wextra -Wno-unused-result -Wno-unused-parameter -Wno-missing-field-initializers -fomit-frame-pointer -funroll-loops  -ffast-math -Ofast -fno-signed-zeros -ffp-contract=fast -mmmx -msse -flto      -I. -I./Include -I/usr/local/opt/openblas/include -I/usr/local/opt/llvm/include -I/usr/local/opt/sqlite/include -I/usr/local/opt/readline/include -I/usr/local/opt/openssl@1.1/include  -I/usr/local/opt/openblas/include -I/usr/local/opt/llvm/include -I/usr/local/opt/sqlite/include -I/usr/local/opt/readline/include -I/usr/local/opt/openssl@1.1/include   -DPy_BUILD_CORE  -c ./Modules/errnomodule.c -o Modules/errnomodule.o
cc -fsanitize=address -fno-omit-frame-pointer  -Wno-unused-result -Wsign-compare -DDYNAMIC_ANNOTATIONS_ENABLED=1 -g -Ofast -Wall -Wstrict-prototypes -fomit-frame-pointer -funroll-loops  -ffast-math -Ofast -fno-signed-zeros -ffp-contract=fast -mmmx -msse -flto   -fomit-frame-pointer -funroll-loops  -ffast-math -Ofast -fno-signed-zeros -ffp-contract=fast -mmmx -msse -flto    -std=c99 -Wextra -Wno-unused-result -Wno-unused-parameter -Wno-missing-field-initializers -fomit-frame-pointer -funroll-loops  -ffast-math -Ofast -fno-signed-zeros -ffp-contract=fast -mmmx -msse -flto      -I. -I./Include -I/usr/local/opt/openblas/include -I/usr/local/opt/llvm/include -I/usr/local/opt/sqlite/include -I/usr/local/opt/readline/include -I/usr/local/opt/openssl@1.1/include  -I/usr/local/opt/openblas/include -I/usr/local/opt/llvm/include -I/usr/local/opt/sqlite/include -I/usr/local/opt/readline/include -I/usr/local/opt/openssl@1.1/include   -DPy_BUILD_CORE  -c ./Modules/pwdmodule.c -o Modules/pwdmodule.o
cc -fsanitize=address -fno-omit-frame-pointer  -Wno-unused-result -Wsign-compare -DDYNAMIC_ANNOTATIONS_ENABLED=1 -g -Ofast -Wall -Wstrict-prototypes -fomit-frame-pointer -funroll-loops  -ffast-math -Ofast -fno-signed-zeros -ffp-contract=fast -mmmx -msse -flto   -fomit-frame-pointer -funroll-loops  -ffast-math -Ofast -fno-signed-zeros -ffp-contract=fast -mmmx -msse -flto    -std=c99 -Wextra -Wno-unused-result -Wno-unused-parameter -Wno-missing-field-initializers -fomit-frame-pointer -funroll-loops  -ffast-math -Ofast -fno-signed-zeros -ffp-contract=fast -mmmx -msse -flto      -I. -I./Include -I/usr/local/opt/openblas/include -I/usr/local/opt/llvm/include -I/usr/local/opt/sqlite/include -I/usr/local/opt/readline/include -I/usr/local/opt/openssl@1.1/include  -I/usr/local/opt/openblas/include -I/usr/local/opt/llvm/include -I/usr/local/opt/sqlite/include -I/usr/local/opt/readline/include -I/usr/local/opt/openssl@1.1/include   -DPy_BUILD_CORE  -c ./Modules/_sre.c -o Modules/_sre.o
cc -fsanitize=address -fno-omit-frame-pointer  -Wno-unused-result -Wsign-compare -DDYNAMIC_ANNOTATIONS_ENABLED=1 -g -Ofast -Wall -Wstrict-prototypes -fomit-frame-pointer -funroll-loops  -ffast-math -Ofast -fno-signed-zeros -ffp-contract=fast -mmmx -msse -flto   -fomit-frame-pointer -funroll-loops  -ffast-math -Ofast -fno-signed-zeros -ffp-contract=fast -mmmx -msse -flto    -std=c99 -Wextra -Wno-unused-result -Wno-unused-parameter -Wno-missing-field-initializers -fomit-frame-pointer -funroll-loops  -ffast-math -Ofast -fno-signed-zeros -ffp-contract=fast -mmmx -msse -flto      -I. -I./Include -I/usr/local/opt/openblas/include -I/usr/local/opt/llvm/include -I/usr/local/opt/sqlite/include -I/usr/local/opt/readline/include -I/usr/local/opt/openssl@1.1/include  -I/usr/local/opt/openblas/include -I/usr/local/opt/llvm/include -I/usr/local/opt/sqlite/include -I/usr/local/opt/readline/include -I/usr/local/opt/openssl@1.1/include   -DPy_BUILD_CORE  -c ./Modules/_codecsmodule.c -o Modules/_codecsmodule.o
cc -fsanitize=address -fno-omit-frame-pointer  -Wno-unused-result -Wsign-compare -DDYNAMIC_ANNOTATIONS_ENABLED=1 -g -Ofast -Wall -Wstrict-prototypes -fomit-frame-pointer -funroll-loops  -ffast-math -Ofast -fno-signed-zeros -ffp-contract=fast -mmmx -msse -flto   -fomit-frame-pointer -funroll-loops  -ffast-math -Ofast -fno-signed-zeros -ffp-contract=fast -mmmx -msse -flto    -std=c99 -Wextra -Wno-unused-result -Wno-unused-parameter -Wno-missing-field-initializers -fomit-frame-pointer -funroll-loops  -ffast-math -Ofast -fno-signed-zeros -ffp-contract=fast -mmmx -msse -flto      -I. -I./Include -I/usr/local/opt/openblas/include -I/usr/local/opt/llvm/include -I/usr/local/opt/sqlite/include -I/usr/local/opt/readline/include -I/usr/local/opt/openssl@1.1/include  -I/usr/local/opt/openblas/include -I/usr/local/opt/llvm/include -I/usr/local/opt/sqlite/include -I/usr/local/opt/readline/include -I/usr/local/opt/openssl@1.1/include   -DPy_BUILD_CORE  -c ./Modules/_weakref.c -o Modules/_weakref.o
cc -fsanitize=address -fno-omit-frame-pointer  -Wno-unused-result -Wsign-compare -DDYNAMIC_ANNOTATIONS_ENABLED=1 -g -Ofast -Wall -Wstrict-prototypes -fomit-frame-pointer -funroll-loops  -ffast-math -Ofast -fno-signed-zeros -ffp-contract=fast -mmmx -msse -flto   -fomit-frame-pointer -funroll-loops  -ffast-math -Ofast -fno-signed-zeros -ffp-contract=fast -mmmx -msse -flto    -std=c99 -Wextra -Wno-unused-result -Wno-unused-parameter -Wno-missing-field-initializers -fomit-frame-pointer -funroll-loops  -ffast-math -Ofast -fno-signed-zeros -ffp-contract=fast -mmmx -msse -flto      -I. -I./Include -I/usr/local/opt/openblas/include -I/usr/local/opt/llvm/include -I/usr/local/opt/sqlite/include -I/usr/local/opt/readline/include -I/usr/local/opt/openssl@1.1/include  -I/usr/local/opt/openblas/include -I/usr/local/opt/llvm/include -I/usr/local/opt/sqlite/include -I/usr/local/opt/readline/include -I/usr/local/opt/openssl@1.1/include   -DPy_BUILD_CORE  -c ./Modules/_functoolsmodule.c -o Modules/_functoolsmodule.o
cc -fsanitize=address -fno-omit-frame-pointer  -Wno-unused-result -Wsign-compare -DDYNAMIC_ANNOTATIONS_ENABLED=1 -g -Ofast -Wall -Wstrict-prototypes -fomit-frame-pointer -funroll-loops  -ffast-math -Ofast -fno-signed-zeros -ffp-contract=fast -mmmx -msse -flto   -fomit-frame-pointer -funroll-loops  -ffast-math -Ofast -fno-signed-zeros -ffp-contract=fast -mmmx -msse -flto    -std=c99 -Wextra -Wno-unused-result -Wno-unused-parameter -Wno-missing-field-initializers -fomit-frame-pointer -funroll-loops  -ffast-math -Ofast -fno-signed-zeros -ffp-contract=fast -mmmx -msse -flto      -I. -I./Include -I/usr/local/opt/openblas/include -I/usr/local/opt/llvm/include -I/usr/local/opt/sqlite/include -I/usr/local/opt/readline/include -I/usr/local/opt/openssl@1.1/include  -I/usr/local/opt/openblas/include -I/usr/local/opt/llvm/include -I/usr/local/opt/sqlite/include -I/usr/local/opt/readline/include -I/usr/local/opt/openssl@1.1/include   -DPy_BUILD_CORE  -c ./Modules/_operator.c -o Modules/_operator.o
cc -fsanitize=address -fno-omit-frame-pointer  -Wno-unused-result -Wsign-compare -DDYNAMIC_ANNOTATIONS_ENABLED=1 -g -Ofast -Wall -Wstrict-prototypes -fomit-frame-pointer -funroll-loops  -ffast-math -Ofast -fno-signed-zeros -ffp-contract=fast -mmmx -msse -flto   -fomit-frame-pointer -funroll-loops  -ffast-math -Ofast -fno-signed-zeros -ffp-contract=fast -mmmx -msse -flto    -std=c99 -Wextra -Wno-unused-result -Wno-unused-parameter -Wno-missing-field-initializers -fomit-frame-pointer -funroll-loops  -ffast-math -Ofast -fno-signed-zeros -ffp-contract=fast -mmmx -msse -flto      -I. -I./Include -I/usr/local/opt/openblas/include -I/usr/local/opt/llvm/include -I/usr/local/opt/sqlite/include -I/usr/local/opt/readline/include -I/usr/local/opt/openssl@1.1/include  -I/usr/local/opt/openblas/include -I/usr/local/opt/llvm/include -I/usr/local/opt/sqlite/include -I/usr/local/opt/readline/include -I/usr/local/opt/openssl@1.1/include   -DPy_BUILD_CORE  -c ./Modules/_collectionsmodule.c -o Modules/_collectionsmodule.o
cc -fsanitize=address -fno-omit-frame-pointer  -Wno-unused-result -Wsign-compare -DDYNAMIC_ANNOTATIONS_ENABLED=1 -g -Ofast -Wall -Wstrict-prototypes -fomit-frame-pointer -funroll-loops  -ffast-math -Ofast -fno-signed-zeros -ffp-contract=fast -mmmx -msse -flto   -fomit-frame-pointer -funroll-loops  -ffast-math -Ofast -fno-signed-zeros -ffp-contract=fast -mmmx -msse -flto    -std=c99 -Wextra -Wno-unused-result -Wno-unused-parameter -Wno-missing-field-initializers -fomit-frame-pointer -funroll-loops  -ffast-math -Ofast -fno-signed-zeros -ffp-contract=fast -mmmx -msse -flto      -I. -I./Include -I/usr/local/opt/openblas/include -I/usr/local/opt/llvm/include -I/usr/local/opt/sqlite/include -I/usr/local/opt/readline/include -I/usr/local/opt/openssl@1.1/include  -I/usr/local/opt/openblas/include -I/usr/local/opt/llvm/include -I/usr/local/opt/sqlite/include -I/usr/local/opt/readline/include -I/usr/local/opt/openssl@1.1/include   -DPy_BUILD_CORE  -c ./Modules/itertoolsmodule.c -o Modules/itertoolsmodule.o
cc -fsanitize=address -fno-omit-frame-pointer  -Wno-unused-result -Wsign-compare -DDYNAMIC_ANNOTATIONS_ENABLED=1 -g -Ofast -Wall -Wstrict-prototypes -fomit-frame-pointer -funroll-loops  -ffast-math -Ofast -fno-signed-zeros -ffp-contract=fast -mmmx -msse -flto   -fomit-frame-pointer -funroll-loops  -ffast-math -Ofast -fno-signed-zeros -ffp-contract=fast -mmmx -msse -flto    -std=c99 -Wextra -Wno-unused-result -Wno-unused-parameter -Wno-missing-field-initializers -fomit-frame-pointer -funroll-loops  -ffast-math -Ofast -fno-signed-zeros -ffp-contract=fast -mmmx -msse -flto      -I. -I./Include -I/usr/local/opt/openblas/include -I/usr/local/opt/llvm/include -I/usr/local/opt/sqlite/include -I/usr/local/opt/readline/include -I/usr/local/opt/openssl@1.1/include  -I/usr/local/opt/openblas/include -I/usr/local/opt/llvm/include -I/usr/local/opt/sqlite/include -I/usr/local/opt/readline/include -I/usr/local/opt/openssl@1.1/include   -DPy_BUILD_CORE  -c ./Modules/atexitmodule.c -o Modules/atexitmodule.o
cc -fsanitize=address -fno-omit-frame-pointer  -Wno-unused-result -Wsign-compare -DDYNAMIC_ANNOTATIONS_ENABLED=1 -g -Ofast -Wall -Wstrict-prototypes -fomit-frame-pointer -funroll-loops  -ffast-math -Ofast -fno-signed-zeros -ffp-contract=fast -mmmx -msse -flto   -fomit-frame-pointer -funroll-loops  -ffast-math -Ofast -fno-signed-zeros -ffp-contract=fast -mmmx -msse -flto    -std=c99 -Wextra -Wno-unused-result -Wno-unused-parameter -Wno-missing-field-initializers -fomit-frame-pointer -funroll-loops  -ffast-math -Ofast -fno-signed-zeros -ffp-contract=fast -mmmx -msse -flto      -I. -I./Include -I/usr/local/opt/openblas/include -I/usr/local/opt/llvm/include -I/usr/local/opt/sqlite/include -I/usr/local/opt/readline/include -I/usr/local/opt/openssl@1.1/include  -I/usr/local/opt/openblas/include -I/usr/local/opt/llvm/include -I/usr/local/opt/sqlite/include -I/usr/local/opt/readline/include -I/usr/local/opt/openssl@1.1/include   -DPy_BUILD_CORE  -c ./Modules/signalmodule.c -o Modules/signalmodule.o
cc -fsanitize=address -fno-omit-frame-pointer  -Wno-unused-result -Wsign-compare -DDYNAMIC_ANNOTATIONS_ENABLED=1 -g -Ofast -Wall -Wstrict-prototypes -fomit-frame-pointer -funroll-loops  -ffast-math -Ofast -fno-signed-zeros -ffp-contract=fast -mmmx -msse -flto   -fomit-frame-pointer -funroll-loops  -ffast-math -Ofast -fno-signed-zeros -ffp-contract=fast -mmmx -msse -flto    -std=c99 -Wextra -Wno-unused-result -Wno-unused-parameter -Wno-missing-field-initializers -fomit-frame-pointer -funroll-loops  -ffast-math -Ofast -fno-signed-zeros -ffp-contract=fast -mmmx -msse -flto      -I. -I./Include -I/usr/local/opt/openblas/include -I/usr/local/opt/llvm/include -I/usr/local/opt/sqlite/include -I/usr/local/opt/readline/include -I/usr/local/opt/openssl@1.1/include  -I/usr/local/opt/openblas/include -I/usr/local/opt/llvm/include -I/usr/local/opt/sqlite/include -I/usr/local/opt/readline/include -I/usr/local/opt/openssl@1.1/include   -DPy_BUILD_CORE  -c ./Modules/_stat.c -o Modules/_stat.o
cc -fsanitize=address -fno-omit-frame-pointer  -Wno-unused-result -Wsign-compare -DDYNAMIC_ANNOTATIONS_ENABLED=1 -g -Ofast -Wall -Wstrict-prototypes -fomit-frame-pointer -funroll-loops  -ffast-math -Ofast -fno-signed-zeros -ffp-contract=fast -mmmx -msse -flto   -fomit-frame-pointer -funroll-loops  -ffast-math -Ofast -fno-signed-zeros -ffp-contract=fast -mmmx -msse -flto    -std=c99 -Wextra -Wno-unused-result -Wno-unused-parameter -Wno-missing-field-initializers -fomit-frame-pointer -funroll-loops  -ffast-math -Ofast -fno-signed-zeros -ffp-contract=fast -mmmx -msse -flto      -I. -I./Include -I/usr/local/opt/openblas/include -I/usr/local/opt/llvm/include -I/usr/local/opt/sqlite/include -I/usr/local/opt/readline/include -I/usr/local/opt/openssl@1.1/include  -I/usr/local/opt/openblas/include -I/usr/local/opt/llvm/include -I/usr/local/opt/sqlite/include -I/usr/local/opt/readline/include -I/usr/local/opt/openssl@1.1/include   -DPy_BUILD_CORE  -c ./Modules/timemodule.c -o Modules/timemodule.o
cc -fsanitize=address -fno-omit-frame-pointer  -Wno-unused-result -Wsign-compare -DDYNAMIC_ANNOTATIONS_ENABLED=1 -g -Ofast -Wall -Wstrict-prototypes -fomit-frame-pointer -funroll-loops  -ffast-math -Ofast -fno-signed-zeros -ffp-contract=fast -mmmx -msse -flto   -fomit-frame-pointer -funroll-loops  -ffast-math -Ofast -fno-signed-zeros -ffp-contract=fast -mmmx -msse -flto    -std=c99 -Wextra -Wno-unused-result -Wno-unused-parameter -Wno-missing-field-initializers -fomit-frame-pointer -funroll-loops  -ffast-math -Ofast -fno-signed-zeros -ffp-contract=fast -mmmx -msse -flto      -I. -I./Include -I/usr/local/opt/openblas/include -I/usr/local/opt/llvm/include -I/usr/local/opt/sqlite/include -I/usr/local/opt/readline/include -I/usr/local/opt/openssl@1.1/include  -I/usr/local/opt/openblas/include -I/usr/local/opt/llvm/include -I/usr/local/opt/sqlite/include -I/usr/local/opt/readline/include -I/usr/local/opt/openssl@1.1/include   -DPy_BUILD_CORE  -c ./Modules/_localemodule.c -o Modules/_localemodule.o
cc -fsanitize=address -fno-omit-frame-pointer  -Wno-unused-result -Wsign-compare -DDYNAMIC_ANNOTATIONS_ENABLED=1 -g -Ofast -Wall -Wstrict-prototypes -fomit-frame-pointer -funroll-loops  -ffast-math -Ofast -fno-signed-zeros -ffp-contract=fast -mmmx -msse -flto   -fomit-frame-pointer -funroll-loops  -ffast-math -Ofast -fno-signed-zeros -ffp-contract=fast -mmmx -msse -flto    -std=c99 -Wextra -Wno-unused-result -Wno-unused-parameter -Wno-missing-field-initializers -fomit-frame-pointer -funroll-loops  -ffast-math -Ofast -fno-signed-zeros -ffp-contract=fast -mmmx -msse -flto      -I. -I./Include -I/usr/local/opt/openblas/include -I/usr/local/opt/llvm/include -I/usr/local/opt/sqlite/include -I/usr/local/opt/readline/include -I/usr/local/opt/openssl@1.1/include  -I/usr/local/opt/openblas/include -I/usr/local/opt/llvm/include -I/usr/local/opt/sqlite/include -I/usr/local/opt/readline/include -I/usr/local/opt/openssl@1.1/include   -DPy_BUILD_CORE  -I./Modules/_io -c ./Modules/_io/_iomodule.c -o Modules/_iomodule.o
cc -fsanitize=address -fno-omit-frame-pointer  -Wno-unused-result -Wsign-compare -DDYNAMIC_ANNOTATIONS_ENABLED=1 -g -Ofast -Wall -Wstrict-prototypes -fomit-frame-pointer -funroll-loops  -ffast-math -Ofast -fno-signed-zeros -ffp-contract=fast -mmmx -msse -flto   -fomit-frame-pointer -funroll-loops  -ffast-math -Ofast -fno-signed-zeros -ffp-contract=fast -mmmx -msse -flto    -std=c99 -Wextra -Wno-unused-result -Wno-unused-parameter -Wno-missing-field-initializers -fomit-frame-pointer -funroll-loops  -ffast-math -Ofast -fno-signed-zeros -ffp-contract=fast -mmmx -msse -flto      -I. -I./Include -I/usr/local/opt/openblas/include -I/usr/local/opt/llvm/include -I/usr/local/opt/sqlite/include -I/usr/local/opt/readline/include -I/usr/local/opt/openssl@1.1/include  -I/usr/local/opt/openblas/include -I/usr/local/opt/llvm/include -I/usr/local/opt/sqlite/include -I/usr/local/opt/readline/include -I/usr/local/opt/openssl@1.1/include   -DPy_BUILD_CORE  -I./Modules/_io -c ./Modules/_io/iobase.c -o Modules/iobase.o
cc -fsanitize=address -fno-omit-frame-pointer  -Wno-unused-result -Wsign-compare -DDYNAMIC_ANNOTATIONS_ENABLED=1 -g -Ofast -Wall -Wstrict-prototypes -fomit-frame-pointer -funroll-loops  -ffast-math -Ofast -fno-signed-zeros -ffp-contract=fast -mmmx -msse -flto   -fomit-frame-pointer -funroll-loops  -ffast-math -Ofast -fno-signed-zeros -ffp-contract=fast -mmmx -msse -flto    -std=c99 -Wextra -Wno-unused-result -Wno-unused-parameter -Wno-missing-field-initializers -fomit-frame-pointer -funroll-loops  -ffast-math -Ofast -fno-signed-zeros -ffp-contract=fast -mmmx -msse -flto      -I. -I./Include -I/usr/local/opt/openblas/include -I/usr/local/opt/llvm/include -I/usr/local/opt/sqlite/include -I/usr/local/opt/readline/include -I/usr/local/opt/openssl@1.1/include  -I/usr/local/opt/openblas/include -I/usr/local/opt/llvm/include -I/usr/local/opt/sqlite/include -I/usr/local/opt/readline/include -I/usr/local/opt/openssl@1.1/include   -DPy_BUILD_CORE  -I./Modules/_io -c ./Modules/_io/fileio.c -o Modules/fileio.o
cc -fsanitize=address -fno-omit-frame-pointer  -Wno-unused-result -Wsign-compare -DDYNAMIC_ANNOTATIONS_ENABLED=1 -g -Ofast -Wall -Wstrict-prototypes -fomit-frame-pointer -funroll-loops  -ffast-math -Ofast -fno-signed-zeros -ffp-contract=fast -mmmx -msse -flto   -fomit-frame-pointer -funroll-loops  -ffast-math -Ofast -fno-signed-zeros -ffp-contract=fast -mmmx -msse -flto    -std=c99 -Wextra -Wno-unused-result -Wno-unused-parameter -Wno-missing-field-initializers -fomit-frame-pointer -funroll-loops  -ffast-math -Ofast -fno-signed-zeros -ffp-contract=fast -mmmx -msse -flto      -I. -I./Include -I/usr/local/opt/openblas/include -I/usr/local/opt/llvm/include -I/usr/local/opt/sqlite/include -I/usr/local/opt/readline/include -I/usr/local/opt/openssl@1.1/include  -I/usr/local/opt/openblas/include -I/usr/local/opt/llvm/include -I/usr/local/opt/sqlite/include -I/usr/local/opt/readline/include -I/usr/local/opt/openssl@1.1/include   -DPy_BUILD_CORE  -I./Modules/_io -c ./Modules/_io/bytesio.c -o Modules/bytesio.o
cc -fsanitize=address -fno-omit-frame-pointer  -Wno-unused-result -Wsign-compare -DDYNAMIC_ANNOTATIONS_ENABLED=1 -g -Ofast -Wall -Wstrict-prototypes -fomit-frame-pointer -funroll-loops  -ffast-math -Ofast -fno-signed-zeros -ffp-contract=fast -mmmx -msse -flto   -fomit-frame-pointer -funroll-loops  -ffast-math -Ofast -fno-signed-zeros -ffp-contract=fast -mmmx -msse -flto    -std=c99 -Wextra -Wno-unused-result -Wno-unused-parameter -Wno-missing-field-initializers -fomit-frame-pointer -funroll-loops  -ffast-math -Ofast -fno-signed-zeros -ffp-contract=fast -mmmx -msse -flto      -I. -I./Include -I/usr/local/opt/openblas/include -I/usr/local/opt/llvm/include -I/usr/local/opt/sqlite/include -I/usr/local/opt/readline/include -I/usr/local/opt/openssl@1.1/include  -I/usr/local/opt/openblas/include -I/usr/local/opt/llvm/include -I/usr/local/opt/sqlite/include -I/usr/local/opt/readline/include -I/usr/local/opt/openssl@1.1/include   -DPy_BUILD_CORE  -I./Modules/_io -c ./Modules/_io/bufferedio.c -o Modules/bufferedio.o
cc -fsanitize=address -fno-omit-frame-pointer  -Wno-unused-result -Wsign-compare -DDYNAMIC_ANNOTATIONS_ENABLED=1 -g -Ofast -Wall -Wstrict-prototypes -fomit-frame-pointer -funroll-loops  -ffast-math -Ofast -fno-signed-zeros -ffp-contract=fast -mmmx -msse -flto   -fomit-frame-pointer -funroll-loops  -ffast-math -Ofast -fno-signed-zeros -ffp-contract=fast -mmmx -msse -flto    -std=c99 -Wextra -Wno-unused-result -Wno-unused-parameter -Wno-missing-field-initializers -fomit-frame-pointer -funroll-loops  -ffast-math -Ofast -fno-signed-zeros -ffp-contract=fast -mmmx -msse -flto      -I. -I./Include -I/usr/local/opt/openblas/include -I/usr/local/opt/llvm/include -I/usr/local/opt/sqlite/include -I/usr/local/opt/readline/include -I/usr/local/opt/openssl@1.1/include  -I/usr/local/opt/openblas/include -I/usr/local/opt/llvm/include -I/usr/local/opt/sqlite/include -I/usr/local/opt/readline/include -I/usr/local/opt/openssl@1.1/include   -DPy_BUILD_CORE  -I./Modules/_io -c ./Modules/_io/textio.c -o Modules/textio.o
cc -fsanitize=address -fno-omit-frame-pointer  -Wno-unused-result -Wsign-compare -DDYNAMIC_ANNOTATIONS_ENABLED=1 -g -Ofast -Wall -Wstrict-prototypes -fomit-frame-pointer -funroll-loops  -ffast-math -Ofast -fno-signed-zeros -ffp-contract=fast -mmmx -msse -flto   -fomit-frame-pointer -funroll-loops  -ffast-math -Ofast -fno-signed-zeros -ffp-contract=fast -mmmx -msse -flto    -std=c99 -Wextra -Wno-unused-result -Wno-unused-parameter -Wno-missing-field-initializers -fomit-frame-pointer -funroll-loops  -ffast-math -Ofast -fno-signed-zeros -ffp-contract=fast -mmmx -msse -flto      -I. -I./Include -I/usr/local/opt/openblas/include -I/usr/local/opt/llvm/include -I/usr/local/opt/sqlite/include -I/usr/local/opt/readline/include -I/usr/local/opt/openssl@1.1/include  -I/usr/local/opt/openblas/include -I/usr/local/opt/llvm/include -I/usr/local/opt/sqlite/include -I/usr/local/opt/readline/include -I/usr/local/opt/openssl@1.1/include   -DPy_BUILD_CORE  -I./Modules/_io -c ./Modules/_io/stringio.c -o Modules/stringio.o
cc -fsanitize=address -fno-omit-frame-pointer  -Wno-unused-result -Wsign-compare -DDYNAMIC_ANNOTATIONS_ENABLED=1 -g -Ofast -Wall -Wstrict-prototypes -fomit-frame-pointer -funroll-loops  -ffast-math -Ofast -fno-signed-zeros -ffp-contract=fast -mmmx -msse -flto   -fomit-frame-pointer -funroll-loops  -ffast-math -Ofast -fno-signed-zeros -ffp-contract=fast -mmmx -msse -flto    -std=c99 -Wextra -Wno-unused-result -Wno-unused-parameter -Wno-missing-field-initializers -fomit-frame-pointer -funroll-loops  -ffast-math -Ofast -fno-signed-zeros -ffp-contract=fast -mmmx -msse -flto      -I. -I./Include -I/usr/local/opt/openblas/include -I/usr/local/opt/llvm/include -I/usr/local/opt/sqlite/include -I/usr/local/opt/readline/include -I/usr/local/opt/openssl@1.1/include  -I/usr/local/opt/openblas/include -I/usr/local/opt/llvm/include -I/usr/local/opt/sqlite/include -I/usr/local/opt/readline/include -I/usr/local/opt/openssl@1.1/include   -DPy_BUILD_CORE  -c ./Modules/zipimport.c -o Modules/zipimport.o
cc -fsanitize=address -fno-omit-frame-pointer  -Wno-unused-result -Wsign-compare -DDYNAMIC_ANNOTATIONS_ENABLED=1 -g -Ofast -Wall -Wstrict-prototypes -fomit-frame-pointer -funroll-loops  -ffast-math -Ofast -fno-signed-zeros -ffp-contract=fast -mmmx -msse -flto   -fomit-frame-pointer -funroll-loops  -ffast-math -Ofast -fno-signed-zeros -ffp-contract=fast -mmmx -msse -flto    -std=c99 -Wextra -Wno-unused-result -Wno-unused-parameter -Wno-missing-field-initializers -fomit-frame-pointer -funroll-loops  -ffast-math -Ofast -fno-signed-zeros -ffp-contract=fast -mmmx -msse -flto      -I. -I./Include -I/usr/local/opt/openblas/include -I/usr/local/opt/llvm/include -I/usr/local/opt/sqlite/include -I/usr/local/opt/readline/include -I/usr/local/opt/openssl@1.1/include  -I/usr/local/opt/openblas/include -I/usr/local/opt/llvm/include -I/usr/local/opt/sqlite/include -I/usr/local/opt/readline/include -I/usr/local/opt/openssl@1.1/include   -DPy_BUILD_CORE  -c ./Modules/faulthandler.c -o Modules/faulthandler.o
cc -fsanitize=address -fno-omit-frame-pointer  -Wno-unused-result -Wsign-compare -DDYNAMIC_ANNOTATIONS_ENABLED=1 -g -Ofast -Wall -Wstrict-prototypes -fomit-frame-pointer -funroll-loops  -ffast-math -Ofast -fno-signed-zeros -ffp-contract=fast -mmmx -msse -flto   -fomit-frame-pointer -funroll-loops  -ffast-math -Ofast -fno-signed-zeros -ffp-contract=fast -mmmx -msse -flto    -std=c99 -Wextra -Wno-unused-result -Wno-unused-parameter -Wno-missing-field-initializers -fomit-frame-pointer -funroll-loops  -ffast-math -Ofast -fno-signed-zeros -ffp-contract=fast -mmmx -msse -flto      -I. -I./Include -I/usr/local/opt/openblas/include -I/usr/local/opt/llvm/include -I/usr/local/opt/sqlite/include -I/usr/local/opt/readline/include -I/usr/local/opt/openssl@1.1/include  -I/usr/local/opt/openblas/include -I/usr/local/opt/llvm/include -I/usr/local/opt/sqlite/include -I/usr/local/opt/readline/include -I/usr/local/opt/openssl@1.1/include   -DPy_BUILD_CORE  -c ./Modules/_tracemalloc.c -o Modules/_tracemalloc.o
cc -fsanitize=address -fno-omit-frame-pointer  -Wno-unused-result -Wsign-compare -DDYNAMIC_ANNOTATIONS_ENABLED=1 -g -Ofast -Wall -Wstrict-prototypes -fomit-frame-pointer -funroll-loops  -ffast-math -Ofast -fno-signed-zeros -ffp-contract=fast -mmmx -msse -flto   -fomit-frame-pointer -funroll-loops  -ffast-math -Ofast -fno-signed-zeros -ffp-contract=fast -mmmx -msse -flto    -std=c99 -Wextra -Wno-unused-result -Wno-unused-parameter -Wno-missing-field-initializers -fomit-frame-pointer -funroll-loops  -ffast-math -Ofast -fno-signed-zeros -ffp-contract=fast -mmmx -msse -flto      -I. -I./Include -I/usr/local/opt/openblas/include -I/usr/local/opt/llvm/include -I/usr/local/opt/sqlite/include -I/usr/local/opt/readline/include -I/usr/local/opt/openssl@1.1/include  -I/usr/local/opt/openblas/include -I/usr/local/opt/llvm/include -I/usr/local/opt/sqlite/include -I/usr/local/opt/readline/include -I/usr/local/opt/openssl@1.1/include   -DPy_BUILD_CORE  -c ./Modules/hashtable.c -o Modules/hashtable.o
cc -fsanitize=address -fno-omit-frame-pointer  -Wno-unused-result -Wsign-compare -DDYNAMIC_ANNOTATIONS_ENABLED=1 -g -Ofast -Wall -Wstrict-prototypes -fomit-frame-pointer -funroll-loops  -ffast-math -Ofast -fno-signed-zeros -ffp-contract=fast -mmmx -msse -flto   -fomit-frame-pointer -funroll-loops  -ffast-math -Ofast -fno-signed-zeros -ffp-contract=fast -mmmx -msse -flto    -std=c99 -Wextra -Wno-unused-result -Wno-unused-parameter -Wno-missing-field-initializers -fomit-frame-pointer -funroll-loops  -ffast-math -Ofast -fno-signed-zeros -ffp-contract=fast -mmmx -msse -flto      -I. -I./Include -I/usr/local/opt/openblas/include -I/usr/local/opt/llvm/include -I/usr/local/opt/sqlite/include -I/usr/local/opt/readline/include -I/usr/local/opt/openssl@1.1/include  -I/usr/local/opt/openblas/include -I/usr/local/opt/llvm/include -I/usr/local/opt/sqlite/include -I/usr/local/opt/readline/include -I/usr/local/opt/openssl@1.1/include   -DPy_BUILD_CORE  -c ./Modules/symtablemodule.c -o Modules/symtablemodule.o
cc -fsanitize=address -fno-omit-frame-pointer  -Wno-unused-result -Wsign-compare -DDYNAMIC_ANNOTATIONS_ENABLED=1 -g -Ofast -Wall -Wstrict-prototypes -fomit-frame-pointer -funroll-loops  -ffast-math -Ofast -fno-signed-zeros -ffp-contract=fast -mmmx -msse -flto   -fomit-frame-pointer -funroll-loops  -ffast-math -Ofast -fno-signed-zeros -ffp-contract=fast -mmmx -msse -flto    -std=c99 -Wextra -Wno-unused-result -Wno-unused-parameter -Wno-missing-field-initializers -fomit-frame-pointer -funroll-loops  -ffast-math -Ofast -fno-signed-zeros -ffp-contract=fast -mmmx -msse -flto      -I. -I./Include -I/usr/local/opt/openblas/include -I/usr/local/opt/llvm/include -I/usr/local/opt/sqlite/include -I/usr/local/opt/readline/include -I/usr/local/opt/openssl@1.1/include  -I/usr/local/opt/openblas/include -I/usr/local/opt/llvm/include -I/usr/local/opt/sqlite/include -I/usr/local/opt/readline/include -I/usr/local/opt/openssl@1.1/include   -DPy_BUILD_CORE  -c ./Modules/xxsubtype.c -o Modules/xxsubtype.o
cc -c -fsanitize=address -fno-omit-frame-pointer  -Wno-unused-result -Wsign-compare -DDYNAMIC_ANNOTATIONS_ENABLED=1 -g -Ofast -Wall -Wstrict-prototypes -fomit-frame-pointer -funroll-loops  -ffast-math -Ofast -fno-signed-zeros -ffp-contract=fast -mmmx -msse -flto   -fomit-frame-pointer -funroll-loops  -ffast-math -Ofast -fno-signed-zeros -ffp-contract=fast -mmmx -msse -flto    -std=c99 -Wextra -Wno-unused-result -Wno-unused-parameter -Wno-missing-field-initializers -fomit-frame-pointer -funroll-loops  -ffast-math -Ofast -fno-signed-zeros -ffp-contract=fast -mmmx -msse -flto      -I. -I./Include -I/usr/local/opt/openblas/include -I/usr/local/opt/llvm/include -I/usr/local/opt/sqlite/include -I/usr/local/opt/readline/include -I/usr/local/opt/openssl@1.1/include  -I/usr/local/opt/openblas/include -I/usr/local/opt/llvm/include -I/usr/local/opt/sqlite/include -I/usr/local/opt/readline/include -I/usr/local/opt/openssl@1.1/include   -DPy_BUILD_CORE -o Python/frozen.o Python/frozen.c
cc -c  -fsanitize=address -fno-omit-frame-pointer  -Wno-unused-result -Wsign-compare -DDYNAMIC_ANNOTATIONS_ENABLED=1 -g -Ofast -Wall -Wstrict-prototypes -fomit-frame-pointer -funroll-loops  -ffast-math -Ofast -fno-signed-zeros -ffp-contract=fast -mmmx -msse -flto   -fomit-frame-pointer -funroll-loops  -ffast-math -Ofast -fno-signed-zeros -ffp-contract=fast -mmmx -msse -flto    -std=c99 -Wextra -Wno-unused-result -Wno-unused-parameter -Wno-missing-field-initializers -fomit-frame-pointer -funroll-loops  -ffast-math -Ofast -fno-signed-zeros -ffp-contract=fast -mmmx -msse -flto      -I. -I./Include -I/usr/local/opt/openblas/include -I/usr/local/opt/llvm/include -I/usr/local/opt/sqlite/include -I/usr/local/opt/readline/include -I/usr/local/opt/openssl@1.1/include  -I/usr/local/opt/openblas/include -I/usr/local/opt/llvm/include -I/usr/local/opt/sqlite/include -I/usr/local/opt/readline/include -I/usr/local/opt/openssl@1.1/include   -DPy_BUILD_CORE -o Modules/_math.o Modules/_math.c
cc -c -fsanitize=address -fno-omit-frame-pointer  -Wno-unused-result -Wsign-compare -DDYNAMIC_ANNOTATIONS_ENABLED=1 -g -Ofast -Wall -Wstrict-prototypes -fomit-frame-pointer -funroll-loops  -ffast-math -Ofast -fno-signed-zeros -ffp-contract=fast -mmmx -msse -flto   -fomit-frame-pointer -funroll-loops  -ffast-math -Ofast -fno-signed-zeros -ffp-contract=fast -mmmx -msse -flto    -std=c99 -Wextra -Wno-unused-result -Wno-unused-parameter -Wno-missing-field-initializers -fomit-frame-pointer -funroll-loops  -ffast-math -Ofast -fno-signed-zeros -ffp-contract=fast -mmmx -msse -flto      -I. -I./Include -I/usr/local/opt/openblas/include -I/usr/local/opt/llvm/include -I/usr/local/opt/sqlite/include -I/usr/local/opt/readline/include -I/usr/local/opt/openssl@1.1/include  -I/usr/local/opt/openblas/include -I/usr/local/opt/llvm/include -I/usr/local/opt/sqlite/include -I/usr/local/opt/readline/include -I/usr/local/opt/openssl@1.1/include   -DPy_BUILD_CORE -o Programs/_testembed.o ./Programs/_testembed.c
# Substitution happens here, as the completely-expanded BINDIR
# is not available in configure
sed -e "s,@EXENAME@,/usr/local/Cellar/python3/3.6.2/bin/python3.6dm," < ./Misc/python-config.in >python-config.py
# Replace makefile compat. variable references with shell script compat. ones;  -> 
LC_ALL=C sed -e 's,\$(\([A-Za-z0-9_]*\)),\$\{\1\},g' < Misc/python-config.sh >python-config
# On Darwin, always use the python version of the script, the shell
# version doesn't use the compiler customizations that are provided
# in python (_osx_support.py).
if test `uname -s` = Darwin; then \
	cp python-config.py python-config; \
fi
cc -c -fsanitize=address -fno-omit-frame-pointer  -Wno-unused-result -Wsign-compare -DDYNAMIC_ANNOTATIONS_ENABLED=1 -g -Ofast -Wall -Wstrict-prototypes -fomit-frame-pointer -funroll-loops  -ffast-math -Ofast -fno-signed-zeros -ffp-contract=fast -mmmx -msse -flto   -fomit-frame-pointer -funroll-loops  -ffast-math -Ofast -fno-signed-zeros -ffp-contract=fast -mmmx -msse -flto    -std=c99 -Wextra -Wno-unused-result -Wno-unused-parameter -Wno-missing-field-initializers -fomit-frame-pointer -funroll-loops  -ffast-math -Ofast -fno-signed-zeros -ffp-contract=fast -mmmx -msse -flto      -I. -I./Include -I/usr/local/opt/openblas/include -I/usr/local/opt/llvm/include -I/usr/local/opt/sqlite/include -I/usr/local/opt/readline/include -I/usr/local/opt/openssl@1.1/include  -I/usr/local/opt/openblas/include -I/usr/local/opt/llvm/include -I/usr/local/opt/sqlite/include -I/usr/local/opt/readline/include -I/usr/local/opt/openssl@1.1/include   -DPy_BUILD_CORE \
      -DGITVERSION="\"`LC_ALL=C git -C . rev-parse --short HEAD`\"" \
      -DGITTAG="\"`LC_ALL=C git -C . describe --all --always --dirty`\"" \
      -DGITBRANCH="\"`LC_ALL=C git -C . name-rev --name-only HEAD`\"" \
      -o Modules/getbuildinfo.o ./Modules/getbuildinfo.c
rm -f libpython3.6dm.a
cc -dynamiclib -Wl,-single_module -fsanitize=address -L/usr/local/opt/openblas/lib -L/usr/local/opt/llvm/lib -L/usr/local/opt/sqlite/lib -L/usr/local/opt/readline/lib -L/usr/local/opt/openssl@1.1/lib  -L/usr/local/opt/openblas/lib -L/usr/local/opt/llvm/lib -L/usr/local/opt/sqlite/lib -L/usr/local/opt/readline/lib -L/usr/local/opt/openssl@1.1/lib    -undefined dynamic_lookup -Wl,-install_name,/usr/local/Cellar/python3/3.6.2/lib/libpython3.6dm.dylib -Wl,-compatibility_version,3.6 -Wl,-current_version,3.6 -o libpython3.6dm.dylib Modules/getbuildinfo.o Parser/acceler.o Parser/grammar1.o Parser/listnode.o Parser/node.o Parser/parser.o Parser/bitset.o Parser/metagrammar.o Parser/firstsets.o Parser/grammar.o Parser/pgen.o Parser/myreadline.o Parser/parsetok.o Parser/tokenizer.o Objects/abstract.o Objects/accu.o Objects/boolobject.o Objects/bytes_methods.o Objects/bytearrayobject.o Objects/bytesobject.o Objects/cellobject.o Objects/classobject.o Objects/codeobject.o Objects/complexobject.o Objects/descrobject.o Objects/enumobject.o Objects/exceptions.o Objects/genobject.o Objects/fileobject.o Objects/floatobject.o Objects/frameobject.o Objects/funcobject.o Objects/iterobject.o Objects/listobject.o Objects/longobject.o Objects/dictobject.o Objects/odictobject.o Objects/memoryobject.o Objects/methodobject.o Objects/moduleobject.o Objects/namespaceobject.o Objects/object.o Objects/obmalloc.o Objects/capsule.o Objects/rangeobject.o Objects/setobject.o Objects/sliceobject.o Objects/structseq.o Objects/tupleobject.o Objects/typeobject.o Objects/unicodeobject.o Objects/unicodectype.o Objects/weakrefobject.o Python/_warnings.o Python/Python-ast.o Python/asdl.o Python/ast.o Python/bltinmodule.o Python/ceval.o Python/compile.o Python/codecs.o Python/dynamic_annotations.o Python/errors.o Python/frozenmain.o Python/future.o Python/getargs.o Python/getcompiler.o Python/getcopyright.o Python/getplatform.o Python/getversion.o Python/graminit.o Python/import.o Python/importdl.o Python/marshal.o Python/modsupport.o Python/mystrtoul.o Python/mysnprintf.o Python/peephole.o Python/pyarena.o Python/pyctype.o Python/pyfpe.o Python/pyhash.o Python/pylifecycle.o Python/pymath.o Python/pystate.o Python/pythonrun.o Python/pytime.o Python/random.o Python/structmember.o Python/symtable.o Python/sysmodule.o Python/traceback.o Python/getopt.o Python/pystrcmp.o Python/pystrtod.o Python/pystrhex.o Python/dtoa.o Python/formatter_unicode.o Python/fileutils.o Python/dynload_shlib.o   Python/thread.o  Modules/config.o Modules/getpath.o Modules/main.o Modules/gcmodule.o Modules/_threadmodule.o  Modules/posixmodule.o  Modules/errnomodule.o  Modules/pwdmodule.o  Modules/_sre.o  Modules/_codecsmodule.o  Modules/_weakref.o  Modules/_functoolsmodule.o  Modules/_operator.o  Modules/_collectionsmodule.o  Modules/itertoolsmodule.o  Modules/atexitmodule.o  Modules/signalmodule.o  Modules/_stat.o  Modules/timemodule.o  Modules/_localemodule.o  Modules/_iomodule.o Modules/iobase.o Modules/fileio.o Modules/bytesio.o Modules/bufferedio.o Modules/textio.o Modules/stringio.o  Modules/zipimport.o  Modules/faulthandler.o  Modules/_tracemalloc.o Modules/hashtable.o  Modules/symtablemodule.o  Modules/xxsubtype.o Python/frozen.o -lintl -ldl  -framework CoreFoundation   ; \

ar rc libpython3.6dm.a Modules/getbuildinfo.o
ar rc libpython3.6dm.a Parser/acceler.o Parser/grammar1.o Parser/listnode.o Parser/node.o Parser/parser.o Parser/bitset.o Parser/metagrammar.o Parser/firstsets.o Parser/grammar.o Parser/pgen.o Parser/myreadline.o Parser/parsetok.o Parser/tokenizer.o
ar rc libpython3.6dm.a Objects/abstract.o Objects/accu.o Objects/boolobject.o Objects/bytes_methods.o Objects/bytearrayobject.o Objects/bytesobject.o Objects/cellobject.o Objects/classobject.o Objects/codeobject.o Objects/complexobject.o Objects/descrobject.o Objects/enumobject.o Objects/exceptions.o Objects/genobject.o Objects/fileobject.o Objects/floatobject.o Objects/frameobject.o Objects/funcobject.o Objects/iterobject.o Objects/listobject.o Objects/longobject.o Objects/dictobject.o Objects/odictobject.o Objects/memoryobject.o Objects/methodobject.o Objects/moduleobject.o Objects/namespaceobject.o Objects/object.o Objects/obmalloc.o Objects/capsule.o Objects/rangeobject.o Objects/setobject.o Objects/sliceobject.o Objects/structseq.o Objects/tupleobject.o Objects/typeobject.o Objects/unicodeobject.o Objects/unicodectype.o Objects/weakrefobject.o
ar rc libpython3.6dm.a Python/_warnings.o Python/Python-ast.o Python/asdl.o Python/ast.o Python/bltinmodule.o Python/ceval.o Python/compile.o Python/codecs.o Python/dynamic_annotations.o Python/errors.o Python/frozenmain.o Python/future.o Python/getargs.o Python/getcompiler.o Python/getcopyright.o Python/getplatform.o Python/getversion.o Python/graminit.o Python/import.o Python/importdl.o Python/marshal.o Python/modsupport.o Python/mystrtoul.o Python/mysnprintf.o Python/peephole.o Python/pyarena.o Python/pyctype.o Python/pyfpe.o Python/pyhash.o Python/pylifecycle.o Python/pymath.o Python/pystate.o Python/pythonrun.o Python/pytime.o Python/random.o Python/structmember.o Python/symtable.o Python/sysmodule.o Python/traceback.o Python/getopt.o Python/pystrcmp.o Python/pystrtod.o Python/pystrhex.o Python/dtoa.o Python/formatter_unicode.o Python/fileutils.o Python/dynload_shlib.o   Python/thread.o  Python/frozen.o
ar rc libpython3.6dm.a Modules/config.o Modules/getpath.o Modules/main.o Modules/gcmodule.o
ar rc libpython3.6dm.a Modules/_threadmodule.o  Modules/posixmodule.o  Modules/errnomodule.o  Modules/pwdmodule.o  Modules/_sre.o  Modules/_codecsmodule.o  Modules/_weakref.o  Modules/_functoolsmodule.o  Modules/_operator.o  Modules/_collectionsmodule.o  Modules/itertoolsmodule.o  Modules/atexitmodule.o  Modules/signalmodule.o  Modules/_stat.o  Modules/timemodule.o  Modules/_localemodule.o  Modules/_iomodule.o Modules/iobase.o Modules/fileio.o Modules/bytesio.o Modules/bufferedio.o Modules/textio.o Modules/stringio.o  Modules/zipimport.o  Modules/faulthandler.o  Modules/_tracemalloc.o Modules/hashtable.o  Modules/symtablemodule.o  Modules/xxsubtype.o
ranlib libpython3.6dm.a
cc -fsanitize=address -L/usr/local/opt/openblas/lib -L/usr/local/opt/llvm/lib -L/usr/local/opt/sqlite/lib -L/usr/local/opt/readline/lib -L/usr/local/opt/openssl@1.1/lib  -L/usr/local/opt/openblas/lib -L/usr/local/opt/llvm/lib -L/usr/local/opt/sqlite/lib -L/usr/local/opt/readline/lib -L/usr/local/opt/openssl@1.1/lib    -Wl,-stack_size,1000000  -framework CoreFoundation -o python Programs/python.o -L. -lpython3.6dm -lintl -ldl  -framework CoreFoundation     
cc -fsanitize=address -L/usr/local/opt/openblas/lib -L/usr/local/opt/llvm/lib -L/usr/local/opt/sqlite/lib -L/usr/local/opt/readline/lib -L/usr/local/opt/openssl@1.1/lib  -L/usr/local/opt/openblas/lib -L/usr/local/opt/llvm/lib -L/usr/local/opt/sqlite/lib -L/usr/local/opt/readline/lib -L/usr/local/opt/openssl@1.1/lib    -Wl,-stack_size,1000000  -framework CoreFoundation -o Programs/_testembed Programs/_testembed.o -L. -lpython3.6dm -lintl -ldl  -framework CoreFoundation     
DYLD_LIBRARY_PATH=/Users/dojo/Library/Caches/Homebrew/Python-3.6.2 ./python -E -S -m sysconfig --generate-posix-vars ;\
if test $? -ne 0 ; then \
	echo "generate-posix-vars failed" ; \
	rm -f ./pybuilddir.txt ; \
	exit 1 ; \
fi
running build
running build_ext
building '_struct' extension
cc -fsanitize=address -fno-omit-frame-pointer -Wno-unused-result -Wsign-compare -DDYNAMIC_ANNOTATIONS_ENABLED=1 -g -Ofast -Wall -Wstrict-prototypes -fomit-frame-pointer -funroll-loops -ffast-math -Ofast -fno-signed-zeros -ffp-contract=fast -mmmx -msse -flto -fomit-frame-pointer -funroll-loops -ffast-math -Ofast -fno-signed-zeros -ffp-contract=fast -mmmx -msse -flto -std=c99 -Wextra -Wno-unused-result -Wno-unused-parameter -Wno-missing-field-initializers -fomit-frame-pointer -funroll-loops -ffast-math -Ofast -fno-signed-zeros -ffp-contract=fast -mmmx -msse -flto -march=native -I./Include -I. -I/usr/local/opt/openblas/include -I/usr/local/opt/llvm/include -I/usr/local/opt/sqlite/include -I/usr/local/opt/readline/include -I/usr/local/opt/openssl@1.1/include -I/usr/local/include -I/Users/dojo/Library/Caches/Homebrew/Python-3.6.2/Include -I/Users/dojo/Library/Caches/Homebrew/Python-3.6.2 -c /Users/dojo/Library/Caches/Homebrew/Python-3.6.2/Modules/_struct.c -o build/temp.macosx-10.12.6-x86_64-3.6-pydebug/Users/dojo/Library/Caches/Homebrew/Python-3.6.2/Modules/_struct.o
building '_ctypes_test' extension
building 'array' extension
cc -fsanitize=address -fno-omit-frame-pointer -Wno-unused-result -Wsign-compare -DDYNAMIC_ANNOTATIONS_ENABLED=1 -g -Ofast -Wall -Wstrict-prototypes -fomit-frame-pointer -funroll-loops -ffast-math -Ofast -fno-signed-zeros -ffp-contract=fast -mmmx -msse -flto -fomit-frame-pointer -funroll-loops -ffast-math -Ofast -fno-signed-zeros -ffp-contract=fast -mmmx -msse -flto -std=c99 -Wextra -Wno-unused-result -Wno-unused-parameter -Wno-missing-field-initializers -fomit-frame-pointer -funroll-loops -ffast-math -Ofast -fno-signed-zeros -ffp-contract=fast -mmmx -msse -flto -march=native -I./Include -I. -I/usr/local/opt/openblas/include -I/usr/local/opt/llvm/include -I/usr/local/opt/sqlite/include -I/usr/local/opt/readline/include -I/usr/local/opt/openssl@1.1/include -I/usr/local/include -I/Users/dojo/Library/Caches/Homebrew/Python-3.6.2/Include -I/Users/dojo/Library/Caches/Homebrew/Python-3.6.2 -c /Users/dojo/Library/Caches/Homebrew/Python-3.6.2/Modules/_ctypes/_ctypes_test.c -o build/temp.macosx-10.12.6-x86_64-3.6-pydebug/Users/dojo/Library/Caches/Homebrew/Python-3.6.2/Modules/_ctypes/_ctypes_test.o
building 'cmath' extension
cc -fsanitize=address -fno-omit-frame-pointer -Wno-unused-result -Wsign-compare -DDYNAMIC_ANNOTATIONS_ENABLED=1 -g -Ofast -Wall -Wstrict-prototypes -fomit-frame-pointer -funroll-loops -ffast-math -Ofast -fno-signed-zeros -ffp-contract=fast -mmmx -msse -flto -fomit-frame-pointer -funroll-loops -ffast-math -Ofast -fno-signed-zeros -ffp-contract=fast -mmmx -msse -flto -std=c99 -Wextra -Wno-unused-result -Wno-unused-parameter -Wno-missing-field-initializers -fomit-frame-pointer -funroll-loops -ffast-math -Ofast -fno-signed-zeros -ffp-contract=fast -mmmx -msse -flto -march=native -I./Include -I. -I/usr/local/opt/openblas/include -I/usr/local/opt/llvm/include -I/usr/local/opt/sqlite/include -I/usr/local/opt/readline/include -I/usr/local/opt/openssl@1.1/include -I/usr/local/include -I/Users/dojo/Library/Caches/Homebrew/Python-3.6.2/Include -I/Users/dojo/Library/Caches/Homebrew/Python-3.6.2 -c /Users/dojo/Library/Caches/Homebrew/Python-3.6.2/Modules/arraymodule.c -o build/temp.macosx-10.12.6-x86_64-3.6-pydebug/Users/dojo/Library/Caches/Homebrew/Python-3.6.2/Modules/arraymodule.o
cc -fsanitize=address -fno-omit-frame-pointer -Wno-unused-result -Wsign-compare -DDYNAMIC_ANNOTATIONS_ENABLED=1 -g -Ofast -Wall -Wstrict-prototypes -fomit-frame-pointer -funroll-loops -ffast-math -Ofast -fno-signed-zeros -ffp-contract=fast -mmmx -msse -flto -fomit-frame-pointer -funroll-loops -ffast-math -Ofast -fno-signed-zeros -ffp-contract=fast -mmmx -msse -flto -std=c99 -Wextra -Wno-unused-result -Wno-unused-parameter -Wno-missing-field-initializers -fomit-frame-pointer -funroll-loops -ffast-math -Ofast -fno-signed-zeros -ffp-contract=fast -mmmx -msse -flto -march=native -I./Include -I. -I/usr/local/opt/openblas/include -I/usr/local/opt/llvm/include -I/usr/local/opt/sqlite/include -I/usr/local/opt/readline/include -I/usr/local/opt/openssl@1.1/include -I/usr/local/include -I/Users/dojo/Library/Caches/Homebrew/Python-3.6.2/Include -I/Users/dojo/Library/Caches/Homebrew/Python-3.6.2 -c /Users/dojo/Library/Caches/Homebrew/Python-3.6.2/Modules/cmathmodule.c -o build/temp.macosx-10.12.6-x86_64-3.6-pydebug/Users/dojo/Library/Caches/Homebrew/Python-3.6.2/Modules/cmathmodule.o
cc -bundle -undefined dynamic_lookup -fsanitize=address -L/usr/local/opt/openblas/lib -L/usr/local/opt/llvm/lib -L/usr/local/opt/sqlite/lib -L/usr/local/opt/readline/lib -L/usr/local/opt/openssl@1.1/lib -L/usr/local/opt/openblas/lib -L/usr/local/opt/llvm/lib -L/usr/local/opt/sqlite/lib -L/usr/local/opt/readline/lib -L/usr/local/opt/openssl@1.1/lib -L/usr/local/opt/openblas/lib -L/usr/local/opt/llvm/lib -L/usr/local/opt/sqlite/lib -L/usr/local/opt/readline/lib -L/usr/local/opt/openssl@1.1/lib -fomit-frame-pointer -funroll-loops -ffast-math -Ofast -fno-signed-zeros -ffp-contract=fast -mmmx -msse -flto -I/usr/local/opt/openblas/include -I/usr/local/opt/llvm/include -I/usr/local/opt/sqlite/include -I/usr/local/opt/readline/include -I/usr/local/opt/openssl@1.1/include -march=native build/temp.macosx-10.12.6-x86_64-3.6-pydebug/Users/dojo/Library/Caches/Homebrew/Python-3.6.2/Modules/_ctypes/_ctypes_test.o -L. -L/usr/local/opt/openblas/lib -L/usr/local/opt/llvm/lib -L/usr/local/opt/sqlite/lib -L/usr/local/opt/readline/lib -L/usr/local/opt/openssl@1.1/lib -L/usr/local/lib -o build/lib.macosx-10.12.6-x86_64-3.6-pydebug/_ctypes_test.cpython-36dm-darwin.so
cc -bundle -undefined dynamic_lookup -fsanitize=address -L/usr/local/opt/openblas/lib -L/usr/local/opt/llvm/lib -L/usr/local/opt/sqlite/lib -L/usr/local/opt/readline/lib -L/usr/local/opt/openssl@1.1/lib -L/usr/local/opt/openblas/lib -L/usr/local/opt/llvm/lib -L/usr/local/opt/sqlite/lib -L/usr/local/opt/readline/lib -L/usr/local/opt/openssl@1.1/lib -L/usr/local/opt/openblas/lib -L/usr/local/opt/llvm/lib -L/usr/local/opt/sqlite/lib -L/usr/local/opt/readline/lib -L/usr/local/opt/openssl@1.1/lib -fomit-frame-pointer -funroll-loops -ffast-math -Ofast -fno-signed-zeros -ffp-contract=fast -mmmx -msse -flto -I/usr/local/opt/openblas/include -I/usr/local/opt/llvm/include -I/usr/local/opt/sqlite/include -I/usr/local/opt/readline/include -I/usr/local/opt/openssl@1.1/include -march=native build/temp.macosx-10.12.6-x86_64-3.6-pydebug/Users/dojo/Library/Caches/Homebrew/Python-3.6.2/Modules/_struct.o -L. -L/usr/local/opt/openblas/lib -L/usr/local/opt/llvm/lib -L/usr/local/opt/sqlite/lib -L/usr/local/opt/readline/lib -L/usr/local/opt/openssl@1.1/lib -L/usr/local/lib -o build/lib.macosx-10.12.6-x86_64-3.6-pydebug/_struct.cpython-36dm-darwin.so
cc -bundle -undefined dynamic_lookup -fsanitize=address -L/usr/local/opt/openblas/lib -L/usr/local/opt/llvm/lib -L/usr/local/opt/sqlite/lib -L/usr/local/opt/readline/lib -L/usr/local/opt/openssl@1.1/lib -L/usr/local/opt/openblas/lib -L/usr/local/opt/llvm/lib -L/usr/local/opt/sqlite/lib -L/usr/local/opt/readline/lib -L/usr/local/opt/openssl@1.1/lib -L/usr/local/opt/openblas/lib -L/usr/local/opt/llvm/lib -L/usr/local/opt/sqlite/lib -L/usr/local/opt/readline/lib -L/usr/local/opt/openssl@1.1/lib -fomit-frame-pointer -funroll-loops -ffast-math -Ofast -fno-signed-zeros -ffp-contract=fast -mmmx -msse -flto -I/usr/local/opt/openblas/include -I/usr/local/opt/llvm/include -I/usr/local/opt/sqlite/include -I/usr/local/opt/readline/include -I/usr/local/opt/openssl@1.1/include -march=native build/temp.macosx-10.12.6-x86_64-3.6-pydebug/Users/dojo/Library/Caches/Homebrew/Python-3.6.2/Modules/cmathmodule.o Modules/_math.o -L. -L/usr/local/opt/openblas/lib -L/usr/local/opt/llvm/lib -L/usr/local/opt/sqlite/lib -L/usr/local/opt/readline/lib -L/usr/local/opt/openssl@1.1/lib -L/usr/local/lib -o build/lib.macosx-10.12.6-x86_64-3.6-pydebug/cmath.cpython-36dm-darwin.so
building 'math' extension
cc -fsanitize=address -fno-omit-frame-pointer -Wno-unused-result -Wsign-compare -DDYNAMIC_ANNOTATIONS_ENABLED=1 -g -Ofast -Wall -Wstrict-prototypes -fomit-frame-pointer -funroll-loops -ffast-math -Ofast -fno-signed-zeros -ffp-contract=fast -mmmx -msse -flto -fomit-frame-pointer -funroll-loops -ffast-math -Ofast -fno-signed-zeros -ffp-contract=fast -mmmx -msse -flto -std=c99 -Wextra -Wno-unused-result -Wno-unused-parameter -Wno-missing-field-initializers -fomit-frame-pointer -funroll-loops -ffast-math -Ofast -fno-signed-zeros -ffp-contract=fast -mmmx -msse -flto -march=native -I./Include -I. -I/usr/local/opt/openblas/include -I/usr/local/opt/llvm/include -I/usr/local/opt/sqlite/include -I/usr/local/opt/readline/include -I/usr/local/opt/openssl@1.1/include -I/usr/local/include -I/Users/dojo/Library/Caches/Homebrew/Python-3.6.2/Include -I/Users/dojo/Library/Caches/Homebrew/Python-3.6.2 -c /Users/dojo/Library/Caches/Homebrew/Python-3.6.2/Modules/mathmodule.c -o build/temp.macosx-10.12.6-x86_64-3.6-pydebug/Users/dojo/Library/Caches/Homebrew/Python-3.6.2/Modules/mathmodule.o
cc -bundle -undefined dynamic_lookup -fsanitize=address -L/usr/local/opt/openblas/lib -L/usr/local/opt/llvm/lib -L/usr/local/opt/sqlite/lib -L/usr/local/opt/readline/lib -L/usr/local/opt/openssl@1.1/lib -L/usr/local/opt/openblas/lib -L/usr/local/opt/llvm/lib -L/usr/local/opt/sqlite/lib -L/usr/local/opt/readline/lib -L/usr/local/opt/openssl@1.1/lib -L/usr/local/opt/openblas/lib -L/usr/local/opt/llvm/lib -L/usr/local/opt/sqlite/lib -L/usr/local/opt/readline/lib -L/usr/local/opt/openssl@1.1/lib -fomit-frame-pointer -funroll-loops -ffast-math -Ofast -fno-signed-zeros -ffp-contract=fast -mmmx -msse -flto -I/usr/local/opt/openblas/include -I/usr/local/opt/llvm/include -I/usr/local/opt/sqlite/include -I/usr/local/opt/readline/include -I/usr/local/opt/openssl@1.1/include -march=native build/temp.macosx-10.12.6-x86_64-3.6-pydebug/Users/dojo/Library/Caches/Homebrew/Python-3.6.2/Modules/arraymodule.o -L. -L/usr/local/opt/openblas/lib -L/usr/local/opt/llvm/lib -L/usr/local/opt/sqlite/lib -L/usr/local/opt/readline/lib -L/usr/local/opt/openssl@1.1/lib -L/usr/local/lib -o build/lib.macosx-10.12.6-x86_64-3.6-pydebug/array.cpython-36dm-darwin.so
cc -bundle -undefined dynamic_lookup -fsanitize=address -L/usr/local/opt/openblas/lib -L/usr/local/opt/llvm/lib -L/usr/local/opt/sqlite/lib -L/usr/local/opt/readline/lib -L/usr/local/opt/openssl@1.1/lib -L/usr/local/opt/openblas/lib -L/usr/local/opt/llvm/lib -L/usr/local/opt/sqlite/lib -L/usr/local/opt/readline/lib -L/usr/local/opt/openssl@1.1/lib -L/usr/local/opt/openblas/lib -L/usr/local/opt/llvm/lib -L/usr/local/opt/sqlite/lib -L/usr/local/opt/readline/lib -L/usr/local/opt/openssl@1.1/lib -fomit-frame-pointer -funroll-loops -ffast-math -Ofast -fno-signed-zeros -ffp-contract=fast -mmmx -msse -flto -I/usr/local/opt/openblas/include -I/usr/local/opt/llvm/include -I/usr/local/opt/sqlite/include -I/usr/local/opt/readline/include -I/usr/local/opt/openssl@1.1/include -march=native build/temp.macosx-10.12.6-x86_64-3.6-pydebug/Users/dojo/Library/Caches/Homebrew/Python-3.6.2/Modules/mathmodule.o Modules/_math.o -L. -L/usr/local/opt/openblas/lib -L/usr/local/opt/llvm/lib -L/usr/local/opt/sqlite/lib -L/usr/local/opt/readline/lib -L/usr/local/opt/openssl@1.1/lib -L/usr/local/lib -o build/lib.macosx-10.12.6-x86_64-3.6-pydebug/math.cpython-36dm-darwin.so
building '_datetime' extension
cc -fsanitize=address -fno-omit-frame-pointer -Wno-unused-result -Wsign-compare -DDYNAMIC_ANNOTATIONS_ENABLED=1 -g -Ofast -Wall -Wstrict-prototypes -fomit-frame-pointer -funroll-loops -ffast-math -Ofast -fno-signed-zeros -ffp-contract=fast -mmmx -msse -flto -fomit-frame-pointer -funroll-loops -ffast-math -Ofast -fno-signed-zeros -ffp-contract=fast -mmmx -msse -flto -std=c99 -Wextra -Wno-unused-result -Wno-unused-parameter -Wno-missing-field-initializers -fomit-frame-pointer -funroll-loops -ffast-math -Ofast -fno-signed-zeros -ffp-contract=fast -mmmx -msse -flto -march=native -I./Include -I. -I/usr/local/opt/openblas/include -I/usr/local/opt/llvm/include -I/usr/local/opt/sqlite/include -I/usr/local/opt/readline/include -I/usr/local/opt/openssl@1.1/include -I/usr/local/include -I/Users/dojo/Library/Caches/Homebrew/Python-3.6.2/Include -I/Users/dojo/Library/Caches/Homebrew/Python-3.6.2 -c /Users/dojo/Library/Caches/Homebrew/Python-3.6.2/Modules/_datetimemodule.c -o build/temp.macosx-10.12.6-x86_64-3.6-pydebug/Users/dojo/Library/Caches/Homebrew/Python-3.6.2/Modules/_datetimemodule.o
building '_random' extension
cc -fsanitize=address -fno-omit-frame-pointer -Wno-unused-result -Wsign-compare -DDYNAMIC_ANNOTATIONS_ENABLED=1 -g -Ofast -Wall -Wstrict-prototypes -fomit-frame-pointer -funroll-loops -ffast-math -Ofast -fno-signed-zeros -ffp-contract=fast -mmmx -msse -flto -fomit-frame-pointer -funroll-loops -ffast-math -Ofast -fno-signed-zeros -ffp-contract=fast -mmmx -msse -flto -std=c99 -Wextra -Wno-unused-result -Wno-unused-parameter -Wno-missing-field-initializers -fomit-frame-pointer -funroll-loops -ffast-math -Ofast -fno-signed-zeros -ffp-contract=fast -mmmx -msse -flto -march=native -I./Include -I. -I/usr/local/opt/openblas/include -I/usr/local/opt/llvm/include -I/usr/local/opt/sqlite/include -I/usr/local/opt/readline/include -I/usr/local/opt/openssl@1.1/include -I/usr/local/include -I/Users/dojo/Library/Caches/Homebrew/Python-3.6.2/Include -I/Users/dojo/Library/Caches/Homebrew/Python-3.6.2 -c /Users/dojo/Library/Caches/Homebrew/Python-3.6.2/Modules/_randommodule.c -o build/temp.macosx-10.12.6-x86_64-3.6-pydebug/Users/dojo/Library/Caches/Homebrew/Python-3.6.2/Modules/_randommodule.o
cc -bundle -undefined dynamic_lookup -fsanitize=address -L/usr/local/opt/openblas/lib -L/usr/local/opt/llvm/lib -L/usr/local/opt/sqlite/lib -L/usr/local/opt/readline/lib -L/usr/local/opt/openssl@1.1/lib -L/usr/local/opt/openblas/lib -L/usr/local/opt/llvm/lib -L/usr/local/opt/sqlite/lib -L/usr/local/opt/readline/lib -L/usr/local/opt/openssl@1.1/lib -L/usr/local/opt/openblas/lib -L/usr/local/opt/llvm/lib -L/usr/local/opt/sqlite/lib -L/usr/local/opt/readline/lib -L/usr/local/opt/openssl@1.1/lib -fomit-frame-pointer -funroll-loops -ffast-math -Ofast -fno-signed-zeros -ffp-contract=fast -mmmx -msse -flto -I/usr/local/opt/openblas/include -I/usr/local/opt/llvm/include -I/usr/local/opt/sqlite/include -I/usr/local/opt/readline/include -I/usr/local/opt/openssl@1.1/include -march=native build/temp.macosx-10.12.6-x86_64-3.6-pydebug/Users/dojo/Library/Caches/Homebrew/Python-3.6.2/Modules/_randommodule.o -L. -L/usr/local/opt/openblas/lib -L/usr/local/opt/llvm/lib -L/usr/local/opt/sqlite/lib -L/usr/local/opt/readline/lib -L/usr/local/opt/openssl@1.1/lib -L/usr/local/lib -o build/lib.macosx-10.12.6-x86_64-3.6-pydebug/_random.cpython-36dm-darwin.so
building '_bisect' extension
cc -fsanitize=address -fno-omit-frame-pointer -Wno-unused-result -Wsign-compare -DDYNAMIC_ANNOTATIONS_ENABLED=1 -g -Ofast -Wall -Wstrict-prototypes -fomit-frame-pointer -funroll-loops -ffast-math -Ofast -fno-signed-zeros -ffp-contract=fast -mmmx -msse -flto -fomit-frame-pointer -funroll-loops -ffast-math -Ofast -fno-signed-zeros -ffp-contract=fast -mmmx -msse -flto -std=c99 -Wextra -Wno-unused-result -Wno-unused-parameter -Wno-missing-field-initializers -fomit-frame-pointer -funroll-loops -ffast-math -Ofast -fno-signed-zeros -ffp-contract=fast -mmmx -msse -flto -march=native -I./Include -I. -I/usr/local/opt/openblas/include -I/usr/local/opt/llvm/include -I/usr/local/opt/sqlite/include -I/usr/local/opt/readline/include -I/usr/local/opt/openssl@1.1/include -I/usr/local/include -I/Users/dojo/Library/Caches/Homebrew/Python-3.6.2/Include -I/Users/dojo/Library/Caches/Homebrew/Python-3.6.2 -c /Users/dojo/Library/Caches/Homebrew/Python-3.6.2/Modules/_bisectmodule.c -o build/temp.macosx-10.12.6-x86_64-3.6-pydebug/Users/dojo/Library/Caches/Homebrew/Python-3.6.2/Modules/_bisectmodule.o
building '_heapq' extension
cc -fsanitize=address -fno-omit-frame-pointer -Wno-unused-result -Wsign-compare -DDYNAMIC_ANNOTATIONS_ENABLED=1 -g -Ofast -Wall -Wstrict-prototypes -fomit-frame-pointer -funroll-loops -ffast-math -Ofast -fno-signed-zeros -ffp-contract=fast -mmmx -msse -flto -fomit-frame-pointer -funroll-loops -ffast-math -Ofast -fno-signed-zeros -ffp-contract=fast -mmmx -msse -flto -std=c99 -Wextra -Wno-unused-result -Wno-unused-parameter -Wno-missing-field-initializers -fomit-frame-pointer -funroll-loops -ffast-math -Ofast -fno-signed-zeros -ffp-contract=fast -mmmx -msse -flto -march=native -I./Include -I. -I/usr/local/opt/openblas/include -I/usr/local/opt/llvm/include -I/usr/local/opt/sqlite/include -I/usr/local/opt/readline/include -I/usr/local/opt/openssl@1.1/include -I/usr/local/include -I/Users/dojo/Library/Caches/Homebrew/Python-3.6.2/Include -I/Users/dojo/Library/Caches/Homebrew/Python-3.6.2 -c /Users/dojo/Library/Caches/Homebrew/Python-3.6.2/Modules/_heapqmodule.c -o build/temp.macosx-10.12.6-x86_64-3.6-pydebug/Users/dojo/Library/Caches/Homebrew/Python-3.6.2/Modules/_heapqmodule.o
building '_pickle' extension
cc -fsanitize=address -fno-omit-frame-pointer -Wno-unused-result -Wsign-compare -DDYNAMIC_ANNOTATIONS_ENABLED=1 -g -Ofast -Wall -Wstrict-prototypes -fomit-frame-pointer -funroll-loops -ffast-math -Ofast -fno-signed-zeros -ffp-contract=fast -mmmx -msse -flto -fomit-frame-pointer -funroll-loops -ffast-math -Ofast -fno-signed-zeros -ffp-contract=fast -mmmx -msse -flto -std=c99 -Wextra -Wno-unused-result -Wno-unused-parameter -Wno-missing-field-initializers -fomit-frame-pointer -funroll-loops -ffast-math -Ofast -fno-signed-zeros -ffp-contract=fast -mmmx -msse -flto -march=native -I./Include -I. -I/usr/local/opt/openblas/include -I/usr/local/opt/llvm/include -I/usr/local/opt/sqlite/include -I/usr/local/opt/readline/include -I/usr/local/opt/openssl@1.1/include -I/usr/local/include -I/Users/dojo/Library/Caches/Homebrew/Python-3.6.2/Include -I/Users/dojo/Library/Caches/Homebrew/Python-3.6.2 -c /Users/dojo/Library/Caches/Homebrew/Python-3.6.2/Modules/_pickle.c -o build/temp.macosx-10.12.6-x86_64-3.6-pydebug/Users/dojo/Library/Caches/Homebrew/Python-3.6.2/Modules/_pickle.o
cc -bundle -undefined dynamic_lookup -fsanitize=address -L/usr/local/opt/openblas/lib -L/usr/local/opt/llvm/lib -L/usr/local/opt/sqlite/lib -L/usr/local/opt/readline/lib -L/usr/local/opt/openssl@1.1/lib -L/usr/local/opt/openblas/lib -L/usr/local/opt/llvm/lib -L/usr/local/opt/sqlite/lib -L/usr/local/opt/readline/lib -L/usr/local/opt/openssl@1.1/lib -L/usr/local/opt/openblas/lib -L/usr/local/opt/llvm/lib -L/usr/local/opt/sqlite/lib -L/usr/local/opt/readline/lib -L/usr/local/opt/openssl@1.1/lib -fomit-frame-pointer -funroll-loops -ffast-math -Ofast -fno-signed-zeros -ffp-contract=fast -mmmx -msse -flto -I/usr/local/opt/openblas/include -I/usr/local/opt/llvm/include -I/usr/local/opt/sqlite/include -I/usr/local/opt/readline/include -I/usr/local/opt/openssl@1.1/include -march=native build/temp.macosx-10.12.6-x86_64-3.6-pydebug/Users/dojo/Library/Caches/Homebrew/Python-3.6.2/Modules/_bisectmodule.o -L. -L/usr/local/opt/openblas/lib -L/usr/local/opt/llvm/lib -L/usr/local/opt/sqlite/lib -L/usr/local/opt/readline/lib -L/usr/local/opt/openssl@1.1/lib -L/usr/local/lib -o build/lib.macosx-10.12.6-x86_64-3.6-pydebug/_bisect.cpython-36dm-darwin.so
cc -bundle -undefined dynamic_lookup -fsanitize=address -L/usr/local/opt/openblas/lib -L/usr/local/opt/llvm/lib -L/usr/local/opt/sqlite/lib -L/usr/local/opt/readline/lib -L/usr/local/opt/openssl@1.1/lib -L/usr/local/opt/openblas/lib -L/usr/local/opt/llvm/lib -L/usr/local/opt/sqlite/lib -L/usr/local/opt/readline/lib -L/usr/local/opt/openssl@1.1/lib -L/usr/local/opt/openblas/lib -L/usr/local/opt/llvm/lib -L/usr/local/opt/sqlite/lib -L/usr/local/opt/readline/lib -L/usr/local/opt/openssl@1.1/lib -fomit-frame-pointer -funroll-loops -ffast-math -Ofast -fno-signed-zeros -ffp-contract=fast -mmmx -msse -flto -I/usr/local/opt/openblas/include -I/usr/local/opt/llvm/include -I/usr/local/opt/sqlite/include -I/usr/local/opt/readline/include -I/usr/local/opt/openssl@1.1/include -march=native build/temp.macosx-10.12.6-x86_64-3.6-pydebug/Users/dojo/Library/Caches/Homebrew/Python-3.6.2/Modules/_heapqmodule.o -L. -L/usr/local/opt/openblas/lib -L/usr/local/opt/llvm/lib -L/usr/local/opt/sqlite/lib -L/usr/local/opt/readline/lib -L/usr/local/opt/openssl@1.1/lib -L/usr/local/lib -o build/lib.macosx-10.12.6-x86_64-3.6-pydebug/_heapq.cpython-36dm-darwin.so
building '_json' extension
cc -fsanitize=address -fno-omit-frame-pointer -Wno-unused-result -Wsign-compare -DDYNAMIC_ANNOTATIONS_ENABLED=1 -g -Ofast -Wall -Wstrict-prototypes -fomit-frame-pointer -funroll-loops -ffast-math -Ofast -fno-signed-zeros -ffp-contract=fast -mmmx -msse -flto -fomit-frame-pointer -funroll-loops -ffast-math -Ofast -fno-signed-zeros -ffp-contract=fast -mmmx -msse -flto -std=c99 -Wextra -Wno-unused-result -Wno-unused-parameter -Wno-missing-field-initializers -fomit-frame-pointer -funroll-loops -ffast-math -Ofast -fno-signed-zeros -ffp-contract=fast -mmmx -msse -flto -march=native -I./Include -I. -I/usr/local/opt/openblas/include -I/usr/local/opt/llvm/include -I/usr/local/opt/sqlite/include -I/usr/local/opt/readline/include -I/usr/local/opt/openssl@1.1/include -I/usr/local/include -I/Users/dojo/Library/Caches/Homebrew/Python-3.6.2/Include -I/Users/dojo/Library/Caches/Homebrew/Python-3.6.2 -c /Users/dojo/Library/Caches/Homebrew/Python-3.6.2/Modules/_json.c -o build/temp.macosx-10.12.6-x86_64-3.6-pydebug/Users/dojo/Library/Caches/Homebrew/Python-3.6.2/Modules/_json.o
cc -bundle -undefined dynamic_lookup -fsanitize=address -L/usr/local/opt/openblas/lib -L/usr/local/opt/llvm/lib -L/usr/local/opt/sqlite/lib -L/usr/local/opt/readline/lib -L/usr/local/opt/openssl@1.1/lib -L/usr/local/opt/openblas/lib -L/usr/local/opt/llvm/lib -L/usr/local/opt/sqlite/lib -L/usr/local/opt/readline/lib -L/usr/local/opt/openssl@1.1/lib -L/usr/local/opt/openblas/lib -L/usr/local/opt/llvm/lib -L/usr/local/opt/sqlite/lib -L/usr/local/opt/readline/lib -L/usr/local/opt/openssl@1.1/lib -fomit-frame-pointer -funroll-loops -ffast-math -Ofast -fno-signed-zeros -ffp-contract=fast -mmmx -msse -flto -I/usr/local/opt/openblas/include -I/usr/local/opt/llvm/include -I/usr/local/opt/sqlite/include -I/usr/local/opt/readline/include -I/usr/local/opt/openssl@1.1/include -march=native build/temp.macosx-10.12.6-x86_64-3.6-pydebug/Users/dojo/Library/Caches/Homebrew/Python-3.6.2/Modules/_datetimemodule.o -L. -L/usr/local/opt/openblas/lib -L/usr/local/opt/llvm/lib -L/usr/local/opt/sqlite/lib -L/usr/local/opt/readline/lib -L/usr/local/opt/openssl@1.1/lib -L/usr/local/lib -o build/lib.macosx-10.12.6-x86_64-3.6-pydebug/_datetime.cpython-36dm-darwin.so
building '_testcapi' extension
cc -fsanitize=address -fno-omit-frame-pointer -Wno-unused-result -Wsign-compare -DDYNAMIC_ANNOTATIONS_ENABLED=1 -g -Ofast -Wall -Wstrict-prototypes -fomit-frame-pointer -funroll-loops -ffast-math -Ofast -fno-signed-zeros -ffp-contract=fast -mmmx -msse -flto -fomit-frame-pointer -funroll-loops -ffast-math -Ofast -fno-signed-zeros -ffp-contract=fast -mmmx -msse -flto -std=c99 -Wextra -Wno-unused-result -Wno-unused-parameter -Wno-missing-field-initializers -fomit-frame-pointer -funroll-loops -ffast-math -Ofast -fno-signed-zeros -ffp-contract=fast -mmmx -msse -flto -march=native -I./Include -I. -I/usr/local/opt/openblas/include -I/usr/local/opt/llvm/include -I/usr/local/opt/sqlite/include -I/usr/local/opt/readline/include -I/usr/local/opt/openssl@1.1/include -I/usr/local/include -I/Users/dojo/Library/Caches/Homebrew/Python-3.6.2/Include -I/Users/dojo/Library/Caches/Homebrew/Python-3.6.2 -c /Users/dojo/Library/Caches/Homebrew/Python-3.6.2/Modules/_testcapimodule.c -o build/temp.macosx-10.12.6-x86_64-3.6-pydebug/Users/dojo/Library/Caches/Homebrew/Python-3.6.2/Modules/_testcapimodule.o
cc -bundle -undefined dynamic_lookup -fsanitize=address -L/usr/local/opt/openblas/lib -L/usr/local/opt/llvm/lib -L/usr/local/opt/sqlite/lib -L/usr/local/opt/readline/lib -L/usr/local/opt/openssl@1.1/lib -L/usr/local/opt/openblas/lib -L/usr/local/opt/llvm/lib -L/usr/local/opt/sqlite/lib -L/usr/local/opt/readline/lib -L/usr/local/opt/openssl@1.1/lib -L/usr/local/opt/openblas/lib -L/usr/local/opt/llvm/lib -L/usr/local/opt/sqlite/lib -L/usr/local/opt/readline/lib -L/usr/local/opt/openssl@1.1/lib -fomit-frame-pointer -funroll-loops -ffast-math -Ofast -fno-signed-zeros -ffp-contract=fast -mmmx -msse -flto -I/usr/local/opt/openblas/include -I/usr/local/opt/llvm/include -I/usr/local/opt/sqlite/include -I/usr/local/opt/readline/include -I/usr/local/opt/openssl@1.1/include -march=native build/temp.macosx-10.12.6-x86_64-3.6-pydebug/Users/dojo/Library/Caches/Homebrew/Python-3.6.2/Modules/_json.o -L. -L/usr/local/opt/openblas/lib -L/usr/local/opt/llvm/lib -L/usr/local/opt/sqlite/lib -L/usr/local/opt/readline/lib -L/usr/local/opt/openssl@1.1/lib -L/usr/local/lib -o build/lib.macosx-10.12.6-x86_64-3.6-pydebug/_json.cpython-36dm-darwin.so
cc -bundle -undefined dynamic_lookup -fsanitize=address -L/usr/local/opt/openblas/lib -L/usr/local/opt/llvm/lib -L/usr/local/opt/sqlite/lib -L/usr/local/opt/readline/lib -L/usr/local/opt/openssl@1.1/lib -L/usr/local/opt/openblas/lib -L/usr/local/opt/llvm/lib -L/usr/local/opt/sqlite/lib -L/usr/local/opt/readline/lib -L/usr/local/opt/openssl@1.1/lib -L/usr/local/opt/openblas/lib -L/usr/local/opt/llvm/lib -L/usr/local/opt/sqlite/lib -L/usr/local/opt/readline/lib -L/usr/local/opt/openssl@1.1/lib -fomit-frame-pointer -funroll-loops -ffast-math -Ofast -fno-signed-zeros -ffp-contract=fast -mmmx -msse -flto -I/usr/local/opt/openblas/include -I/usr/local/opt/llvm/include -I/usr/local/opt/sqlite/include -I/usr/local/opt/readline/include -I/usr/local/opt/openssl@1.1/include -march=native build/temp.macosx-10.12.6-x86_64-3.6-pydebug/Users/dojo/Library/Caches/Homebrew/Python-3.6.2/Modules/_testcapimodule.o -L. -L/usr/local/opt/openblas/lib -L/usr/local/opt/llvm/lib -L/usr/local/opt/sqlite/lib -L/usr/local/opt/readline/lib -L/usr/local/opt/openssl@1.1/lib -L/usr/local/lib -o build/lib.macosx-10.12.6-x86_64-3.6-pydebug/_testcapi.cpython-36dm-darwin.so
cc -bundle -undefined dynamic_lookup -fsanitize=address -L/usr/local/opt/openblas/lib -L/usr/local/opt/llvm/lib -L/usr/local/opt/sqlite/lib -L/usr/local/opt/readline/lib -L/usr/local/opt/openssl@1.1/lib -L/usr/local/opt/openblas/lib -L/usr/local/opt/llvm/lib -L/usr/local/opt/sqlite/lib -L/usr/local/opt/readline/lib -L/usr/local/opt/openssl@1.1/lib -L/usr/local/opt/openblas/lib -L/usr/local/opt/llvm/lib -L/usr/local/opt/sqlite/lib -L/usr/local/opt/readline/lib -L/usr/local/opt/openssl@1.1/lib -fomit-frame-pointer -funroll-loops -ffast-math -Ofast -fno-signed-zeros -ffp-contract=fast -mmmx -msse -flto -I/usr/local/opt/openblas/include -I/usr/local/opt/llvm/include -I/usr/local/opt/sqlite/include -I/usr/local/opt/readline/include -I/usr/local/opt/openssl@1.1/include -march=native build/temp.macosx-10.12.6-x86_64-3.6-pydebug/Users/dojo/Library/Caches/Homebrew/Python-3.6.2/Modules/_pickle.o -L. -L/usr/local/opt/openblas/lib -L/usr/local/opt/llvm/lib -L/usr/local/opt/sqlite/lib -L/usr/local/opt/readline/lib -L/usr/local/opt/openssl@1.1/lib -L/usr/local/lib -o build/lib.macosx-10.12.6-x86_64-3.6-pydebug/_pickle.cpython-36dm-darwin.so
building '_testbuffer' extension
cc -fsanitize=address -fno-omit-frame-pointer -Wno-unused-result -Wsign-compare -DDYNAMIC_ANNOTATIONS_ENABLED=1 -g -Ofast -Wall -Wstrict-prototypes -fomit-frame-pointer -funroll-loops -ffast-math -Ofast -fno-signed-zeros -ffp-contract=fast -mmmx -msse -flto -fomit-frame-pointer -funroll-loops -ffast-math -Ofast -fno-signed-zeros -ffp-contract=fast -mmmx -msse -flto -std=c99 -Wextra -Wno-unused-result -Wno-unused-parameter -Wno-missing-field-initializers -fomit-frame-pointer -funroll-loops -ffast-math -Ofast -fno-signed-zeros -ffp-contract=fast -mmmx -msse -flto -march=native -I./Include -I. -I/usr/local/opt/openblas/include -I/usr/local/opt/llvm/include -I/usr/local/opt/sqlite/include -I/usr/local/opt/readline/include -I/usr/local/opt/openssl@1.1/include -I/usr/local/include -I/Users/dojo/Library/Caches/Homebrew/Python-3.6.2/Include -I/Users/dojo/Library/Caches/Homebrew/Python-3.6.2 -c /Users/dojo/Library/Caches/Homebrew/Python-3.6.2/Modules/_testbuffer.c -o build/temp.macosx-10.12.6-x86_64-3.6-pydebug/Users/dojo/Library/Caches/Homebrew/Python-3.6.2/Modules/_testbuffer.o
building '_testimportmultiple' extension
cc -fsanitize=address -fno-omit-frame-pointer -Wno-unused-result -Wsign-compare -DDYNAMIC_ANNOTATIONS_ENABLED=1 -g -Ofast -Wall -Wstrict-prototypes -fomit-frame-pointer -funroll-loops -ffast-math -Ofast -fno-signed-zeros -ffp-contract=fast -mmmx -msse -flto -fomit-frame-pointer -funroll-loops -ffast-math -Ofast -fno-signed-zeros -ffp-contract=fast -mmmx -msse -flto -std=c99 -Wextra -Wno-unused-result -Wno-unused-parameter -Wno-missing-field-initializers -fomit-frame-pointer -funroll-loops -ffast-math -Ofast -fno-signed-zeros -ffp-contract=fast -mmmx -msse -flto -march=native -I./Include -I. -I/usr/local/opt/openblas/include -I/usr/local/opt/llvm/include -I/usr/local/opt/sqlite/include -I/usr/local/opt/readline/include -I/usr/local/opt/openssl@1.1/include -I/usr/local/include -I/Users/dojo/Library/Caches/Homebrew/Python-3.6.2/Include -I/Users/dojo/Library/Caches/Homebrew/Python-3.6.2 -c /Users/dojo/Library/Caches/Homebrew/Python-3.6.2/Modules/_testimportmultiple.c -o build/temp.macosx-10.12.6-x86_64-3.6-pydebug/Users/dojo/Library/Caches/Homebrew/Python-3.6.2/Modules/_testimportmultiple.o
cc -bundle -undefined dynamic_lookup -fsanitize=address -L/usr/local/opt/openblas/lib -L/usr/local/opt/llvm/lib -L/usr/local/opt/sqlite/lib -L/usr/local/opt/readline/lib -L/usr/local/opt/openssl@1.1/lib -L/usr/local/opt/openblas/lib -L/usr/local/opt/llvm/lib -L/usr/local/opt/sqlite/lib -L/usr/local/opt/readline/lib -L/usr/local/opt/openssl@1.1/lib -L/usr/local/opt/openblas/lib -L/usr/local/opt/llvm/lib -L/usr/local/opt/sqlite/lib -L/usr/local/opt/readline/lib -L/usr/local/opt/openssl@1.1/lib -fomit-frame-pointer -funroll-loops -ffast-math -Ofast -fno-signed-zeros -ffp-contract=fast -mmmx -msse -flto -I/usr/local/opt/openblas/include -I/usr/local/opt/llvm/include -I/usr/local/opt/sqlite/include -I/usr/local/opt/readline/include -I/usr/local/opt/openssl@1.1/include -march=native build/temp.macosx-10.12.6-x86_64-3.6-pydebug/Users/dojo/Library/Caches/Homebrew/Python-3.6.2/Modules/_testimportmultiple.o -L. -L/usr/local/opt/openblas/lib -L/usr/local/opt/llvm/lib -L/usr/local/opt/sqlite/lib -L/usr/local/opt/readline/lib -L/usr/local/opt/openssl@1.1/lib -L/usr/local/lib -o build/lib.macosx-10.12.6-x86_64-3.6-pydebug/_testimportmultiple.cpython-36dm-darwin.so
cc -bundle -undefined dynamic_lookup -fsanitize=address -L/usr/local/opt/openblas/lib -L/usr/local/opt/llvm/lib -L/usr/local/opt/sqlite/lib -L/usr/local/opt/readline/lib -L/usr/local/opt/openssl@1.1/lib -L/usr/local/opt/openblas/lib -L/usr/local/opt/llvm/lib -L/usr/local/opt/sqlite/lib -L/usr/local/opt/readline/lib -L/usr/local/opt/openssl@1.1/lib -L/usr/local/opt/openblas/lib -L/usr/local/opt/llvm/lib -L/usr/local/opt/sqlite/lib -L/usr/local/opt/readline/lib -L/usr/local/opt/openssl@1.1/lib -fomit-frame-pointer -funroll-loops -ffast-math -Ofast -fno-signed-zeros -ffp-contract=fast -mmmx -msse -flto -I/usr/local/opt/openblas/include -I/usr/local/opt/llvm/include -I/usr/local/opt/sqlite/include -I/usr/local/opt/readline/include -I/usr/local/opt/openssl@1.1/include -march=native build/temp.macosx-10.12.6-x86_64-3.6-pydebug/Users/dojo/Library/Caches/Homebrew/Python-3.6.2/Modules/_testbuffer.o -L. -L/usr/local/opt/openblas/lib -L/usr/local/opt/llvm/lib -L/usr/local/opt/sqlite/lib -L/usr/local/opt/readline/lib -L/usr/local/opt/openssl@1.1/lib -L/usr/local/lib -o build/lib.macosx-10.12.6-x86_64-3.6-pydebug/_testbuffer.cpython-36dm-darwin.so
building '_testmultiphase' extension
cc -fsanitize=address -fno-omit-frame-pointer -Wno-unused-result -Wsign-compare -DDYNAMIC_ANNOTATIONS_ENABLED=1 -g -Ofast -Wall -Wstrict-prototypes -fomit-frame-pointer -funroll-loops -ffast-math -Ofast -fno-signed-zeros -ffp-contract=fast -mmmx -msse -flto -fomit-frame-pointer -funroll-loops -ffast-math -Ofast -fno-signed-zeros -ffp-contract=fast -mmmx -msse -flto -std=c99 -Wextra -Wno-unused-result -Wno-unused-parameter -Wno-missing-field-initializers -fomit-frame-pointer -funroll-loops -ffast-math -Ofast -fno-signed-zeros -ffp-contract=fast -mmmx -msse -flto -march=native -I./Include -I. -I/usr/local/opt/openblas/include -I/usr/local/opt/llvm/include -I/usr/local/opt/sqlite/include -I/usr/local/opt/readline/include -I/usr/local/opt/openssl@1.1/include -I/usr/local/include -I/Users/dojo/Library/Caches/Homebrew/Python-3.6.2/Include -I/Users/dojo/Library/Caches/Homebrew/Python-3.6.2 -c /Users/dojo/Library/Caches/Homebrew/Python-3.6.2/Modules/_testmultiphase.c -o build/temp.macosx-10.12.6-x86_64-3.6-pydebug/Users/dojo/Library/Caches/Homebrew/Python-3.6.2/Modules/_testmultiphase.o
building '_lsprof' extension
cc -fsanitize=address -fno-omit-frame-pointer -Wno-unused-result -Wsign-compare -DDYNAMIC_ANNOTATIONS_ENABLED=1 -g -Ofast -Wall -Wstrict-prototypes -fomit-frame-pointer -funroll-loops -ffast-math -Ofast -fno-signed-zeros -ffp-contract=fast -mmmx -msse -flto -fomit-frame-pointer -funroll-loops -ffast-math -Ofast -fno-signed-zeros -ffp-contract=fast -mmmx -msse -flto -std=c99 -Wextra -Wno-unused-result -Wno-unused-parameter -Wno-missing-field-initializers -fomit-frame-pointer -funroll-loops -ffast-math -Ofast -fno-signed-zeros -ffp-contract=fast -mmmx -msse -flto -march=native -I./Include -I. -I/usr/local/opt/openblas/include -I/usr/local/opt/llvm/include -I/usr/local/opt/sqlite/include -I/usr/local/opt/readline/include -I/usr/local/opt/openssl@1.1/include -I/usr/local/include -I/Users/dojo/Library/Caches/Homebrew/Python-3.6.2/Include -I/Users/dojo/Library/Caches/Homebrew/Python-3.6.2 -c /Users/dojo/Library/Caches/Homebrew/Python-3.6.2/Modules/_lsprof.c -o build/temp.macosx-10.12.6-x86_64-3.6-pydebug/Users/dojo/Library/Caches/Homebrew/Python-3.6.2/Modules/_lsprof.o
cc -bundle -undefined dynamic_lookup -fsanitize=address -L/usr/local/opt/openblas/lib -L/usr/local/opt/llvm/lib -L/usr/local/opt/sqlite/lib -L/usr/local/opt/readline/lib -L/usr/local/opt/openssl@1.1/lib -L/usr/local/opt/openblas/lib -L/usr/local/opt/llvm/lib -L/usr/local/opt/sqlite/lib -L/usr/local/opt/readline/lib -L/usr/local/opt/openssl@1.1/lib -L/usr/local/opt/openblas/lib -L/usr/local/opt/llvm/lib -L/usr/local/opt/sqlite/lib -L/usr/local/opt/readline/lib -L/usr/local/opt/openssl@1.1/lib -fomit-frame-pointer -funroll-loops -ffast-math -Ofast -fno-signed-zeros -ffp-contract=fast -mmmx -msse -flto -I/usr/local/opt/openblas/include -I/usr/local/opt/llvm/include -I/usr/local/opt/sqlite/include -I/usr/local/opt/readline/include -I/usr/local/opt/openssl@1.1/include -march=native build/temp.macosx-10.12.6-x86_64-3.6-pydebug/Users/dojo/Library/Caches/Homebrew/Python-3.6.2/Modules/_testmultiphase.o -L. -L/usr/local/opt/openblas/lib -L/usr/local/opt/llvm/lib -L/usr/local/opt/sqlite/lib -L/usr/local/opt/readline/lib -L/usr/local/opt/openssl@1.1/lib -L/usr/local/lib -o build/lib.macosx-10.12.6-x86_64-3.6-pydebug/_testmultiphase.cpython-36dm-darwin.so
cc -fsanitize=address -fno-omit-frame-pointer -Wno-unused-result -Wsign-compare -DDYNAMIC_ANNOTATIONS_ENABLED=1 -g -Ofast -Wall -Wstrict-prototypes -fomit-frame-pointer -funroll-loops -ffast-math -Ofast -fno-signed-zeros -ffp-contract=fast -mmmx -msse -flto -fomit-frame-pointer -funroll-loops -ffast-math -Ofast -fno-signed-zeros -ffp-contract=fast -mmmx -msse -flto -std=c99 -Wextra -Wno-unused-result -Wno-unused-parameter -Wno-missing-field-initializers -fomit-frame-pointer -funroll-loops -ffast-math -Ofast -fno-signed-zeros -ffp-contract=fast -mmmx -msse -flto -march=native -I./Include -I. -I/usr/local/opt/openblas/include -I/usr/local/opt/llvm/include -I/usr/local/opt/sqlite/include -I/usr/local/opt/readline/include -I/usr/local/opt/openssl@1.1/include -I/usr/local/include -I/Users/dojo/Library/Caches/Homebrew/Python-3.6.2/Include -I/Users/dojo/Library/Caches/Homebrew/Python-3.6.2 -c /Users/dojo/Library/Caches/Homebrew/Python-3.6.2/Modules/rotatingtree.c -o build/temp.macosx-10.12.6-x86_64-3.6-pydebug/Users/dojo/Library/Caches/Homebrew/Python-3.6.2/Modules/rotatingtree.o
building 'unicodedata' extension
cc -fsanitize=address -fno-omit-frame-pointer -Wno-unused-result -Wsign-compare -DDYNAMIC_ANNOTATIONS_ENABLED=1 -g -Ofast -Wall -Wstrict-prototypes -fomit-frame-pointer -funroll-loops -ffast-math -Ofast -fno-signed-zeros -ffp-contract=fast -mmmx -msse -flto -fomit-frame-pointer -funroll-loops -ffast-math -Ofast -fno-signed-zeros -ffp-contract=fast -mmmx -msse -flto -std=c99 -Wextra -Wno-unused-result -Wno-unused-parameter -Wno-missing-field-initializers -fomit-frame-pointer -funroll-loops -ffast-math -Ofast -fno-signed-zeros -ffp-contract=fast -mmmx -msse -flto -march=native -I./Include -I. -I/usr/local/opt/openblas/include -I/usr/local/opt/llvm/include -I/usr/local/opt/sqlite/include -I/usr/local/opt/readline/include -I/usr/local/opt/openssl@1.1/include -I/usr/local/include -I/Users/dojo/Library/Caches/Homebrew/Python-3.6.2/Include -I/Users/dojo/Library/Caches/Homebrew/Python-3.6.2 -c /Users/dojo/Library/Caches/Homebrew/Python-3.6.2/Modules/unicodedata.c -o build/temp.macosx-10.12.6-x86_64-3.6-pydebug/Users/dojo/Library/Caches/Homebrew/Python-3.6.2/Modules/unicodedata.o
cc -bundle -undefined dynamic_lookup -fsanitize=address -L/usr/local/opt/openblas/lib -L/usr/local/opt/llvm/lib -L/usr/local/opt/sqlite/lib -L/usr/local/opt/readline/lib -L/usr/local/opt/openssl@1.1/lib -L/usr/local/opt/openblas/lib -L/usr/local/opt/llvm/lib -L/usr/local/opt/sqlite/lib -L/usr/local/opt/readline/lib -L/usr/local/opt/openssl@1.1/lib -L/usr/local/opt/openblas/lib -L/usr/local/opt/llvm/lib -L/usr/local/opt/sqlite/lib -L/usr/local/opt/readline/lib -L/usr/local/opt/openssl@1.1/lib -fomit-frame-pointer -funroll-loops -ffast-math -Ofast -fno-signed-zeros -ffp-contract=fast -mmmx -msse -flto -I/usr/local/opt/openblas/include -I/usr/local/opt/llvm/include -I/usr/local/opt/sqlite/include -I/usr/local/opt/readline/include -I/usr/local/opt/openssl@1.1/include -march=native build/temp.macosx-10.12.6-x86_64-3.6-pydebug/Users/dojo/Library/Caches/Homebrew/Python-3.6.2/Modules/_lsprof.o build/temp.macosx-10.12.6-x86_64-3.6-pydebug/Users/dojo/Library/Caches/Homebrew/Python-3.6.2/Modules/rotatingtree.o -L. -L/usr/local/opt/openblas/lib -L/usr/local/opt/llvm/lib -L/usr/local/opt/sqlite/lib -L/usr/local/opt/readline/lib -L/usr/local/opt/openssl@1.1/lib -L/usr/local/lib -o build/lib.macosx-10.12.6-x86_64-3.6-pydebug/_lsprof.cpython-36dm-darwin.so
building '_opcode' extension
cc -fsanitize=address -fno-omit-frame-pointer -Wno-unused-result -Wsign-compare -DDYNAMIC_ANNOTATIONS_ENABLED=1 -g -Ofast -Wall -Wstrict-prototypes -fomit-frame-pointer -funroll-loops -ffast-math -Ofast -fno-signed-zeros -ffp-contract=fast -mmmx -msse -flto -fomit-frame-pointer -funroll-loops -ffast-math -Ofast -fno-signed-zeros -ffp-contract=fast -mmmx -msse -flto -std=c99 -Wextra -Wno-unused-result -Wno-unused-parameter -Wno-missing-field-initializers -fomit-frame-pointer -funroll-loops -ffast-math -Ofast -fno-signed-zeros -ffp-contract=fast -mmmx -msse -flto -march=native -I./Include -I. -I/usr/local/opt/openblas/include -I/usr/local/opt/llvm/include -I/usr/local/opt/sqlite/include -I/usr/local/opt/readline/include -I/usr/local/opt/openssl@1.1/include -I/usr/local/include -I/Users/dojo/Library/Caches/Homebrew/Python-3.6.2/Include -I/Users/dojo/Library/Caches/Homebrew/Python-3.6.2 -c /Users/dojo/Library/Caches/Homebrew/Python-3.6.2/Modules/_opcode.c -o build/temp.macosx-10.12.6-x86_64-3.6-pydebug/Users/dojo/Library/Caches/Homebrew/Python-3.6.2/Modules/_opcode.o
building '_asyncio' extension
cc -fsanitize=address -fno-omit-frame-pointer -Wno-unused-result -Wsign-compare -DDYNAMIC_ANNOTATIONS_ENABLED=1 -g -Ofast -Wall -Wstrict-prototypes -fomit-frame-pointer -funroll-loops -ffast-math -Ofast -fno-signed-zeros -ffp-contract=fast -mmmx -msse -flto -fomit-frame-pointer -funroll-loops -ffast-math -Ofast -fno-signed-zeros -ffp-contract=fast -mmmx -msse -flto -std=c99 -Wextra -Wno-unused-result -Wno-unused-parameter -Wno-missing-field-initializers -fomit-frame-pointer -funroll-loops -ffast-math -Ofast -fno-signed-zeros -ffp-contract=fast -mmmx -msse -flto -march=native -I./Include -I. -I/usr/local/opt/openblas/include -I/usr/local/opt/llvm/include -I/usr/local/opt/sqlite/include -I/usr/local/opt/readline/include -I/usr/local/opt/openssl@1.1/include -I/usr/local/include -I/Users/dojo/Library/Caches/Homebrew/Python-3.6.2/Include -I/Users/dojo/Library/Caches/Homebrew/Python-3.6.2 -c /Users/dojo/Library/Caches/Homebrew/Python-3.6.2/Modules/_asynciomodule.c -o build/temp.macosx-10.12.6-x86_64-3.6-pydebug/Users/dojo/Library/Caches/Homebrew/Python-3.6.2/Modules/_asynciomodule.o
cc -bundle -undefined dynamic_lookup -fsanitize=address -L/usr/local/opt/openblas/lib -L/usr/local/opt/llvm/lib -L/usr/local/opt/sqlite/lib -L/usr/local/opt/readline/lib -L/usr/local/opt/openssl@1.1/lib -L/usr/local/opt/openblas/lib -L/usr/local/opt/llvm/lib -L/usr/local/opt/sqlite/lib -L/usr/local/opt/readline/lib -L/usr/local/opt/openssl@1.1/lib -L/usr/local/opt/openblas/lib -L/usr/local/opt/llvm/lib -L/usr/local/opt/sqlite/lib -L/usr/local/opt/readline/lib -L/usr/local/opt/openssl@1.1/lib -fomit-frame-pointer -funroll-loops -ffast-math -Ofast -fno-signed-zeros -ffp-contract=fast -mmmx -msse -flto -I/usr/local/opt/openblas/include -I/usr/local/opt/llvm/include -I/usr/local/opt/sqlite/include -I/usr/local/opt/readline/include -I/usr/local/opt/openssl@1.1/include -march=native build/temp.macosx-10.12.6-x86_64-3.6-pydebug/Users/dojo/Library/Caches/Homebrew/Python-3.6.2/Modules/_opcode.o -L. -L/usr/local/opt/openblas/lib -L/usr/local/opt/llvm/lib -L/usr/local/opt/sqlite/lib -L/usr/local/opt/readline/lib -L/usr/local/opt/openssl@1.1/lib -L/usr/local/lib -o build/lib.macosx-10.12.6-x86_64-3.6-pydebug/_opcode.cpython-36dm-darwin.so
building 'fcntl' extension
cc -fsanitize=address -fno-omit-frame-pointer -Wno-unused-result -Wsign-compare -DDYNAMIC_ANNOTATIONS_ENABLED=1 -g -Ofast -Wall -Wstrict-prototypes -fomit-frame-pointer -funroll-loops -ffast-math -Ofast -fno-signed-zeros -ffp-contract=fast -mmmx -msse -flto -fomit-frame-pointer -funroll-loops -ffast-math -Ofast -fno-signed-zeros -ffp-contract=fast -mmmx -msse -flto -std=c99 -Wextra -Wno-unused-result -Wno-unused-parameter -Wno-missing-field-initializers -fomit-frame-pointer -funroll-loops -ffast-math -Ofast -fno-signed-zeros -ffp-contract=fast -mmmx -msse -flto -march=native -I./Include -I. -I/usr/local/opt/openblas/include -I/usr/local/opt/llvm/include -I/usr/local/opt/sqlite/include -I/usr/local/opt/readline/include -I/usr/local/opt/openssl@1.1/include -I/usr/local/include -I/Users/dojo/Library/Caches/Homebrew/Python-3.6.2/Include -I/Users/dojo/Library/Caches/Homebrew/Python-3.6.2 -c /Users/dojo/Library/Caches/Homebrew/Python-3.6.2/Modules/fcntlmodule.c -o build/temp.macosx-10.12.6-x86_64-3.6-pydebug/Users/dojo/Library/Caches/Homebrew/Python-3.6.2/Modules/fcntlmodule.o
cc -bundle -undefined dynamic_lookup -fsanitize=address -L/usr/local/opt/openblas/lib -L/usr/local/opt/llvm/lib -L/usr/local/opt/sqlite/lib -L/usr/local/opt/readline/lib -L/usr/local/opt/openssl@1.1/lib -L/usr/local/opt/openblas/lib -L/usr/local/opt/llvm/lib -L/usr/local/opt/sqlite/lib -L/usr/local/opt/readline/lib -L/usr/local/opt/openssl@1.1/lib -L/usr/local/opt/openblas/lib -L/usr/local/opt/llvm/lib -L/usr/local/opt/sqlite/lib -L/usr/local/opt/readline/lib -L/usr/local/opt/openssl@1.1/lib -fomit-frame-pointer -funroll-loops -ffast-math -Ofast -fno-signed-zeros -ffp-contract=fast -mmmx -msse -flto -I/usr/local/opt/openblas/include -I/usr/local/opt/llvm/include -I/usr/local/opt/sqlite/include -I/usr/local/opt/readline/include -I/usr/local/opt/openssl@1.1/include -march=native build/temp.macosx-10.12.6-x86_64-3.6-pydebug/Users/dojo/Library/Caches/Homebrew/Python-3.6.2/Modules/_asynciomodule.o -L. -L/usr/local/opt/openblas/lib -L/usr/local/opt/llvm/lib -L/usr/local/opt/sqlite/lib -L/usr/local/opt/readline/lib -L/usr/local/opt/openssl@1.1/lib -L/usr/local/lib -o build/lib.macosx-10.12.6-x86_64-3.6-pydebug/_asyncio.cpython-36dm-darwin.so
cc -bundle -undefined dynamic_lookup -fsanitize=address -L/usr/local/opt/openblas/lib -L/usr/local/opt/llvm/lib -L/usr/local/opt/sqlite/lib -L/usr/local/opt/readline/lib -L/usr/local/opt/openssl@1.1/lib -L/usr/local/opt/openblas/lib -L/usr/local/opt/llvm/lib -L/usr/local/opt/sqlite/lib -L/usr/local/opt/readline/lib -L/usr/local/opt/openssl@1.1/lib -L/usr/local/opt/openblas/lib -L/usr/local/opt/llvm/lib -L/usr/local/opt/sqlite/lib -L/usr/local/opt/readline/lib -L/usr/local/opt/openssl@1.1/lib -fomit-frame-pointer -funroll-loops -ffast-math -Ofast -fno-signed-zeros -ffp-contract=fast -mmmx -msse -flto -I/usr/local/opt/openblas/include -I/usr/local/opt/llvm/include -I/usr/local/opt/sqlite/include -I/usr/local/opt/readline/include -I/usr/local/opt/openssl@1.1/include -march=native build/temp.macosx-10.12.6-x86_64-3.6-pydebug/Users/dojo/Library/Caches/Homebrew/Python-3.6.2/Modules/fcntlmodule.o -L. -L/usr/local/opt/openblas/lib -L/usr/local/opt/llvm/lib -L/usr/local/opt/sqlite/lib -L/usr/local/opt/readline/lib -L/usr/local/opt/openssl@1.1/lib -L/usr/local/lib -o build/lib.macosx-10.12.6-x86_64-3.6-pydebug/fcntl.cpython-36dm-darwin.so
building 'grp' extension
cc -fsanitize=address -fno-omit-frame-pointer -Wno-unused-result -Wsign-compare -DDYNAMIC_ANNOTATIONS_ENABLED=1 -g -Ofast -Wall -Wstrict-prototypes -fomit-frame-pointer -funroll-loops -ffast-math -Ofast -fno-signed-zeros -ffp-contract=fast -mmmx -msse -flto -fomit-frame-pointer -funroll-loops -ffast-math -Ofast -fno-signed-zeros -ffp-contract=fast -mmmx -msse -flto -std=c99 -Wextra -Wno-unused-result -Wno-unused-parameter -Wno-missing-field-initializers -fomit-frame-pointer -funroll-loops -ffast-math -Ofast -fno-signed-zeros -ffp-contract=fast -mmmx -msse -flto -march=native -I./Include -I. -I/usr/local/opt/openblas/include -I/usr/local/opt/llvm/include -I/usr/local/opt/sqlite/include -I/usr/local/opt/readline/include -I/usr/local/opt/openssl@1.1/include -I/usr/local/include -I/Users/dojo/Library/Caches/Homebrew/Python-3.6.2/Include -I/Users/dojo/Library/Caches/Homebrew/Python-3.6.2 -c /Users/dojo/Library/Caches/Homebrew/Python-3.6.2/Modules/grpmodule.c -o build/temp.macosx-10.12.6-x86_64-3.6-pydebug/Users/dojo/Library/Caches/Homebrew/Python-3.6.2/Modules/grpmodule.o
cc -bundle -undefined dynamic_lookup -fsanitize=address -L/usr/local/opt/openblas/lib -L/usr/local/opt/llvm/lib -L/usr/local/opt/sqlite/lib -L/usr/local/opt/readline/lib -L/usr/local/opt/openssl@1.1/lib -L/usr/local/opt/openblas/lib -L/usr/local/opt/llvm/lib -L/usr/local/opt/sqlite/lib -L/usr/local/opt/readline/lib -L/usr/local/opt/openssl@1.1/lib -L/usr/local/opt/openblas/lib -L/usr/local/opt/llvm/lib -L/usr/local/opt/sqlite/lib -L/usr/local/opt/readline/lib -L/usr/local/opt/openssl@1.1/lib -fomit-frame-pointer -funroll-loops -ffast-math -Ofast -fno-signed-zeros -ffp-contract=fast -mmmx -msse -flto -I/usr/local/opt/openblas/include -I/usr/local/opt/llvm/include -I/usr/local/opt/sqlite/include -I/usr/local/opt/readline/include -I/usr/local/opt/openssl@1.1/include -march=native build/temp.macosx-10.12.6-x86_64-3.6-pydebug/Users/dojo/Library/Caches/Homebrew/Python-3.6.2/Modules/unicodedata.o -L. -L/usr/local/opt/openblas/lib -L/usr/local/opt/llvm/lib -L/usr/local/opt/sqlite/lib -L/usr/local/opt/readline/lib -L/usr/local/opt/openssl@1.1/lib -L/usr/local/lib -o build/lib.macosx-10.12.6-x86_64-3.6-pydebug/unicodedata.cpython-36dm-darwin.so
cc -bundle -undefined dynamic_lookup -fsanitize=address -L/usr/local/opt/openblas/lib -L/usr/local/opt/llvm/lib -L/usr/local/opt/sqlite/lib -L/usr/local/opt/readline/lib -L/usr/local/opt/openssl@1.1/lib -L/usr/local/opt/openblas/lib -L/usr/local/opt/llvm/lib -L/usr/local/opt/sqlite/lib -L/usr/local/opt/readline/lib -L/usr/local/opt/openssl@1.1/lib -L/usr/local/opt/openblas/lib -L/usr/local/opt/llvm/lib -L/usr/local/opt/sqlite/lib -L/usr/local/opt/readline/lib -L/usr/local/opt/openssl@1.1/lib -fomit-frame-pointer -funroll-loops -ffast-math -Ofast -fno-signed-zeros -ffp-contract=fast -mmmx -msse -flto -I/usr/local/opt/openblas/include -I/usr/local/opt/llvm/include -I/usr/local/opt/sqlite/include -I/usr/local/opt/readline/include -I/usr/local/opt/openssl@1.1/include -march=native build/temp.macosx-10.12.6-x86_64-3.6-pydebug/Users/dojo/Library/Caches/Homebrew/Python-3.6.2/Modules/grpmodule.o -L. -L/usr/local/opt/openblas/lib -L/usr/local/opt/llvm/lib -L/usr/local/opt/sqlite/lib -L/usr/local/opt/readline/lib -L/usr/local/opt/openssl@1.1/lib -L/usr/local/lib -o build/lib.macosx-10.12.6-x86_64-3.6-pydebug/grp.cpython-36dm-darwin.so
building 'select' extension
cc -fsanitize=address -fno-omit-frame-pointer -Wno-unused-result -Wsign-compare -DDYNAMIC_ANNOTATIONS_ENABLED=1 -g -Ofast -Wall -Wstrict-prototypes -fomit-frame-pointer -funroll-loops -ffast-math -Ofast -fno-signed-zeros -ffp-contract=fast -mmmx -msse -flto -fomit-frame-pointer -funroll-loops -ffast-math -Ofast -fno-signed-zeros -ffp-contract=fast -mmmx -msse -flto -std=c99 -Wextra -Wno-unused-result -Wno-unused-parameter -Wno-missing-field-initializers -fomit-frame-pointer -funroll-loops -ffast-math -Ofast -fno-signed-zeros -ffp-contract=fast -mmmx -msse -flto -march=native -I./Include -I. -I/usr/local/opt/openblas/include -I/usr/local/opt/llvm/include -I/usr/local/opt/sqlite/include -I/usr/local/opt/readline/include -I/usr/local/opt/openssl@1.1/include -I/usr/local/include -I/Users/dojo/Library/Caches/Homebrew/Python-3.6.2/Include -I/Users/dojo/Library/Caches/Homebrew/Python-3.6.2 -c /Users/dojo/Library/Caches/Homebrew/Python-3.6.2/Modules/selectmodule.c -o build/temp.macosx-10.12.6-x86_64-3.6-pydebug/Users/dojo/Library/Caches/Homebrew/Python-3.6.2/Modules/selectmodule.o
building 'parser' extension
building 'mmap' extension
cc -fsanitize=address -fno-omit-frame-pointer -Wno-unused-result -Wsign-compare -DDYNAMIC_ANNOTATIONS_ENABLED=1 -g -Ofast -Wall -Wstrict-prototypes -fomit-frame-pointer -funroll-loops -ffast-math -Ofast -fno-signed-zeros -ffp-contract=fast -mmmx -msse -flto -fomit-frame-pointer -funroll-loops -ffast-math -Ofast -fno-signed-zeros -ffp-contract=fast -mmmx -msse -flto -std=c99 -Wextra -Wno-unused-result -Wno-unused-parameter -Wno-missing-field-initializers -fomit-frame-pointer -funroll-loops -ffast-math -Ofast -fno-signed-zeros -ffp-contract=fast -mmmx -msse -flto -march=native -I./Include -I. -I/usr/local/opt/openblas/include -I/usr/local/opt/llvm/include -I/usr/local/opt/sqlite/include -I/usr/local/opt/readline/include -I/usr/local/opt/openssl@1.1/include -I/usr/local/include -I/Users/dojo/Library/Caches/Homebrew/Python-3.6.2/Include -I/Users/dojo/Library/Caches/Homebrew/Python-3.6.2 -c /Users/dojo/Library/Caches/Homebrew/Python-3.6.2/Modules/parsermodule.c -o build/temp.macosx-10.12.6-x86_64-3.6-pydebug/Users/dojo/Library/Caches/Homebrew/Python-3.6.2/Modules/parsermodule.o
cc -fsanitize=address -fno-omit-frame-pointer -Wno-unused-result -Wsign-compare -DDYNAMIC_ANNOTATIONS_ENABLED=1 -g -Ofast -Wall -Wstrict-prototypes -fomit-frame-pointer -funroll-loops -ffast-math -Ofast -fno-signed-zeros -ffp-contract=fast -mmmx -msse -flto -fomit-frame-pointer -funroll-loops -ffast-math -Ofast -fno-signed-zeros -ffp-contract=fast -mmmx -msse -flto -std=c99 -Wextra -Wno-unused-result -Wno-unused-parameter -Wno-missing-field-initializers -fomit-frame-pointer -funroll-loops -ffast-math -Ofast -fno-signed-zeros -ffp-contract=fast -mmmx -msse -flto -march=native -I./Include -I. -I/usr/local/opt/openblas/include -I/usr/local/opt/llvm/include -I/usr/local/opt/sqlite/include -I/usr/local/opt/readline/include -I/usr/local/opt/openssl@1.1/include -I/usr/local/include -I/Users/dojo/Library/Caches/Homebrew/Python-3.6.2/Include -I/Users/dojo/Library/Caches/Homebrew/Python-3.6.2 -c /Users/dojo/Library/Caches/Homebrew/Python-3.6.2/Modules/mmapmodule.c -o build/temp.macosx-10.12.6-x86_64-3.6-pydebug/Users/dojo/Library/Caches/Homebrew/Python-3.6.2/Modules/mmapmodule.o
building 'syslog' extension
cc -fsanitize=address -fno-omit-frame-pointer -Wno-unused-result -Wsign-compare -DDYNAMIC_ANNOTATIONS_ENABLED=1 -g -Ofast -Wall -Wstrict-prototypes -fomit-frame-pointer -funroll-loops -ffast-math -Ofast -fno-signed-zeros -ffp-contract=fast -mmmx -msse -flto -fomit-frame-pointer -funroll-loops -ffast-math -Ofast -fno-signed-zeros -ffp-contract=fast -mmmx -msse -flto -std=c99 -Wextra -Wno-unused-result -Wno-unused-parameter -Wno-missing-field-initializers -fomit-frame-pointer -funroll-loops -ffast-math -Ofast -fno-signed-zeros -ffp-contract=fast -mmmx -msse -flto -march=native -I./Include -I. -I/usr/local/opt/openblas/include -I/usr/local/opt/llvm/include -I/usr/local/opt/sqlite/include -I/usr/local/opt/readline/include -I/usr/local/opt/openssl@1.1/include -I/usr/local/include -I/Users/dojo/Library/Caches/Homebrew/Python-3.6.2/Include -I/Users/dojo/Library/Caches/Homebrew/Python-3.6.2 -c /Users/dojo/Library/Caches/Homebrew/Python-3.6.2/Modules/syslogmodule.c -o build/temp.macosx-10.12.6-x86_64-3.6-pydebug/Users/dojo/Library/Caches/Homebrew/Python-3.6.2/Modules/syslogmodule.o
cc -bundle -undefined dynamic_lookup -fsanitize=address -L/usr/local/opt/openblas/lib -L/usr/local/opt/llvm/lib -L/usr/local/opt/sqlite/lib -L/usr/local/opt/readline/lib -L/usr/local/opt/openssl@1.1/lib -L/usr/local/opt/openblas/lib -L/usr/local/opt/llvm/lib -L/usr/local/opt/sqlite/lib -L/usr/local/opt/readline/lib -L/usr/local/opt/openssl@1.1/lib -L/usr/local/opt/openblas/lib -L/usr/local/opt/llvm/lib -L/usr/local/opt/sqlite/lib -L/usr/local/opt/readline/lib -L/usr/local/opt/openssl@1.1/lib -fomit-frame-pointer -funroll-loops -ffast-math -Ofast -fno-signed-zeros -ffp-contract=fast -mmmx -msse -flto -I/usr/local/opt/openblas/include -I/usr/local/opt/llvm/include -I/usr/local/opt/sqlite/include -I/usr/local/opt/readline/include -I/usr/local/opt/openssl@1.1/include -march=native build/temp.macosx-10.12.6-x86_64-3.6-pydebug/Users/dojo/Library/Caches/Homebrew/Python-3.6.2/Modules/selectmodule.o -L. -L/usr/local/opt/openblas/lib -L/usr/local/opt/llvm/lib -L/usr/local/opt/sqlite/lib -L/usr/local/opt/readline/lib -L/usr/local/opt/openssl@1.1/lib -L/usr/local/lib -o build/lib.macosx-10.12.6-x86_64-3.6-pydebug/select.cpython-36dm-darwin.so
cc -bundle -undefined dynamic_lookup -fsanitize=address -L/usr/local/opt/openblas/lib -L/usr/local/opt/llvm/lib -L/usr/local/opt/sqlite/lib -L/usr/local/opt/readline/lib -L/usr/local/opt/openssl@1.1/lib -L/usr/local/opt/openblas/lib -L/usr/local/opt/llvm/lib -L/usr/local/opt/sqlite/lib -L/usr/local/opt/readline/lib -L/usr/local/opt/openssl@1.1/lib -L/usr/local/opt/openblas/lib -L/usr/local/opt/llvm/lib -L/usr/local/opt/sqlite/lib -L/usr/local/opt/readline/lib -L/usr/local/opt/openssl@1.1/lib -fomit-frame-pointer -funroll-loops -ffast-math -Ofast -fno-signed-zeros -ffp-contract=fast -mmmx -msse -flto -I/usr/local/opt/openblas/include -I/usr/local/opt/llvm/include -I/usr/local/opt/sqlite/include -I/usr/local/opt/readline/include -I/usr/local/opt/openssl@1.1/include -march=native build/temp.macosx-10.12.6-x86_64-3.6-pydebug/Users/dojo/Library/Caches/Homebrew/Python-3.6.2/Modules/parsermodule.o -L. -L/usr/local/opt/openblas/lib -L/usr/local/opt/llvm/lib -L/usr/local/opt/sqlite/lib -L/usr/local/opt/readline/lib -L/usr/local/opt/openssl@1.1/lib -L/usr/local/lib -o build/lib.macosx-10.12.6-x86_64-3.6-pydebug/parser.cpython-36dm-darwin.so
cc -bundle -undefined dynamic_lookup -fsanitize=address -L/usr/local/opt/openblas/lib -L/usr/local/opt/llvm/lib -L/usr/local/opt/sqlite/lib -L/usr/local/opt/readline/lib -L/usr/local/opt/openssl@1.1/lib -L/usr/local/opt/openblas/lib -L/usr/local/opt/llvm/lib -L/usr/local/opt/sqlite/lib -L/usr/local/opt/readline/lib -L/usr/local/opt/openssl@1.1/lib -L/usr/local/opt/openblas/lib -L/usr/local/opt/llvm/lib -L/usr/local/opt/sqlite/lib -L/usr/local/opt/readline/lib -L/usr/local/opt/openssl@1.1/lib -fomit-frame-pointer -funroll-loops -ffast-math -Ofast -fno-signed-zeros -ffp-contract=fast -mmmx -msse -flto -I/usr/local/opt/openblas/include -I/usr/local/opt/llvm/include -I/usr/local/opt/sqlite/include -I/usr/local/opt/readline/include -I/usr/local/opt/openssl@1.1/include -march=native build/temp.macosx-10.12.6-x86_64-3.6-pydebug/Users/dojo/Library/Caches/Homebrew/Python-3.6.2/Modules/mmapmodule.o -L. -L/usr/local/opt/openblas/lib -L/usr/local/opt/llvm/lib -L/usr/local/opt/sqlite/lib -L/usr/local/opt/readline/lib -L/usr/local/opt/openssl@1.1/lib -L/usr/local/lib -o build/lib.macosx-10.12.6-x86_64-3.6-pydebug/mmap.cpython-36dm-darwin.so
cc -bundle -undefined dynamic_lookup -fsanitize=address -L/usr/local/opt/openblas/lib -L/usr/local/opt/llvm/lib -L/usr/local/opt/sqlite/lib -L/usr/local/opt/readline/lib -L/usr/local/opt/openssl@1.1/lib -L/usr/local/opt/openblas/lib -L/usr/local/opt/llvm/lib -L/usr/local/opt/sqlite/lib -L/usr/local/opt/readline/lib -L/usr/local/opt/openssl@1.1/lib -L/usr/local/opt/openblas/lib -L/usr/local/opt/llvm/lib -L/usr/local/opt/sqlite/lib -L/usr/local/opt/readline/lib -L/usr/local/opt/openssl@1.1/lib -fomit-frame-pointer -funroll-loops -ffast-math -Ofast -fno-signed-zeros -ffp-contract=fast -mmmx -msse -flto -I/usr/local/opt/openblas/include -I/usr/local/opt/llvm/include -I/usr/local/opt/sqlite/include -I/usr/local/opt/readline/include -I/usr/local/opt/openssl@1.1/include -march=native build/temp.macosx-10.12.6-x86_64-3.6-pydebug/Users/dojo/Library/Caches/Homebrew/Python-3.6.2/Modules/syslogmodule.o -L. -L/usr/local/opt/openblas/lib -L/usr/local/opt/llvm/lib -L/usr/local/opt/sqlite/lib -L/usr/local/opt/readline/lib -L/usr/local/opt/openssl@1.1/lib -L/usr/local/lib -o build/lib.macosx-10.12.6-x86_64-3.6-pydebug/syslog.cpython-36dm-darwin.so
building 'audioop' extension
building 'readline' extension
cc -fsanitize=address -fno-omit-frame-pointer -Wno-unused-result -Wsign-compare -DDYNAMIC_ANNOTATIONS_ENABLED=1 -g -Ofast -Wall -Wstrict-prototypes -fomit-frame-pointer -funroll-loops -ffast-math -Ofast -fno-signed-zeros -ffp-contract=fast -mmmx -msse -flto -fomit-frame-pointer -funroll-loops -ffast-math -Ofast -fno-signed-zeros -ffp-contract=fast -mmmx -msse -flto -std=c99 -Wextra -Wno-unused-result -Wno-unused-parameter -Wno-missing-field-initializers -fomit-frame-pointer -funroll-loops -ffast-math -Ofast -fno-signed-zeros -ffp-contract=fast -mmmx -msse -flto -march=native -I./Include -I. -I/usr/local/opt/openblas/include -I/usr/local/opt/llvm/include -I/usr/local/opt/sqlite/include -I/usr/local/opt/readline/include -I/usr/local/opt/openssl@1.1/include -I/usr/local/include -I/Users/dojo/Library/Caches/Homebrew/Python-3.6.2/Include -I/Users/dojo/Library/Caches/Homebrew/Python-3.6.2 -c /Users/dojo/Library/Caches/Homebrew/Python-3.6.2/Modules/audioop.c -o build/temp.macosx-10.12.6-x86_64-3.6-pydebug/Users/dojo/Library/Caches/Homebrew/Python-3.6.2/Modules/audioop.o
cc -fsanitize=address -fno-omit-frame-pointer -Wno-unused-result -Wsign-compare -DDYNAMIC_ANNOTATIONS_ENABLED=1 -g -Ofast -Wall -Wstrict-prototypes -fomit-frame-pointer -funroll-loops -ffast-math -Ofast -fno-signed-zeros -ffp-contract=fast -mmmx -msse -flto -fomit-frame-pointer -funroll-loops -ffast-math -Ofast -fno-signed-zeros -ffp-contract=fast -mmmx -msse -flto -std=c99 -Wextra -Wno-unused-result -Wno-unused-parameter -Wno-missing-field-initializers -fomit-frame-pointer -funroll-loops -ffast-math -Ofast -fno-signed-zeros -ffp-contract=fast -mmmx -msse -flto -march=native -I./Include -I. -I/usr/local/opt/openblas/include -I/usr/local/opt/llvm/include -I/usr/local/opt/sqlite/include -I/usr/local/opt/readline/include -I/usr/local/opt/openssl@1.1/include -I/usr/local/include -I/Users/dojo/Library/Caches/Homebrew/Python-3.6.2/Include -I/Users/dojo/Library/Caches/Homebrew/Python-3.6.2 -c /Users/dojo/Library/Caches/Homebrew/Python-3.6.2/Modules/readline.c -o build/temp.macosx-10.12.6-x86_64-3.6-pydebug/Users/dojo/Library/Caches/Homebrew/Python-3.6.2/Modules/readline.o
building '_crypt' extension
building '_csv' extension
cc -fsanitize=address -fno-omit-frame-pointer -Wno-unused-result -Wsign-compare -DDYNAMIC_ANNOTATIONS_ENABLED=1 -g -Ofast -Wall -Wstrict-prototypes -fomit-frame-pointer -funroll-loops -ffast-math -Ofast -fno-signed-zeros -ffp-contract=fast -mmmx -msse -flto -fomit-frame-pointer -funroll-loops -ffast-math -Ofast -fno-signed-zeros -ffp-contract=fast -mmmx -msse -flto -std=c99 -Wextra -Wno-unused-result -Wno-unused-parameter -Wno-missing-field-initializers -fomit-frame-pointer -funroll-loops -ffast-math -Ofast -fno-signed-zeros -ffp-contract=fast -mmmx -msse -flto -march=native -I./Include -I. -I/usr/local/opt/openblas/include -I/usr/local/opt/llvm/include -I/usr/local/opt/sqlite/include -I/usr/local/opt/readline/include -I/usr/local/opt/openssl@1.1/include -I/usr/local/include -I/Users/dojo/Library/Caches/Homebrew/Python-3.6.2/Include -I/Users/dojo/Library/Caches/Homebrew/Python-3.6.2 -c /Users/dojo/Library/Caches/Homebrew/Python-3.6.2/Modules/_cryptmodule.c -o build/temp.macosx-10.12.6-x86_64-3.6-pydebug/Users/dojo/Library/Caches/Homebrew/Python-3.6.2/Modules/_cryptmodule.o
cc -fsanitize=address -fno-omit-frame-pointer -Wno-unused-result -Wsign-compare -DDYNAMIC_ANNOTATIONS_ENABLED=1 -g -Ofast -Wall -Wstrict-prototypes -fomit-frame-pointer -funroll-loops -ffast-math -Ofast -fno-signed-zeros -ffp-contract=fast -mmmx -msse -flto -fomit-frame-pointer -funroll-loops -ffast-math -Ofast -fno-signed-zeros -ffp-contract=fast -mmmx -msse -flto -std=c99 -Wextra -Wno-unused-result -Wno-unused-parameter -Wno-missing-field-initializers -fomit-frame-pointer -funroll-loops -ffast-math -Ofast -fno-signed-zeros -ffp-contract=fast -mmmx -msse -flto -march=native -I./Include -I. -I/usr/local/opt/openblas/include -I/usr/local/opt/llvm/include -I/usr/local/opt/sqlite/include -I/usr/local/opt/readline/include -I/usr/local/opt/openssl@1.1/include -I/usr/local/include -I/Users/dojo/Library/Caches/Homebrew/Python-3.6.2/Include -I/Users/dojo/Library/Caches/Homebrew/Python-3.6.2 -c /Users/dojo/Library/Caches/Homebrew/Python-3.6.2/Modules/_csv.c -o build/temp.macosx-10.12.6-x86_64-3.6-pydebug/Users/dojo/Library/Caches/Homebrew/Python-3.6.2/Modules/_csv.o
cc -bundle -undefined dynamic_lookup -fsanitize=address -L/usr/local/opt/openblas/lib -L/usr/local/opt/llvm/lib -L/usr/local/opt/sqlite/lib -L/usr/local/opt/readline/lib -L/usr/local/opt/openssl@1.1/lib -L/usr/local/opt/openblas/lib -L/usr/local/opt/llvm/lib -L/usr/local/opt/sqlite/lib -L/usr/local/opt/readline/lib -L/usr/local/opt/openssl@1.1/lib -L/usr/local/opt/openblas/lib -L/usr/local/opt/llvm/lib -L/usr/local/opt/sqlite/lib -L/usr/local/opt/readline/lib -L/usr/local/opt/openssl@1.1/lib -fomit-frame-pointer -funroll-loops -ffast-math -Ofast -fno-signed-zeros -ffp-contract=fast -mmmx -msse -flto -I/usr/local/opt/openblas/include -I/usr/local/opt/llvm/include -I/usr/local/opt/sqlite/include -I/usr/local/opt/readline/include -I/usr/local/opt/openssl@1.1/include -march=native build/temp.macosx-10.12.6-x86_64-3.6-pydebug/Users/dojo/Library/Caches/Homebrew/Python-3.6.2/Modules/_cryptmodule.o -L. -L/usr/local/opt/openblas/lib -L/usr/local/opt/llvm/lib -L/usr/local/opt/sqlite/lib -L/usr/local/opt/readline/lib -L/usr/local/opt/openssl@1.1/lib -L/usr/local/lib -o build/lib.macosx-10.12.6-x86_64-3.6-pydebug/_crypt.cpython-36dm-darwin.so
cc -bundle -undefined dynamic_lookup -fsanitize=address -L/usr/local/opt/openblas/lib -L/usr/local/opt/llvm/lib -L/usr/local/opt/sqlite/lib -L/usr/local/opt/readline/lib -L/usr/local/opt/openssl@1.1/lib -L/usr/local/opt/openblas/lib -L/usr/local/opt/llvm/lib -L/usr/local/opt/sqlite/lib -L/usr/local/opt/readline/lib -L/usr/local/opt/openssl@1.1/lib -L/usr/local/opt/openblas/lib -L/usr/local/opt/llvm/lib -L/usr/local/opt/sqlite/lib -L/usr/local/opt/readline/lib -L/usr/local/opt/openssl@1.1/lib -fomit-frame-pointer -funroll-loops -ffast-math -Ofast -fno-signed-zeros -ffp-contract=fast -mmmx -msse -flto -I/usr/local/opt/openblas/include -I/usr/local/opt/llvm/include -I/usr/local/opt/sqlite/include -I/usr/local/opt/readline/include -I/usr/local/opt/openssl@1.1/include -march=native build/temp.macosx-10.12.6-x86_64-3.6-pydebug/Users/dojo/Library/Caches/Homebrew/Python-3.6.2/Modules/readline.o -L/usr/lib/termcap -L. -L/usr/local/opt/openblas/lib -L/usr/local/opt/llvm/lib -L/usr/local/opt/sqlite/lib -L/usr/local/opt/readline/lib -L/usr/local/opt/openssl@1.1/lib -L/usr/local/lib -lreadline -lncurses -o build/lib.macosx-10.12.6-x86_64-3.6-pydebug/readline.cpython-36dm-darwin.so
building '_posixsubprocess' extension
cc -fsanitize=address -fno-omit-frame-pointer -Wno-unused-result -Wsign-compare -DDYNAMIC_ANNOTATIONS_ENABLED=1 -g -Ofast -Wall -Wstrict-prototypes -fomit-frame-pointer -funroll-loops -ffast-math -Ofast -fno-signed-zeros -ffp-contract=fast -mmmx -msse -flto -fomit-frame-pointer -funroll-loops -ffast-math -Ofast -fno-signed-zeros -ffp-contract=fast -mmmx -msse -flto -std=c99 -Wextra -Wno-unused-result -Wno-unused-parameter -Wno-missing-field-initializers -fomit-frame-pointer -funroll-loops -ffast-math -Ofast -fno-signed-zeros -ffp-contract=fast -mmmx -msse -flto -march=native -I./Include -I. -I/usr/local/opt/openblas/include -I/usr/local/opt/llvm/include -I/usr/local/opt/sqlite/include -I/usr/local/opt/readline/include -I/usr/local/opt/openssl@1.1/include -I/usr/local/include -I/Users/dojo/Library/Caches/Homebrew/Python-3.6.2/Include -I/Users/dojo/Library/Caches/Homebrew/Python-3.6.2 -c /Users/dojo/Library/Caches/Homebrew/Python-3.6.2/Modules/_posixsubprocess.c -o build/temp.macosx-10.12.6-x86_64-3.6-pydebug/Users/dojo/Library/Caches/Homebrew/Python-3.6.2/Modules/_posixsubprocess.o
cc -bundle -undefined dynamic_lookup -fsanitize=address -L/usr/local/opt/openblas/lib -L/usr/local/opt/llvm/lib -L/usr/local/opt/sqlite/lib -L/usr/local/opt/readline/lib -L/usr/local/opt/openssl@1.1/lib -L/usr/local/opt/openblas/lib -L/usr/local/opt/llvm/lib -L/usr/local/opt/sqlite/lib -L/usr/local/opt/readline/lib -L/usr/local/opt/openssl@1.1/lib -L/usr/local/opt/openblas/lib -L/usr/local/opt/llvm/lib -L/usr/local/opt/sqlite/lib -L/usr/local/opt/readline/lib -L/usr/local/opt/openssl@1.1/lib -fomit-frame-pointer -funroll-loops -ffast-math -Ofast -fno-signed-zeros -ffp-contract=fast -mmmx -msse -flto -I/usr/local/opt/openblas/include -I/usr/local/opt/llvm/include -I/usr/local/opt/sqlite/include -I/usr/local/opt/readline/include -I/usr/local/opt/openssl@1.1/include -march=native build/temp.macosx-10.12.6-x86_64-3.6-pydebug/Users/dojo/Library/Caches/Homebrew/Python-3.6.2/Modules/_csv.o -L. -L/usr/local/opt/openblas/lib -L/usr/local/opt/llvm/lib -L/usr/local/opt/sqlite/lib -L/usr/local/opt/readline/lib -L/usr/local/opt/openssl@1.1/lib -L/usr/local/lib -o build/lib.macosx-10.12.6-x86_64-3.6-pydebug/_csv.cpython-36dm-darwin.so
cc -bundle -undefined dynamic_lookup -fsanitize=address -L/usr/local/opt/openblas/lib -L/usr/local/opt/llvm/lib -L/usr/local/opt/sqlite/lib -L/usr/local/opt/readline/lib -L/usr/local/opt/openssl@1.1/lib -L/usr/local/opt/openblas/lib -L/usr/local/opt/llvm/lib -L/usr/local/opt/sqlite/lib -L/usr/local/opt/readline/lib -L/usr/local/opt/openssl@1.1/lib -L/usr/local/opt/openblas/lib -L/usr/local/opt/llvm/lib -L/usr/local/opt/sqlite/lib -L/usr/local/opt/readline/lib -L/usr/local/opt/openssl@1.1/lib -fomit-frame-pointer -funroll-loops -ffast-math -Ofast -fno-signed-zeros -ffp-contract=fast -mmmx -msse -flto -I/usr/local/opt/openblas/include -I/usr/local/opt/llvm/include -I/usr/local/opt/sqlite/include -I/usr/local/opt/readline/include -I/usr/local/opt/openssl@1.1/include -march=native build/temp.macosx-10.12.6-x86_64-3.6-pydebug/Users/dojo/Library/Caches/Homebrew/Python-3.6.2/Modules/audioop.o -L. -L/usr/local/opt/openblas/lib -L/usr/local/opt/llvm/lib -L/usr/local/opt/sqlite/lib -L/usr/local/opt/readline/lib -L/usr/local/opt/openssl@1.1/lib -L/usr/local/lib -o build/lib.macosx-10.12.6-x86_64-3.6-pydebug/audioop.cpython-36dm-darwin.so
building '_socket' extension
cc -fsanitize=address -fno-omit-frame-pointer -Wno-unused-result -Wsign-compare -DDYNAMIC_ANNOTATIONS_ENABLED=1 -g -Ofast -Wall -Wstrict-prototypes -fomit-frame-pointer -funroll-loops -ffast-math -Ofast -fno-signed-zeros -ffp-contract=fast -mmmx -msse -flto -fomit-frame-pointer -funroll-loops -ffast-math -Ofast -fno-signed-zeros -ffp-contract=fast -mmmx -msse -flto -std=c99 -Wextra -Wno-unused-result -Wno-unused-parameter -Wno-missing-field-initializers -fomit-frame-pointer -funroll-loops -ffast-math -Ofast -fno-signed-zeros -ffp-contract=fast -mmmx -msse -flto -march=native -I./Include -I. -I/usr/local/opt/openblas/include -I/usr/local/opt/llvm/include -I/usr/local/opt/sqlite/include -I/usr/local/opt/readline/include -I/usr/local/opt/openssl@1.1/include -I/usr/local/include -I/Users/dojo/Library/Caches/Homebrew/Python-3.6.2/Include -I/Users/dojo/Library/Caches/Homebrew/Python-3.6.2 -c /Users/dojo/Library/Caches/Homebrew/Python-3.6.2/Modules/socketmodule.c -o build/temp.macosx-10.12.6-x86_64-3.6-pydebug/Users/dojo/Library/Caches/Homebrew/Python-3.6.2/Modules/socketmodule.o
cc -bundle -undefined dynamic_lookup -fsanitize=address -L/usr/local/opt/openblas/lib -L/usr/local/opt/llvm/lib -L/usr/local/opt/sqlite/lib -L/usr/local/opt/readline/lib -L/usr/local/opt/openssl@1.1/lib -L/usr/local/opt/openblas/lib -L/usr/local/opt/llvm/lib -L/usr/local/opt/sqlite/lib -L/usr/local/opt/readline/lib -L/usr/local/opt/openssl@1.1/lib -L/usr/local/opt/openblas/lib -L/usr/local/opt/llvm/lib -L/usr/local/opt/sqlite/lib -L/usr/local/opt/readline/lib -L/usr/local/opt/openssl@1.1/lib -fomit-frame-pointer -funroll-loops -ffast-math -Ofast -fno-signed-zeros -ffp-contract=fast -mmmx -msse -flto -I/usr/local/opt/openblas/include -I/usr/local/opt/llvm/include -I/usr/local/opt/sqlite/include -I/usr/local/opt/readline/include -I/usr/local/opt/openssl@1.1/include -march=native build/temp.macosx-10.12.6-x86_64-3.6-pydebug/Users/dojo/Library/Caches/Homebrew/Python-3.6.2/Modules/_posixsubprocess.o -L. -L/usr/local/opt/openblas/lib -L/usr/local/opt/llvm/lib -L/usr/local/opt/sqlite/lib -L/usr/local/opt/readline/lib -L/usr/local/opt/openssl@1.1/lib -L/usr/local/lib -o build/lib.macosx-10.12.6-x86_64-3.6-pydebug/_posixsubprocess.cpython-36dm-darwin.so
building '_ssl' extension
cc -fsanitize=address -fno-omit-frame-pointer -Wno-unused-result -Wsign-compare -DDYNAMIC_ANNOTATIONS_ENABLED=1 -g -Ofast -Wall -Wstrict-prototypes -fomit-frame-pointer -funroll-loops -ffast-math -Ofast -fno-signed-zeros -ffp-contract=fast -mmmx -msse -flto -fomit-frame-pointer -funroll-loops -ffast-math -Ofast -fno-signed-zeros -ffp-contract=fast -mmmx -msse -flto -std=c99 -Wextra -Wno-unused-result -Wno-unused-parameter -Wno-missing-field-initializers -fomit-frame-pointer -funroll-loops -ffast-math -Ofast -fno-signed-zeros -ffp-contract=fast -mmmx -msse -flto -march=native -I./Include -I. -I/usr/local/opt/openblas/include -I/usr/local/opt/llvm/include -I/usr/local/opt/sqlite/include -I/usr/local/opt/readline/include -I/usr/local/opt/openssl@1.1/include -I/usr/local/include -I/Users/dojo/Library/Caches/Homebrew/Python-3.6.2/Include -I/Users/dojo/Library/Caches/Homebrew/Python-3.6.2 -c /Users/dojo/Library/Caches/Homebrew/Python-3.6.2/Modules/_ssl.c -o build/temp.macosx-10.12.6-x86_64-3.6-pydebug/Users/dojo/Library/Caches/Homebrew/Python-3.6.2/Modules/_ssl.o
building '_hashlib' extension
cc -fsanitize=address -fno-omit-frame-pointer -Wno-unused-result -Wsign-compare -DDYNAMIC_ANNOTATIONS_ENABLED=1 -g -Ofast -Wall -Wstrict-prototypes -fomit-frame-pointer -funroll-loops -ffast-math -Ofast -fno-signed-zeros -ffp-contract=fast -mmmx -msse -flto -fomit-frame-pointer -funroll-loops -ffast-math -Ofast -fno-signed-zeros -ffp-contract=fast -mmmx -msse -flto -std=c99 -Wextra -Wno-unused-result -Wno-unused-parameter -Wno-missing-field-initializers -fomit-frame-pointer -funroll-loops -ffast-math -Ofast -fno-signed-zeros -ffp-contract=fast -mmmx -msse -flto -march=native -I./Include -I. -I/usr/local/opt/openblas/include -I/usr/local/opt/llvm/include -I/usr/local/opt/sqlite/include -I/usr/local/opt/readline/include -I/usr/local/opt/openssl@1.1/include -I/usr/local/include -I/Users/dojo/Library/Caches/Homebrew/Python-3.6.2/Include -I/Users/dojo/Library/Caches/Homebrew/Python-3.6.2 -c /Users/dojo/Library/Caches/Homebrew/Python-3.6.2/Modules/_hashopenssl.c -o build/temp.macosx-10.12.6-x86_64-3.6-pydebug/Users/dojo/Library/Caches/Homebrew/Python-3.6.2/Modules/_hashopenssl.o
cc -bundle -undefined dynamic_lookup -fsanitize=address -L/usr/local/opt/openblas/lib -L/usr/local/opt/llvm/lib -L/usr/local/opt/sqlite/lib -L/usr/local/opt/readline/lib -L/usr/local/opt/openssl@1.1/lib -L/usr/local/opt/openblas/lib -L/usr/local/opt/llvm/lib -L/usr/local/opt/sqlite/lib -L/usr/local/opt/readline/lib -L/usr/local/opt/openssl@1.1/lib -L/usr/local/opt/openblas/lib -L/usr/local/opt/llvm/lib -L/usr/local/opt/sqlite/lib -L/usr/local/opt/readline/lib -L/usr/local/opt/openssl@1.1/lib -fomit-frame-pointer -funroll-loops -ffast-math -Ofast -fno-signed-zeros -ffp-contract=fast -mmmx -msse -flto -I/usr/local/opt/openblas/include -I/usr/local/opt/llvm/include -I/usr/local/opt/sqlite/include -I/usr/local/opt/readline/include -I/usr/local/opt/openssl@1.1/include -march=native build/temp.macosx-10.12.6-x86_64-3.6-pydebug/Users/dojo/Library/Caches/Homebrew/Python-3.6.2/Modules/socketmodule.o -L. -L/usr/local/opt/openblas/lib -L/usr/local/opt/llvm/lib -L/usr/local/opt/sqlite/lib -L/usr/local/opt/readline/lib -L/usr/local/opt/openssl@1.1/lib -L/usr/local/lib -o build/lib.macosx-10.12.6-x86_64-3.6-pydebug/_socket.cpython-36dm-darwin.so
building '_sha256' extension
cc -fsanitize=address -fno-omit-frame-pointer -Wno-unused-result -Wsign-compare -DDYNAMIC_ANNOTATIONS_ENABLED=1 -g -Ofast -Wall -Wstrict-prototypes -fomit-frame-pointer -funroll-loops -ffast-math -Ofast -fno-signed-zeros -ffp-contract=fast -mmmx -msse -flto -fomit-frame-pointer -funroll-loops -ffast-math -Ofast -fno-signed-zeros -ffp-contract=fast -mmmx -msse -flto -std=c99 -Wextra -Wno-unused-result -Wno-unused-parameter -Wno-missing-field-initializers -fomit-frame-pointer -funroll-loops -ffast-math -Ofast -fno-signed-zeros -ffp-contract=fast -mmmx -msse -flto -march=native -I./Include -I. -I/usr/local/opt/openblas/include -I/usr/local/opt/llvm/include -I/usr/local/opt/sqlite/include -I/usr/local/opt/readline/include -I/usr/local/opt/openssl@1.1/include -I/usr/local/include -I/Users/dojo/Library/Caches/Homebrew/Python-3.6.2/Include -I/Users/dojo/Library/Caches/Homebrew/Python-3.6.2 -c /Users/dojo/Library/Caches/Homebrew/Python-3.6.2/Modules/sha256module.c -o build/temp.macosx-10.12.6-x86_64-3.6-pydebug/Users/dojo/Library/Caches/Homebrew/Python-3.6.2/Modules/sha256module.o
cc -bundle -undefined dynamic_lookup -fsanitize=address -L/usr/local/opt/openblas/lib -L/usr/local/opt/llvm/lib -L/usr/local/opt/sqlite/lib -L/usr/local/opt/readline/lib -L/usr/local/opt/openssl@1.1/lib -L/usr/local/opt/openblas/lib -L/usr/local/opt/llvm/lib -L/usr/local/opt/sqlite/lib -L/usr/local/opt/readline/lib -L/usr/local/opt/openssl@1.1/lib -L/usr/local/opt/openblas/lib -L/usr/local/opt/llvm/lib -L/usr/local/opt/sqlite/lib -L/usr/local/opt/readline/lib -L/usr/local/opt/openssl@1.1/lib -fomit-frame-pointer -funroll-loops -ffast-math -Ofast -fno-signed-zeros -ffp-contract=fast -mmmx -msse -flto -I/usr/local/opt/openblas/include -I/usr/local/opt/llvm/include -I/usr/local/opt/sqlite/include -I/usr/local/opt/readline/include -I/usr/local/opt/openssl@1.1/include -march=native build/temp.macosx-10.12.6-x86_64-3.6-pydebug/Users/dojo/Library/Caches/Homebrew/Python-3.6.2/Modules/_hashopenssl.o -L. -L/usr/local/opt/openblas/lib -L/usr/local/opt/llvm/lib -L/usr/local/opt/sqlite/lib -L/usr/local/opt/readline/lib -L/usr/local/opt/openssl@1.1/lib -L/usr/local/lib -lssl -lcrypto -o build/lib.macosx-10.12.6-x86_64-3.6-pydebug/_hashlib.cpython-36dm-darwin.so
cc -bundle -undefined dynamic_lookup -fsanitize=address -L/usr/local/opt/openblas/lib -L/usr/local/opt/llvm/lib -L/usr/local/opt/sqlite/lib -L/usr/local/opt/readline/lib -L/usr/local/opt/openssl@1.1/lib -L/usr/local/opt/openblas/lib -L/usr/local/opt/llvm/lib -L/usr/local/opt/sqlite/lib -L/usr/local/opt/readline/lib -L/usr/local/opt/openssl@1.1/lib -L/usr/local/opt/openblas/lib -L/usr/local/opt/llvm/lib -L/usr/local/opt/sqlite/lib -L/usr/local/opt/readline/lib -L/usr/local/opt/openssl@1.1/lib -fomit-frame-pointer -funroll-loops -ffast-math -Ofast -fno-signed-zeros -ffp-contract=fast -mmmx -msse -flto -I/usr/local/opt/openblas/include -I/usr/local/opt/llvm/include -I/usr/local/opt/sqlite/include -I/usr/local/opt/readline/include -I/usr/local/opt/openssl@1.1/include -march=native build/temp.macosx-10.12.6-x86_64-3.6-pydebug/Users/dojo/Library/Caches/Homebrew/Python-3.6.2/Modules/sha256module.o -L. -L/usr/local/opt/openblas/lib -L/usr/local/opt/llvm/lib -L/usr/local/opt/sqlite/lib -L/usr/local/opt/readline/lib -L/usr/local/opt/openssl@1.1/lib -L/usr/local/lib -o build/lib.macosx-10.12.6-x86_64-3.6-pydebug/_sha256.cpython-36dm-darwin.so
building '_sha512' extension
cc -fsanitize=address -fno-omit-frame-pointer -Wno-unused-result -Wsign-compare -DDYNAMIC_ANNOTATIONS_ENABLED=1 -g -Ofast -Wall -Wstrict-prototypes -fomit-frame-pointer -funroll-loops -ffast-math -Ofast -fno-signed-zeros -ffp-contract=fast -mmmx -msse -flto -fomit-frame-pointer -funroll-loops -ffast-math -Ofast -fno-signed-zeros -ffp-contract=fast -mmmx -msse -flto -std=c99 -Wextra -Wno-unused-result -Wno-unused-parameter -Wno-missing-field-initializers -fomit-frame-pointer -funroll-loops -ffast-math -Ofast -fno-signed-zeros -ffp-contract=fast -mmmx -msse -flto -march=native -I./Include -I. -I/usr/local/opt/openblas/include -I/usr/local/opt/llvm/include -I/usr/local/opt/sqlite/include -I/usr/local/opt/readline/include -I/usr/local/opt/openssl@1.1/include -I/usr/local/include -I/Users/dojo/Library/Caches/Homebrew/Python-3.6.2/Include -I/Users/dojo/Library/Caches/Homebrew/Python-3.6.2 -c /Users/dojo/Library/Caches/Homebrew/Python-3.6.2/Modules/sha512module.c -o build/temp.macosx-10.12.6-x86_64-3.6-pydebug/Users/dojo/Library/Caches/Homebrew/Python-3.6.2/Modules/sha512module.o
building '_md5' extension
cc -fsanitize=address -fno-omit-frame-pointer -Wno-unused-result -Wsign-compare -DDYNAMIC_ANNOTATIONS_ENABLED=1 -g -Ofast -Wall -Wstrict-prototypes -fomit-frame-pointer -funroll-loops -ffast-math -Ofast -fno-signed-zeros -ffp-contract=fast -mmmx -msse -flto -fomit-frame-pointer -funroll-loops -ffast-math -Ofast -fno-signed-zeros -ffp-contract=fast -mmmx -msse -flto -std=c99 -Wextra -Wno-unused-result -Wno-unused-parameter -Wno-missing-field-initializers -fomit-frame-pointer -funroll-loops -ffast-math -Ofast -fno-signed-zeros -ffp-contract=fast -mmmx -msse -flto -march=native -I./Include -I. -I/usr/local/opt/openblas/include -I/usr/local/opt/llvm/include -I/usr/local/opt/sqlite/include -I/usr/local/opt/readline/include -I/usr/local/opt/openssl@1.1/include -I/usr/local/include -I/Users/dojo/Library/Caches/Homebrew/Python-3.6.2/Include -I/Users/dojo/Library/Caches/Homebrew/Python-3.6.2 -c /Users/dojo/Library/Caches/Homebrew/Python-3.6.2/Modules/md5module.c -o build/temp.macosx-10.12.6-x86_64-3.6-pydebug/Users/dojo/Library/Caches/Homebrew/Python-3.6.2/Modules/md5module.o
cc -bundle -undefined dynamic_lookup -fsanitize=address -L/usr/local/opt/openblas/lib -L/usr/local/opt/llvm/lib -L/usr/local/opt/sqlite/lib -L/usr/local/opt/readline/lib -L/usr/local/opt/openssl@1.1/lib -L/usr/local/opt/openblas/lib -L/usr/local/opt/llvm/lib -L/usr/local/opt/sqlite/lib -L/usr/local/opt/readline/lib -L/usr/local/opt/openssl@1.1/lib -L/usr/local/opt/openblas/lib -L/usr/local/opt/llvm/lib -L/usr/local/opt/sqlite/lib -L/usr/local/opt/readline/lib -L/usr/local/opt/openssl@1.1/lib -fomit-frame-pointer -funroll-loops -ffast-math -Ofast -fno-signed-zeros -ffp-contract=fast -mmmx -msse -flto -I/usr/local/opt/openblas/include -I/usr/local/opt/llvm/include -I/usr/local/opt/sqlite/include -I/usr/local/opt/readline/include -I/usr/local/opt/openssl@1.1/include -march=native build/temp.macosx-10.12.6-x86_64-3.6-pydebug/Users/dojo/Library/Caches/Homebrew/Python-3.6.2/Modules/_ssl.o -L. -L/usr/local/opt/openblas/lib -L/usr/local/opt/llvm/lib -L/usr/local/opt/sqlite/lib -L/usr/local/opt/readline/lib -L/usr/local/opt/openssl@1.1/lib -L/usr/local/lib -lssl -lcrypto -o build/lib.macosx-10.12.6-x86_64-3.6-pydebug/_ssl.cpython-36dm-darwin.so
cc -bundle -undefined dynamic_lookup -fsanitize=address -L/usr/local/opt/openblas/lib -L/usr/local/opt/llvm/lib -L/usr/local/opt/sqlite/lib -L/usr/local/opt/readline/lib -L/usr/local/opt/openssl@1.1/lib -L/usr/local/opt/openblas/lib -L/usr/local/opt/llvm/lib -L/usr/local/opt/sqlite/lib -L/usr/local/opt/readline/lib -L/usr/local/opt/openssl@1.1/lib -L/usr/local/opt/openblas/lib -L/usr/local/opt/llvm/lib -L/usr/local/opt/sqlite/lib -L/usr/local/opt/readline/lib -L/usr/local/opt/openssl@1.1/lib -fomit-frame-pointer -funroll-loops -ffast-math -Ofast -fno-signed-zeros -ffp-contract=fast -mmmx -msse -flto -I/usr/local/opt/openblas/include -I/usr/local/opt/llvm/include -I/usr/local/opt/sqlite/include -I/usr/local/opt/readline/include -I/usr/local/opt/openssl@1.1/include -march=native build/temp.macosx-10.12.6-x86_64-3.6-pydebug/Users/dojo/Library/Caches/Homebrew/Python-3.6.2/Modules/md5module.o -L. -L/usr/local/opt/openblas/lib -L/usr/local/opt/llvm/lib -L/usr/local/opt/sqlite/lib -L/usr/local/opt/readline/lib -L/usr/local/opt/openssl@1.1/lib -L/usr/local/lib -o build/lib.macosx-10.12.6-x86_64-3.6-pydebug/_md5.cpython-36dm-darwin.so
building '_sha1' extension
cc -fsanitize=address -fno-omit-frame-pointer -Wno-unused-result -Wsign-compare -DDYNAMIC_ANNOTATIONS_ENABLED=1 -g -Ofast -Wall -Wstrict-prototypes -fomit-frame-pointer -funroll-loops -ffast-math -Ofast -fno-signed-zeros -ffp-contract=fast -mmmx -msse -flto -fomit-frame-pointer -funroll-loops -ffast-math -Ofast -fno-signed-zeros -ffp-contract=fast -mmmx -msse -flto -std=c99 -Wextra -Wno-unused-result -Wno-unused-parameter -Wno-missing-field-initializers -fomit-frame-pointer -funroll-loops -ffast-math -Ofast -fno-signed-zeros -ffp-contract=fast -mmmx -msse -flto -march=native -I./Include -I. -I/usr/local/opt/openblas/include -I/usr/local/opt/llvm/include -I/usr/local/opt/sqlite/include -I/usr/local/opt/readline/include -I/usr/local/opt/openssl@1.1/include -I/usr/local/include -I/Users/dojo/Library/Caches/Homebrew/Python-3.6.2/Include -I/Users/dojo/Library/Caches/Homebrew/Python-3.6.2 -c /Users/dojo/Library/Caches/Homebrew/Python-3.6.2/Modules/sha1module.c -o build/temp.macosx-10.12.6-x86_64-3.6-pydebug/Users/dojo/Library/Caches/Homebrew/Python-3.6.2/Modules/sha1module.o
cc -bundle -undefined dynamic_lookup -fsanitize=address -L/usr/local/opt/openblas/lib -L/usr/local/opt/llvm/lib -L/usr/local/opt/sqlite/lib -L/usr/local/opt/readline/lib -L/usr/local/opt/openssl@1.1/lib -L/usr/local/opt/openblas/lib -L/usr/local/opt/llvm/lib -L/usr/local/opt/sqlite/lib -L/usr/local/opt/readline/lib -L/usr/local/opt/openssl@1.1/lib -L/usr/local/opt/openblas/lib -L/usr/local/opt/llvm/lib -L/usr/local/opt/sqlite/lib -L/usr/local/opt/readline/lib -L/usr/local/opt/openssl@1.1/lib -fomit-frame-pointer -funroll-loops -ffast-math -Ofast -fno-signed-zeros -ffp-contract=fast -mmmx -msse -flto -I/usr/local/opt/openblas/include -I/usr/local/opt/llvm/include -I/usr/local/opt/sqlite/include -I/usr/local/opt/readline/include -I/usr/local/opt/openssl@1.1/include -march=native build/temp.macosx-10.12.6-x86_64-3.6-pydebug/Users/dojo/Library/Caches/Homebrew/Python-3.6.2/Modules/sha512module.o -L. -L/usr/local/opt/openblas/lib -L/usr/local/opt/llvm/lib -L/usr/local/opt/sqlite/lib -L/usr/local/opt/readline/lib -L/usr/local/opt/openssl@1.1/lib -L/usr/local/lib -o build/lib.macosx-10.12.6-x86_64-3.6-pydebug/_sha512.cpython-36dm-darwin.so
building '_blake2' extension
cc -fsanitize=address -fno-omit-frame-pointer -Wno-unused-result -Wsign-compare -DDYNAMIC_ANNOTATIONS_ENABLED=1 -g -Ofast -Wall -Wstrict-prototypes -fomit-frame-pointer -funroll-loops -ffast-math -Ofast -fno-signed-zeros -ffp-contract=fast -mmmx -msse -flto -fomit-frame-pointer -funroll-loops -ffast-math -Ofast -fno-signed-zeros -ffp-contract=fast -mmmx -msse -flto -std=c99 -Wextra -Wno-unused-result -Wno-unused-parameter -Wno-missing-field-initializers -fomit-frame-pointer -funroll-loops -ffast-math -Ofast -fno-signed-zeros -ffp-contract=fast -mmmx -msse -flto -march=native -DBLAKE2_USE_SSE=1 -I./Include -I. -I/usr/local/opt/openblas/include -I/usr/local/opt/llvm/include -I/usr/local/opt/sqlite/include -I/usr/local/opt/readline/include -I/usr/local/opt/openssl@1.1/include -I/usr/local/include -I/Users/dojo/Library/Caches/Homebrew/Python-3.6.2/Include -I/Users/dojo/Library/Caches/Homebrew/Python-3.6.2 -c /Users/dojo/Library/Caches/Homebrew/Python-3.6.2/Modules/_blake2/blake2module.c -o build/temp.macosx-10.12.6-x86_64-3.6-pydebug/Users/dojo/Library/Caches/Homebrew/Python-3.6.2/Modules/_blake2/blake2module.o
cc -bundle -undefined dynamic_lookup -fsanitize=address -L/usr/local/opt/openblas/lib -L/usr/local/opt/llvm/lib -L/usr/local/opt/sqlite/lib -L/usr/local/opt/readline/lib -L/usr/local/opt/openssl@1.1/lib -L/usr/local/opt/openblas/lib -L/usr/local/opt/llvm/lib -L/usr/local/opt/sqlite/lib -L/usr/local/opt/readline/lib -L/usr/local/opt/openssl@1.1/lib -L/usr/local/opt/openblas/lib -L/usr/local/opt/llvm/lib -L/usr/local/opt/sqlite/lib -L/usr/local/opt/readline/lib -L/usr/local/opt/openssl@1.1/lib -fomit-frame-pointer -funroll-loops -ffast-math -Ofast -fno-signed-zeros -ffp-contract=fast -mmmx -msse -flto -I/usr/local/opt/openblas/include -I/usr/local/opt/llvm/include -I/usr/local/opt/sqlite/include -I/usr/local/opt/readline/include -I/usr/local/opt/openssl@1.1/include -march=native build/temp.macosx-10.12.6-x86_64-3.6-pydebug/Users/dojo/Library/Caches/Homebrew/Python-3.6.2/Modules/sha1module.o -L. -L/usr/local/opt/openblas/lib -L/usr/local/opt/llvm/lib -L/usr/local/opt/sqlite/lib -L/usr/local/opt/readline/lib -L/usr/local/opt/openssl@1.1/lib -L/usr/local/lib -o build/lib.macosx-10.12.6-x86_64-3.6-pydebug/_sha1.cpython-36dm-darwin.so
cc -fsanitize=address -fno-omit-frame-pointer -Wno-unused-result -Wsign-compare -DDYNAMIC_ANNOTATIONS_ENABLED=1 -g -Ofast -Wall -Wstrict-prototypes -fomit-frame-pointer -funroll-loops -ffast-math -Ofast -fno-signed-zeros -ffp-contract=fast -mmmx -msse -flto -fomit-frame-pointer -funroll-loops -ffast-math -Ofast -fno-signed-zeros -ffp-contract=fast -mmmx -msse -flto -std=c99 -Wextra -Wno-unused-result -Wno-unused-parameter -Wno-missing-field-initializers -fomit-frame-pointer -funroll-loops -ffast-math -Ofast -fno-signed-zeros -ffp-contract=fast -mmmx -msse -flto -march=native -DBLAKE2_USE_SSE=1 -I./Include -I. -I/usr/local/opt/openblas/include -I/usr/local/opt/llvm/include -I/usr/local/opt/sqlite/include -I/usr/local/opt/readline/include -I/usr/local/opt/openssl@1.1/include -I/usr/local/include -I/Users/dojo/Library/Caches/Homebrew/Python-3.6.2/Include -I/Users/dojo/Library/Caches/Homebrew/Python-3.6.2 -c /Users/dojo/Library/Caches/Homebrew/Python-3.6.2/Modules/_blake2/blake2b_impl.c -o build/temp.macosx-10.12.6-x86_64-3.6-pydebug/Users/dojo/Library/Caches/Homebrew/Python-3.6.2/Modules/_blake2/blake2b_impl.o
building '_sha3' extension
cc -fsanitize=address -fno-omit-frame-pointer -Wno-unused-result -Wsign-compare -DDYNAMIC_ANNOTATIONS_ENABLED=1 -g -Ofast -Wall -Wstrict-prototypes -fomit-frame-pointer -funroll-loops -ffast-math -Ofast -fno-signed-zeros -ffp-contract=fast -mmmx -msse -flto -fomit-frame-pointer -funroll-loops -ffast-math -Ofast -fno-signed-zeros -ffp-contract=fast -mmmx -msse -flto -std=c99 -Wextra -Wno-unused-result -Wno-unused-parameter -Wno-missing-field-initializers -fomit-frame-pointer -funroll-loops -ffast-math -Ofast -fno-signed-zeros -ffp-contract=fast -mmmx -msse -flto -march=native -I./Include -I. -I/usr/local/opt/openblas/include -I/usr/local/opt/llvm/include -I/usr/local/opt/sqlite/include -I/usr/local/opt/readline/include -I/usr/local/opt/openssl@1.1/include -I/usr/local/include -I/Users/dojo/Library/Caches/Homebrew/Python-3.6.2/Include -I/Users/dojo/Library/Caches/Homebrew/Python-3.6.2 -c /Users/dojo/Library/Caches/Homebrew/Python-3.6.2/Modules/_sha3/sha3module.c -o build/temp.macosx-10.12.6-x86_64-3.6-pydebug/Users/dojo/Library/Caches/Homebrew/Python-3.6.2/Modules/_sha3/sha3module.o
building '_sqlite3' extension
cc -fsanitize=address -fno-omit-frame-pointer -Wno-unused-result -Wsign-compare -DDYNAMIC_ANNOTATIONS_ENABLED=1 -g -Ofast -Wall -Wstrict-prototypes -fomit-frame-pointer -funroll-loops -ffast-math -Ofast -fno-signed-zeros -ffp-contract=fast -mmmx -msse -flto -fomit-frame-pointer -funroll-loops -ffast-math -Ofast -fno-signed-zeros -ffp-contract=fast -mmmx -msse -flto -std=c99 -Wextra -Wno-unused-result -Wno-unused-parameter -Wno-missing-field-initializers -fomit-frame-pointer -funroll-loops -ffast-math -Ofast -fno-signed-zeros -ffp-contract=fast -mmmx -msse -flto -march=native -DMODULE_NAME="sqlite3" -IModules/_sqlite -I./Include -I. -I/usr/local/opt/openblas/include -I/usr/local/opt/llvm/include -I/usr/local/opt/sqlite/include -I/usr/local/opt/readline/include -I/usr/local/opt/openssl@1.1/include -I/usr/local/include -I/Users/dojo/Library/Caches/Homebrew/Python-3.6.2/Include -I/Users/dojo/Library/Caches/Homebrew/Python-3.6.2 -c /Users/dojo/Library/Caches/Homebrew/Python-3.6.2/Modules/_sqlite/cache.c -o build/temp.macosx-10.12.6-x86_64-3.6-pydebug/Users/dojo/Library/Caches/Homebrew/Python-3.6.2/Modules/_sqlite/cache.o
cc -fsanitize=address -fno-omit-frame-pointer -Wno-unused-result -Wsign-compare -DDYNAMIC_ANNOTATIONS_ENABLED=1 -g -Ofast -Wall -Wstrict-prototypes -fomit-frame-pointer -funroll-loops -ffast-math -Ofast -fno-signed-zeros -ffp-contract=fast -mmmx -msse -flto -fomit-frame-pointer -funroll-loops -ffast-math -Ofast -fno-signed-zeros -ffp-contract=fast -mmmx -msse -flto -std=c99 -Wextra -Wno-unused-result -Wno-unused-parameter -Wno-missing-field-initializers -fomit-frame-pointer -funroll-loops -ffast-math -Ofast -fno-signed-zeros -ffp-contract=fast -mmmx -msse -flto -march=native -DMODULE_NAME="sqlite3" -IModules/_sqlite -I./Include -I. -I/usr/local/opt/openblas/include -I/usr/local/opt/llvm/include -I/usr/local/opt/sqlite/include -I/usr/local/opt/readline/include -I/usr/local/opt/openssl@1.1/include -I/usr/local/include -I/Users/dojo/Library/Caches/Homebrew/Python-3.6.2/Include -I/Users/dojo/Library/Caches/Homebrew/Python-3.6.2 -c /Users/dojo/Library/Caches/Homebrew/Python-3.6.2/Modules/_sqlite/connection.c -o build/temp.macosx-10.12.6-x86_64-3.6-pydebug/Users/dojo/Library/Caches/Homebrew/Python-3.6.2/Modules/_sqlite/connection.o
building '_dbm' extension
cc -fsanitize=address -fno-omit-frame-pointer -Wno-unused-result -Wsign-compare -DDYNAMIC_ANNOTATIONS_ENABLED=1 -g -Ofast -Wall -Wstrict-prototypes -fomit-frame-pointer -funroll-loops -ffast-math -Ofast -fno-signed-zeros -ffp-contract=fast -mmmx -msse -flto -fomit-frame-pointer -funroll-loops -ffast-math -Ofast -fno-signed-zeros -ffp-contract=fast -mmmx -msse -flto -std=c99 -Wextra -Wno-unused-result -Wno-unused-parameter -Wno-missing-field-initializers -fomit-frame-pointer -funroll-loops -ffast-math -Ofast -fno-signed-zeros -ffp-contract=fast -mmmx -msse -flto -march=native -DHAVE_NDBM_H -I./Include -I. -I/usr/local/opt/openblas/include -I/usr/local/opt/llvm/include -I/usr/local/opt/sqlite/include -I/usr/local/opt/readline/include -I/usr/local/opt/openssl@1.1/include -I/usr/local/include -I/Users/dojo/Library/Caches/Homebrew/Python-3.6.2/Include -I/Users/dojo/Library/Caches/Homebrew/Python-3.6.2 -c /Users/dojo/Library/Caches/Homebrew/Python-3.6.2/Modules/_dbmmodule.c -o build/temp.macosx-10.12.6-x86_64-3.6-pydebug/Users/dojo/Library/Caches/Homebrew/Python-3.6.2/Modules/_dbmmodule.o
cc -bundle -undefined dynamic_lookup -fsanitize=address -L/usr/local/opt/openblas/lib -L/usr/local/opt/llvm/lib -L/usr/local/opt/sqlite/lib -L/usr/local/opt/readline/lib -L/usr/local/opt/openssl@1.1/lib -L/usr/local/opt/openblas/lib -L/usr/local/opt/llvm/lib -L/usr/local/opt/sqlite/lib -L/usr/local/opt/readline/lib -L/usr/local/opt/openssl@1.1/lib -L/usr/local/opt/openblas/lib -L/usr/local/opt/llvm/lib -L/usr/local/opt/sqlite/lib -L/usr/local/opt/readline/lib -L/usr/local/opt/openssl@1.1/lib -fomit-frame-pointer -funroll-loops -ffast-math -Ofast -fno-signed-zeros -ffp-contract=fast -mmmx -msse -flto -I/usr/local/opt/openblas/include -I/usr/local/opt/llvm/include -I/usr/local/opt/sqlite/include -I/usr/local/opt/readline/include -I/usr/local/opt/openssl@1.1/include -march=native build/temp.macosx-10.12.6-x86_64-3.6-pydebug/Users/dojo/Library/Caches/Homebrew/Python-3.6.2/Modules/_dbmmodule.o -L. -L/usr/local/opt/openblas/lib -L/usr/local/opt/llvm/lib -L/usr/local/opt/sqlite/lib -L/usr/local/opt/readline/lib -L/usr/local/opt/openssl@1.1/lib -L/usr/local/lib -o build/lib.macosx-10.12.6-x86_64-3.6-pydebug/_dbm.cpython-36dm-darwin.so
cc -fsanitize=address -fno-omit-frame-pointer -Wno-unused-result -Wsign-compare -DDYNAMIC_ANNOTATIONS_ENABLED=1 -g -Ofast -Wall -Wstrict-prototypes -fomit-frame-pointer -funroll-loops -ffast-math -Ofast -fno-signed-zeros -ffp-contract=fast -mmmx -msse -flto -fomit-frame-pointer -funroll-loops -ffast-math -Ofast -fno-signed-zeros -ffp-contract=fast -mmmx -msse -flto -std=c99 -Wextra -Wno-unused-result -Wno-unused-parameter -Wno-missing-field-initializers -fomit-frame-pointer -funroll-loops -ffast-math -Ofast -fno-signed-zeros -ffp-contract=fast -mmmx -msse -flto -march=native -DBLAKE2_USE_SSE=1 -I./Include -I. -I/usr/local/opt/openblas/include -I/usr/local/opt/llvm/include -I/usr/local/opt/sqlite/include -I/usr/local/opt/readline/include -I/usr/local/opt/openssl@1.1/include -I/usr/local/include -I/Users/dojo/Library/Caches/Homebrew/Python-3.6.2/Include -I/Users/dojo/Library/Caches/Homebrew/Python-3.6.2 -c /Users/dojo/Library/Caches/Homebrew/Python-3.6.2/Modules/_blake2/blake2s_impl.c -o build/temp.macosx-10.12.6-x86_64-3.6-pydebug/Users/dojo/Library/Caches/Homebrew/Python-3.6.2/Modules/_blake2/blake2s_impl.o
cc -fsanitize=address -fno-omit-frame-pointer -Wno-unused-result -Wsign-compare -DDYNAMIC_ANNOTATIONS_ENABLED=1 -g -Ofast -Wall -Wstrict-prototypes -fomit-frame-pointer -funroll-loops -ffast-math -Ofast -fno-signed-zeros -ffp-contract=fast -mmmx -msse -flto -fomit-frame-pointer -funroll-loops -ffast-math -Ofast -fno-signed-zeros -ffp-contract=fast -mmmx -msse -flto -std=c99 -Wextra -Wno-unused-result -Wno-unused-parameter -Wno-missing-field-initializers -fomit-frame-pointer -funroll-loops -ffast-math -Ofast -fno-signed-zeros -ffp-contract=fast -mmmx -msse -flto -march=native -DMODULE_NAME="sqlite3" -IModules/_sqlite -I./Include -I. -I/usr/local/opt/openblas/include -I/usr/local/opt/llvm/include -I/usr/local/opt/sqlite/include -I/usr/local/opt/readline/include -I/usr/local/opt/openssl@1.1/include -I/usr/local/include -I/Users/dojo/Library/Caches/Homebrew/Python-3.6.2/Include -I/Users/dojo/Library/Caches/Homebrew/Python-3.6.2 -c /Users/dojo/Library/Caches/Homebrew/Python-3.6.2/Modules/_sqlite/cursor.c -o build/temp.macosx-10.12.6-x86_64-3.6-pydebug/Users/dojo/Library/Caches/Homebrew/Python-3.6.2/Modules/_sqlite/cursor.o
building '_gdbm' extension
cc -fsanitize=address -fno-omit-frame-pointer -Wno-unused-result -Wsign-compare -DDYNAMIC_ANNOTATIONS_ENABLED=1 -g -Ofast -Wall -Wstrict-prototypes -fomit-frame-pointer -funroll-loops -ffast-math -Ofast -fno-signed-zeros -ffp-contract=fast -mmmx -msse -flto -fomit-frame-pointer -funroll-loops -ffast-math -Ofast -fno-signed-zeros -ffp-contract=fast -mmmx -msse -flto -std=c99 -Wextra -Wno-unused-result -Wno-unused-parameter -Wno-missing-field-initializers -fomit-frame-pointer -funroll-loops -ffast-math -Ofast -fno-signed-zeros -ffp-contract=fast -mmmx -msse -flto -march=native -I./Include -I. -I/usr/local/opt/openblas/include -I/usr/local/opt/llvm/include -I/usr/local/opt/sqlite/include -I/usr/local/opt/readline/include -I/usr/local/opt/openssl@1.1/include -I/usr/local/include -I/Users/dojo/Library/Caches/Homebrew/Python-3.6.2/Include -I/Users/dojo/Library/Caches/Homebrew/Python-3.6.2 -c /Users/dojo/Library/Caches/Homebrew/Python-3.6.2/Modules/_gdbmmodule.c -o build/temp.macosx-10.12.6-x86_64-3.6-pydebug/Users/dojo/Library/Caches/Homebrew/Python-3.6.2/Modules/_gdbmmodule.o
cc -fsanitize=address -fno-omit-frame-pointer -Wno-unused-result -Wsign-compare -DDYNAMIC_ANNOTATIONS_ENABLED=1 -g -Ofast -Wall -Wstrict-prototypes -fomit-frame-pointer -funroll-loops -ffast-math -Ofast -fno-signed-zeros -ffp-contract=fast -mmmx -msse -flto -fomit-frame-pointer -funroll-loops -ffast-math -Ofast -fno-signed-zeros -ffp-contract=fast -mmmx -msse -flto -std=c99 -Wextra -Wno-unused-result -Wno-unused-parameter -Wno-missing-field-initializers -fomit-frame-pointer -funroll-loops -ffast-math -Ofast -fno-signed-zeros -ffp-contract=fast -mmmx -msse -flto -march=native -DMODULE_NAME="sqlite3" -IModules/_sqlite -I./Include -I. -I/usr/local/opt/openblas/include -I/usr/local/opt/llvm/include -I/usr/local/opt/sqlite/include -I/usr/local/opt/readline/include -I/usr/local/opt/openssl@1.1/include -I/usr/local/include -I/Users/dojo/Library/Caches/Homebrew/Python-3.6.2/Include -I/Users/dojo/Library/Caches/Homebrew/Python-3.6.2 -c /Users/dojo/Library/Caches/Homebrew/Python-3.6.2/Modules/_sqlite/microprotocols.c -o build/temp.macosx-10.12.6-x86_64-3.6-pydebug/Users/dojo/Library/Caches/Homebrew/Python-3.6.2/Modules/_sqlite/microprotocols.o
cc -fsanitize=address -fno-omit-frame-pointer -Wno-unused-result -Wsign-compare -DDYNAMIC_ANNOTATIONS_ENABLED=1 -g -Ofast -Wall -Wstrict-prototypes -fomit-frame-pointer -funroll-loops -ffast-math -Ofast -fno-signed-zeros -ffp-contract=fast -mmmx -msse -flto -fomit-frame-pointer -funroll-loops -ffast-math -Ofast -fno-signed-zeros -ffp-contract=fast -mmmx -msse -flto -std=c99 -Wextra -Wno-unused-result -Wno-unused-parameter -Wno-missing-field-initializers -fomit-frame-pointer -funroll-loops -ffast-math -Ofast -fno-signed-zeros -ffp-contract=fast -mmmx -msse -flto -march=native -DMODULE_NAME="sqlite3" -IModules/_sqlite -I./Include -I. -I/usr/local/opt/openblas/include -I/usr/local/opt/llvm/include -I/usr/local/opt/sqlite/include -I/usr/local/opt/readline/include -I/usr/local/opt/openssl@1.1/include -I/usr/local/include -I/Users/dojo/Library/Caches/Homebrew/Python-3.6.2/Include -I/Users/dojo/Library/Caches/Homebrew/Python-3.6.2 -c /Users/dojo/Library/Caches/Homebrew/Python-3.6.2/Modules/_sqlite/module.c -o build/temp.macosx-10.12.6-x86_64-3.6-pydebug/Users/dojo/Library/Caches/Homebrew/Python-3.6.2/Modules/_sqlite/module.o
cc -bundle -undefined dynamic_lookup -fsanitize=address -L/usr/local/opt/openblas/lib -L/usr/local/opt/llvm/lib -L/usr/local/opt/sqlite/lib -L/usr/local/opt/readline/lib -L/usr/local/opt/openssl@1.1/lib -L/usr/local/opt/openblas/lib -L/usr/local/opt/llvm/lib -L/usr/local/opt/sqlite/lib -L/usr/local/opt/readline/lib -L/usr/local/opt/openssl@1.1/lib -L/usr/local/opt/openblas/lib -L/usr/local/opt/llvm/lib -L/usr/local/opt/sqlite/lib -L/usr/local/opt/readline/lib -L/usr/local/opt/openssl@1.1/lib -fomit-frame-pointer -funroll-loops -ffast-math -Ofast -fno-signed-zeros -ffp-contract=fast -mmmx -msse -flto -I/usr/local/opt/openblas/include -I/usr/local/opt/llvm/include -I/usr/local/opt/sqlite/include -I/usr/local/opt/readline/include -I/usr/local/opt/openssl@1.1/include -march=native build/temp.macosx-10.12.6-x86_64-3.6-pydebug/Users/dojo/Library/Caches/Homebrew/Python-3.6.2/Modules/_gdbmmodule.o -L. -L/usr/local/opt/openblas/lib -L/usr/local/opt/llvm/lib -L/usr/local/opt/sqlite/lib -L/usr/local/opt/readline/lib -L/usr/local/opt/openssl@1.1/lib -L/usr/local/lib -lgdbm -o build/lib.macosx-10.12.6-x86_64-3.6-pydebug/_gdbm.cpython-36dm-darwin.so
cc -bundle -undefined dynamic_lookup -fsanitize=address -L/usr/local/opt/openblas/lib -L/usr/local/opt/llvm/lib -L/usr/local/opt/sqlite/lib -L/usr/local/opt/readline/lib -L/usr/local/opt/openssl@1.1/lib -L/usr/local/opt/openblas/lib -L/usr/local/opt/llvm/lib -L/usr/local/opt/sqlite/lib -L/usr/local/opt/readline/lib -L/usr/local/opt/openssl@1.1/lib -L/usr/local/opt/openblas/lib -L/usr/local/opt/llvm/lib -L/usr/local/opt/sqlite/lib -L/usr/local/opt/readline/lib -L/usr/local/opt/openssl@1.1/lib -fomit-frame-pointer -funroll-loops -ffast-math -Ofast -fno-signed-zeros -ffp-contract=fast -mmmx -msse -flto -I/usr/local/opt/openblas/include -I/usr/local/opt/llvm/include -I/usr/local/opt/sqlite/include -I/usr/local/opt/readline/include -I/usr/local/opt/openssl@1.1/include -march=native build/temp.macosx-10.12.6-x86_64-3.6-pydebug/Users/dojo/Library/Caches/Homebrew/Python-3.6.2/Modules/_blake2/blake2module.o build/temp.macosx-10.12.6-x86_64-3.6-pydebug/Users/dojo/Library/Caches/Homebrew/Python-3.6.2/Modules/_blake2/blake2b_impl.o build/temp.macosx-10.12.6-x86_64-3.6-pydebug/Users/dojo/Library/Caches/Homebrew/Python-3.6.2/Modules/_blake2/blake2s_impl.o -L. -L/usr/local/opt/openblas/lib -L/usr/local/opt/llvm/lib -L/usr/local/opt/sqlite/lib -L/usr/local/opt/readline/lib -L/usr/local/opt/openssl@1.1/lib -L/usr/local/lib -o build/lib.macosx-10.12.6-x86_64-3.6-pydebug/_blake2.cpython-36dm-darwin.so
cc -fsanitize=address -fno-omit-frame-pointer -Wno-unused-result -Wsign-compare -DDYNAMIC_ANNOTATIONS_ENABLED=1 -g -Ofast -Wall -Wstrict-prototypes -fomit-frame-pointer -funroll-loops -ffast-math -Ofast -fno-signed-zeros -ffp-contract=fast -mmmx -msse -flto -fomit-frame-pointer -funroll-loops -ffast-math -Ofast -fno-signed-zeros -ffp-contract=fast -mmmx -msse -flto -std=c99 -Wextra -Wno-unused-result -Wno-unused-parameter -Wno-missing-field-initializers -fomit-frame-pointer -funroll-loops -ffast-math -Ofast -fno-signed-zeros -ffp-contract=fast -mmmx -msse -flto -march=native -DMODULE_NAME="sqlite3" -IModules/_sqlite -I./Include -I. -I/usr/local/opt/openblas/include -I/usr/local/opt/llvm/include -I/usr/local/opt/sqlite/include -I/usr/local/opt/readline/include -I/usr/local/opt/openssl@1.1/include -I/usr/local/include -I/Users/dojo/Library/Caches/Homebrew/Python-3.6.2/Include -I/Users/dojo/Library/Caches/Homebrew/Python-3.6.2 -c /Users/dojo/Library/Caches/Homebrew/Python-3.6.2/Modules/_sqlite/prepare_protocol.c -o build/temp.macosx-10.12.6-x86_64-3.6-pydebug/Users/dojo/Library/Caches/Homebrew/Python-3.6.2/Modules/_sqlite/prepare_protocol.o
building 'termios' extension
cc -fsanitize=address -fno-omit-frame-pointer -Wno-unused-result -Wsign-compare -DDYNAMIC_ANNOTATIONS_ENABLED=1 -g -Ofast -Wall -Wstrict-prototypes -fomit-frame-pointer -funroll-loops -ffast-math -Ofast -fno-signed-zeros -ffp-contract=fast -mmmx -msse -flto -fomit-frame-pointer -funroll-loops -ffast-math -Ofast -fno-signed-zeros -ffp-contract=fast -mmmx -msse -flto -std=c99 -Wextra -Wno-unused-result -Wno-unused-parameter -Wno-missing-field-initializers -fomit-frame-pointer -funroll-loops -ffast-math -Ofast -fno-signed-zeros -ffp-contract=fast -mmmx -msse -flto -march=native -I./Include -I. -I/usr/local/opt/openblas/include -I/usr/local/opt/llvm/include -I/usr/local/opt/sqlite/include -I/usr/local/opt/readline/include -I/usr/local/opt/openssl@1.1/include -I/usr/local/include -I/Users/dojo/Library/Caches/Homebrew/Python-3.6.2/Include -I/Users/dojo/Library/Caches/Homebrew/Python-3.6.2 -c /Users/dojo/Library/Caches/Homebrew/Python-3.6.2/Modules/termios.c -o build/temp.macosx-10.12.6-x86_64-3.6-pydebug/Users/dojo/Library/Caches/Homebrew/Python-3.6.2/Modules/termios.o
cc -fsanitize=address -fno-omit-frame-pointer -Wno-unused-result -Wsign-compare -DDYNAMIC_ANNOTATIONS_ENABLED=1 -g -Ofast -Wall -Wstrict-prototypes -fomit-frame-pointer -funroll-loops -ffast-math -Ofast -fno-signed-zeros -ffp-contract=fast -mmmx -msse -flto -fomit-frame-pointer -funroll-loops -ffast-math -Ofast -fno-signed-zeros -ffp-contract=fast -mmmx -msse -flto -std=c99 -Wextra -Wno-unused-result -Wno-unused-parameter -Wno-missing-field-initializers -fomit-frame-pointer -funroll-loops -ffast-math -Ofast -fno-signed-zeros -ffp-contract=fast -mmmx -msse -flto -march=native -DMODULE_NAME="sqlite3" -IModules/_sqlite -I./Include -I. -I/usr/local/opt/openblas/include -I/usr/local/opt/llvm/include -I/usr/local/opt/sqlite/include -I/usr/local/opt/readline/include -I/usr/local/opt/openssl@1.1/include -I/usr/local/include -I/Users/dojo/Library/Caches/Homebrew/Python-3.6.2/Include -I/Users/dojo/Library/Caches/Homebrew/Python-3.6.2 -c /Users/dojo/Library/Caches/Homebrew/Python-3.6.2/Modules/_sqlite/row.c -o build/temp.macosx-10.12.6-x86_64-3.6-pydebug/Users/dojo/Library/Caches/Homebrew/Python-3.6.2/Modules/_sqlite/row.o
cc -bundle -undefined dynamic_lookup -fsanitize=address -L/usr/local/opt/openblas/lib -L/usr/local/opt/llvm/lib -L/usr/local/opt/sqlite/lib -L/usr/local/opt/readline/lib -L/usr/local/opt/openssl@1.1/lib -L/usr/local/opt/openblas/lib -L/usr/local/opt/llvm/lib -L/usr/local/opt/sqlite/lib -L/usr/local/opt/readline/lib -L/usr/local/opt/openssl@1.1/lib -L/usr/local/opt/openblas/lib -L/usr/local/opt/llvm/lib -L/usr/local/opt/sqlite/lib -L/usr/local/opt/readline/lib -L/usr/local/opt/openssl@1.1/lib -fomit-frame-pointer -funroll-loops -ffast-math -Ofast -fno-signed-zeros -ffp-contract=fast -mmmx -msse -flto -I/usr/local/opt/openblas/include -I/usr/local/opt/llvm/include -I/usr/local/opt/sqlite/include -I/usr/local/opt/readline/include -I/usr/local/opt/openssl@1.1/include -march=native build/temp.macosx-10.12.6-x86_64-3.6-pydebug/Users/dojo/Library/Caches/Homebrew/Python-3.6.2/Modules/termios.o -L. -L/usr/local/opt/openblas/lib -L/usr/local/opt/llvm/lib -L/usr/local/opt/sqlite/lib -L/usr/local/opt/readline/lib -L/usr/local/opt/openssl@1.1/lib -L/usr/local/lib -o build/lib.macosx-10.12.6-x86_64-3.6-pydebug/termios.cpython-36dm-darwin.so
cc -fsanitize=address -fno-omit-frame-pointer -Wno-unused-result -Wsign-compare -DDYNAMIC_ANNOTATIONS_ENABLED=1 -g -Ofast -Wall -Wstrict-prototypes -fomit-frame-pointer -funroll-loops -ffast-math -Ofast -fno-signed-zeros -ffp-contract=fast -mmmx -msse -flto -fomit-frame-pointer -funroll-loops -ffast-math -Ofast -fno-signed-zeros -ffp-contract=fast -mmmx -msse -flto -std=c99 -Wextra -Wno-unused-result -Wno-unused-parameter -Wno-missing-field-initializers -fomit-frame-pointer -funroll-loops -ffast-math -Ofast -fno-signed-zeros -ffp-contract=fast -mmmx -msse -flto -march=native -DMODULE_NAME="sqlite3" -IModules/_sqlite -I./Include -I. -I/usr/local/opt/openblas/include -I/usr/local/opt/llvm/include -I/usr/local/opt/sqlite/include -I/usr/local/opt/readline/include -I/usr/local/opt/openssl@1.1/include -I/usr/local/include -I/Users/dojo/Library/Caches/Homebrew/Python-3.6.2/Include -I/Users/dojo/Library/Caches/Homebrew/Python-3.6.2 -c /Users/dojo/Library/Caches/Homebrew/Python-3.6.2/Modules/_sqlite/statement.c -o build/temp.macosx-10.12.6-x86_64-3.6-pydebug/Users/dojo/Library/Caches/Homebrew/Python-3.6.2/Modules/_sqlite/statement.o
building 'resource' extension
cc -fsanitize=address -fno-omit-frame-pointer -Wno-unused-result -Wsign-compare -DDYNAMIC_ANNOTATIONS_ENABLED=1 -g -Ofast -Wall -Wstrict-prototypes -fomit-frame-pointer -funroll-loops -ffast-math -Ofast -fno-signed-zeros -ffp-contract=fast -mmmx -msse -flto -fomit-frame-pointer -funroll-loops -ffast-math -Ofast -fno-signed-zeros -ffp-contract=fast -mmmx -msse -flto -std=c99 -Wextra -Wno-unused-result -Wno-unused-parameter -Wno-missing-field-initializers -fomit-frame-pointer -funroll-loops -ffast-math -Ofast -fno-signed-zeros -ffp-contract=fast -mmmx -msse -flto -march=native -I./Include -I. -I/usr/local/opt/openblas/include -I/usr/local/opt/llvm/include -I/usr/local/opt/sqlite/include -I/usr/local/opt/readline/include -I/usr/local/opt/openssl@1.1/include -I/usr/local/include -I/Users/dojo/Library/Caches/Homebrew/Python-3.6.2/Include -I/Users/dojo/Library/Caches/Homebrew/Python-3.6.2 -c /Users/dojo/Library/Caches/Homebrew/Python-3.6.2/Modules/resource.c -o build/temp.macosx-10.12.6-x86_64-3.6-pydebug/Users/dojo/Library/Caches/Homebrew/Python-3.6.2/Modules/resource.o
cc -fsanitize=address -fno-omit-frame-pointer -Wno-unused-result -Wsign-compare -DDYNAMIC_ANNOTATIONS_ENABLED=1 -g -Ofast -Wall -Wstrict-prototypes -fomit-frame-pointer -funroll-loops -ffast-math -Ofast -fno-signed-zeros -ffp-contract=fast -mmmx -msse -flto -fomit-frame-pointer -funroll-loops -ffast-math -Ofast -fno-signed-zeros -ffp-contract=fast -mmmx -msse -flto -std=c99 -Wextra -Wno-unused-result -Wno-unused-parameter -Wno-missing-field-initializers -fomit-frame-pointer -funroll-loops -ffast-math -Ofast -fno-signed-zeros -ffp-contract=fast -mmmx -msse -flto -march=native -DMODULE_NAME="sqlite3" -IModules/_sqlite -I./Include -I. -I/usr/local/opt/openblas/include -I/usr/local/opt/llvm/include -I/usr/local/opt/sqlite/include -I/usr/local/opt/readline/include -I/usr/local/opt/openssl@1.1/include -I/usr/local/include -I/Users/dojo/Library/Caches/Homebrew/Python-3.6.2/Include -I/Users/dojo/Library/Caches/Homebrew/Python-3.6.2 -c /Users/dojo/Library/Caches/Homebrew/Python-3.6.2/Modules/_sqlite/util.c -o build/temp.macosx-10.12.6-x86_64-3.6-pydebug/Users/dojo/Library/Caches/Homebrew/Python-3.6.2/Modules/_sqlite/util.o
building 'nis' extension
cc -fsanitize=address -fno-omit-frame-pointer -Wno-unused-result -Wsign-compare -DDYNAMIC_ANNOTATIONS_ENABLED=1 -g -Ofast -Wall -Wstrict-prototypes -fomit-frame-pointer -funroll-loops -ffast-math -Ofast -fno-signed-zeros -ffp-contract=fast -mmmx -msse -flto -fomit-frame-pointer -funroll-loops -ffast-math -Ofast -fno-signed-zeros -ffp-contract=fast -mmmx -msse -flto -std=c99 -Wextra -Wno-unused-result -Wno-unused-parameter -Wno-missing-field-initializers -fomit-frame-pointer -funroll-loops -ffast-math -Ofast -fno-signed-zeros -ffp-contract=fast -mmmx -msse -flto -march=native -I./Include -I. -I/usr/local/opt/openblas/include -I/usr/local/opt/llvm/include -I/usr/local/opt/sqlite/include -I/usr/local/opt/readline/include -I/usr/local/opt/openssl@1.1/include -I/usr/local/include -I/Users/dojo/Library/Caches/Homebrew/Python-3.6.2/Include -I/Users/dojo/Library/Caches/Homebrew/Python-3.6.2 -c /Users/dojo/Library/Caches/Homebrew/Python-3.6.2/Modules/nismodule.c -o build/temp.macosx-10.12.6-x86_64-3.6-pydebug/Users/dojo/Library/Caches/Homebrew/Python-3.6.2/Modules/nismodule.o
cc -bundle -undefined dynamic_lookup -fsanitize=address -L/usr/local/opt/openblas/lib -L/usr/local/opt/llvm/lib -L/usr/local/opt/sqlite/lib -L/usr/local/opt/readline/lib -L/usr/local/opt/openssl@1.1/lib -L/usr/local/opt/openblas/lib -L/usr/local/opt/llvm/lib -L/usr/local/opt/sqlite/lib -L/usr/local/opt/readline/lib -L/usr/local/opt/openssl@1.1/lib -L/usr/local/opt/openblas/lib -L/usr/local/opt/llvm/lib -L/usr/local/opt/sqlite/lib -L/usr/local/opt/readline/lib -L/usr/local/opt/openssl@1.1/lib -fomit-frame-pointer -funroll-loops -ffast-math -Ofast -fno-signed-zeros -ffp-contract=fast -mmmx -msse -flto -I/usr/local/opt/openblas/include -I/usr/local/opt/llvm/include -I/usr/local/opt/sqlite/include -I/usr/local/opt/readline/include -I/usr/local/opt/openssl@1.1/include -march=native build/temp.macosx-10.12.6-x86_64-3.6-pydebug/Users/dojo/Library/Caches/Homebrew/Python-3.6.2/Modules/resource.o -L. -L/usr/local/opt/openblas/lib -L/usr/local/opt/llvm/lib -L/usr/local/opt/sqlite/lib -L/usr/local/opt/readline/lib -L/usr/local/opt/openssl@1.1/lib -L/usr/local/lib -o build/lib.macosx-10.12.6-x86_64-3.6-pydebug/resource.cpython-36dm-darwin.so
cc -bundle -undefined dynamic_lookup -fsanitize=address -L/usr/local/opt/openblas/lib -L/usr/local/opt/llvm/lib -L/usr/local/opt/sqlite/lib -L/usr/local/opt/readline/lib -L/usr/local/opt/openssl@1.1/lib -L/usr/local/opt/openblas/lib -L/usr/local/opt/llvm/lib -L/usr/local/opt/sqlite/lib -L/usr/local/opt/readline/lib -L/usr/local/opt/openssl@1.1/lib -L/usr/local/opt/openblas/lib -L/usr/local/opt/llvm/lib -L/usr/local/opt/sqlite/lib -L/usr/local/opt/readline/lib -L/usr/local/opt/openssl@1.1/lib -fomit-frame-pointer -funroll-loops -ffast-math -Ofast -fno-signed-zeros -ffp-contract=fast -mmmx -msse -flto -I/usr/local/opt/openblas/include -I/usr/local/opt/llvm/include -I/usr/local/opt/sqlite/include -I/usr/local/opt/readline/include -I/usr/local/opt/openssl@1.1/include -march=native build/temp.macosx-10.12.6-x86_64-3.6-pydebug/Users/dojo/Library/Caches/Homebrew/Python-3.6.2/Modules/_sqlite/cache.o build/temp.macosx-10.12.6-x86_64-3.6-pydebug/Users/dojo/Library/Caches/Homebrew/Python-3.6.2/Modules/_sqlite/connection.o build/temp.macosx-10.12.6-x86_64-3.6-pydebug/Users/dojo/Library/Caches/Homebrew/Python-3.6.2/Modules/_sqlite/cursor.o build/temp.macosx-10.12.6-x86_64-3.6-pydebug/Users/dojo/Library/Caches/Homebrew/Python-3.6.2/Modules/_sqlite/microprotocols.o build/temp.macosx-10.12.6-x86_64-3.6-pydebug/Users/dojo/Library/Caches/Homebrew/Python-3.6.2/Modules/_sqlite/module.o build/temp.macosx-10.12.6-x86_64-3.6-pydebug/Users/dojo/Library/Caches/Homebrew/Python-3.6.2/Modules/_sqlite/prepare_protocol.o build/temp.macosx-10.12.6-x86_64-3.6-pydebug/Users/dojo/Library/Caches/Homebrew/Python-3.6.2/Modules/_sqlite/row.o build/temp.macosx-10.12.6-x86_64-3.6-pydebug/Users/dojo/Library/Caches/Homebrew/Python-3.6.2/Modules/_sqlite/statement.o build/temp.macosx-10.12.6-x86_64-3.6-pydebug/Users/dojo/Library/Caches/Homebrew/Python-3.6.2/Modules/_sqlite/util.o -L. -L/usr/local/opt/openblas/lib -L/usr/local/opt/llvm/lib -L/usr/local/opt/sqlite/lib -L/usr/local/opt/readline/lib -L/usr/local/opt/openssl@1.1/lib -L/usr/local/lib -lsqlite3 -o build/lib.macosx-10.12.6-x86_64-3.6-pydebug/_sqlite3.cpython-36dm-darwin.so -Wl,-search_paths_first
building '_curses' extension
cc -bundle -undefined dynamic_lookup -fsanitize=address -L/usr/local/opt/openblas/lib -L/usr/local/opt/llvm/lib -L/usr/local/opt/sqlite/lib -L/usr/local/opt/readline/lib -L/usr/local/opt/openssl@1.1/lib -L/usr/local/opt/openblas/lib -L/usr/local/opt/llvm/lib -L/usr/local/opt/sqlite/lib -L/usr/local/opt/readline/lib -L/usr/local/opt/openssl@1.1/lib -L/usr/local/opt/openblas/lib -L/usr/local/opt/llvm/lib -L/usr/local/opt/sqlite/lib -L/usr/local/opt/readline/lib -L/usr/local/opt/openssl@1.1/lib -fomit-frame-pointer -funroll-loops -ffast-math -Ofast -fno-signed-zeros -ffp-contract=fast -mmmx -msse -flto -I/usr/local/opt/openblas/include -I/usr/local/opt/llvm/include -I/usr/local/opt/sqlite/include -I/usr/local/opt/readline/include -I/usr/local/opt/openssl@1.1/include -march=native build/temp.macosx-10.12.6-x86_64-3.6-pydebug/Users/dojo/Library/Caches/Homebrew/Python-3.6.2/Modules/nismodule.o -L. -L/usr/local/opt/openblas/lib -L/usr/local/opt/llvm/lib -L/usr/local/opt/sqlite/lib -L/usr/local/opt/readline/lib -L/usr/local/opt/openssl@1.1/lib -L/usr/local/lib -o build/lib.macosx-10.12.6-x86_64-3.6-pydebug/nis.cpython-36dm-darwin.so
cc -fsanitize=address -fno-omit-frame-pointer -Wno-unused-result -Wsign-compare -DDYNAMIC_ANNOTATIONS_ENABLED=1 -g -Ofast -Wall -Wstrict-prototypes -fomit-frame-pointer -funroll-loops -ffast-math -Ofast -fno-signed-zeros -ffp-contract=fast -mmmx -msse -flto -fomit-frame-pointer -funroll-loops -ffast-math -Ofast -fno-signed-zeros -ffp-contract=fast -mmmx -msse -flto -std=c99 -Wextra -Wno-unused-result -Wno-unused-parameter -Wno-missing-field-initializers -fomit-frame-pointer -funroll-loops -ffast-math -Ofast -fno-signed-zeros -ffp-contract=fast -mmmx -msse -flto -march=native -DHAVE_NCURSESW=1 -D_XOPEN_SOURCE_EXTENDED=1 -I./Include -I. -I/usr/local/opt/openblas/include -I/usr/local/opt/llvm/include -I/usr/local/opt/sqlite/include -I/usr/local/opt/readline/include -I/usr/local/opt/openssl@1.1/include -I/usr/local/include -I/Users/dojo/Library/Caches/Homebrew/Python-3.6.2/Include -I/Users/dojo/Library/Caches/Homebrew/Python-3.6.2 -c /Users/dojo/Library/Caches/Homebrew/Python-3.6.2/Modules/_cursesmodule.c -o build/temp.macosx-10.12.6-x86_64-3.6-pydebug/Users/dojo/Library/Caches/Homebrew/Python-3.6.2/Modules/_cursesmodule.o
building '_curses_panel' extension
cc -fsanitize=address -fno-omit-frame-pointer -Wno-unused-result -Wsign-compare -DDYNAMIC_ANNOTATIONS_ENABLED=1 -g -Ofast -Wall -Wstrict-prototypes -fomit-frame-pointer -funroll-loops -ffast-math -Ofast -fno-signed-zeros -ffp-contract=fast -mmmx -msse -flto -fomit-frame-pointer -funroll-loops -ffast-math -Ofast -fno-signed-zeros -ffp-contract=fast -mmmx -msse -flto -std=c99 -Wextra -Wno-unused-result -Wno-unused-parameter -Wno-missing-field-initializers -fomit-frame-pointer -funroll-loops -ffast-math -Ofast -fno-signed-zeros -ffp-contract=fast -mmmx -msse -flto -march=native -DHAVE_NCURSESW=1 -D_XOPEN_SOURCE_EXTENDED=1 -I./Include -I. -I/usr/local/opt/openblas/include -I/usr/local/opt/llvm/include -I/usr/local/opt/sqlite/include -I/usr/local/opt/readline/include -I/usr/local/opt/openssl@1.1/include -I/usr/local/include -I/Users/dojo/Library/Caches/Homebrew/Python-3.6.2/Include -I/Users/dojo/Library/Caches/Homebrew/Python-3.6.2 -c /Users/dojo/Library/Caches/Homebrew/Python-3.6.2/Modules/_curses_panel.c -o build/temp.macosx-10.12.6-x86_64-3.6-pydebug/Users/dojo/Library/Caches/Homebrew/Python-3.6.2/Modules/_curses_panel.o
cc -bundle -undefined dynamic_lookup -fsanitize=address -L/usr/local/opt/openblas/lib -L/usr/local/opt/llvm/lib -L/usr/local/opt/sqlite/lib -L/usr/local/opt/readline/lib -L/usr/local/opt/openssl@1.1/lib -L/usr/local/opt/openblas/lib -L/usr/local/opt/llvm/lib -L/usr/local/opt/sqlite/lib -L/usr/local/opt/readline/lib -L/usr/local/opt/openssl@1.1/lib -L/usr/local/opt/openblas/lib -L/usr/local/opt/llvm/lib -L/usr/local/opt/sqlite/lib -L/usr/local/opt/readline/lib -L/usr/local/opt/openssl@1.1/lib -fomit-frame-pointer -funroll-loops -ffast-math -Ofast -fno-signed-zeros -ffp-contract=fast -mmmx -msse -flto -I/usr/local/opt/openblas/include -I/usr/local/opt/llvm/include -I/usr/local/opt/sqlite/include -I/usr/local/opt/readline/include -I/usr/local/opt/openssl@1.1/include -march=native build/temp.macosx-10.12.6-x86_64-3.6-pydebug/Users/dojo/Library/Caches/Homebrew/Python-3.6.2/Modules/_curses_panel.o -L. -L/usr/local/opt/openblas/lib -L/usr/local/opt/llvm/lib -L/usr/local/opt/sqlite/lib -L/usr/local/opt/readline/lib -L/usr/local/opt/openssl@1.1/lib -L/usr/local/lib -lpanel -lncurses -o build/lib.macosx-10.12.6-x86_64-3.6-pydebug/_curses_panel.cpython-36dm-darwin.so
cc -bundle -undefined dynamic_lookup -fsanitize=address -L/usr/local/opt/openblas/lib -L/usr/local/opt/llvm/lib -L/usr/local/opt/sqlite/lib -L/usr/local/opt/readline/lib -L/usr/local/opt/openssl@1.1/lib -L/usr/local/opt/openblas/lib -L/usr/local/opt/llvm/lib -L/usr/local/opt/sqlite/lib -L/usr/local/opt/readline/lib -L/usr/local/opt/openssl@1.1/lib -L/usr/local/opt/openblas/lib -L/usr/local/opt/llvm/lib -L/usr/local/opt/sqlite/lib -L/usr/local/opt/readline/lib -L/usr/local/opt/openssl@1.1/lib -fomit-frame-pointer -funroll-loops -ffast-math -Ofast -fno-signed-zeros -ffp-contract=fast -mmmx -msse -flto -I/usr/local/opt/openblas/include -I/usr/local/opt/llvm/include -I/usr/local/opt/sqlite/include -I/usr/local/opt/readline/include -I/usr/local/opt/openssl@1.1/include -march=native build/temp.macosx-10.12.6-x86_64-3.6-pydebug/Users/dojo/Library/Caches/Homebrew/Python-3.6.2/Modules/_cursesmodule.o -L. -L/usr/local/opt/openblas/lib -L/usr/local/opt/llvm/lib -L/usr/local/opt/sqlite/lib -L/usr/local/opt/readline/lib -L/usr/local/opt/openssl@1.1/lib -L/usr/local/lib -lncurses -o build/lib.macosx-10.12.6-x86_64-3.6-pydebug/_curses.cpython-36dm-darwin.so
building 'zlib' extension
cc -fsanitize=address -fno-omit-frame-pointer -Wno-unused-result -Wsign-compare -DDYNAMIC_ANNOTATIONS_ENABLED=1 -g -Ofast -Wall -Wstrict-prototypes -fomit-frame-pointer -funroll-loops -ffast-math -Ofast -fno-signed-zeros -ffp-contract=fast -mmmx -msse -flto -fomit-frame-pointer -funroll-loops -ffast-math -Ofast -fno-signed-zeros -ffp-contract=fast -mmmx -msse -flto -std=c99 -Wextra -Wno-unused-result -Wno-unused-parameter -Wno-missing-field-initializers -fomit-frame-pointer -funroll-loops -ffast-math -Ofast -fno-signed-zeros -ffp-contract=fast -mmmx -msse -flto -march=native -I./Include -I. -I/usr/local/opt/openblas/include -I/usr/local/opt/llvm/include -I/usr/local/opt/sqlite/include -I/usr/local/opt/readline/include -I/usr/local/opt/openssl@1.1/include -I/usr/local/include -I/Users/dojo/Library/Caches/Homebrew/Python-3.6.2/Include -I/Users/dojo/Library/Caches/Homebrew/Python-3.6.2 -c /Users/dojo/Library/Caches/Homebrew/Python-3.6.2/Modules/zlibmodule.c -o build/temp.macosx-10.12.6-x86_64-3.6-pydebug/Users/dojo/Library/Caches/Homebrew/Python-3.6.2/Modules/zlibmodule.o
building 'binascii' extension
cc -fsanitize=address -fno-omit-frame-pointer -Wno-unused-result -Wsign-compare -DDYNAMIC_ANNOTATIONS_ENABLED=1 -g -Ofast -Wall -Wstrict-prototypes -fomit-frame-pointer -funroll-loops -ffast-math -Ofast -fno-signed-zeros -ffp-contract=fast -mmmx -msse -flto -fomit-frame-pointer -funroll-loops -ffast-math -Ofast -fno-signed-zeros -ffp-contract=fast -mmmx -msse -flto -std=c99 -Wextra -Wno-unused-result -Wno-unused-parameter -Wno-missing-field-initializers -fomit-frame-pointer -funroll-loops -ffast-math -Ofast -fno-signed-zeros -ffp-contract=fast -mmmx -msse -flto -march=native -I./Include -I. -I/usr/local/opt/openblas/include -I/usr/local/opt/llvm/include -I/usr/local/opt/sqlite/include -I/usr/local/opt/readline/include -I/usr/local/opt/openssl@1.1/include -I/usr/local/include -I/Users/dojo/Library/Caches/Homebrew/Python-3.6.2/Include -I/Users/dojo/Library/Caches/Homebrew/Python-3.6.2 -c /Users/dojo/Library/Caches/Homebrew/Python-3.6.2/Modules/binascii.c -o build/temp.macosx-10.12.6-x86_64-3.6-pydebug/Users/dojo/Library/Caches/Homebrew/Python-3.6.2/Modules/binascii.o -DUSE_ZLIB_CRC32
cc -bundle -undefined dynamic_lookup -fsanitize=address -L/usr/local/opt/openblas/lib -L/usr/local/opt/llvm/lib -L/usr/local/opt/sqlite/lib -L/usr/local/opt/readline/lib -L/usr/local/opt/openssl@1.1/lib -L/usr/local/opt/openblas/lib -L/usr/local/opt/llvm/lib -L/usr/local/opt/sqlite/lib -L/usr/local/opt/readline/lib -L/usr/local/opt/openssl@1.1/lib -L/usr/local/opt/openblas/lib -L/usr/local/opt/llvm/lib -L/usr/local/opt/sqlite/lib -L/usr/local/opt/readline/lib -L/usr/local/opt/openssl@1.1/lib -fomit-frame-pointer -funroll-loops -ffast-math -Ofast -fno-signed-zeros -ffp-contract=fast -mmmx -msse -flto -I/usr/local/opt/openblas/include -I/usr/local/opt/llvm/include -I/usr/local/opt/sqlite/include -I/usr/local/opt/readline/include -I/usr/local/opt/openssl@1.1/include -march=native build/temp.macosx-10.12.6-x86_64-3.6-pydebug/Users/dojo/Library/Caches/Homebrew/Python-3.6.2/Modules/_sha3/sha3module.o -L. -L/usr/local/opt/openblas/lib -L/usr/local/opt/llvm/lib -L/usr/local/opt/sqlite/lib -L/usr/local/opt/readline/lib -L/usr/local/opt/openssl@1.1/lib -L/usr/local/lib -o build/lib.macosx-10.12.6-x86_64-3.6-pydebug/_sha3.cpython-36dm-darwin.so
cc -bundle -undefined dynamic_lookup -fsanitize=address -L/usr/local/opt/openblas/lib -L/usr/local/opt/llvm/lib -L/usr/local/opt/sqlite/lib -L/usr/local/opt/readline/lib -L/usr/local/opt/openssl@1.1/lib -L/usr/local/opt/openblas/lib -L/usr/local/opt/llvm/lib -L/usr/local/opt/sqlite/lib -L/usr/local/opt/readline/lib -L/usr/local/opt/openssl@1.1/lib -L/usr/local/opt/openblas/lib -L/usr/local/opt/llvm/lib -L/usr/local/opt/sqlite/lib -L/usr/local/opt/readline/lib -L/usr/local/opt/openssl@1.1/lib -fomit-frame-pointer -funroll-loops -ffast-math -Ofast -fno-signed-zeros -ffp-contract=fast -mmmx -msse -flto -I/usr/local/opt/openblas/include -I/usr/local/opt/llvm/include -I/usr/local/opt/sqlite/include -I/usr/local/opt/readline/include -I/usr/local/opt/openssl@1.1/include -march=native build/temp.macosx-10.12.6-x86_64-3.6-pydebug/Users/dojo/Library/Caches/Homebrew/Python-3.6.2/Modules/zlibmodule.o -L. -L/usr/local/opt/openblas/lib -L/usr/local/opt/llvm/lib -L/usr/local/opt/sqlite/lib -L/usr/local/opt/readline/lib -L/usr/local/opt/openssl@1.1/lib -L/usr/local/lib -lz -o build/lib.macosx-10.12.6-x86_64-3.6-pydebug/zlib.cpython-36dm-darwin.so -Wl,-search_paths_first
cc -bundle -undefined dynamic_lookup -fsanitize=address -L/usr/local/opt/openblas/lib -L/usr/local/opt/llvm/lib -L/usr/local/opt/sqlite/lib -L/usr/local/opt/readline/lib -L/usr/local/opt/openssl@1.1/lib -L/usr/local/opt/openblas/lib -L/usr/local/opt/llvm/lib -L/usr/local/opt/sqlite/lib -L/usr/local/opt/readline/lib -L/usr/local/opt/openssl@1.1/lib -L/usr/local/opt/openblas/lib -L/usr/local/opt/llvm/lib -L/usr/local/opt/sqlite/lib -L/usr/local/opt/readline/lib -L/usr/local/opt/openssl@1.1/lib -fomit-frame-pointer -funroll-loops -ffast-math -Ofast -fno-signed-zeros -ffp-contract=fast -mmmx -msse -flto -I/usr/local/opt/openblas/include -I/usr/local/opt/llvm/include -I/usr/local/opt/sqlite/include -I/usr/local/opt/readline/include -I/usr/local/opt/openssl@1.1/include -march=native build/temp.macosx-10.12.6-x86_64-3.6-pydebug/Users/dojo/Library/Caches/Homebrew/Python-3.6.2/Modules/binascii.o -L. -L/usr/local/opt/openblas/lib -L/usr/local/opt/llvm/lib -L/usr/local/opt/sqlite/lib -L/usr/local/opt/readline/lib -L/usr/local/opt/openssl@1.1/lib -L/usr/local/lib -lz -o build/lib.macosx-10.12.6-x86_64-3.6-pydebug/binascii.cpython-36dm-darwin.so -Wl,-search_paths_first
building '_bz2' extension
cc -fsanitize=address -fno-omit-frame-pointer -Wno-unused-result -Wsign-compare -DDYNAMIC_ANNOTATIONS_ENABLED=1 -g -Ofast -Wall -Wstrict-prototypes -fomit-frame-pointer -funroll-loops -ffast-math -Ofast -fno-signed-zeros -ffp-contract=fast -mmmx -msse -flto -fomit-frame-pointer -funroll-loops -ffast-math -Ofast -fno-signed-zeros -ffp-contract=fast -mmmx -msse -flto -std=c99 -Wextra -Wno-unused-result -Wno-unused-parameter -Wno-missing-field-initializers -fomit-frame-pointer -funroll-loops -ffast-math -Ofast -fno-signed-zeros -ffp-contract=fast -mmmx -msse -flto -march=native -I./Include -I. -I/usr/local/opt/openblas/include -I/usr/local/opt/llvm/include -I/usr/local/opt/sqlite/include -I/usr/local/opt/readline/include -I/usr/local/opt/openssl@1.1/include -I/usr/local/include -I/Users/dojo/Library/Caches/Homebrew/Python-3.6.2/Include -I/Users/dojo/Library/Caches/Homebrew/Python-3.6.2 -c /Users/dojo/Library/Caches/Homebrew/Python-3.6.2/Modules/_bz2module.c -o build/temp.macosx-10.12.6-x86_64-3.6-pydebug/Users/dojo/Library/Caches/Homebrew/Python-3.6.2/Modules/_bz2module.o
cc -bundle -undefined dynamic_lookup -fsanitize=address -L/usr/local/opt/openblas/lib -L/usr/local/opt/llvm/lib -L/usr/local/opt/sqlite/lib -L/usr/local/opt/readline/lib -L/usr/local/opt/openssl@1.1/lib -L/usr/local/opt/openblas/lib -L/usr/local/opt/llvm/lib -L/usr/local/opt/sqlite/lib -L/usr/local/opt/readline/lib -L/usr/local/opt/openssl@1.1/lib -L/usr/local/opt/openblas/lib -L/usr/local/opt/llvm/lib -L/usr/local/opt/sqlite/lib -L/usr/local/opt/readline/lib -L/usr/local/opt/openssl@1.1/lib -fomit-frame-pointer -funroll-loops -ffast-math -Ofast -fno-signed-zeros -ffp-contract=fast -mmmx -msse -flto -I/usr/local/opt/openblas/include -I/usr/local/opt/llvm/include -I/usr/local/opt/sqlite/include -I/usr/local/opt/readline/include -I/usr/local/opt/openssl@1.1/include -march=native build/temp.macosx-10.12.6-x86_64-3.6-pydebug/Users/dojo/Library/Caches/Homebrew/Python-3.6.2/Modules/_bz2module.o -L. -L/usr/local/opt/openblas/lib -L/usr/local/opt/llvm/lib -L/usr/local/opt/sqlite/lib -L/usr/local/opt/readline/lib -L/usr/local/opt/openssl@1.1/lib -L/usr/local/lib -lbz2 -o build/lib.macosx-10.12.6-x86_64-3.6-pydebug/_bz2.cpython-36dm-darwin.so -Wl,-search_paths_first
building '_lzma' extension
cc -fsanitize=address -fno-omit-frame-pointer -Wno-unused-result -Wsign-compare -DDYNAMIC_ANNOTATIONS_ENABLED=1 -g -Ofast -Wall -Wstrict-prototypes -fomit-frame-pointer -funroll-loops -ffast-math -Ofast -fno-signed-zeros -ffp-contract=fast -mmmx -msse -flto -fomit-frame-pointer -funroll-loops -ffast-math -Ofast -fno-signed-zeros -ffp-contract=fast -mmmx -msse -flto -std=c99 -Wextra -Wno-unused-result -Wno-unused-parameter -Wno-missing-field-initializers -fomit-frame-pointer -funroll-loops -ffast-math -Ofast -fno-signed-zeros -ffp-contract=fast -mmmx -msse -flto -march=native -I./Include -I. -I/usr/local/opt/openblas/include -I/usr/local/opt/llvm/include -I/usr/local/opt/sqlite/include -I/usr/local/opt/readline/include -I/usr/local/opt/openssl@1.1/include -I/usr/local/include -I/Users/dojo/Library/Caches/Homebrew/Python-3.6.2/Include -I/Users/dojo/Library/Caches/Homebrew/Python-3.6.2 -c /Users/dojo/Library/Caches/Homebrew/Python-3.6.2/Modules/_lzmamodule.c -o build/temp.macosx-10.12.6-x86_64-3.6-pydebug/Users/dojo/Library/Caches/Homebrew/Python-3.6.2/Modules/_lzmamodule.o
building 'pyexpat' extension
cc -fsanitize=address -fno-omit-frame-pointer -Wno-unused-result -Wsign-compare -DDYNAMIC_ANNOTATIONS_ENABLED=1 -g -Ofast -Wall -Wstrict-prototypes -fomit-frame-pointer -funroll-loops -ffast-math -Ofast -fno-signed-zeros -ffp-contract=fast -mmmx -msse -flto -fomit-frame-pointer -funroll-loops -ffast-math -Ofast -fno-signed-zeros -ffp-contract=fast -mmmx -msse -flto -std=c99 -Wextra -Wno-unused-result -Wno-unused-parameter -Wno-missing-field-initializers -fomit-frame-pointer -funroll-loops -ffast-math -Ofast -fno-signed-zeros -ffp-contract=fast -mmmx -msse -flto -march=native -I./Include -I. -I/usr/local/opt/openblas/include -I/usr/local/opt/llvm/include -I/usr/local/opt/sqlite/include -I/usr/local/opt/readline/include -I/usr/local/opt/openssl@1.1/include -I/usr/local/include -I/Users/dojo/Library/Caches/Homebrew/Python-3.6.2/Include -I/Users/dojo/Library/Caches/Homebrew/Python-3.6.2 -c /Users/dojo/Library/Caches/Homebrew/Python-3.6.2/Modules/pyexpat.c -o build/temp.macosx-10.12.6-x86_64-3.6-pydebug/Users/dojo/Library/Caches/Homebrew/Python-3.6.2/Modules/pyexpat.o
building '_elementtree' extension
cc -fsanitize=address -fno-omit-frame-pointer -Wno-unused-result -Wsign-compare -DDYNAMIC_ANNOTATIONS_ENABLED=1 -g -Ofast -Wall -Wstrict-prototypes -fomit-frame-pointer -funroll-loops -ffast-math -Ofast -fno-signed-zeros -ffp-contract=fast -mmmx -msse -flto -fomit-frame-pointer -funroll-loops -ffast-math -Ofast -fno-signed-zeros -ffp-contract=fast -mmmx -msse -flto -std=c99 -Wextra -Wno-unused-result -Wno-unused-parameter -Wno-missing-field-initializers -fomit-frame-pointer -funroll-loops -ffast-math -Ofast -fno-signed-zeros -ffp-contract=fast -mmmx -msse -flto -march=native -DUSE_PYEXPAT_CAPI -I./Include -I. -I/usr/local/opt/openblas/include -I/usr/local/opt/llvm/include -I/usr/local/opt/sqlite/include -I/usr/local/opt/readline/include -I/usr/local/opt/openssl@1.1/include -I/usr/local/include -I/Users/dojo/Library/Caches/Homebrew/Python-3.6.2/Include -I/Users/dojo/Library/Caches/Homebrew/Python-3.6.2 -c /Users/dojo/Library/Caches/Homebrew/Python-3.6.2/Modules/_elementtree.c -o build/temp.macosx-10.12.6-x86_64-3.6-pydebug/Users/dojo/Library/Caches/Homebrew/Python-3.6.2/Modules/_elementtree.o
cc -bundle -undefined dynamic_lookup -fsanitize=address -L/usr/local/opt/openblas/lib -L/usr/local/opt/llvm/lib -L/usr/local/opt/sqlite/lib -L/usr/local/opt/readline/lib -L/usr/local/opt/openssl@1.1/lib -L/usr/local/opt/openblas/lib -L/usr/local/opt/llvm/lib -L/usr/local/opt/sqlite/lib -L/usr/local/opt/readline/lib -L/usr/local/opt/openssl@1.1/lib -L/usr/local/opt/openblas/lib -L/usr/local/opt/llvm/lib -L/usr/local/opt/sqlite/lib -L/usr/local/opt/readline/lib -L/usr/local/opt/openssl@1.1/lib -fomit-frame-pointer -funroll-loops -ffast-math -Ofast -fno-signed-zeros -ffp-contract=fast -mmmx -msse -flto -I/usr/local/opt/openblas/include -I/usr/local/opt/llvm/include -I/usr/local/opt/sqlite/include -I/usr/local/opt/readline/include -I/usr/local/opt/openssl@1.1/include -march=native build/temp.macosx-10.12.6-x86_64-3.6-pydebug/Users/dojo/Library/Caches/Homebrew/Python-3.6.2/Modules/_lzmamodule.o -L. -L/usr/local/opt/openblas/lib -L/usr/local/opt/llvm/lib -L/usr/local/opt/sqlite/lib -L/usr/local/opt/readline/lib -L/usr/local/opt/openssl@1.1/lib -L/usr/local/lib -llzma -o build/lib.macosx-10.12.6-x86_64-3.6-pydebug/_lzma.cpython-36dm-darwin.so
cc -bundle -undefined dynamic_lookup -fsanitize=address -L/usr/local/opt/openblas/lib -L/usr/local/opt/llvm/lib -L/usr/local/opt/sqlite/lib -L/usr/local/opt/readline/lib -L/usr/local/opt/openssl@1.1/lib -L/usr/local/opt/openblas/lib -L/usr/local/opt/llvm/lib -L/usr/local/opt/sqlite/lib -L/usr/local/opt/readline/lib -L/usr/local/opt/openssl@1.1/lib -L/usr/local/opt/openblas/lib -L/usr/local/opt/llvm/lib -L/usr/local/opt/sqlite/lib -L/usr/local/opt/readline/lib -L/usr/local/opt/openssl@1.1/lib -fomit-frame-pointer -funroll-loops -ffast-math -Ofast -fno-signed-zeros -ffp-contract=fast -mmmx -msse -flto -I/usr/local/opt/openblas/include -I/usr/local/opt/llvm/include -I/usr/local/opt/sqlite/include -I/usr/local/opt/readline/include -I/usr/local/opt/openssl@1.1/include -march=native build/temp.macosx-10.12.6-x86_64-3.6-pydebug/Users/dojo/Library/Caches/Homebrew/Python-3.6.2/Modules/pyexpat.o -L. -L/usr/local/opt/openblas/lib -L/usr/local/opt/llvm/lib -L/usr/local/opt/sqlite/lib -L/usr/local/opt/readline/lib -L/usr/local/opt/openssl@1.1/lib -L/usr/local/lib -lexpat -o build/lib.macosx-10.12.6-x86_64-3.6-pydebug/pyexpat.cpython-36dm-darwin.so
building '_multibytecodec' extension
cc -fsanitize=address -fno-omit-frame-pointer -Wno-unused-result -Wsign-compare -DDYNAMIC_ANNOTATIONS_ENABLED=1 -g -Ofast -Wall -Wstrict-prototypes -fomit-frame-pointer -funroll-loops -ffast-math -Ofast -fno-signed-zeros -ffp-contract=fast -mmmx -msse -flto -fomit-frame-pointer -funroll-loops -ffast-math -Ofast -fno-signed-zeros -ffp-contract=fast -mmmx -msse -flto -std=c99 -Wextra -Wno-unused-result -Wno-unused-parameter -Wno-missing-field-initializers -fomit-frame-pointer -funroll-loops -ffast-math -Ofast -fno-signed-zeros -ffp-contract=fast -mmmx -msse -flto -march=native -I./Include -I. -I/usr/local/opt/openblas/include -I/usr/local/opt/llvm/include -I/usr/local/opt/sqlite/include -I/usr/local/opt/readline/include -I/usr/local/opt/openssl@1.1/include -I/usr/local/include -I/Users/dojo/Library/Caches/Homebrew/Python-3.6.2/Include -I/Users/dojo/Library/Caches/Homebrew/Python-3.6.2 -c /Users/dojo/Library/Caches/Homebrew/Python-3.6.2/Modules/cjkcodecs/multibytecodec.c -o build/temp.macosx-10.12.6-x86_64-3.6-pydebug/Users/dojo/Library/Caches/Homebrew/Python-3.6.2/Modules/cjkcodecs/multibytecodec.o
cc -bundle -undefined dynamic_lookup -fsanitize=address -L/usr/local/opt/openblas/lib -L/usr/local/opt/llvm/lib -L/usr/local/opt/sqlite/lib -L/usr/local/opt/readline/lib -L/usr/local/opt/openssl@1.1/lib -L/usr/local/opt/openblas/lib -L/usr/local/opt/llvm/lib -L/usr/local/opt/sqlite/lib -L/usr/local/opt/readline/lib -L/usr/local/opt/openssl@1.1/lib -L/usr/local/opt/openblas/lib -L/usr/local/opt/llvm/lib -L/usr/local/opt/sqlite/lib -L/usr/local/opt/readline/lib -L/usr/local/opt/openssl@1.1/lib -fomit-frame-pointer -funroll-loops -ffast-math -Ofast -fno-signed-zeros -ffp-contract=fast -mmmx -msse -flto -I/usr/local/opt/openblas/include -I/usr/local/opt/llvm/include -I/usr/local/opt/sqlite/include -I/usr/local/opt/readline/include -I/usr/local/opt/openssl@1.1/include -march=native build/temp.macosx-10.12.6-x86_64-3.6-pydebug/Users/dojo/Library/Caches/Homebrew/Python-3.6.2/Modules/_elementtree.o -L. -L/usr/local/opt/openblas/lib -L/usr/local/opt/llvm/lib -L/usr/local/opt/sqlite/lib -L/usr/local/opt/readline/lib -L/usr/local/opt/openssl@1.1/lib -L/usr/local/lib -lexpat -o build/lib.macosx-10.12.6-x86_64-3.6-pydebug/_elementtree.cpython-36dm-darwin.so
cc -bundle -undefined dynamic_lookup -fsanitize=address -L/usr/local/opt/openblas/lib -L/usr/local/opt/llvm/lib -L/usr/local/opt/sqlite/lib -L/usr/local/opt/readline/lib -L/usr/local/opt/openssl@1.1/lib -L/usr/local/opt/openblas/lib -L/usr/local/opt/llvm/lib -L/usr/local/opt/sqlite/lib -L/usr/local/opt/readline/lib -L/usr/local/opt/openssl@1.1/lib -L/usr/local/opt/openblas/lib -L/usr/local/opt/llvm/lib -L/usr/local/opt/sqlite/lib -L/usr/local/opt/readline/lib -L/usr/local/opt/openssl@1.1/lib -fomit-frame-pointer -funroll-loops -ffast-math -Ofast -fno-signed-zeros -ffp-contract=fast -mmmx -msse -flto -I/usr/local/opt/openblas/include -I/usr/local/opt/llvm/include -I/usr/local/opt/sqlite/include -I/usr/local/opt/readline/include -I/usr/local/opt/openssl@1.1/include -march=native build/temp.macosx-10.12.6-x86_64-3.6-pydebug/Users/dojo/Library/Caches/Homebrew/Python-3.6.2/Modules/cjkcodecs/multibytecodec.o -L. -L/usr/local/opt/openblas/lib -L/usr/local/opt/llvm/lib -L/usr/local/opt/sqlite/lib -L/usr/local/opt/readline/lib -L/usr/local/opt/openssl@1.1/lib -L/usr/local/lib -o build/lib.macosx-10.12.6-x86_64-3.6-pydebug/_multibytecodec.cpython-36dm-darwin.so
building '_codecs_kr' extension
cc -fsanitize=address -fno-omit-frame-pointer -Wno-unused-result -Wsign-compare -DDYNAMIC_ANNOTATIONS_ENABLED=1 -g -Ofast -Wall -Wstrict-prototypes -fomit-frame-pointer -funroll-loops -ffast-math -Ofast -fno-signed-zeros -ffp-contract=fast -mmmx -msse -flto -fomit-frame-pointer -funroll-loops -ffast-math -Ofast -fno-signed-zeros -ffp-contract=fast -mmmx -msse -flto -std=c99 -Wextra -Wno-unused-result -Wno-unused-parameter -Wno-missing-field-initializers -fomit-frame-pointer -funroll-loops -ffast-math -Ofast -fno-signed-zeros -ffp-contract=fast -mmmx -msse -flto -march=native -I./Include -I. -I/usr/local/opt/openblas/include -I/usr/local/opt/llvm/include -I/usr/local/opt/sqlite/include -I/usr/local/opt/readline/include -I/usr/local/opt/openssl@1.1/include -I/usr/local/include -I/Users/dojo/Library/Caches/Homebrew/Python-3.6.2/Include -I/Users/dojo/Library/Caches/Homebrew/Python-3.6.2 -c /Users/dojo/Library/Caches/Homebrew/Python-3.6.2/Modules/cjkcodecs/_codecs_kr.c -o build/temp.macosx-10.12.6-x86_64-3.6-pydebug/Users/dojo/Library/Caches/Homebrew/Python-3.6.2/Modules/cjkcodecs/_codecs_kr.o
building '_codecs_jp' extension
cc -fsanitize=address -fno-omit-frame-pointer -Wno-unused-result -Wsign-compare -DDYNAMIC_ANNOTATIONS_ENABLED=1 -g -Ofast -Wall -Wstrict-prototypes -fomit-frame-pointer -funroll-loops -ffast-math -Ofast -fno-signed-zeros -ffp-contract=fast -mmmx -msse -flto -fomit-frame-pointer -funroll-loops -ffast-math -Ofast -fno-signed-zeros -ffp-contract=fast -mmmx -msse -flto -std=c99 -Wextra -Wno-unused-result -Wno-unused-parameter -Wno-missing-field-initializers -fomit-frame-pointer -funroll-loops -ffast-math -Ofast -fno-signed-zeros -ffp-contract=fast -mmmx -msse -flto -march=native -I./Include -I. -I/usr/local/opt/openblas/include -I/usr/local/opt/llvm/include -I/usr/local/opt/sqlite/include -I/usr/local/opt/readline/include -I/usr/local/opt/openssl@1.1/include -I/usr/local/include -I/Users/dojo/Library/Caches/Homebrew/Python-3.6.2/Include -I/Users/dojo/Library/Caches/Homebrew/Python-3.6.2 -c /Users/dojo/Library/Caches/Homebrew/Python-3.6.2/Modules/cjkcodecs/_codecs_jp.c -o build/temp.macosx-10.12.6-x86_64-3.6-pydebug/Users/dojo/Library/Caches/Homebrew/Python-3.6.2/Modules/cjkcodecs/_codecs_jp.o
building '_codecs_cn' extension
cc -fsanitize=address -fno-omit-frame-pointer -Wno-unused-result -Wsign-compare -DDYNAMIC_ANNOTATIONS_ENABLED=1 -g -Ofast -Wall -Wstrict-prototypes -fomit-frame-pointer -funroll-loops -ffast-math -Ofast -fno-signed-zeros -ffp-contract=fast -mmmx -msse -flto -fomit-frame-pointer -funroll-loops -ffast-math -Ofast -fno-signed-zeros -ffp-contract=fast -mmmx -msse -flto -std=c99 -Wextra -Wno-unused-result -Wno-unused-parameter -Wno-missing-field-initializers -fomit-frame-pointer -funroll-loops -ffast-math -Ofast -fno-signed-zeros -ffp-contract=fast -mmmx -msse -flto -march=native -I./Include -I. -I/usr/local/opt/openblas/include -I/usr/local/opt/llvm/include -I/usr/local/opt/sqlite/include -I/usr/local/opt/readline/include -I/usr/local/opt/openssl@1.1/include -I/usr/local/include -I/Users/dojo/Library/Caches/Homebrew/Python-3.6.2/Include -I/Users/dojo/Library/Caches/Homebrew/Python-3.6.2 -c /Users/dojo/Library/Caches/Homebrew/Python-3.6.2/Modules/cjkcodecs/_codecs_cn.c -o build/temp.macosx-10.12.6-x86_64-3.6-pydebug/Users/dojo/Library/Caches/Homebrew/Python-3.6.2/Modules/cjkcodecs/_codecs_cn.o
cc -bundle -undefined dynamic_lookup -fsanitize=address -L/usr/local/opt/openblas/lib -L/usr/local/opt/llvm/lib -L/usr/local/opt/sqlite/lib -L/usr/local/opt/readline/lib -L/usr/local/opt/openssl@1.1/lib -L/usr/local/opt/openblas/lib -L/usr/local/opt/llvm/lib -L/usr/local/opt/sqlite/lib -L/usr/local/opt/readline/lib -L/usr/local/opt/openssl@1.1/lib -L/usr/local/opt/openblas/lib -L/usr/local/opt/llvm/lib -L/usr/local/opt/sqlite/lib -L/usr/local/opt/readline/lib -L/usr/local/opt/openssl@1.1/lib -fomit-frame-pointer -funroll-loops -ffast-math -Ofast -fno-signed-zeros -ffp-contract=fast -mmmx -msse -flto -I/usr/local/opt/openblas/include -I/usr/local/opt/llvm/include -I/usr/local/opt/sqlite/include -I/usr/local/opt/readline/include -I/usr/local/opt/openssl@1.1/include -march=native build/temp.macosx-10.12.6-x86_64-3.6-pydebug/Users/dojo/Library/Caches/Homebrew/Python-3.6.2/Modules/cjkcodecs/_codecs_kr.o -L. -L/usr/local/opt/openblas/lib -L/usr/local/opt/llvm/lib -L/usr/local/opt/sqlite/lib -L/usr/local/opt/readline/lib -L/usr/local/opt/openssl@1.1/lib -L/usr/local/lib -o build/lib.macosx-10.12.6-x86_64-3.6-pydebug/_codecs_kr.cpython-36dm-darwin.so
building '_codecs_tw' extension
cc -fsanitize=address -fno-omit-frame-pointer -Wno-unused-result -Wsign-compare -DDYNAMIC_ANNOTATIONS_ENABLED=1 -g -Ofast -Wall -Wstrict-prototypes -fomit-frame-pointer -funroll-loops -ffast-math -Ofast -fno-signed-zeros -ffp-contract=fast -mmmx -msse -flto -fomit-frame-pointer -funroll-loops -ffast-math -Ofast -fno-signed-zeros -ffp-contract=fast -mmmx -msse -flto -std=c99 -Wextra -Wno-unused-result -Wno-unused-parameter -Wno-missing-field-initializers -fomit-frame-pointer -funroll-loops -ffast-math -Ofast -fno-signed-zeros -ffp-contract=fast -mmmx -msse -flto -march=native -I./Include -I. -I/usr/local/opt/openblas/include -I/usr/local/opt/llvm/include -I/usr/local/opt/sqlite/include -I/usr/local/opt/readline/include -I/usr/local/opt/openssl@1.1/include -I/usr/local/include -I/Users/dojo/Library/Caches/Homebrew/Python-3.6.2/Include -I/Users/dojo/Library/Caches/Homebrew/Python-3.6.2 -c /Users/dojo/Library/Caches/Homebrew/Python-3.6.2/Modules/cjkcodecs/_codecs_tw.c -o build/temp.macosx-10.12.6-x86_64-3.6-pydebug/Users/dojo/Library/Caches/Homebrew/Python-3.6.2/Modules/cjkcodecs/_codecs_tw.o
building '_codecs_hk' extension
cc -fsanitize=address -fno-omit-frame-pointer -Wno-unused-result -Wsign-compare -DDYNAMIC_ANNOTATIONS_ENABLED=1 -g -Ofast -Wall -Wstrict-prototypes -fomit-frame-pointer -funroll-loops -ffast-math -Ofast -fno-signed-zeros -ffp-contract=fast -mmmx -msse -flto -fomit-frame-pointer -funroll-loops -ffast-math -Ofast -fno-signed-zeros -ffp-contract=fast -mmmx -msse -flto -std=c99 -Wextra -Wno-unused-result -Wno-unused-parameter -Wno-missing-field-initializers -fomit-frame-pointer -funroll-loops -ffast-math -Ofast -fno-signed-zeros -ffp-contract=fast -mmmx -msse -flto -march=native -I./Include -I. -I/usr/local/opt/openblas/include -I/usr/local/opt/llvm/include -I/usr/local/opt/sqlite/include -I/usr/local/opt/readline/include -I/usr/local/opt/openssl@1.1/include -I/usr/local/include -I/Users/dojo/Library/Caches/Homebrew/Python-3.6.2/Include -I/Users/dojo/Library/Caches/Homebrew/Python-3.6.2 -c /Users/dojo/Library/Caches/Homebrew/Python-3.6.2/Modules/cjkcodecs/_codecs_hk.c -o build/temp.macosx-10.12.6-x86_64-3.6-pydebug/Users/dojo/Library/Caches/Homebrew/Python-3.6.2/Modules/cjkcodecs/_codecs_hk.o
cc -bundle -undefined dynamic_lookup -fsanitize=address -L/usr/local/opt/openblas/lib -L/usr/local/opt/llvm/lib -L/usr/local/opt/sqlite/lib -L/usr/local/opt/readline/lib -L/usr/local/opt/openssl@1.1/lib -L/usr/local/opt/openblas/lib -L/usr/local/opt/llvm/lib -L/usr/local/opt/sqlite/lib -L/usr/local/opt/readline/lib -L/usr/local/opt/openssl@1.1/lib -L/usr/local/opt/openblas/lib -L/usr/local/opt/llvm/lib -L/usr/local/opt/sqlite/lib -L/usr/local/opt/readline/lib -L/usr/local/opt/openssl@1.1/lib -fomit-frame-pointer -funroll-loops -ffast-math -Ofast -fno-signed-zeros -ffp-contract=fast -mmmx -msse -flto -I/usr/local/opt/openblas/include -I/usr/local/opt/llvm/include -I/usr/local/opt/sqlite/include -I/usr/local/opt/readline/include -I/usr/local/opt/openssl@1.1/include -march=native build/temp.macosx-10.12.6-x86_64-3.6-pydebug/Users/dojo/Library/Caches/Homebrew/Python-3.6.2/Modules/cjkcodecs/_codecs_cn.o -L. -L/usr/local/opt/openblas/lib -L/usr/local/opt/llvm/lib -L/usr/local/opt/sqlite/lib -L/usr/local/opt/readline/lib -L/usr/local/opt/openssl@1.1/lib -L/usr/local/lib -o build/lib.macosx-10.12.6-x86_64-3.6-pydebug/_codecs_cn.cpython-36dm-darwin.so
cc -bundle -undefined dynamic_lookup -fsanitize=address -L/usr/local/opt/openblas/lib -L/usr/local/opt/llvm/lib -L/usr/local/opt/sqlite/lib -L/usr/local/opt/readline/lib -L/usr/local/opt/openssl@1.1/lib -L/usr/local/opt/openblas/lib -L/usr/local/opt/llvm/lib -L/usr/local/opt/sqlite/lib -L/usr/local/opt/readline/lib -L/usr/local/opt/openssl@1.1/lib -L/usr/local/opt/openblas/lib -L/usr/local/opt/llvm/lib -L/usr/local/opt/sqlite/lib -L/usr/local/opt/readline/lib -L/usr/local/opt/openssl@1.1/lib -fomit-frame-pointer -funroll-loops -ffast-math -Ofast -fno-signed-zeros -ffp-contract=fast -mmmx -msse -flto -I/usr/local/opt/openblas/include -I/usr/local/opt/llvm/include -I/usr/local/opt/sqlite/include -I/usr/local/opt/readline/include -I/usr/local/opt/openssl@1.1/include -march=native build/temp.macosx-10.12.6-x86_64-3.6-pydebug/Users/dojo/Library/Caches/Homebrew/Python-3.6.2/Modules/cjkcodecs/_codecs_jp.o -L. -L/usr/local/opt/openblas/lib -L/usr/local/opt/llvm/lib -L/usr/local/opt/sqlite/lib -L/usr/local/opt/readline/lib -L/usr/local/opt/openssl@1.1/lib -L/usr/local/lib -o build/lib.macosx-10.12.6-x86_64-3.6-pydebug/_codecs_jp.cpython-36dm-darwin.so
cc -bundle -undefined dynamic_lookup -fsanitize=address -L/usr/local/opt/openblas/lib -L/usr/local/opt/llvm/lib -L/usr/local/opt/sqlite/lib -L/usr/local/opt/readline/lib -L/usr/local/opt/openssl@1.1/lib -L/usr/local/opt/openblas/lib -L/usr/local/opt/llvm/lib -L/usr/local/opt/sqlite/lib -L/usr/local/opt/readline/lib -L/usr/local/opt/openssl@1.1/lib -L/usr/local/opt/openblas/lib -L/usr/local/opt/llvm/lib -L/usr/local/opt/sqlite/lib -L/usr/local/opt/readline/lib -L/usr/local/opt/openssl@1.1/lib -fomit-frame-pointer -funroll-loops -ffast-math -Ofast -fno-signed-zeros -ffp-contract=fast -mmmx -msse -flto -I/usr/local/opt/openblas/include -I/usr/local/opt/llvm/include -I/usr/local/opt/sqlite/include -I/usr/local/opt/readline/include -I/usr/local/opt/openssl@1.1/include -march=native build/temp.macosx-10.12.6-x86_64-3.6-pydebug/Users/dojo/Library/Caches/Homebrew/Python-3.6.2/Modules/cjkcodecs/_codecs_tw.o -L. -L/usr/local/opt/openblas/lib -L/usr/local/opt/llvm/lib -L/usr/local/opt/sqlite/lib -L/usr/local/opt/readline/lib -L/usr/local/opt/openssl@1.1/lib -L/usr/local/lib -o build/lib.macosx-10.12.6-x86_64-3.6-pydebug/_codecs_tw.cpython-36dm-darwin.so
cc -bundle -undefined dynamic_lookup -fsanitize=address -L/usr/local/opt/openblas/lib -L/usr/local/opt/llvm/lib -L/usr/local/opt/sqlite/lib -L/usr/local/opt/readline/lib -L/usr/local/opt/openssl@1.1/lib -L/usr/local/opt/openblas/lib -L/usr/local/opt/llvm/lib -L/usr/local/opt/sqlite/lib -L/usr/local/opt/readline/lib -L/usr/local/opt/openssl@1.1/lib -L/usr/local/opt/openblas/lib -L/usr/local/opt/llvm/lib -L/usr/local/opt/sqlite/lib -L/usr/local/opt/readline/lib -L/usr/local/opt/openssl@1.1/lib -fomit-frame-pointer -funroll-loops -ffast-math -Ofast -fno-signed-zeros -ffp-contract=fast -mmmx -msse -flto -I/usr/local/opt/openblas/include -I/usr/local/opt/llvm/include -I/usr/local/opt/sqlite/include -I/usr/local/opt/readline/include -I/usr/local/opt/openssl@1.1/include -march=native build/temp.macosx-10.12.6-x86_64-3.6-pydebug/Users/dojo/Library/Caches/Homebrew/Python-3.6.2/Modules/cjkcodecs/_codecs_hk.o -L. -L/usr/local/opt/openblas/lib -L/usr/local/opt/llvm/lib -L/usr/local/opt/sqlite/lib -L/usr/local/opt/readline/lib -L/usr/local/opt/openssl@1.1/lib -L/usr/local/lib -o build/lib.macosx-10.12.6-x86_64-3.6-pydebug/_codecs_hk.cpython-36dm-darwin.so
building '_codecs_iso2022' extension
cc -fsanitize=address -fno-omit-frame-pointer -Wno-unused-result -Wsign-compare -DDYNAMIC_ANNOTATIONS_ENABLED=1 -g -Ofast -Wall -Wstrict-prototypes -fomit-frame-pointer -funroll-loops -ffast-math -Ofast -fno-signed-zeros -ffp-contract=fast -mmmx -msse -flto -fomit-frame-pointer -funroll-loops -ffast-math -Ofast -fno-signed-zeros -ffp-contract=fast -mmmx -msse -flto -std=c99 -Wextra -Wno-unused-result -Wno-unused-parameter -Wno-missing-field-initializers -fomit-frame-pointer -funroll-loops -ffast-math -Ofast -fno-signed-zeros -ffp-contract=fast -mmmx -msse -flto -march=native -I./Include -I. -I/usr/local/opt/openblas/include -I/usr/local/opt/llvm/include -I/usr/local/opt/sqlite/include -I/usr/local/opt/readline/include -I/usr/local/opt/openssl@1.1/include -I/usr/local/include -I/Users/dojo/Library/Caches/Homebrew/Python-3.6.2/Include -I/Users/dojo/Library/Caches/Homebrew/Python-3.6.2 -c /Users/dojo/Library/Caches/Homebrew/Python-3.6.2/Modules/cjkcodecs/_codecs_iso2022.c -o build/temp.macosx-10.12.6-x86_64-3.6-pydebug/Users/dojo/Library/Caches/Homebrew/Python-3.6.2/Modules/cjkcodecs/_codecs_iso2022.o
building '_decimal' extension
creating build/temp.macosx-10.12.6-x86_64-3.6-pydebug/Users/dojo/Library/Caches/Homebrew/Python-3.6.2/Modules/_decimal/libmpdec
cc -fsanitize=address -fno-omit-frame-pointer -Wno-unused-result -Wsign-compare -DDYNAMIC_ANNOTATIONS_ENABLED=1 -g -Ofast -Wall -Wstrict-prototypes -fomit-frame-pointer -funroll-loops -ffast-math -Ofast -fno-signed-zeros -ffp-contract=fast -mmmx -msse -flto -fomit-frame-pointer -funroll-loops -ffast-math -Ofast -fno-signed-zeros -ffp-contract=fast -mmmx -msse -flto -std=c99 -Wextra -Wno-unused-result -Wno-unused-parameter -Wno-missing-field-initializers -fomit-frame-pointer -funroll-loops -ffast-math -Ofast -fno-signed-zeros -ffp-contract=fast -mmmx -msse -flto -march=native -DUNIVERSAL=1 -I/Users/dojo/Library/Caches/Homebrew/Python-3.6.2/Modules/_decimal/libmpdec -I./Include -I. -I/usr/local/opt/openblas/include -I/usr/local/opt/llvm/include -I/usr/local/opt/sqlite/include -I/usr/local/opt/readline/include -I/usr/local/opt/openssl@1.1/include -I/usr/local/include -I/Users/dojo/Library/Caches/Homebrew/Python-3.6.2/Include -I/Users/dojo/Library/Caches/Homebrew/Python-3.6.2 -c /Users/dojo/Library/Caches/Homebrew/Python-3.6.2/Modules/_decimal/_decimal.c -o build/temp.macosx-10.12.6-x86_64-3.6-pydebug/Users/dojo/Library/Caches/Homebrew/Python-3.6.2/Modules/_decimal/_decimal.o
building '_multiprocessing' extension
cc -fsanitize=address -fno-omit-frame-pointer -Wno-unused-result -Wsign-compare -DDYNAMIC_ANNOTATIONS_ENABLED=1 -g -Ofast -Wall -Wstrict-prototypes -fomit-frame-pointer -funroll-loops -ffast-math -Ofast -fno-signed-zeros -ffp-contract=fast -mmmx -msse -flto -fomit-frame-pointer -funroll-loops -ffast-math -Ofast -fno-signed-zeros -ffp-contract=fast -mmmx -msse -flto -std=c99 -Wextra -Wno-unused-result -Wno-unused-parameter -Wno-missing-field-initializers -fomit-frame-pointer -funroll-loops -ffast-math -Ofast -fno-signed-zeros -ffp-contract=fast -mmmx -msse -flto -march=native -IModules/_multiprocessing -I./Include -I. -I/usr/local/opt/openblas/include -I/usr/local/opt/llvm/include -I/usr/local/opt/sqlite/include -I/usr/local/opt/readline/include -I/usr/local/opt/openssl@1.1/include -I/usr/local/include -I/Users/dojo/Library/Caches/Homebrew/Python-3.6.2/Include -I/Users/dojo/Library/Caches/Homebrew/Python-3.6.2 -c /Users/dojo/Library/Caches/Homebrew/Python-3.6.2/Modules/_multiprocessing/multiprocessing.c -o build/temp.macosx-10.12.6-x86_64-3.6-pydebug/Users/dojo/Library/Caches/Homebrew/Python-3.6.2/Modules/_multiprocessing/multiprocessing.o
cc -bundle -undefined dynamic_lookup -fsanitize=address -L/usr/local/opt/openblas/lib -L/usr/local/opt/llvm/lib -L/usr/local/opt/sqlite/lib -L/usr/local/opt/readline/lib -L/usr/local/opt/openssl@1.1/lib -L/usr/local/opt/openblas/lib -L/usr/local/opt/llvm/lib -L/usr/local/opt/sqlite/lib -L/usr/local/opt/readline/lib -L/usr/local/opt/openssl@1.1/lib -L/usr/local/opt/openblas/lib -L/usr/local/opt/llvm/lib -L/usr/local/opt/sqlite/lib -L/usr/local/opt/readline/lib -L/usr/local/opt/openssl@1.1/lib -fomit-frame-pointer -funroll-loops -ffast-math -Ofast -fno-signed-zeros -ffp-contract=fast -mmmx -msse -flto -I/usr/local/opt/openblas/include -I/usr/local/opt/llvm/include -I/usr/local/opt/sqlite/include -I/usr/local/opt/readline/include -I/usr/local/opt/openssl@1.1/include -march=native build/temp.macosx-10.12.6-x86_64-3.6-pydebug/Users/dojo/Library/Caches/Homebrew/Python-3.6.2/Modules/cjkcodecs/_codecs_iso2022.o -L. -L/usr/local/opt/openblas/lib -L/usr/local/opt/llvm/lib -L/usr/local/opt/sqlite/lib -L/usr/local/opt/readline/lib -L/usr/local/opt/openssl@1.1/lib -L/usr/local/lib -o build/lib.macosx-10.12.6-x86_64-3.6-pydebug/_codecs_iso2022.cpython-36dm-darwin.so
building '_scproxy' extension
cc -fsanitize=address -fno-omit-frame-pointer -Wno-unused-result -Wsign-compare -DDYNAMIC_ANNOTATIONS_ENABLED=1 -g -Ofast -Wall -Wstrict-prototypes -fomit-frame-pointer -funroll-loops -ffast-math -Ofast -fno-signed-zeros -ffp-contract=fast -mmmx -msse -flto -fomit-frame-pointer -funroll-loops -ffast-math -Ofast -fno-signed-zeros -ffp-contract=fast -mmmx -msse -flto -std=c99 -Wextra -Wno-unused-result -Wno-unused-parameter -Wno-missing-field-initializers -fomit-frame-pointer -funroll-loops -ffast-math -Ofast -fno-signed-zeros -ffp-contract=fast -mmmx -msse -flto -march=native -I./Include -I. -I/usr/local/opt/openblas/include -I/usr/local/opt/llvm/include -I/usr/local/opt/sqlite/include -I/usr/local/opt/readline/include -I/usr/local/opt/openssl@1.1/include -I/usr/local/include -I/Users/dojo/Library/Caches/Homebrew/Python-3.6.2/Include -I/Users/dojo/Library/Caches/Homebrew/Python-3.6.2 -c /Users/dojo/Library/Caches/Homebrew/Python-3.6.2/Modules/_scproxy.c -o build/temp.macosx-10.12.6-x86_64-3.6-pydebug/Users/dojo/Library/Caches/Homebrew/Python-3.6.2/Modules/_scproxy.o
cc -fsanitize=address -fno-omit-frame-pointer -Wno-unused-result -Wsign-compare -DDYNAMIC_ANNOTATIONS_ENABLED=1 -g -Ofast -Wall -Wstrict-prototypes -fomit-frame-pointer -funroll-loops -ffast-math -Ofast -fno-signed-zeros -ffp-contract=fast -mmmx -msse -flto -fomit-frame-pointer -funroll-loops -ffast-math -Ofast -fno-signed-zeros -ffp-contract=fast -mmmx -msse -flto -std=c99 -Wextra -Wno-unused-result -Wno-unused-parameter -Wno-missing-field-initializers -fomit-frame-pointer -funroll-loops -ffast-math -Ofast -fno-signed-zeros -ffp-contract=fast -mmmx -msse -flto -march=native -IModules/_multiprocessing -I./Include -I. -I/usr/local/opt/openblas/include -I/usr/local/opt/llvm/include -I/usr/local/opt/sqlite/include -I/usr/local/opt/readline/include -I/usr/local/opt/openssl@1.1/include -I/usr/local/include -I/Users/dojo/Library/Caches/Homebrew/Python-3.6.2/Include -I/Users/dojo/Library/Caches/Homebrew/Python-3.6.2 -c /Users/dojo/Library/Caches/Homebrew/Python-3.6.2/Modules/_multiprocessing/semaphore.c -o build/temp.macosx-10.12.6-x86_64-3.6-pydebug/Users/dojo/Library/Caches/Homebrew/Python-3.6.2/Modules/_multiprocessing/semaphore.o
cc -bundle -undefined dynamic_lookup -fsanitize=address -L/usr/local/opt/openblas/lib -L/usr/local/opt/llvm/lib -L/usr/local/opt/sqlite/lib -L/usr/local/opt/readline/lib -L/usr/local/opt/openssl@1.1/lib -L/usr/local/opt/openblas/lib -L/usr/local/opt/llvm/lib -L/usr/local/opt/sqlite/lib -L/usr/local/opt/readline/lib -L/usr/local/opt/openssl@1.1/lib -L/usr/local/opt/openblas/lib -L/usr/local/opt/llvm/lib -L/usr/local/opt/sqlite/lib -L/usr/local/opt/readline/lib -L/usr/local/opt/openssl@1.1/lib -fomit-frame-pointer -funroll-loops -ffast-math -Ofast -fno-signed-zeros -ffp-contract=fast -mmmx -msse -flto -I/usr/local/opt/openblas/include -I/usr/local/opt/llvm/include -I/usr/local/opt/sqlite/include -I/usr/local/opt/readline/include -I/usr/local/opt/openssl@1.1/include -march=native build/temp.macosx-10.12.6-x86_64-3.6-pydebug/Users/dojo/Library/Caches/Homebrew/Python-3.6.2/Modules/_multiprocessing/multiprocessing.o build/temp.macosx-10.12.6-x86_64-3.6-pydebug/Users/dojo/Library/Caches/Homebrew/Python-3.6.2/Modules/_multiprocessing/semaphore.o -L. -L/usr/local/opt/openblas/lib -L/usr/local/opt/llvm/lib -L/usr/local/opt/sqlite/lib -L/usr/local/opt/readline/lib -L/usr/local/opt/openssl@1.1/lib -L/usr/local/lib -o build/lib.macosx-10.12.6-x86_64-3.6-pydebug/_multiprocessing.cpython-36dm-darwin.so
building '_tkinter' extension
cc -fsanitize=address -fno-omit-frame-pointer -Wno-unused-result -Wsign-compare -DDYNAMIC_ANNOTATIONS_ENABLED=1 -g -Ofast -Wall -Wstrict-prototypes -fomit-frame-pointer -funroll-loops -ffast-math -Ofast -fno-signed-zeros -ffp-contract=fast -mmmx -msse -flto -fomit-frame-pointer -funroll-loops -ffast-math -Ofast -fno-signed-zeros -ffp-contract=fast -mmmx -msse -flto -std=c99 -Wextra -Wno-unused-result -Wno-unused-parameter -Wno-missing-field-initializers -fomit-frame-pointer -funroll-loops -ffast-math -Ofast -fno-signed-zeros -ffp-contract=fast -mmmx -msse -flto -march=native -DWITH_APPINIT=1 -I/System/Library/Frameworks/Tcl.framework/Headers -I/System/Library/Frameworks/Tcl.framework/Versions/Current/PrivateHeaders -I/System/Library/Frameworks/Tk.framework/Headers -I/System/Library/Frameworks/Tk.framework/Versions/Current/PrivateHeaders -I/usr/X11R6/include -I./Include -I. -I/usr/local/opt/openblas/include -I/usr/local/opt/llvm/include -I/usr/local/opt/sqlite/include -I/usr/local/opt/readline/include -I/usr/local/opt/openssl@1.1/include -I/usr/local/include -I/Users/dojo/Library/Caches/Homebrew/Python-3.6.2/Include -I/Users/dojo/Library/Caches/Homebrew/Python-3.6.2 -c /Users/dojo/Library/Caches/Homebrew/Python-3.6.2/Modules/_tkinter.c -o build/temp.macosx-10.12.6-x86_64-3.6-pydebug/Users/dojo/Library/Caches/Homebrew/Python-3.6.2/Modules/_tkinter.o -framework Tk
building '_ctypes' extension
cc -fsanitize=address -fno-omit-frame-pointer -Wno-unused-result -Wsign-compare -DDYNAMIC_ANNOTATIONS_ENABLED=1 -g -Ofast -Wall -Wstrict-prototypes -fomit-frame-pointer -funroll-loops -ffast-math -Ofast -fno-signed-zeros -ffp-contract=fast -mmmx -msse -flto -fomit-frame-pointer -funroll-loops -ffast-math -Ofast -fno-signed-zeros -ffp-contract=fast -mmmx -msse -flto -std=c99 -Wextra -Wno-unused-result -Wno-unused-parameter -Wno-missing-field-initializers -fomit-frame-pointer -funroll-loops -ffast-math -Ofast -fno-signed-zeros -ffp-contract=fast -mmmx -msse -flto -march=native -I_ctypes/darwin -I/usr/local/Cellar/libffi/3.2.1/lib/libffi-3.2.1/include -I./Include -I. -I/usr/local/opt/openblas/include -I/usr/local/opt/llvm/include -I/usr/local/opt/sqlite/include -I/usr/local/opt/readline/include -I/usr/local/opt/openssl@1.1/include -I/usr/local/include -I/Users/dojo/Library/Caches/Homebrew/Python-3.6.2/Include -I/Users/dojo/Library/Caches/Homebrew/Python-3.6.2 -c /Users/dojo/Library/Caches/Homebrew/Python-3.6.2/Modules/_ctypes/_ctypes.c -o build/temp.macosx-10.12.6-x86_64-3.6-pydebug/Users/dojo/Library/Caches/Homebrew/Python-3.6.2/Modules/_ctypes/_ctypes.o -DMACOSX
cc -bundle -undefined dynamic_lookup -fsanitize=address -L/usr/local/opt/openblas/lib -L/usr/local/opt/llvm/lib -L/usr/local/opt/sqlite/lib -L/usr/local/opt/readline/lib -L/usr/local/opt/openssl@1.1/lib -L/usr/local/opt/openblas/lib -L/usr/local/opt/llvm/lib -L/usr/local/opt/sqlite/lib -L/usr/local/opt/readline/lib -L/usr/local/opt/openssl@1.1/lib -L/usr/local/opt/openblas/lib -L/usr/local/opt/llvm/lib -L/usr/local/opt/sqlite/lib -L/usr/local/opt/readline/lib -L/usr/local/opt/openssl@1.1/lib -fomit-frame-pointer -funroll-loops -ffast-math -Ofast -fno-signed-zeros -ffp-contract=fast -mmmx -msse -flto -I/usr/local/opt/openblas/include -I/usr/local/opt/llvm/include -I/usr/local/opt/sqlite/include -I/usr/local/opt/readline/include -I/usr/local/opt/openssl@1.1/include -march=native build/temp.macosx-10.12.6-x86_64-3.6-pydebug/Users/dojo/Library/Caches/Homebrew/Python-3.6.2/Modules/_scproxy.o -L. -L/usr/local/opt/openblas/lib -L/usr/local/opt/llvm/lib -L/usr/local/opt/sqlite/lib -L/usr/local/opt/readline/lib -L/usr/local/opt/openssl@1.1/lib -L/usr/local/lib -o build/lib.macosx-10.12.6-x86_64-3.6-pydebug/_scproxy.cpython-36dm-darwin.so -framework SystemConfiguration -framework CoreFoundation
cc -fsanitize=address -fno-omit-frame-pointer -Wno-unused-result -Wsign-compare -DDYNAMIC_ANNOTATIONS_ENABLED=1 -g -Ofast -Wall -Wstrict-prototypes -fomit-frame-pointer -funroll-loops -ffast-math -Ofast -fno-signed-zeros -ffp-contract=fast -mmmx -msse -flto -fomit-frame-pointer -funroll-loops -ffast-math -Ofast -fno-signed-zeros -ffp-contract=fast -mmmx -msse -flto -std=c99 -Wextra -Wno-unused-result -Wno-unused-parameter -Wno-missing-field-initializers -fomit-frame-pointer -funroll-loops -ffast-math -Ofast -fno-signed-zeros -ffp-contract=fast -mmmx -msse -flto -march=native -DWITH_APPINIT=1 -I/System/Library/Frameworks/Tcl.framework/Headers -I/System/Library/Frameworks/Tcl.framework/Versions/Current/PrivateHeaders -I/System/Library/Frameworks/Tk.framework/Headers -I/System/Library/Frameworks/Tk.framework/Versions/Current/PrivateHeaders -I/usr/X11R6/include -I./Include -I. -I/usr/local/opt/openblas/include -I/usr/local/opt/llvm/include -I/usr/local/opt/sqlite/include -I/usr/local/opt/readline/include -I/usr/local/opt/openssl@1.1/include -I/usr/local/include -I/Users/dojo/Library/Caches/Homebrew/Python-3.6.2/Include -I/Users/dojo/Library/Caches/Homebrew/Python-3.6.2 -c /Users/dojo/Library/Caches/Homebrew/Python-3.6.2/Modules/tkappinit.c -o build/temp.macosx-10.12.6-x86_64-3.6-pydebug/Users/dojo/Library/Caches/Homebrew/Python-3.6.2/Modules/tkappinit.o -framework Tk
cc -fsanitize=address -fno-omit-frame-pointer -Wno-unused-result -Wsign-compare -DDYNAMIC_ANNOTATIONS_ENABLED=1 -g -Ofast -Wall -Wstrict-prototypes -fomit-frame-pointer -funroll-loops -ffast-math -Ofast -fno-signed-zeros -ffp-contract=fast -mmmx -msse -flto -fomit-frame-pointer -funroll-loops -ffast-math -Ofast -fno-signed-zeros -ffp-contract=fast -mmmx -msse -flto -std=c99 -Wextra -Wno-unused-result -Wno-unused-parameter -Wno-missing-field-initializers -fomit-frame-pointer -funroll-loops -ffast-math -Ofast -fno-signed-zeros -ffp-contract=fast -mmmx -msse -flto -march=native -DUNIVERSAL=1 -I/Users/dojo/Library/Caches/Homebrew/Python-3.6.2/Modules/_decimal/libmpdec -I./Include -I. -I/usr/local/opt/openblas/include -I/usr/local/opt/llvm/include -I/usr/local/opt/sqlite/include -I/usr/local/opt/readline/include -I/usr/local/opt/openssl@1.1/include -I/usr/local/include -I/Users/dojo/Library/Caches/Homebrew/Python-3.6.2/Include -I/Users/dojo/Library/Caches/Homebrew/Python-3.6.2 -c /Users/dojo/Library/Caches/Homebrew/Python-3.6.2/Modules/_decimal/libmpdec/basearith.c -o build/temp.macosx-10.12.6-x86_64-3.6-pydebug/Users/dojo/Library/Caches/Homebrew/Python-3.6.2/Modules/_decimal/libmpdec/basearith.o
cc -fsanitize=address -fno-omit-frame-pointer -Wno-unused-result -Wsign-compare -DDYNAMIC_ANNOTATIONS_ENABLED=1 -g -Ofast -Wall -Wstrict-prototypes -fomit-frame-pointer -funroll-loops -ffast-math -Ofast -fno-signed-zeros -ffp-contract=fast -mmmx -msse -flto -fomit-frame-pointer -funroll-loops -ffast-math -Ofast -fno-signed-zeros -ffp-contract=fast -mmmx -msse -flto -std=c99 -Wextra -Wno-unused-result -Wno-unused-parameter -Wno-missing-field-initializers -fomit-frame-pointer -funroll-loops -ffast-math -Ofast -fno-signed-zeros -ffp-contract=fast -mmmx -msse -flto -march=native -I_ctypes/darwin -I/usr/local/Cellar/libffi/3.2.1/lib/libffi-3.2.1/include -I./Include -I. -I/usr/local/opt/openblas/include -I/usr/local/opt/llvm/include -I/usr/local/opt/sqlite/include -I/usr/local/opt/readline/include -I/usr/local/opt/openssl@1.1/include -I/usr/local/include -I/Users/dojo/Library/Caches/Homebrew/Python-3.6.2/Include -I/Users/dojo/Library/Caches/Homebrew/Python-3.6.2 -c /Users/dojo/Library/Caches/Homebrew/Python-3.6.2/Modules/_ctypes/callbacks.c -o build/temp.macosx-10.12.6-x86_64-3.6-pydebug/Users/dojo/Library/Caches/Homebrew/Python-3.6.2/Modules/_ctypes/callbacks.o -DMACOSX
cc -bundle -undefined dynamic_lookup -fsanitize=address -L/usr/local/opt/openblas/lib -L/usr/local/opt/llvm/lib -L/usr/local/opt/sqlite/lib -L/usr/local/opt/readline/lib -L/usr/local/opt/openssl@1.1/lib -L/usr/local/opt/openblas/lib -L/usr/local/opt/llvm/lib -L/usr/local/opt/sqlite/lib -L/usr/local/opt/readline/lib -L/usr/local/opt/openssl@1.1/lib -L/usr/local/opt/openblas/lib -L/usr/local/opt/llvm/lib -L/usr/local/opt/sqlite/lib -L/usr/local/opt/readline/lib -L/usr/local/opt/openssl@1.1/lib -fomit-frame-pointer -funroll-loops -ffast-math -Ofast -fno-signed-zeros -ffp-contract=fast -mmmx -msse -flto -I/usr/local/opt/openblas/include -I/usr/local/opt/llvm/include -I/usr/local/opt/sqlite/include -I/usr/local/opt/readline/include -I/usr/local/opt/openssl@1.1/include -march=native build/temp.macosx-10.12.6-x86_64-3.6-pydebug/Users/dojo/Library/Caches/Homebrew/Python-3.6.2/Modules/_tkinter.o build/temp.macosx-10.12.6-x86_64-3.6-pydebug/Users/dojo/Library/Caches/Homebrew/Python-3.6.2/Modules/tkappinit.o -L. -L/usr/local/opt/openblas/lib -L/usr/local/opt/llvm/lib -L/usr/local/opt/sqlite/lib -L/usr/local/opt/readline/lib -L/usr/local/opt/openssl@1.1/lib -L/usr/local/lib -o build/lib.macosx-10.12.6-x86_64-3.6-pydebug/_tkinter.cpython-36dm-darwin.so -framework Tcl -framework Tk
cc -fsanitize=address -fno-omit-frame-pointer -Wno-unused-result -Wsign-compare -DDYNAMIC_ANNOTATIONS_ENABLED=1 -g -Ofast -Wall -Wstrict-prototypes -fomit-frame-pointer -funroll-loops -ffast-math -Ofast -fno-signed-zeros -ffp-contract=fast -mmmx -msse -flto -fomit-frame-pointer -funroll-loops -ffast-math -Ofast -fno-signed-zeros -ffp-contract=fast -mmmx -msse -flto -std=c99 -Wextra -Wno-unused-result -Wno-unused-parameter -Wno-missing-field-initializers -fomit-frame-pointer -funroll-loops -ffast-math -Ofast -fno-signed-zeros -ffp-contract=fast -mmmx -msse -flto -march=native -I_ctypes/darwin -I/usr/local/Cellar/libffi/3.2.1/lib/libffi-3.2.1/include -I./Include -I. -I/usr/local/opt/openblas/include -I/usr/local/opt/llvm/include -I/usr/local/opt/sqlite/include -I/usr/local/opt/readline/include -I/usr/local/opt/openssl@1.1/include -I/usr/local/include -I/Users/dojo/Library/Caches/Homebrew/Python-3.6.2/Include -I/Users/dojo/Library/Caches/Homebrew/Python-3.6.2 -c /Users/dojo/Library/Caches/Homebrew/Python-3.6.2/Modules/_ctypes/callproc.c -o build/temp.macosx-10.12.6-x86_64-3.6-pydebug/Users/dojo/Library/Caches/Homebrew/Python-3.6.2/Modules/_ctypes/callproc.o -DMACOSX
cc -fsanitize=address -fno-omit-frame-pointer -Wno-unused-result -Wsign-compare -DDYNAMIC_ANNOTATIONS_ENABLED=1 -g -Ofast -Wall -Wstrict-prototypes -fomit-frame-pointer -funroll-loops -ffast-math -Ofast -fno-signed-zeros -ffp-contract=fast -mmmx -msse -flto -fomit-frame-pointer -funroll-loops -ffast-math -Ofast -fno-signed-zeros -ffp-contract=fast -mmmx -msse -flto -std=c99 -Wextra -Wno-unused-result -Wno-unused-parameter -Wno-missing-field-initializers -fomit-frame-pointer -funroll-loops -ffast-math -Ofast -fno-signed-zeros -ffp-contract=fast -mmmx -msse -flto -march=native -DUNIVERSAL=1 -I/Users/dojo/Library/Caches/Homebrew/Python-3.6.2/Modules/_decimal/libmpdec -I./Include -I. -I/usr/local/opt/openblas/include -I/usr/local/opt/llvm/include -I/usr/local/opt/sqlite/include -I/usr/local/opt/readline/include -I/usr/local/opt/openssl@1.1/include -I/usr/local/include -I/Users/dojo/Library/Caches/Homebrew/Python-3.6.2/Include -I/Users/dojo/Library/Caches/Homebrew/Python-3.6.2 -c /Users/dojo/Library/Caches/Homebrew/Python-3.6.2/Modules/_decimal/libmpdec/constants.c -o build/temp.macosx-10.12.6-x86_64-3.6-pydebug/Users/dojo/Library/Caches/Homebrew/Python-3.6.2/Modules/_decimal/libmpdec/constants.o
cc -fsanitize=address -fno-omit-frame-pointer -Wno-unused-result -Wsign-compare -DDYNAMIC_ANNOTATIONS_ENABLED=1 -g -Ofast -Wall -Wstrict-prototypes -fomit-frame-pointer -funroll-loops -ffast-math -Ofast -fno-signed-zeros -ffp-contract=fast -mmmx -msse -flto -fomit-frame-pointer -funroll-loops -ffast-math -Ofast -fno-signed-zeros -ffp-contract=fast -mmmx -msse -flto -std=c99 -Wextra -Wno-unused-result -Wno-unused-parameter -Wno-missing-field-initializers -fomit-frame-pointer -funroll-loops -ffast-math -Ofast -fno-signed-zeros -ffp-contract=fast -mmmx -msse -flto -march=native -I_ctypes/darwin -I/usr/local/Cellar/libffi/3.2.1/lib/libffi-3.2.1/include -I./Include -I. -I/usr/local/opt/openblas/include -I/usr/local/opt/llvm/include -I/usr/local/opt/sqlite/include -I/usr/local/opt/readline/include -I/usr/local/opt/openssl@1.1/include -I/usr/local/include -I/Users/dojo/Library/Caches/Homebrew/Python-3.6.2/Include -I/Users/dojo/Library/Caches/Homebrew/Python-3.6.2 -c /Users/dojo/Library/Caches/Homebrew/Python-3.6.2/Modules/_ctypes/stgdict.c -o build/temp.macosx-10.12.6-x86_64-3.6-pydebug/Users/dojo/Library/Caches/Homebrew/Python-3.6.2/Modules/_ctypes/stgdict.o -DMACOSX
cc -fsanitize=address -fno-omit-frame-pointer -Wno-unused-result -Wsign-compare -DDYNAMIC_ANNOTATIONS_ENABLED=1 -g -Ofast -Wall -Wstrict-prototypes -fomit-frame-pointer -funroll-loops -ffast-math -Ofast -fno-signed-zeros -ffp-contract=fast -mmmx -msse -flto -fomit-frame-pointer -funroll-loops -ffast-math -Ofast -fno-signed-zeros -ffp-contract=fast -mmmx -msse -flto -std=c99 -Wextra -Wno-unused-result -Wno-unused-parameter -Wno-missing-field-initializers -fomit-frame-pointer -funroll-loops -ffast-math -Ofast -fno-signed-zeros -ffp-contract=fast -mmmx -msse -flto -march=native -DUNIVERSAL=1 -I/Users/dojo/Library/Caches/Homebrew/Python-3.6.2/Modules/_decimal/libmpdec -I./Include -I. -I/usr/local/opt/openblas/include -I/usr/local/opt/llvm/include -I/usr/local/opt/sqlite/include -I/usr/local/opt/readline/include -I/usr/local/opt/openssl@1.1/include -I/usr/local/include -I/Users/dojo/Library/Caches/Homebrew/Python-3.6.2/Include -I/Users/dojo/Library/Caches/Homebrew/Python-3.6.2 -c /Users/dojo/Library/Caches/Homebrew/Python-3.6.2/Modules/_decimal/libmpdec/context.c -o build/temp.macosx-10.12.6-x86_64-3.6-pydebug/Users/dojo/Library/Caches/Homebrew/Python-3.6.2/Modules/_decimal/libmpdec/context.o
cc -fsanitize=address -fno-omit-frame-pointer -Wno-unused-result -Wsign-compare -DDYNAMIC_ANNOTATIONS_ENABLED=1 -g -Ofast -Wall -Wstrict-prototypes -fomit-frame-pointer -funroll-loops -ffast-math -Ofast -fno-signed-zeros -ffp-contract=fast -mmmx -msse -flto -fomit-frame-pointer -funroll-loops -ffast-math -Ofast -fno-signed-zeros -ffp-contract=fast -mmmx -msse -flto -std=c99 -Wextra -Wno-unused-result -Wno-unused-parameter -Wno-missing-field-initializers -fomit-frame-pointer -funroll-loops -ffast-math -Ofast -fno-signed-zeros -ffp-contract=fast -mmmx -msse -flto -march=native -DUNIVERSAL=1 -I/Users/dojo/Library/Caches/Homebrew/Python-3.6.2/Modules/_decimal/libmpdec -I./Include -I. -I/usr/local/opt/openblas/include -I/usr/local/opt/llvm/include -I/usr/local/opt/sqlite/include -I/usr/local/opt/readline/include -I/usr/local/opt/openssl@1.1/include -I/usr/local/include -I/Users/dojo/Library/Caches/Homebrew/Python-3.6.2/Include -I/Users/dojo/Library/Caches/Homebrew/Python-3.6.2 -c /Users/dojo/Library/Caches/Homebrew/Python-3.6.2/Modules/_decimal/libmpdec/convolute.c -o build/temp.macosx-10.12.6-x86_64-3.6-pydebug/Users/dojo/Library/Caches/Homebrew/Python-3.6.2/Modules/_decimal/libmpdec/convolute.o
cc -fsanitize=address -fno-omit-frame-pointer -Wno-unused-result -Wsign-compare -DDYNAMIC_ANNOTATIONS_ENABLED=1 -g -Ofast -Wall -Wstrict-prototypes -fomit-frame-pointer -funroll-loops -ffast-math -Ofast -fno-signed-zeros -ffp-contract=fast -mmmx -msse -flto -fomit-frame-pointer -funroll-loops -ffast-math -Ofast -fno-signed-zeros -ffp-contract=fast -mmmx -msse -flto -std=c99 -Wextra -Wno-unused-result -Wno-unused-parameter -Wno-missing-field-initializers -fomit-frame-pointer -funroll-loops -ffast-math -Ofast -fno-signed-zeros -ffp-contract=fast -mmmx -msse -flto -march=native -I_ctypes/darwin -I/usr/local/Cellar/libffi/3.2.1/lib/libffi-3.2.1/include -I./Include -I. -I/usr/local/opt/openblas/include -I/usr/local/opt/llvm/include -I/usr/local/opt/sqlite/include -I/usr/local/opt/readline/include -I/usr/local/opt/openssl@1.1/include -I/usr/local/include -I/Users/dojo/Library/Caches/Homebrew/Python-3.6.2/Include -I/Users/dojo/Library/Caches/Homebrew/Python-3.6.2 -c /Users/dojo/Library/Caches/Homebrew/Python-3.6.2/Modules/_ctypes/cfield.c -o build/temp.macosx-10.12.6-x86_64-3.6-pydebug/Users/dojo/Library/Caches/Homebrew/Python-3.6.2/Modules/_ctypes/cfield.o -DMACOSX
cc -fsanitize=address -fno-omit-frame-pointer -Wno-unused-result -Wsign-compare -DDYNAMIC_ANNOTATIONS_ENABLED=1 -g -Ofast -Wall -Wstrict-prototypes -fomit-frame-pointer -funroll-loops -ffast-math -Ofast -fno-signed-zeros -ffp-contract=fast -mmmx -msse -flto -fomit-frame-pointer -funroll-loops -ffast-math -Ofast -fno-signed-zeros -ffp-contract=fast -mmmx -msse -flto -std=c99 -Wextra -Wno-unused-result -Wno-unused-parameter -Wno-missing-field-initializers -fomit-frame-pointer -funroll-loops -ffast-math -Ofast -fno-signed-zeros -ffp-contract=fast -mmmx -msse -flto -march=native -DUNIVERSAL=1 -I/Users/dojo/Library/Caches/Homebrew/Python-3.6.2/Modules/_decimal/libmpdec -I./Include -I. -I/usr/local/opt/openblas/include -I/usr/local/opt/llvm/include -I/usr/local/opt/sqlite/include -I/usr/local/opt/readline/include -I/usr/local/opt/openssl@1.1/include -I/usr/local/include -I/Users/dojo/Library/Caches/Homebrew/Python-3.6.2/Include -I/Users/dojo/Library/Caches/Homebrew/Python-3.6.2 -c /Users/dojo/Library/Caches/Homebrew/Python-3.6.2/Modules/_decimal/libmpdec/crt.c -o build/temp.macosx-10.12.6-x86_64-3.6-pydebug/Users/dojo/Library/Caches/Homebrew/Python-3.6.2/Modules/_decimal/libmpdec/crt.o
cc -fsanitize=address -fno-omit-frame-pointer -Wno-unused-result -Wsign-compare -DDYNAMIC_ANNOTATIONS_ENABLED=1 -g -Ofast -Wall -Wstrict-prototypes -fomit-frame-pointer -funroll-loops -ffast-math -Ofast -fno-signed-zeros -ffp-contract=fast -mmmx -msse -flto -fomit-frame-pointer -funroll-loops -ffast-math -Ofast -fno-signed-zeros -ffp-contract=fast -mmmx -msse -flto -std=c99 -Wextra -Wno-unused-result -Wno-unused-parameter -Wno-missing-field-initializers -fomit-frame-pointer -funroll-loops -ffast-math -Ofast -fno-signed-zeros -ffp-contract=fast -mmmx -msse -flto -march=native -I_ctypes/darwin -I/usr/local/Cellar/libffi/3.2.1/lib/libffi-3.2.1/include -I./Include -I. -I/usr/local/opt/openblas/include -I/usr/local/opt/llvm/include -I/usr/local/opt/sqlite/include -I/usr/local/opt/readline/include -I/usr/local/opt/openssl@1.1/include -I/usr/local/include -I/Users/dojo/Library/Caches/Homebrew/Python-3.6.2/Include -I/Users/dojo/Library/Caches/Homebrew/Python-3.6.2 -c /Users/dojo/Library/Caches/Homebrew/Python-3.6.2/Modules/_ctypes/malloc_closure.c -o build/temp.macosx-10.12.6-x86_64-3.6-pydebug/Users/dojo/Library/Caches/Homebrew/Python-3.6.2/Modules/_ctypes/malloc_closure.o -DMACOSX
cc -fsanitize=address -fno-omit-frame-pointer -Wno-unused-result -Wsign-compare -DDYNAMIC_ANNOTATIONS_ENABLED=1 -g -Ofast -Wall -Wstrict-prototypes -fomit-frame-pointer -funroll-loops -ffast-math -Ofast -fno-signed-zeros -ffp-contract=fast -mmmx -msse -flto -fomit-frame-pointer -funroll-loops -ffast-math -Ofast -fno-signed-zeros -ffp-contract=fast -mmmx -msse -flto -std=c99 -Wextra -Wno-unused-result -Wno-unused-parameter -Wno-missing-field-initializers -fomit-frame-pointer -funroll-loops -ffast-math -Ofast -fno-signed-zeros -ffp-contract=fast -mmmx -msse -flto -march=native -DUNIVERSAL=1 -I/Users/dojo/Library/Caches/Homebrew/Python-3.6.2/Modules/_decimal/libmpdec -I./Include -I. -I/usr/local/opt/openblas/include -I/usr/local/opt/llvm/include -I/usr/local/opt/sqlite/include -I/usr/local/opt/readline/include -I/usr/local/opt/openssl@1.1/include -I/usr/local/include -I/Users/dojo/Library/Caches/Homebrew/Python-3.6.2/Include -I/Users/dojo/Library/Caches/Homebrew/Python-3.6.2 -c /Users/dojo/Library/Caches/Homebrew/Python-3.6.2/Modules/_decimal/libmpdec/difradix2.c -o build/temp.macosx-10.12.6-x86_64-3.6-pydebug/Users/dojo/Library/Caches/Homebrew/Python-3.6.2/Modules/_decimal/libmpdec/difradix2.o
cc -fsanitize=address -fno-omit-frame-pointer -Wno-unused-result -Wsign-compare -DDYNAMIC_ANNOTATIONS_ENABLED=1 -g -Ofast -Wall -Wstrict-prototypes -fomit-frame-pointer -funroll-loops -ffast-math -Ofast -fno-signed-zeros -ffp-contract=fast -mmmx -msse -flto -fomit-frame-pointer -funroll-loops -ffast-math -Ofast -fno-signed-zeros -ffp-contract=fast -mmmx -msse -flto -std=c99 -Wextra -Wno-unused-result -Wno-unused-parameter -Wno-missing-field-initializers -fomit-frame-pointer -funroll-loops -ffast-math -Ofast -fno-signed-zeros -ffp-contract=fast -mmmx -msse -flto -march=native -I_ctypes/darwin -I/usr/local/Cellar/libffi/3.2.1/lib/libffi-3.2.1/include -I./Include -I. -I/usr/local/opt/openblas/include -I/usr/local/opt/llvm/include -I/usr/local/opt/sqlite/include -I/usr/local/opt/readline/include -I/usr/local/opt/openssl@1.1/include -I/usr/local/include -I/Users/dojo/Library/Caches/Homebrew/Python-3.6.2/Include -I/Users/dojo/Library/Caches/Homebrew/Python-3.6.2 -c /Users/dojo/Library/Caches/Homebrew/Python-3.6.2/Modules/_ctypes/darwin/dlfcn_simple.c -o build/temp.macosx-10.12.6-x86_64-3.6-pydebug/Users/dojo/Library/Caches/Homebrew/Python-3.6.2/Modules/_ctypes/darwin/dlfcn_simple.o -DMACOSX
cc -bundle -undefined dynamic_lookup -fsanitize=address -L/usr/local/opt/openblas/lib -L/usr/local/opt/llvm/lib -L/usr/local/opt/sqlite/lib -L/usr/local/opt/readline/lib -L/usr/local/opt/openssl@1.1/lib -L/usr/local/opt/openblas/lib -L/usr/local/opt/llvm/lib -L/usr/local/opt/sqlite/lib -L/usr/local/opt/readline/lib -L/usr/local/opt/openssl@1.1/lib -L/usr/local/opt/openblas/lib -L/usr/local/opt/llvm/lib -L/usr/local/opt/sqlite/lib -L/usr/local/opt/readline/lib -L/usr/local/opt/openssl@1.1/lib -fomit-frame-pointer -funroll-loops -ffast-math -Ofast -fno-signed-zeros -ffp-contract=fast -mmmx -msse -flto -I/usr/local/opt/openblas/include -I/usr/local/opt/llvm/include -I/usr/local/opt/sqlite/include -I/usr/local/opt/readline/include -I/usr/local/opt/openssl@1.1/include -march=native build/temp.macosx-10.12.6-x86_64-3.6-pydebug/Users/dojo/Library/Caches/Homebrew/Python-3.6.2/Modules/_ctypes/_ctypes.o build/temp.macosx-10.12.6-x86_64-3.6-pydebug/Users/dojo/Library/Caches/Homebrew/Python-3.6.2/Modules/_ctypes/callbacks.o build/temp.macosx-10.12.6-x86_64-3.6-pydebug/Users/dojo/Library/Caches/Homebrew/Python-3.6.2/Modules/_ctypes/callproc.o build/temp.macosx-10.12.6-x86_64-3.6-pydebug/Users/dojo/Library/Caches/Homebrew/Python-3.6.2/Modules/_ctypes/stgdict.o build/temp.macosx-10.12.6-x86_64-3.6-pydebug/Users/dojo/Library/Caches/Homebrew/Python-3.6.2/Modules/_ctypes/cfield.o build/temp.macosx-10.12.6-x86_64-3.6-pydebug/Users/dojo/Library/Caches/Homebrew/Python-3.6.2/Modules/_ctypes/malloc_closure.o build/temp.macosx-10.12.6-x86_64-3.6-pydebug/Users/dojo/Library/Caches/Homebrew/Python-3.6.2/Modules/_ctypes/darwin/dlfcn_simple.o -L. -L/usr/local/opt/openblas/lib -L/usr/local/opt/llvm/lib -L/usr/local/opt/sqlite/lib -L/usr/local/opt/readline/lib -L/usr/local/opt/openssl@1.1/lib -L/usr/local/lib -lffi -o build/lib.macosx-10.12.6-x86_64-3.6-pydebug/_ctypes.cpython-36dm-darwin.so
cc -fsanitize=address -fno-omit-frame-pointer -Wno-unused-result -Wsign-compare -DDYNAMIC_ANNOTATIONS_ENABLED=1 -g -Ofast -Wall -Wstrict-prototypes -fomit-frame-pointer -funroll-loops -ffast-math -Ofast -fno-signed-zeros -ffp-contract=fast -mmmx -msse -flto -fomit-frame-pointer -funroll-loops -ffast-math -Ofast -fno-signed-zeros -ffp-contract=fast -mmmx -msse -flto -std=c99 -Wextra -Wno-unused-result -Wno-unused-parameter -Wno-missing-field-initializers -fomit-frame-pointer -funroll-loops -ffast-math -Ofast -fno-signed-zeros -ffp-contract=fast -mmmx -msse -flto -march=native -DUNIVERSAL=1 -I/Users/dojo/Library/Caches/Homebrew/Python-3.6.2/Modules/_decimal/libmpdec -I./Include -I. -I/usr/local/opt/openblas/include -I/usr/local/opt/llvm/include -I/usr/local/opt/sqlite/include -I/usr/local/opt/readline/include -I/usr/local/opt/openssl@1.1/include -I/usr/local/include -I/Users/dojo/Library/Caches/Homebrew/Python-3.6.2/Include -I/Users/dojo/Library/Caches/Homebrew/Python-3.6.2 -c /Users/dojo/Library/Caches/Homebrew/Python-3.6.2/Modules/_decimal/libmpdec/fnt.c -o build/temp.macosx-10.12.6-x86_64-3.6-pydebug/Users/dojo/Library/Caches/Homebrew/Python-3.6.2/Modules/_decimal/libmpdec/fnt.o
cc -fsanitize=address -fno-omit-frame-pointer -Wno-unused-result -Wsign-compare -DDYNAMIC_ANNOTATIONS_ENABLED=1 -g -Ofast -Wall -Wstrict-prototypes -fomit-frame-pointer -funroll-loops -ffast-math -Ofast -fno-signed-zeros -ffp-contract=fast -mmmx -msse -flto -fomit-frame-pointer -funroll-loops -ffast-math -Ofast -fno-signed-zeros -ffp-contract=fast -mmmx -msse -flto -std=c99 -Wextra -Wno-unused-result -Wno-unused-parameter -Wno-missing-field-initializers -fomit-frame-pointer -funroll-loops -ffast-math -Ofast -fno-signed-zeros -ffp-contract=fast -mmmx -msse -flto -march=native -DUNIVERSAL=1 -I/Users/dojo/Library/Caches/Homebrew/Python-3.6.2/Modules/_decimal/libmpdec -I./Include -I. -I/usr/local/opt/openblas/include -I/usr/local/opt/llvm/include -I/usr/local/opt/sqlite/include -I/usr/local/opt/readline/include -I/usr/local/opt/openssl@1.1/include -I/usr/local/include -I/Users/dojo/Library/Caches/Homebrew/Python-3.6.2/Include -I/Users/dojo/Library/Caches/Homebrew/Python-3.6.2 -c /Users/dojo/Library/Caches/Homebrew/Python-3.6.2/Modules/_decimal/libmpdec/fourstep.c -o build/temp.macosx-10.12.6-x86_64-3.6-pydebug/Users/dojo/Library/Caches/Homebrew/Python-3.6.2/Modules/_decimal/libmpdec/fourstep.o
cc -fsanitize=address -fno-omit-frame-pointer -Wno-unused-result -Wsign-compare -DDYNAMIC_ANNOTATIONS_ENABLED=1 -g -Ofast -Wall -Wstrict-prototypes -fomit-frame-pointer -funroll-loops -ffast-math -Ofast -fno-signed-zeros -ffp-contract=fast -mmmx -msse -flto -fomit-frame-pointer -funroll-loops -ffast-math -Ofast -fno-signed-zeros -ffp-contract=fast -mmmx -msse -flto -std=c99 -Wextra -Wno-unused-result -Wno-unused-parameter -Wno-missing-field-initializers -fomit-frame-pointer -funroll-loops -ffast-math -Ofast -fno-signed-zeros -ffp-contract=fast -mmmx -msse -flto -march=native -DUNIVERSAL=1 -I/Users/dojo/Library/Caches/Homebrew/Python-3.6.2/Modules/_decimal/libmpdec -I./Include -I. -I/usr/local/opt/openblas/include -I/usr/local/opt/llvm/include -I/usr/local/opt/sqlite/include -I/usr/local/opt/readline/include -I/usr/local/opt/openssl@1.1/include -I/usr/local/include -I/Users/dojo/Library/Caches/Homebrew/Python-3.6.2/Include -I/Users/dojo/Library/Caches/Homebrew/Python-3.6.2 -c /Users/dojo/Library/Caches/Homebrew/Python-3.6.2/Modules/_decimal/libmpdec/io.c -o build/temp.macosx-10.12.6-x86_64-3.6-pydebug/Users/dojo/Library/Caches/Homebrew/Python-3.6.2/Modules/_decimal/libmpdec/io.o
cc -fsanitize=address -fno-omit-frame-pointer -Wno-unused-result -Wsign-compare -DDYNAMIC_ANNOTATIONS_ENABLED=1 -g -Ofast -Wall -Wstrict-prototypes -fomit-frame-pointer -funroll-loops -ffast-math -Ofast -fno-signed-zeros -ffp-contract=fast -mmmx -msse -flto -fomit-frame-pointer -funroll-loops -ffast-math -Ofast -fno-signed-zeros -ffp-contract=fast -mmmx -msse -flto -std=c99 -Wextra -Wno-unused-result -Wno-unused-parameter -Wno-missing-field-initializers -fomit-frame-pointer -funroll-loops -ffast-math -Ofast -fno-signed-zeros -ffp-contract=fast -mmmx -msse -flto -march=native -DUNIVERSAL=1 -I/Users/dojo/Library/Caches/Homebrew/Python-3.6.2/Modules/_decimal/libmpdec -I./Include -I. -I/usr/local/opt/openblas/include -I/usr/local/opt/llvm/include -I/usr/local/opt/sqlite/include -I/usr/local/opt/readline/include -I/usr/local/opt/openssl@1.1/include -I/usr/local/include -I/Users/dojo/Library/Caches/Homebrew/Python-3.6.2/Include -I/Users/dojo/Library/Caches/Homebrew/Python-3.6.2 -c /Users/dojo/Library/Caches/Homebrew/Python-3.6.2/Modules/_decimal/libmpdec/memory.c -o build/temp.macosx-10.12.6-x86_64-3.6-pydebug/Users/dojo/Library/Caches/Homebrew/Python-3.6.2/Modules/_decimal/libmpdec/memory.o
cc -fsanitize=address -fno-omit-frame-pointer -Wno-unused-result -Wsign-compare -DDYNAMIC_ANNOTATIONS_ENABLED=1 -g -Ofast -Wall -Wstrict-prototypes -fomit-frame-pointer -funroll-loops -ffast-math -Ofast -fno-signed-zeros -ffp-contract=fast -mmmx -msse -flto -fomit-frame-pointer -funroll-loops -ffast-math -Ofast -fno-signed-zeros -ffp-contract=fast -mmmx -msse -flto -std=c99 -Wextra -Wno-unused-result -Wno-unused-parameter -Wno-missing-field-initializers -fomit-frame-pointer -funroll-loops -ffast-math -Ofast -fno-signed-zeros -ffp-contract=fast -mmmx -msse -flto -march=native -DUNIVERSAL=1 -I/Users/dojo/Library/Caches/Homebrew/Python-3.6.2/Modules/_decimal/libmpdec -I./Include -I. -I/usr/local/opt/openblas/include -I/usr/local/opt/llvm/include -I/usr/local/opt/sqlite/include -I/usr/local/opt/readline/include -I/usr/local/opt/openssl@1.1/include -I/usr/local/include -I/Users/dojo/Library/Caches/Homebrew/Python-3.6.2/Include -I/Users/dojo/Library/Caches/Homebrew/Python-3.6.2 -c /Users/dojo/Library/Caches/Homebrew/Python-3.6.2/Modules/_decimal/libmpdec/mpdecimal.c -o build/temp.macosx-10.12.6-x86_64-3.6-pydebug/Users/dojo/Library/Caches/Homebrew/Python-3.6.2/Modules/_decimal/libmpdec/mpdecimal.o
cc -fsanitize=address -fno-omit-frame-pointer -Wno-unused-result -Wsign-compare -DDYNAMIC_ANNOTATIONS_ENABLED=1 -g -Ofast -Wall -Wstrict-prototypes -fomit-frame-pointer -funroll-loops -ffast-math -Ofast -fno-signed-zeros -ffp-contract=fast -mmmx -msse -flto -fomit-frame-pointer -funroll-loops -ffast-math -Ofast -fno-signed-zeros -ffp-contract=fast -mmmx -msse -flto -std=c99 -Wextra -Wno-unused-result -Wno-unused-parameter -Wno-missing-field-initializers -fomit-frame-pointer -funroll-loops -ffast-math -Ofast -fno-signed-zeros -ffp-contract=fast -mmmx -msse -flto -march=native -DUNIVERSAL=1 -I/Users/dojo/Library/Caches/Homebrew/Python-3.6.2/Modules/_decimal/libmpdec -I./Include -I. -I/usr/local/opt/openblas/include -I/usr/local/opt/llvm/include -I/usr/local/opt/sqlite/include -I/usr/local/opt/readline/include -I/usr/local/opt/openssl@1.1/include -I/usr/local/include -I/Users/dojo/Library/Caches/Homebrew/Python-3.6.2/Include -I/Users/dojo/Library/Caches/Homebrew/Python-3.6.2 -c /Users/dojo/Library/Caches/Homebrew/Python-3.6.2/Modules/_decimal/libmpdec/numbertheory.c -o build/temp.macosx-10.12.6-x86_64-3.6-pydebug/Users/dojo/Library/Caches/Homebrew/Python-3.6.2/Modules/_decimal/libmpdec/numbertheory.o
cc -fsanitize=address -fno-omit-frame-pointer -Wno-unused-result -Wsign-compare -DDYNAMIC_ANNOTATIONS_ENABLED=1 -g -Ofast -Wall -Wstrict-prototypes -fomit-frame-pointer -funroll-loops -ffast-math -Ofast -fno-signed-zeros -ffp-contract=fast -mmmx -msse -flto -fomit-frame-pointer -funroll-loops -ffast-math -Ofast -fno-signed-zeros -ffp-contract=fast -mmmx -msse -flto -std=c99 -Wextra -Wno-unused-result -Wno-unused-parameter -Wno-missing-field-initializers -fomit-frame-pointer -funroll-loops -ffast-math -Ofast -fno-signed-zeros -ffp-contract=fast -mmmx -msse -flto -march=native -DUNIVERSAL=1 -I/Users/dojo/Library/Caches/Homebrew/Python-3.6.2/Modules/_decimal/libmpdec -I./Include -I. -I/usr/local/opt/openblas/include -I/usr/local/opt/llvm/include -I/usr/local/opt/sqlite/include -I/usr/local/opt/readline/include -I/usr/local/opt/openssl@1.1/include -I/usr/local/include -I/Users/dojo/Library/Caches/Homebrew/Python-3.6.2/Include -I/Users/dojo/Library/Caches/Homebrew/Python-3.6.2 -c /Users/dojo/Library/Caches/Homebrew/Python-3.6.2/Modules/_decimal/libmpdec/sixstep.c -o build/temp.macosx-10.12.6-x86_64-3.6-pydebug/Users/dojo/Library/Caches/Homebrew/Python-3.6.2/Modules/_decimal/libmpdec/sixstep.o
cc -fsanitize=address -fno-omit-frame-pointer -Wno-unused-result -Wsign-compare -DDYNAMIC_ANNOTATIONS_ENABLED=1 -g -Ofast -Wall -Wstrict-prototypes -fomit-frame-pointer -funroll-loops -ffast-math -Ofast -fno-signed-zeros -ffp-contract=fast -mmmx -msse -flto -fomit-frame-pointer -funroll-loops -ffast-math -Ofast -fno-signed-zeros -ffp-contract=fast -mmmx -msse -flto -std=c99 -Wextra -Wno-unused-result -Wno-unused-parameter -Wno-missing-field-initializers -fomit-frame-pointer -funroll-loops -ffast-math -Ofast -fno-signed-zeros -ffp-contract=fast -mmmx -msse -flto -march=native -DUNIVERSAL=1 -I/Users/dojo/Library/Caches/Homebrew/Python-3.6.2/Modules/_decimal/libmpdec -I./Include -I. -I/usr/local/opt/openblas/include -I/usr/local/opt/llvm/include -I/usr/local/opt/sqlite/include -I/usr/local/opt/readline/include -I/usr/local/opt/openssl@1.1/include -I/usr/local/include -I/Users/dojo/Library/Caches/Homebrew/Python-3.6.2/Include -I/Users/dojo/Library/Caches/Homebrew/Python-3.6.2 -c /Users/dojo/Library/Caches/Homebrew/Python-3.6.2/Modules/_decimal/libmpdec/transpose.c -o build/temp.macosx-10.12.6-x86_64-3.6-pydebug/Users/dojo/Library/Caches/Homebrew/Python-3.6.2/Modules/_decimal/libmpdec/transpose.o
cc -bundle -undefined dynamic_lookup -fsanitize=address -L/usr/local/opt/openblas/lib -L/usr/local/opt/llvm/lib -L/usr/local/opt/sqlite/lib -L/usr/local/opt/readline/lib -L/usr/local/opt/openssl@1.1/lib -L/usr/local/opt/openblas/lib -L/usr/local/opt/llvm/lib -L/usr/local/opt/sqlite/lib -L/usr/local/opt/readline/lib -L/usr/local/opt/openssl@1.1/lib -L/usr/local/opt/openblas/lib -L/usr/local/opt/llvm/lib -L/usr/local/opt/sqlite/lib -L/usr/local/opt/readline/lib -L/usr/local/opt/openssl@1.1/lib -fomit-frame-pointer -funroll-loops -ffast-math -Ofast -fno-signed-zeros -ffp-contract=fast -mmmx -msse -flto -I/usr/local/opt/openblas/include -I/usr/local/opt/llvm/include -I/usr/local/opt/sqlite/include -I/usr/local/opt/readline/include -I/usr/local/opt/openssl@1.1/include -march=native build/temp.macosx-10.12.6-x86_64-3.6-pydebug/Users/dojo/Library/Caches/Homebrew/Python-3.6.2/Modules/_decimal/_decimal.o build/temp.macosx-10.12.6-x86_64-3.6-pydebug/Users/dojo/Library/Caches/Homebrew/Python-3.6.2/Modules/_decimal/libmpdec/basearith.o build/temp.macosx-10.12.6-x86_64-3.6-pydebug/Users/dojo/Library/Caches/Homebrew/Python-3.6.2/Modules/_decimal/libmpdec/constants.o build/temp.macosx-10.12.6-x86_64-3.6-pydebug/Users/dojo/Library/Caches/Homebrew/Python-3.6.2/Modules/_decimal/libmpdec/context.o build/temp.macosx-10.12.6-x86_64-3.6-pydebug/Users/dojo/Library/Caches/Homebrew/Python-3.6.2/Modules/_decimal/libmpdec/convolute.o build/temp.macosx-10.12.6-x86_64-3.6-pydebug/Users/dojo/Library/Caches/Homebrew/Python-3.6.2/Modules/_decimal/libmpdec/crt.o build/temp.macosx-10.12.6-x86_64-3.6-pydebug/Users/dojo/Library/Caches/Homebrew/Python-3.6.2/Modules/_decimal/libmpdec/difradix2.o build/temp.macosx-10.12.6-x86_64-3.6-pydebug/Users/dojo/Library/Caches/Homebrew/Python-3.6.2/Modules/_decimal/libmpdec/fnt.o build/temp.macosx-10.12.6-x86_64-3.6-pydebug/Users/dojo/Library/Caches/Homebrew/Python-3.6.2/Modules/_decimal/libmpdec/fourstep.o build/temp.macosx-10.12.6-x86_64-3.6-pydebug/Users/dojo/Library/Caches/Homebrew/Python-3.6.2/Modules/_decimal/libmpdec/io.o build/temp.macosx-10.12.6-x86_64-3.6-pydebug/Users/dojo/Library/Caches/Homebrew/Python-3.6.2/Modules/_decimal/libmpdec/memory.o build/temp.macosx-10.12.6-x86_64-3.6-pydebug/Users/dojo/Library/Caches/Homebrew/Python-3.6.2/Modules/_decimal/libmpdec/mpdecimal.o build/temp.macosx-10.12.6-x86_64-3.6-pydebug/Users/dojo/Library/Caches/Homebrew/Python-3.6.2/Modules/_decimal/libmpdec/numbertheory.o build/temp.macosx-10.12.6-x86_64-3.6-pydebug/Users/dojo/Library/Caches/Homebrew/Python-3.6.2/Modules/_decimal/libmpdec/sixstep.o build/temp.macosx-10.12.6-x86_64-3.6-pydebug/Users/dojo/Library/Caches/Homebrew/Python-3.6.2/Modules/_decimal/libmpdec/transpose.o -L. -L/usr/local/opt/openblas/lib -L/usr/local/opt/llvm/lib -L/usr/local/opt/sqlite/lib -L/usr/local/opt/readline/lib -L/usr/local/opt/openssl@1.1/lib -L/usr/local/lib -o build/lib.macosx-10.12.6-x86_64-3.6-pydebug/_decimal.cpython-36dm-darwin.so

Python build finished successfully!
The necessary bits to build these optional modules were not found:
ossaudiodev           spwd                                     
To find the necessary bits, look in setup.py in detect_modules() for the module's name.

The following modules found by detect_modules() in setup.py, have been
built by the Makefile instead, as configured by the Setup files:
atexit                pwd                   time               
running build_scripts
copying and adjusting /Users/dojo/Library/Caches/Homebrew/Python-3.6.2/Tools/scripts/pydoc3 -> build/scripts-3.6
copying and adjusting /Users/dojo/Library/Caches/Homebrew/Python-3.6.2/Tools/scripts/idle3 -> build/scripts-3.6
copying and adjusting /Users/dojo/Library/Caches/Homebrew/Python-3.6.2/Tools/scripts/2to3 -> build/scripts-3.6
copying and adjusting /Users/dojo/Library/Caches/Homebrew/Python-3.6.2/Tools/scripts/pyvenv -> build/scripts-3.6
changing mode of build/scripts-3.6/pydoc3 from 600 to 755
changing mode of build/scripts-3.6/idle3 from 600 to 755
changing mode of build/scripts-3.6/2to3 from 600 to 755
changing mode of build/scripts-3.6/pyvenv from 600 to 755
renaming build/scripts-3.6/pydoc3 to build/scripts-3.6/pydoc3.6
renaming build/scripts-3.6/idle3 to build/scripts-3.6/idle3.6
renaming build/scripts-3.6/2to3 to build/scripts-3.6/2to3-3.6
renaming build/scripts-3.6/pyvenv to build/scripts-3.6/pyvenv-3.6
gmake[2]: Leaving directory '/Users/dojo/Library/Caches/Homebrew/Python-3.6.2'
gmake[1]: Leaving directory '/Users/dojo/Library/Caches/Homebrew/Python-3.6.2'
gmake profile-removal
gmake[1]: Entering directory '/Users/dojo/Library/Caches/Homebrew/Python-3.6.2'
find . -name '*.gc??' -exec rm -f {} ';'
find . -name '*.profclang?' -exec rm -f {} ';'
find . -name '*.dyn' -exec rm -f {} ';'
rm -f /Users/dojo/Library/Caches/Homebrew/Python-3.6.2/coverage.info
rm -rf /Users/dojo/Library/Caches/Homebrew/Python-3.6.2/lcov-report
gmake[1]: Leaving directory '/Users/dojo/Library/Caches/Homebrew/Python-3.6.2'
Running code to generate profile data (this can take a while):
gmake run_profile_task
gmake[1]: Entering directory '/Users/dojo/Library/Caches/Homebrew/Python-3.6.2'
: # FIXME: can't run for a cross build
DYLD_LIBRARY_PATH=/Users/dojo/Library/Caches/Homebrew/Python-3.6.2 ./python -m test.regrtest --pgo || true
Run tests sequentially
0:00:00 load avg: 1.23 [  1/405] test_grammar
0:00:01 load avg: 1.23 [  2/405] test_opcodes
0:00:01 load avg: 1.23 [  3/405] test_dict
0:00:03 load avg: 1.61 [  4/405] test_builtin
0:00:08 load avg: 1.72 [  5/405] test_exceptions
0:00:09 load avg: 1.72 [  6/405] test_types
0:00:09 load avg: 1.72 [  7/405] test_unittest
0:00:18 load avg: 1.76 [  8/405] test_doctest
0:00:28 load avg: 1.80 [  9/405] test_doctest2
0:00:28 load avg: 1.80 [ 10/405] test_support
0:00:29 load avg: 1.80 [ 11/405] test___all__
0:01:04 load avg: 1.59 [ 12/405] test___future__ -- test___all__ passed in 35 sec
0:01:04 load avg: 1.59 [ 13/405] test__locale
0:01:05 load avg: 1.59 [ 14/405] test__opcode
0:01:05 load avg: 1.59 [ 15/405] test__osx_support
0:01:05 load avg: 1.59 [ 16/405] test_abc
0:01:06 load avg: 1.59 [ 17/405] test_abstract_numbers
0:01:06 load avg: 1.59 [ 18/405] test_aifc
0:01:07 load avg: 1.59 [ 19/405] test_argparse -- test_aifc failed
0:01:16 load avg: 1.58 [ 20/405] test_array
0:01:21 load avg: 1.62 [ 21/405] test_asdl_parser
0:01:21 load avg: 1.62 [ 22/405] test_ast
0:01:31 load avg: 1.67 [ 23/405] test_asyncgen
0:01:32 load avg: 1.67 [ 24/405] test_asynchat
0:01:34 load avg: 1.62 [ 25/405] test_asyncio
0:02:37 load avg: 1.72 [ 26/405] test_asyncore -- test_asyncio passed in 1 min 2 sec
0:02:37 load avg: 1.72 [ 27/405] test_atexit -- test_asyncore skipped
0:02:38 load avg: 1.72 [ 28/405] test_audioop
0:02:38 load avg: 1.72 [ 29/405] test_augassign
0:02:38 load avg: 1.72 [ 30/405] test_base64
0:02:41 load avg: 1.74 [ 31/405] test_baseexception
0:02:41 load avg: 1.74 [ 32/405] test_bigaddrspace
0:02:41 load avg: 1.74 [ 33/405] test_bigmem
0:02:42 load avg: 1.74 [ 34/405] test_binascii
0:02:42 load avg: 1.74 [ 35/405] test_binhex
0:02:43 load avg: 1.74 [ 36/405] test_binop
0:02:43 load avg: 1.74 [ 37/405] test_bisect
0:02:44 load avg: 1.74 [ 38/405] test_bool
0:02:44 load avg: 1.74 [ 39/405] test_buffer
0:03:24 load avg: 1.86 [ 40/405] test_bufio -- test_buffer failed in 40 sec
0:03:42 load avg: 1.68 [ 41/405] test_bytes
0:03:52 load avg: 1.87 [ 42/405] test_bz2
0:04:04 load avg: 1.89 [ 43/405] test_calendar
0:04:21 load avg: 1.64 [ 44/405] test_call
0:04:22 load avg: 1.64 [ 45/405] test_capi
0:05:35 load avg: 1.62 [ 46/405] test_cgi -- test_capi passed in 1 min 14 sec
0:05:36 load avg: 1.62 [ 47/405] test_cgitb
0:05:38 load avg: 1.57 [ 48/405] test_charmapcodec
0:05:38 load avg: 1.57 [ 49/405] test_class
0:05:38 load avg: 1.57 [ 50/405] test_cmath
0:05:39 load avg: 1.57 [ 51/405] test_cmd -- test_cmath failed
0:05:39 load avg: 1.57 [ 52/405] test_cmd_line
0:06:02 load avg: 1.56 [ 53/405] test_cmd_line_script
0:06:28 load avg: 1.89 [ 54/405] test_code
0:06:29 load avg: 1.89 [ 55/405] test_code_module
0:06:29 load avg: 1.89 [ 56/405] test_codeccallbacks
0:06:30 load avg: 1.89 [ 57/405] test_codecencodings_cn
0:06:32 load avg: 1.89 [ 58/405] test_codecencodings_hk
0:06:32 load avg: 1.89 [ 59/405] test_codecencodings_iso2022
0:06:34 load avg: 1.89 [ 60/405] test_codecencodings_jp
0:06:38 load avg: 1.90 [ 61/405] test_codecencodings_kr
0:06:39 load avg: 1.90 [ 62/405] test_codecencodings_tw
0:06:39 load avg: 1.90 [ 63/405] test_codecmaps_cn
0:06:40 load avg: 1.90 [ 64/405] test_codecmaps_hk
0:06:40 load avg: 1.90 [ 65/405] test_codecmaps_jp
0:06:40 load avg: 1.90 [ 66/405] test_codecmaps_kr
0:06:40 load avg: 1.90 [ 67/405] test_codecmaps_tw
0:06:41 load avg: 1.90 [ 68/405] test_codecs
0:06:50 load avg: 1.91 [ 69/405] test_codeop
0:06:50 load avg: 1.91 [ 70/405] test_collections
0:06:53 load avg: 1.92 [ 71/405] test_colorsys
0:06:54 load avg: 1.92 [ 72/405] test_compare
0:06:54 load avg: 1.92 [ 73/405] test_compile
0:06:55 load avg: 1.92 [ 74/405] test_compileall
0:07:34 load avg: 2.38 [ 75/405] test_complex -- test_compileall passed in 38 sec
0:07:35 load avg: 2.38 [ 76/405] test_concurrent_futures -- test_complex failed
0:08:55 load avg: 2.13 [ 77/405] test_configparser -- test_concurrent_futures passed in 1 min 20 sec
0:08:58 load avg: 2.13 [ 78/405] test_contains
0:08:58 load avg: 2.13 [ 79/405] test_contextlib
0:08:58 load avg: 2.13 [ 80/405] test_copy
0:08:59 load avg: 2.13 [ 81/405] test_copyreg
0:08:59 load avg: 2.13 [ 82/405] test_coroutines
0:09:00 load avg: 2.04 [ 83/405] test_cprofile
0:09:01 load avg: 2.04 [ 84/405] test_crashers
0:09:01 load avg: 2.04 [ 85/405] test_crypt
0:09:02 load avg: 2.04 [ 86/405] test_csv
0:09:06 load avg: 1.96 [ 87/405] test_ctypes
0:09:09 load avg: 1.96 [ 88/405] test_curses
0:09:09 load avg: 1.96 [ 89/405] test_datetime -- test_curses skipped (resource denied)
0:09:12 load avg: 1.96 [ 90/405] test_dbm
0:09:13 load avg: 1.96 [ 91/405] test_dbm_dumb
0:09:14 load avg: 1.96 [ 92/405] test_dbm_gnu
0:09:15 load avg: 1.96 [ 93/405] test_dbm_ndbm
0:09:15 load avg: 1.96 [ 94/405] test_decimal
0:09:36 load avg: 1.83 [ 95/405] test_decorators
0:09:36 load avg: 1.83 [ 96/405] test_defaultdict
0:09:36 load avg: 1.83 [ 97/405] test_deque
0:09:45 load avg: 1.78 [ 98/405] test_descr
0:09:50 load avg: 1.80 [ 99/405] test_descrtut
0:09:51 load avg: 1.80 [100/405] test_devpoll
0:09:51 load avg: 1.80 [101/405] test_dict_version -- test_devpoll skipped
0:09:51 load avg: 1.80 [102/405] test_dictcomps
0:09:52 load avg: 1.80 [103/405] test_dictviews
0:09:52 load avg: 1.80 [104/405] test_difflib
0:09:56 load avg: 1.81 [105/405] test_dis
0:10:02 load avg: 1.83 [106/405] test_distutils
0:10:18 load avg: 1.95 [107/405] test_docxmlrpc -- test_distutils failed
0:10:20 load avg: 1.96 [108/405] test_dtrace
0:10:21 load avg: 1.96 [109/405] test_dummy_thread
0:10:22 load avg: 1.96 [110/405] test_dummy_threading
0:10:22 load avg: 1.96 [111/405] test_dynamic
0:10:22 load avg: 1.96 [112/405] test_dynamicclassattribute
0:10:22 load avg: 1.96 [113/405] test_eintr
0:10:34 load avg: 2.12 [114/405] test_email
0:11:00 load avg: 1.81 [115/405] test_ensurepip
0:11:02 load avg: 1.75 [116/405] test_enum
0:11:03 load avg: 1.75 [117/405] test_enumerate
0:11:04 load avg: 1.75 [118/405] test_eof
0:11:04 load avg: 1.75 [119/405] test_epoll
0:11:04 load avg: 1.75 [120/405] test_errno -- test_epoll skipped
0:11:04 load avg: 1.75 [121/405] test_exception_hierarchy
0:11:05 load avg: 1.75 [122/405] test_exception_variations
0:11:05 load avg: 1.75 [123/405] test_extcall
0:11:05 load avg: 1.75 [124/405] test_faulthandler
0:11:51 load avg: 1.96 [125/405] test_fcntl -- test_faulthandler failed in 45 sec
0:11:51 load avg: 1.96 [126/405] test_file
0:11:52 load avg: 1.88 [127/405] test_file_eintr
0:12:01 load avg: 1.81 [128/405] test_filecmp
0:12:01 load avg: 1.83 [129/405] test_fileinput
0:12:02 load avg: 1.83 [130/405] test_fileio
0:12:02 load avg: 1.83 [131/405] test_finalization
0:12:06 load avg: 1.83 [132/405] test_float
0:12:08 load avg: 1.84 [133/405] test_flufl -- test_float failed
0:12:08 load avg: 1.84 [134/405] test_fnmatch
0:12:08 load avg: 1.84 [135/405] test_fork1
0:12:16 load avg: 2.01 [136/405] test_format
0:12:16 load avg: 2.01 [137/405] test_fractions
0:12:17 load avg: 1.93 [138/405] test_frame -- test_fractions failed
0:12:17 load avg: 1.93 [139/405] test_fstring
0:12:20 load avg: 1.93 [140/405] test_ftplib
0:12:23 load avg: 1.94 [141/405] test_funcattrs
0:12:23 load avg: 1.94 [142/405] test_functools
0:12:24 load avg: 1.94 [143/405] test_future
0:12:25 load avg: 1.94 [144/405] test_future3
0:12:25 load avg: 1.94 [145/405] test_future4
0:12:25 load avg: 1.94 [146/405] test_future5
0:12:25 load avg: 1.94 [147/405] test_gc
0:12:35 load avg: 1.79 [148/405] test_gdb
0:12:35 load avg: 1.79 [149/405] test_generator_stop -- test_gdb skipped
0:12:35 load avg: 1.79 [150/405] test_generators
0:12:37 load avg: 1.79 [151/405] test_genericpath
0:12:37 load avg: 1.65 [152/405] test_genexps
0:12:37 load avg: 1.65 [153/405] test_getargs2
0:12:38 load avg: 1.65 [154/405] test_getopt -- test_getargs2 failed
0:12:38 load avg: 1.65 [155/405] test_getpass
0:12:39 load avg: 1.65 [156/405] test_gettext
0:12:39 load avg: 1.65 [157/405] test_glob
0:12:40 load avg: 1.65 [158/405] test_global
0:12:40 load avg: 1.65 [159/405] test_grp
0:12:41 load avg: 1.65 [160/405] test_gzip
0:12:42 load avg: 1.65 [161/405] test_hash
0:12:51 load avg: 1.55 [162/405] test_hashlib
0:12:54 load avg: 1.58 [163/405] test_heapq
0:12:57 load avg: 1.58 [164/405] test_hmac
0:12:57 load avg: 1.54 [165/405] test_html
0:12:57 load avg: 1.54 [166/405] test_htmlparser
0:12:58 load avg: 1.54 [167/405] test_http_cookiejar
0:12:59 load avg: 1.54 [168/405] test_http_cookies
0:12:59 load avg: 1.54 [169/405] test_httplib
0:13:00 load avg: 1.54 [170/405] test_httpservers
0:13:12 load avg: 1.45 [171/405] test_idle
0:13:14 load avg: 1.50 [172/405] test_imaplib
0:13:18 load avg: 1.62 [173/405] test_imghdr
0:13:18 load avg: 1.62 [174/405] test_imp
0:13:19 load avg: 1.62 [175/405] test_import
0:13:26 load avg: 1.73 [176/405] test_importlib
0:13:32 load avg: 1.67 [177/405] test_index
0:13:33 load avg: 1.62 [178/405] test_inspect
0:13:37 load avg: 1.62 [179/405] test_int
0:13:37 load avg: 1.73 [180/405] test_int_literal
0:13:38 load avg: 1.73 [181/405] test_io
0:14:42 load avg: 1.95 [182/405] test_ioctl -- test_io passed in 1 min 4 sec
0:14:42 load avg: 1.95 [183/405] test_ipaddress
0:14:43 load avg: 1.95 [184/405] test_isinstance
0:14:44 load avg: 1.87 [185/405] test_iter
0:14:44 load avg: 1.87 [186/405] test_iterlen
0:14:45 load avg: 1.87 [187/405] test_itertools
0:15:05 load avg: 1.77 [188/405] test_json
0:15:19 load avg: 1.72 [189/405] test_keyword -- test_json failed
0:15:22 load avg: 1.74 [190/405] test_keywordonlyarg
0:15:22 load avg: 1.74 [191/405] test_kqueue
0:15:24 load avg: 1.74 [192/405] test_largefile
0:15:24 load avg: 1.92 [193/405] test_lib2to3
0:16:28 load avg: 2.30 [194/405] test_linecache -- test_lib2to3 passed in 1 min 4 sec
0:16:29 load avg: 2.30 [195/405] test_list
0:16:31 load avg: 2.28 [196/405] test_listcomps
0:16:31 load avg: 2.28 [197/405] test_locale
0:16:32 load avg: 2.28 [198/405] test_logging
0:17:06 load avg: 2.20 [199/405] test_long -- test_logging passed in 34 sec
0:17:21 load avg: 2.07 [200/405] test_longexp -- test_long failed
0:17:22 load avg: 2.07 [201/405] test_lzma
0:17:37 load avg: 2.27 [202/405] test_macpath
0:17:38 load avg: 2.27 [203/405] test_macurl2path
0:17:38 load avg: 2.27 [204/405] test_mailbox
0:17:43 load avg: 2.33 [205/405] test_mailcap
0:17:43 load avg: 2.33 [206/405] test_marshal
0:17:48 load avg: 2.14 [207/405] test_math
0:17:56 load avg: 2.04 [208/405] test_memoryio -- test_math failed
0:17:57 load avg: 2.04 [209/405] test_memoryview
0:18:01 load avg: 2.04 [210/405] test_metaclass
0:18:02 load avg: 2.12 [211/405] test_mimetypes
0:18:02 load avg: 2.12 [212/405] test_minidom
0:18:04 load avg: 2.12 [213/405] test_mmap
0:18:06 load avg: 2.03 [214/405] test_module
0:18:08 load avg: 2.03 [215/405] test_modulefinder
0:18:10 load avg: 2.03 [216/405] test_msilib
0:18:11 load avg: 2.03 [217/405] test_multibytecodec -- test_msilib skipped
0:18:19 load avg: 1.95 [218/405] test_multiprocessing_fork
0:18:20 load avg: 1.95 [219/405] test_multiprocessing_forkserver -- test_multiprocessing_fork skipped
0:18:20 load avg: 1.95 [220/405] test_multiprocessing_main_handling -- test_multiprocessing_forkserver skipped
0:18:21 load avg: 1.95 [221/405] test_multiprocessing_spawn -- test_multiprocessing_main_handling skipped
0:18:21 load avg: 1.95 [222/405] test_netrc -- test_multiprocessing_spawn skipped
0:18:22 load avg: 1.95 [223/405] test_nis
0:18:22 load avg: 1.95 [224/405] test_nntplib
0:18:23 load avg: 1.95 [225/405] test_normalization
0:18:23 load avg: 1.95 [226/405] test_ntpath
0:18:24 load avg: 1.95 [227/405] test_numeric_tower
0:18:25 load avg: 1.95 [228/405] test_openpty
0:18:26 load avg: 1.95 [229/405] test_operator
0:18:26 load avg: 1.96 [230/405] test_optparse
0:18:27 load avg: 1.96 [231/405] test_ordered_dict
0:18:34 load avg: 1.96 [232/405] test_os
0:18:44 load avg: 2.41 [233/405] test_ossaudiodev
0:18:44 load avg: 2.41 [234/405] test_osx_env -- test_ossaudiodev skipped (resource denied)
0:18:45 load avg: 2.41 [235/405] test_parser
0:18:46 load avg: 2.41 [236/405] test_pathlib
0:18:59 load avg: 2.51 [237/405] test_pdb
0:19:05 load avg: 2.47 [238/405] test_peepholer
0:19:06 load avg: 2.47 [239/405] test_pickle
0:19:43 load avg: 2.39 [240/405] test_pickletools -- test_pickle passed in 37 sec
0:19:50 load avg: 2.36 [241/405] test_pipes
0:19:51 load avg: 2.36 [242/405] test_pkg
0:19:52 load avg: 2.36 [243/405] test_pkgimport
0:19:53 load avg: 2.33 [244/405] test_pkgutil
0:19:53 load avg: 2.33 [245/405] test_platform
0:19:58 load avg: 2.22 [246/405] test_plistlib
0:19:59 load avg: 2.22 [247/405] test_poll
0:20:10 load avg: 2.27 [248/405] test_popen
0:20:13 load avg: 2.25 [249/405] test_poplib
0:20:16 load avg: 2.25 [250/405] test_posix
0:20:18 load avg: 2.31 [251/405] test_posixpath
0:20:19 load avg: 2.31 [252/405] test_pow
0:20:19 load avg: 2.31 [253/405] test_pprint
0:20:21 load avg: 2.31 [254/405] test_print
0:20:21 load avg: 2.31 [255/405] test_profile
0:20:21 load avg: 2.31 [256/405] test_property
0:20:22 load avg: 2.31 [257/405] test_pstats
0:20:23 load avg: 2.31 [258/405] test_pty
0:20:23 load avg: 2.20 [259/405] test_pulldom
0:20:24 load avg: 2.20 [260/405] test_pwd
0:20:25 load avg: 2.20 [261/405] test_py_compile
0:20:25 load avg: 2.20 [262/405] test_pyclbr
0:20:37 load avg: 2.01 [263/405] test_pydoc
0:20:53 load avg: 1.86 [264/405] test_pyexpat
0:20:53 load avg: 1.87 [265/405] test_queue
0:20:57 load avg: 1.87 [266/405] test_quopri
0:20:59 load avg: 1.96 [267/405] test_raise
0:20:59 load avg: 1.96 [268/405] test_random
0:21:04 load avg: 1.88 [269/405] test_range -- test_random failed
0:21:08 load avg: 1.88 [270/405] test_re
0:21:13 load avg: 1.97 [271/405] test_readline
0:21:16 load avg: 1.97 [272/405] test_regrtest
0:22:09 load avg: 2.00 [273/405] test_reprlib -- test_regrtest passed in 54 sec
0:22:10 load avg: 2.00 [274/405] test_resource
0:22:11 load avg: 2.00 [275/405] test_richcmp
0:22:12 load avg: 2.00 [276/405] test_rlcompleter
0:22:12 load avg: 2.00 [277/405] test_robotparser
0:22:13 load avg: 2.00 [278/405] test_runpy
0:22:19 load avg: 1.92 [279/405] test_sax
0:22:20 load avg: 1.77 [280/405] test_sched
0:22:21 load avg: 1.77 [281/405] test_scope
0:22:21 load avg: 1.77 [282/405] test_script_helper
0:22:23 load avg: 1.77 [283/405] test_secrets
0:22:24 load avg: 1.77 [284/405] test_select
0:22:36 load avg: 1.68 [285/405] test_selectors
0:22:51 load avg: 1.76 [286/405] test_set
0:23:00 load avg: 1.72 [287/405] test_setcomps
0:23:01 load avg: 1.72 [288/405] test_shelve
0:23:03 load avg: 1.72 [289/405] test_shlex
0:23:04 load avg: 1.72 [290/405] test_shutil
0:23:06 load avg: 1.74 [291/405] test_signal
0:23:32 load avg: 1.63 [292/405] test_site
0:23:39 load avg: 1.58 [293/405] test_slice
0:23:40 load avg: 1.58 [294/405] test_smtpd
0:23:41 load avg: 1.61 [295/405] test_smtplib
0:24:02 load avg: 2.39 [296/405] test_smtpnet
0:24:03 load avg: 2.39 [297/405] test_sndhdr -- test_smtpnet skipped (resource denied)
0:24:03 load avg: 2.39 [298/405] test_socket
0:24:42 load avg: 2.13 [299/405] test_socketserver -- test_socket passed in 38 sec
0:24:42 load avg: 2.13 [300/405] test_sort -- test_socketserver skipped (resource denied)
0:24:43 load avg: 2.13 [301/405] test_source_encoding
0:24:48 load avg: 2.04 [302/405] test_spwd
0:24:49 load avg: 2.04 [303/405] test_sqlite -- test_spwd skipped
0:24:50 load avg: 2.04 [304/405] test_ssl
0:25:20 load avg: 1.95 [305/405] test_startfile -- test_ssl failed in 30 sec
0:25:21 load avg: 1.95 [306/405] test_stat -- test_startfile skipped
0:25:21 load avg: 1.95 [307/405] test_statistics
0:25:26 load avg: 1.95 [308/405] test_strftime -- test_statistics failed
0:25:28 load avg: 2.03 [309/405] test_string
0:25:28 load avg: 2.03 [310/405] test_string_literals
0:25:31 load avg: 2.03 [311/405] test_stringprep
0:25:31 load avg: 2.03 [312/405] test_strptime
0:25:32 load avg: 2.03 [313/405] test_strtod
0:25:37 load avg: 2.03 [314/405] test_struct
0:25:40 load avg: 2.11 [315/405] test_structmembers -- test_struct failed
0:25:41 load avg: 2.11 [316/405] test_structseq
0:25:41 load avg: 2.11 [317/405] test_subclassinit
0:25:42 load avg: 2.11 [318/405] test_subprocess
0:25:42 load avg: 2.11 [319/405] test_sunau -- test_subprocess skipped
0:25:43 load avg: 2.10 [320/405] test_sundry
0:25:44 load avg: 2.10 [321/405] test_super
0:25:44 load avg: 2.10 [322/405] test_symbol
0:25:45 load avg: 2.10 [323/405] test_symtable
0:25:46 load avg: 2.10 [324/405] test_syntax
0:25:46 load avg: 2.10 [325/405] test_sys
0:25:59 load avg: 2.52 [326/405] test_sys_setprofile
0:26:00 load avg: 2.52 [327/405] test_sys_settrace
0:26:01 load avg: 2.52 [328/405] test_sysconfig
0:26:03 load avg: 2.40 [329/405] test_syslog
0:26:03 load avg: 2.40 [330/405] test_tarfile
0:26:52 load avg: 2.28 [331/405] test_tcl -- test_tarfile passed in 48 sec
0:26:59 load avg: 2.18 [332/405] test_telnetlib -- test_tcl failed
0:26:59 load avg: 2.16 [333/405] test_tempfile
0:27:08 load avg: 2.15 [334/405] test_textwrap
0:27:09 load avg: 2.15 [335/405] test_thread
0:27:10 load avg: 2.22 [336/405] test_threaded_import
0:27:17 load avg: 2.28 [337/405] test_threadedtempfile
0:27:20 load avg: 2.18 [338/405] test_threading
0:27:47 load avg: 2.70 [339/405] test_threading_local
0:27:49 load avg: 2.70 [340/405] test_threadsignals
0:27:53 load avg: 2.65 [341/405] test_time
0:27:55 load avg: 2.59 [342/405] test_timeit -- test_time failed
0:27:56 load avg: 2.59 [343/405] test_timeout
0:27:57 load avg: 2.59 [344/405] test_tix -- test_timeout skipped (resource denied)
0:27:57 load avg: 2.59 [345/405] test_tk -- test_tix skipped (resource denied)
0:27:58 load avg: 2.59 [346/405] test_tokenize -- test_tk skipped (resource denied)
0:28:02 load avg: 2.55 [347/405] test_tools
0:28:26 load avg: 2.35 [348/405] test_trace
0:28:48 load avg: 2.31 [349/405] test_traceback
0:28:56 load avg: 2.19 [350/405] test_tracemalloc
0:29:06 load avg: 2.24 [351/405] test_ttk_guionly
0:29:06 load avg: 2.24 [352/405] test_ttk_textonly -- test_ttk_guionly skipped (resource denied)
0:29:07 load avg: 2.24 [353/405] test_tuple
0:29:26 load avg: 2.32 [354/405] test_turtle
0:29:26 load avg: 2.29 [355/405] test_typechecks
0:29:27 load avg: 2.29 [356/405] test_typing
0:29:28 load avg: 2.29 [357/405] test_ucn
0:29:29 load avg: 2.29 [358/405] test_unary
0:29:30 load avg: 2.29 [359/405] test_unicode
0:29:37 load avg: 2.39 [360/405] test_unicode_file
0:29:38 load avg: 2.39 [361/405] test_unicode_file_functions
0:29:39 load avg: 2.39 [362/405] test_unicode_identifiers
0:29:39 load avg: 2.39 [363/405] test_unicodedata
0:29:58 load avg: 2.12 [364/405] test_univnewlines
0:29:59 load avg: 2.12 [365/405] test_unpack
0:29:59 load avg: 2.12 [366/405] test_unpack_ex
0:30:00 load avg: 2.12 [367/405] test_urllib
0:30:06 load avg: 2.11 [368/405] test_urllib2
0:30:18 load avg: 2.09 [369/405] test_urllib2_localnet
0:30:48 load avg: 2.20 [370/405] test_urllib2net -- test_urllib2_localnet passed in 30 sec
0:30:48 load avg: 2.20 [371/405] test_urllib_response -- test_urllib2net skipped (resource denied)
0:30:49 load avg: 2.20 [372/405] test_urllibnet
0:30:49 load avg: 2.20 [373/405] test_urlparse -- test_urllibnet skipped (resource denied)
0:30:50 load avg: 2.20 [374/405] test_userdict
0:30:51 load avg: 2.20 [375/405] test_userlist
0:30:52 load avg: 2.20 [376/405] test_userstring
0:30:59 load avg: 2.17 [377/405] test_utf8source
0:30:59 load avg: 2.17 [378/405] test_uu
0:31:00 load avg: 2.17 [379/405] test_uuid
0:31:28 load avg: 2.38 [380/405] test_venv
0:32:24 load avg: 2.92 [381/405] test_wait3 -- test_venv passed in 56 sec
0:32:31 load avg: 2.68 [382/405] test_wait4
0:32:38 load avg: 2.71 [383/405] test_warnings
0:32:47 load avg: 2.52 [384/405] test_wave
0:32:48 load avg: 2.52 [385/405] test_weakref
0:34:03 load avg: 2.50 [386/405] test_weakset -- test_weakref passed in 1 min 16 sec
0:34:05 load avg: 2.46 [387/405] test_webbrowser
0:34:05 load avg: 2.46 [388/405] test_winconsoleio
0:34:06 load avg: 2.46 [389/405] test_winreg -- test_winconsoleio skipped
0:34:06 load avg: 2.46 [390/405] test_winsound -- test_winreg skipped
0:34:07 load avg: 2.46 [391/405] test_with -- test_winsound skipped (resource denied)
0:34:07 load avg: 2.46 [392/405] test_wsgiref
0:34:08 load avg: 2.46 [393/405] test_xdrlib
0:34:09 load avg: 2.46 [394/405] test_xml_dom_minicompat
0:34:09 load avg: 2.46 [395/405] test_xml_etree
0:34:12 load avg: 2.34 [396/405] test_xml_etree_c
0:34:16 load avg: 2.32 [397/405] test_xmlrpc
0:34:21 load avg: 2.29 [398/405] test_xmlrpc_net
0:34:22 load avg: 2.29 [399/405] test_yield_from -- test_xmlrpc_net skipped (resource denied)
0:34:23 load avg: 2.29 [400/405] test_zipapp
0:34:24 load avg: 2.29 [401/405] test_zipfile
0:35:16 load avg: 1.92 [402/405] test_zipfile64 -- test_zipfile passed in 52 sec
0:35:16 load avg: 1.92 [403/405] test_zipimport -- test_zipfile64 skipped (resource denied)
0:35:17 load avg: 1.92 [404/405] test_zipimport_support
0:35:22 load avg: 1.93 [405/405] test_zlib

Total duration: 35 min 24 sec
Tests result: FAILURE
gmake[1]: Leaving directory '/Users/dojo/Library/Caches/Homebrew/Python-3.6.2'
gmake build_all_merge_profile
gmake[1]: Entering directory '/Users/dojo/Library/Caches/Homebrew/Python-3.6.2'
gmake[1]: 'build_all_merge_profile' is up to date.
gmake[1]: Leaving directory '/Users/dojo/Library/Caches/Homebrew/Python-3.6.2'
Rebuilding with profile guided optimizations:
gmake clean
gmake[1]: Entering directory '/Users/dojo/Library/Caches/Homebrew/Python-3.6.2'
find . -depth -name '__pycache__' -exec rm -rf {} ';'
find . -name '*.py[co]' -exec rm -f {} ';'
find . -name '*.[oa]' -exec rm -f {} ';'
find . -name '*.s[ol]' -exec rm -f {} ';'
find . -name '*.so.[0-9]*.[0-9]*' -exec rm -f {} ';'
find build -name 'fficonfig.h' -exec rm -f {} ';' || true
find build -name '*.py' -exec rm -f {} ';' || true
find build -name '*.py[co]' -exec rm -f {} ';' || true
rm -f pybuilddir.txt
rm -f Lib/lib2to3/*Grammar*.pickle
rm -f Programs/_testembed Programs/_freeze_importlib
find build -type f -a ! -name '*.gc??' -exec rm -f {} ';'
rm -f Include/pydtrace_probes.h
gmake[1]: Leaving directory '/Users/dojo/Library/Caches/Homebrew/Python-3.6.2'
gmake build_all_use_profile
gmake[1]: Entering directory '/Users/dojo/Library/Caches/Homebrew/Python-3.6.2'
gmake build_all CFLAGS_NODIST="-fomit-frame-pointer -funroll-loops  -ffast-math -Ofast -fno-signed-zeros -ffp-contract=fast -mmmx -msse -flto    " LDFLAGS="-L/usr/local/opt/openblas/lib -L/usr/local/opt/llvm/lib -L/usr/local/opt/sqlite/lib -L/usr/local/opt/readline/lib -L/usr/local/opt/openssl@1.1/lib  "
gmake[2]: Entering directory '/Users/dojo/Library/Caches/Homebrew/Python-3.6.2'
cc -c -fsanitize=address -fno-omit-frame-pointer  -Wno-unused-result -Wsign-compare -DDYNAMIC_ANNOTATIONS_ENABLED=1 -g -Ofast -Wall -Wstrict-prototypes -fomit-frame-pointer -funroll-loops  -ffast-math -Ofast -fno-signed-zeros -ffp-contract=fast -mmmx -msse -flto   -fomit-frame-pointer -funroll-loops  -ffast-math -Ofast -fno-signed-zeros -ffp-contract=fast -mmmx -msse -flto    -std=c99 -Wextra -Wno-unused-result -Wno-unused-parameter -Wno-missing-field-initializers -fomit-frame-pointer -funroll-loops  -ffast-math -Ofast -fno-signed-zeros -ffp-contract=fast -mmmx -msse -flto      -I. -I./Include -I/usr/local/opt/openblas/include -I/usr/local/opt/llvm/include -I/usr/local/opt/sqlite/include -I/usr/local/opt/readline/include -I/usr/local/opt/openssl@1.1/include  -I/usr/local/opt/openblas/include -I/usr/local/opt/llvm/include -I/usr/local/opt/sqlite/include -I/usr/local/opt/readline/include -I/usr/local/opt/openssl@1.1/include   -DPy_BUILD_CORE -o Programs/python.o ./Programs/python.c
cc -c -fsanitize=address -fno-omit-frame-pointer  -Wno-unused-result -Wsign-compare -DDYNAMIC_ANNOTATIONS_ENABLED=1 -g -Ofast -Wall -Wstrict-prototypes -fomit-frame-pointer -funroll-loops  -ffast-math -Ofast -fno-signed-zeros -ffp-contract=fast -mmmx -msse -flto   -fomit-frame-pointer -funroll-loops  -ffast-math -Ofast -fno-signed-zeros -ffp-contract=fast -mmmx -msse -flto    -std=c99 -Wextra -Wno-unused-result -Wno-unused-parameter -Wno-missing-field-initializers -fomit-frame-pointer -funroll-loops  -ffast-math -Ofast -fno-signed-zeros -ffp-contract=fast -mmmx -msse -flto      -I. -I./Include -I/usr/local/opt/openblas/include -I/usr/local/opt/llvm/include -I/usr/local/opt/sqlite/include -I/usr/local/opt/readline/include -I/usr/local/opt/openssl@1.1/include  -I/usr/local/opt/openblas/include -I/usr/local/opt/llvm/include -I/usr/local/opt/sqlite/include -I/usr/local/opt/readline/include -I/usr/local/opt/openssl@1.1/include   -DPy_BUILD_CORE -o Parser/acceler.o Parser/acceler.c
cc -c -fsanitize=address -fno-omit-frame-pointer  -Wno-unused-result -Wsign-compare -DDYNAMIC_ANNOTATIONS_ENABLED=1 -g -Ofast -Wall -Wstrict-prototypes -fomit-frame-pointer -funroll-loops  -ffast-math -Ofast -fno-signed-zeros -ffp-contract=fast -mmmx -msse -flto   -fomit-frame-pointer -funroll-loops  -ffast-math -Ofast -fno-signed-zeros -ffp-contract=fast -mmmx -msse -flto    -std=c99 -Wextra -Wno-unused-result -Wno-unused-parameter -Wno-missing-field-initializers -fomit-frame-pointer -funroll-loops  -ffast-math -Ofast -fno-signed-zeros -ffp-contract=fast -mmmx -msse -flto      -I. -I./Include -I/usr/local/opt/openblas/include -I/usr/local/opt/llvm/include -I/usr/local/opt/sqlite/include -I/usr/local/opt/readline/include -I/usr/local/opt/openssl@1.1/include  -I/usr/local/opt/openblas/include -I/usr/local/opt/llvm/include -I/usr/local/opt/sqlite/include -I/usr/local/opt/readline/include -I/usr/local/opt/openssl@1.1/include   -DPy_BUILD_CORE -o Parser/grammar1.o Parser/grammar1.c
cc -c -fsanitize=address -fno-omit-frame-pointer  -Wno-unused-result -Wsign-compare -DDYNAMIC_ANNOTATIONS_ENABLED=1 -g -Ofast -Wall -Wstrict-prototypes -fomit-frame-pointer -funroll-loops  -ffast-math -Ofast -fno-signed-zeros -ffp-contract=fast -mmmx -msse -flto   -fomit-frame-pointer -funroll-loops  -ffast-math -Ofast -fno-signed-zeros -ffp-contract=fast -mmmx -msse -flto    -std=c99 -Wextra -Wno-unused-result -Wno-unused-parameter -Wno-missing-field-initializers -fomit-frame-pointer -funroll-loops  -ffast-math -Ofast -fno-signed-zeros -ffp-contract=fast -mmmx -msse -flto      -I. -I./Include -I/usr/local/opt/openblas/include -I/usr/local/opt/llvm/include -I/usr/local/opt/sqlite/include -I/usr/local/opt/readline/include -I/usr/local/opt/openssl@1.1/include  -I/usr/local/opt/openblas/include -I/usr/local/opt/llvm/include -I/usr/local/opt/sqlite/include -I/usr/local/opt/readline/include -I/usr/local/opt/openssl@1.1/include   -DPy_BUILD_CORE -o Parser/listnode.o Parser/listnode.c
cc -c -fsanitize=address -fno-omit-frame-pointer  -Wno-unused-result -Wsign-compare -DDYNAMIC_ANNOTATIONS_ENABLED=1 -g -Ofast -Wall -Wstrict-prototypes -fomit-frame-pointer -funroll-loops  -ffast-math -Ofast -fno-signed-zeros -ffp-contract=fast -mmmx -msse -flto   -fomit-frame-pointer -funroll-loops  -ffast-math -Ofast -fno-signed-zeros -ffp-contract=fast -mmmx -msse -flto    -std=c99 -Wextra -Wno-unused-result -Wno-unused-parameter -Wno-missing-field-initializers -fomit-frame-pointer -funroll-loops  -ffast-math -Ofast -fno-signed-zeros -ffp-contract=fast -mmmx -msse -flto      -I. -I./Include -I/usr/local/opt/openblas/include -I/usr/local/opt/llvm/include -I/usr/local/opt/sqlite/include -I/usr/local/opt/readline/include -I/usr/local/opt/openssl@1.1/include  -I/usr/local/opt/openblas/include -I/usr/local/opt/llvm/include -I/usr/local/opt/sqlite/include -I/usr/local/opt/readline/include -I/usr/local/opt/openssl@1.1/include   -DPy_BUILD_CORE -o Parser/node.o Parser/node.c
cc -c -fsanitize=address -fno-omit-frame-pointer  -Wno-unused-result -Wsign-compare -DDYNAMIC_ANNOTATIONS_ENABLED=1 -g -Ofast -Wall -Wstrict-prototypes -fomit-frame-pointer -funroll-loops  -ffast-math -Ofast -fno-signed-zeros -ffp-contract=fast -mmmx -msse -flto   -fomit-frame-pointer -funroll-loops  -ffast-math -Ofast -fno-signed-zeros -ffp-contract=fast -mmmx -msse -flto    -std=c99 -Wextra -Wno-unused-result -Wno-unused-parameter -Wno-missing-field-initializers -fomit-frame-pointer -funroll-loops  -ffast-math -Ofast -fno-signed-zeros -ffp-contract=fast -mmmx -msse -flto      -I. -I./Include -I/usr/local/opt/openblas/include -I/usr/local/opt/llvm/include -I/usr/local/opt/sqlite/include -I/usr/local/opt/readline/include -I/usr/local/opt/openssl@1.1/include  -I/usr/local/opt/openblas/include -I/usr/local/opt/llvm/include -I/usr/local/opt/sqlite/include -I/usr/local/opt/readline/include -I/usr/local/opt/openssl@1.1/include   -DPy_BUILD_CORE -o Parser/parser.o Parser/parser.c
cc -c -fsanitize=address -fno-omit-frame-pointer  -Wno-unused-result -Wsign-compare -DDYNAMIC_ANNOTATIONS_ENABLED=1 -g -Ofast -Wall -Wstrict-prototypes -fomit-frame-pointer -funroll-loops  -ffast-math -Ofast -fno-signed-zeros -ffp-contract=fast -mmmx -msse -flto   -fomit-frame-pointer -funroll-loops  -ffast-math -Ofast -fno-signed-zeros -ffp-contract=fast -mmmx -msse -flto    -std=c99 -Wextra -Wno-unused-result -Wno-unused-parameter -Wno-missing-field-initializers -fomit-frame-pointer -funroll-loops  -ffast-math -Ofast -fno-signed-zeros -ffp-contract=fast -mmmx -msse -flto      -I. -I./Include -I/usr/local/opt/openblas/include -I/usr/local/opt/llvm/include -I/usr/local/opt/sqlite/include -I/usr/local/opt/readline/include -I/usr/local/opt/openssl@1.1/include  -I/usr/local/opt/openblas/include -I/usr/local/opt/llvm/include -I/usr/local/opt/sqlite/include -I/usr/local/opt/readline/include -I/usr/local/opt/openssl@1.1/include   -DPy_BUILD_CORE -o Parser/bitset.o Parser/bitset.c
cc -c -fsanitize=address -fno-omit-frame-pointer  -Wno-unused-result -Wsign-compare -DDYNAMIC_ANNOTATIONS_ENABLED=1 -g -Ofast -Wall -Wstrict-prototypes -fomit-frame-pointer -funroll-loops  -ffast-math -Ofast -fno-signed-zeros -ffp-contract=fast -mmmx -msse -flto   -fomit-frame-pointer -funroll-loops  -ffast-math -Ofast -fno-signed-zeros -ffp-contract=fast -mmmx -msse -flto    -std=c99 -Wextra -Wno-unused-result -Wno-unused-parameter -Wno-missing-field-initializers -fomit-frame-pointer -funroll-loops  -ffast-math -Ofast -fno-signed-zeros -ffp-contract=fast -mmmx -msse -flto      -I. -I./Include -I/usr/local/opt/openblas/include -I/usr/local/opt/llvm/include -I/usr/local/opt/sqlite/include -I/usr/local/opt/readline/include -I/usr/local/opt/openssl@1.1/include  -I/usr/local/opt/openblas/include -I/usr/local/opt/llvm/include -I/usr/local/opt/sqlite/include -I/usr/local/opt/readline/include -I/usr/local/opt/openssl@1.1/include   -DPy_BUILD_CORE -o Parser/metagrammar.o Parser/metagrammar.c
cc -c -fsanitize=address -fno-omit-frame-pointer  -Wno-unused-result -Wsign-compare -DDYNAMIC_ANNOTATIONS_ENABLED=1 -g -Ofast -Wall -Wstrict-prototypes -fomit-frame-pointer -funroll-loops  -ffast-math -Ofast -fno-signed-zeros -ffp-contract=fast -mmmx -msse -flto   -fomit-frame-pointer -funroll-loops  -ffast-math -Ofast -fno-signed-zeros -ffp-contract=fast -mmmx -msse -flto    -std=c99 -Wextra -Wno-unused-result -Wno-unused-parameter -Wno-missing-field-initializers -fomit-frame-pointer -funroll-loops  -ffast-math -Ofast -fno-signed-zeros -ffp-contract=fast -mmmx -msse -flto      -I. -I./Include -I/usr/local/opt/openblas/include -I/usr/local/opt/llvm/include -I/usr/local/opt/sqlite/include -I/usr/local/opt/readline/include -I/usr/local/opt/openssl@1.1/include  -I/usr/local/opt/openblas/include -I/usr/local/opt/llvm/include -I/usr/local/opt/sqlite/include -I/usr/local/opt/readline/include -I/usr/local/opt/openssl@1.1/include   -DPy_BUILD_CORE -o Parser/firstsets.o Parser/firstsets.c
cc -c -fsanitize=address -fno-omit-frame-pointer  -Wno-unused-result -Wsign-compare -DDYNAMIC_ANNOTATIONS_ENABLED=1 -g -Ofast -Wall -Wstrict-prototypes -fomit-frame-pointer -funroll-loops  -ffast-math -Ofast -fno-signed-zeros -ffp-contract=fast -mmmx -msse -flto   -fomit-frame-pointer -funroll-loops  -ffast-math -Ofast -fno-signed-zeros -ffp-contract=fast -mmmx -msse -flto    -std=c99 -Wextra -Wno-unused-result -Wno-unused-parameter -Wno-missing-field-initializers -fomit-frame-pointer -funroll-loops  -ffast-math -Ofast -fno-signed-zeros -ffp-contract=fast -mmmx -msse -flto      -I. -I./Include -I/usr/local/opt/openblas/include -I/usr/local/opt/llvm/include -I/usr/local/opt/sqlite/include -I/usr/local/opt/readline/include -I/usr/local/opt/openssl@1.1/include  -I/usr/local/opt/openblas/include -I/usr/local/opt/llvm/include -I/usr/local/opt/sqlite/include -I/usr/local/opt/readline/include -I/usr/local/opt/openssl@1.1/include   -DPy_BUILD_CORE -o Parser/grammar.o Parser/grammar.c
cc -c -fsanitize=address -fno-omit-frame-pointer  -Wno-unused-result -Wsign-compare -DDYNAMIC_ANNOTATIONS_ENABLED=1 -g -Ofast -Wall -Wstrict-prototypes -fomit-frame-pointer -funroll-loops  -ffast-math -Ofast -fno-signed-zeros -ffp-contract=fast -mmmx -msse -flto   -fomit-frame-pointer -funroll-loops  -ffast-math -Ofast -fno-signed-zeros -ffp-contract=fast -mmmx -msse -flto    -std=c99 -Wextra -Wno-unused-result -Wno-unused-parameter -Wno-missing-field-initializers -fomit-frame-pointer -funroll-loops  -ffast-math -Ofast -fno-signed-zeros -ffp-contract=fast -mmmx -msse -flto      -I. -I./Include -I/usr/local/opt/openblas/include -I/usr/local/opt/llvm/include -I/usr/local/opt/sqlite/include -I/usr/local/opt/readline/include -I/usr/local/opt/openssl@1.1/include  -I/usr/local/opt/openblas/include -I/usr/local/opt/llvm/include -I/usr/local/opt/sqlite/include -I/usr/local/opt/readline/include -I/usr/local/opt/openssl@1.1/include   -DPy_BUILD_CORE -o Parser/pgen.o Parser/pgen.c
cc -c -fsanitize=address -fno-omit-frame-pointer  -Wno-unused-result -Wsign-compare -DDYNAMIC_ANNOTATIONS_ENABLED=1 -g -Ofast -Wall -Wstrict-prototypes -fomit-frame-pointer -funroll-loops  -ffast-math -Ofast -fno-signed-zeros -ffp-contract=fast -mmmx -msse -flto   -fomit-frame-pointer -funroll-loops  -ffast-math -Ofast -fno-signed-zeros -ffp-contract=fast -mmmx -msse -flto    -std=c99 -Wextra -Wno-unused-result -Wno-unused-parameter -Wno-missing-field-initializers -fomit-frame-pointer -funroll-loops  -ffast-math -Ofast -fno-signed-zeros -ffp-contract=fast -mmmx -msse -flto      -I. -I./Include -I/usr/local/opt/openblas/include -I/usr/local/opt/llvm/include -I/usr/local/opt/sqlite/include -I/usr/local/opt/readline/include -I/usr/local/opt/openssl@1.1/include  -I/usr/local/opt/openblas/include -I/usr/local/opt/llvm/include -I/usr/local/opt/sqlite/include -I/usr/local/opt/readline/include -I/usr/local/opt/openssl@1.1/include   -DPy_BUILD_CORE -o Parser/myreadline.o Parser/myreadline.c
cc -c -fsanitize=address -fno-omit-frame-pointer  -Wno-unused-result -Wsign-compare -DDYNAMIC_ANNOTATIONS_ENABLED=1 -g -Ofast -Wall -Wstrict-prototypes -fomit-frame-pointer -funroll-loops  -ffast-math -Ofast -fno-signed-zeros -ffp-contract=fast -mmmx -msse -flto   -fomit-frame-pointer -funroll-loops  -ffast-math -Ofast -fno-signed-zeros -ffp-contract=fast -mmmx -msse -flto    -std=c99 -Wextra -Wno-unused-result -Wno-unused-parameter -Wno-missing-field-initializers -fomit-frame-pointer -funroll-loops  -ffast-math -Ofast -fno-signed-zeros -ffp-contract=fast -mmmx -msse -flto      -I. -I./Include -I/usr/local/opt/openblas/include -I/usr/local/opt/llvm/include -I/usr/local/opt/sqlite/include -I/usr/local/opt/readline/include -I/usr/local/opt/openssl@1.1/include  -I/usr/local/opt/openblas/include -I/usr/local/opt/llvm/include -I/usr/local/opt/sqlite/include -I/usr/local/opt/readline/include -I/usr/local/opt/openssl@1.1/include   -DPy_BUILD_CORE -o Parser/parsetok.o Parser/parsetok.c
cc -c -fsanitize=address -fno-omit-frame-pointer  -Wno-unused-result -Wsign-compare -DDYNAMIC_ANNOTATIONS_ENABLED=1 -g -Ofast -Wall -Wstrict-prototypes -fomit-frame-pointer -funroll-loops  -ffast-math -Ofast -fno-signed-zeros -ffp-contract=fast -mmmx -msse -flto   -fomit-frame-pointer -funroll-loops  -ffast-math -Ofast -fno-signed-zeros -ffp-contract=fast -mmmx -msse -flto    -std=c99 -Wextra -Wno-unused-result -Wno-unused-parameter -Wno-missing-field-initializers -fomit-frame-pointer -funroll-loops  -ffast-math -Ofast -fno-signed-zeros -ffp-contract=fast -mmmx -msse -flto      -I. -I./Include -I/usr/local/opt/openblas/include -I/usr/local/opt/llvm/include -I/usr/local/opt/sqlite/include -I/usr/local/opt/readline/include -I/usr/local/opt/openssl@1.1/include  -I/usr/local/opt/openblas/include -I/usr/local/opt/llvm/include -I/usr/local/opt/sqlite/include -I/usr/local/opt/readline/include -I/usr/local/opt/openssl@1.1/include   -DPy_BUILD_CORE -o Parser/tokenizer.o Parser/tokenizer.c
cc -c -fsanitize=address -fno-omit-frame-pointer  -Wno-unused-result -Wsign-compare -DDYNAMIC_ANNOTATIONS_ENABLED=1 -g -Ofast -Wall -Wstrict-prototypes -fomit-frame-pointer -funroll-loops  -ffast-math -Ofast -fno-signed-zeros -ffp-contract=fast -mmmx -msse -flto   -fomit-frame-pointer -funroll-loops  -ffast-math -Ofast -fno-signed-zeros -ffp-contract=fast -mmmx -msse -flto    -std=c99 -Wextra -Wno-unused-result -Wno-unused-parameter -Wno-missing-field-initializers -fomit-frame-pointer -funroll-loops  -ffast-math -Ofast -fno-signed-zeros -ffp-contract=fast -mmmx -msse -flto      -I. -I./Include -I/usr/local/opt/openblas/include -I/usr/local/opt/llvm/include -I/usr/local/opt/sqlite/include -I/usr/local/opt/readline/include -I/usr/local/opt/openssl@1.1/include  -I/usr/local/opt/openblas/include -I/usr/local/opt/llvm/include -I/usr/local/opt/sqlite/include -I/usr/local/opt/readline/include -I/usr/local/opt/openssl@1.1/include   -DPy_BUILD_CORE -o Objects/abstract.o Objects/abstract.c
cc -c -fsanitize=address -fno-omit-frame-pointer  -Wno-unused-result -Wsign-compare -DDYNAMIC_ANNOTATIONS_ENABLED=1 -g -Ofast -Wall -Wstrict-prototypes -fomit-frame-pointer -funroll-loops  -ffast-math -Ofast -fno-signed-zeros -ffp-contract=fast -mmmx -msse -flto   -fomit-frame-pointer -funroll-loops  -ffast-math -Ofast -fno-signed-zeros -ffp-contract=fast -mmmx -msse -flto    -std=c99 -Wextra -Wno-unused-result -Wno-unused-parameter -Wno-missing-field-initializers -fomit-frame-pointer -funroll-loops  -ffast-math -Ofast -fno-signed-zeros -ffp-contract=fast -mmmx -msse -flto      -I. -I./Include -I/usr/local/opt/openblas/include -I/usr/local/opt/llvm/include -I/usr/local/opt/sqlite/include -I/usr/local/opt/readline/include -I/usr/local/opt/openssl@1.1/include  -I/usr/local/opt/openblas/include -I/usr/local/opt/llvm/include -I/usr/local/opt/sqlite/include -I/usr/local/opt/readline/include -I/usr/local/opt/openssl@1.1/include   -DPy_BUILD_CORE -o Objects/accu.o Objects/accu.c
cc -c -fsanitize=address -fno-omit-frame-pointer  -Wno-unused-result -Wsign-compare -DDYNAMIC_ANNOTATIONS_ENABLED=1 -g -Ofast -Wall -Wstrict-prototypes -fomit-frame-pointer -funroll-loops  -ffast-math -Ofast -fno-signed-zeros -ffp-contract=fast -mmmx -msse -flto   -fomit-frame-pointer -funroll-loops  -ffast-math -Ofast -fno-signed-zeros -ffp-contract=fast -mmmx -msse -flto    -std=c99 -Wextra -Wno-unused-result -Wno-unused-parameter -Wno-missing-field-initializers -fomit-frame-pointer -funroll-loops  -ffast-math -Ofast -fno-signed-zeros -ffp-contract=fast -mmmx -msse -flto      -I. -I./Include -I/usr/local/opt/openblas/include -I/usr/local/opt/llvm/include -I/usr/local/opt/sqlite/include -I/usr/local/opt/readline/include -I/usr/local/opt/openssl@1.1/include  -I/usr/local/opt/openblas/include -I/usr/local/opt/llvm/include -I/usr/local/opt/sqlite/include -I/usr/local/opt/readline/include -I/usr/local/opt/openssl@1.1/include   -DPy_BUILD_CORE -o Objects/boolobject.o Objects/boolobject.c
cc -c -fsanitize=address -fno-omit-frame-pointer  -Wno-unused-result -Wsign-compare -DDYNAMIC_ANNOTATIONS_ENABLED=1 -g -Ofast -Wall -Wstrict-prototypes -fomit-frame-pointer -funroll-loops  -ffast-math -Ofast -fno-signed-zeros -ffp-contract=fast -mmmx -msse -flto   -fomit-frame-pointer -funroll-loops  -ffast-math -Ofast -fno-signed-zeros -ffp-contract=fast -mmmx -msse -flto    -std=c99 -Wextra -Wno-unused-result -Wno-unused-parameter -Wno-missing-field-initializers -fomit-frame-pointer -funroll-loops  -ffast-math -Ofast -fno-signed-zeros -ffp-contract=fast -mmmx -msse -flto      -I. -I./Include -I/usr/local/opt/openblas/include -I/usr/local/opt/llvm/include -I/usr/local/opt/sqlite/include -I/usr/local/opt/readline/include -I/usr/local/opt/openssl@1.1/include  -I/usr/local/opt/openblas/include -I/usr/local/opt/llvm/include -I/usr/local/opt/sqlite/include -I/usr/local/opt/readline/include -I/usr/local/opt/openssl@1.1/include   -DPy_BUILD_CORE -o Objects/bytes_methods.o Objects/bytes_methods.c
cc -c -fsanitize=address -fno-omit-frame-pointer  -Wno-unused-result -Wsign-compare -DDYNAMIC_ANNOTATIONS_ENABLED=1 -g -Ofast -Wall -Wstrict-prototypes -fomit-frame-pointer -funroll-loops  -ffast-math -Ofast -fno-signed-zeros -ffp-contract=fast -mmmx -msse -flto   -fomit-frame-pointer -funroll-loops  -ffast-math -Ofast -fno-signed-zeros -ffp-contract=fast -mmmx -msse -flto    -std=c99 -Wextra -Wno-unused-result -Wno-unused-parameter -Wno-missing-field-initializers -fomit-frame-pointer -funroll-loops  -ffast-math -Ofast -fno-signed-zeros -ffp-contract=fast -mmmx -msse -flto      -I. -I./Include -I/usr/local/opt/openblas/include -I/usr/local/opt/llvm/include -I/usr/local/opt/sqlite/include -I/usr/local/opt/readline/include -I/usr/local/opt/openssl@1.1/include  -I/usr/local/opt/openblas/include -I/usr/local/opt/llvm/include -I/usr/local/opt/sqlite/include -I/usr/local/opt/readline/include -I/usr/local/opt/openssl@1.1/include   -DPy_BUILD_CORE -o Objects/bytearrayobject.o Objects/bytearrayobject.c
cc -c -fsanitize=address -fno-omit-frame-pointer  -Wno-unused-result -Wsign-compare -DDYNAMIC_ANNOTATIONS_ENABLED=1 -g -Ofast -Wall -Wstrict-prototypes -fomit-frame-pointer -funroll-loops  -ffast-math -Ofast -fno-signed-zeros -ffp-contract=fast -mmmx -msse -flto   -fomit-frame-pointer -funroll-loops  -ffast-math -Ofast -fno-signed-zeros -ffp-contract=fast -mmmx -msse -flto    -std=c99 -Wextra -Wno-unused-result -Wno-unused-parameter -Wno-missing-field-initializers -fomit-frame-pointer -funroll-loops  -ffast-math -Ofast -fno-signed-zeros -ffp-contract=fast -mmmx -msse -flto      -I. -I./Include -I/usr/local/opt/openblas/include -I/usr/local/opt/llvm/include -I/usr/local/opt/sqlite/include -I/usr/local/opt/readline/include -I/usr/local/opt/openssl@1.1/include  -I/usr/local/opt/openblas/include -I/usr/local/opt/llvm/include -I/usr/local/opt/sqlite/include -I/usr/local/opt/readline/include -I/usr/local/opt/openssl@1.1/include   -DPy_BUILD_CORE -o Objects/bytesobject.o Objects/bytesobject.c
cc -c -fsanitize=address -fno-omit-frame-pointer  -Wno-unused-result -Wsign-compare -DDYNAMIC_ANNOTATIONS_ENABLED=1 -g -Ofast -Wall -Wstrict-prototypes -fomit-frame-pointer -funroll-loops  -ffast-math -Ofast -fno-signed-zeros -ffp-contract=fast -mmmx -msse -flto   -fomit-frame-pointer -funroll-loops  -ffast-math -Ofast -fno-signed-zeros -ffp-contract=fast -mmmx -msse -flto    -std=c99 -Wextra -Wno-unused-result -Wno-unused-parameter -Wno-missing-field-initializers -fomit-frame-pointer -funroll-loops  -ffast-math -Ofast -fno-signed-zeros -ffp-contract=fast -mmmx -msse -flto      -I. -I./Include -I/usr/local/opt/openblas/include -I/usr/local/opt/llvm/include -I/usr/local/opt/sqlite/include -I/usr/local/opt/readline/include -I/usr/local/opt/openssl@1.1/include  -I/usr/local/opt/openblas/include -I/usr/local/opt/llvm/include -I/usr/local/opt/sqlite/include -I/usr/local/opt/readline/include -I/usr/local/opt/openssl@1.1/include   -DPy_BUILD_CORE -o Objects/cellobject.o Objects/cellobject.c
cc -c -fsanitize=address -fno-omit-frame-pointer  -Wno-unused-result -Wsign-compare -DDYNAMIC_ANNOTATIONS_ENABLED=1 -g -Ofast -Wall -Wstrict-prototypes -fomit-frame-pointer -funroll-loops  -ffast-math -Ofast -fno-signed-zeros -ffp-contract=fast -mmmx -msse -flto   -fomit-frame-pointer -funroll-loops  -ffast-math -Ofast -fno-signed-zeros -ffp-contract=fast -mmmx -msse -flto    -std=c99 -Wextra -Wno-unused-result -Wno-unused-parameter -Wno-missing-field-initializers -fomit-frame-pointer -funroll-loops  -ffast-math -Ofast -fno-signed-zeros -ffp-contract=fast -mmmx -msse -flto      -I. -I./Include -I/usr/local/opt/openblas/include -I/usr/local/opt/llvm/include -I/usr/local/opt/sqlite/include -I/usr/local/opt/readline/include -I/usr/local/opt/openssl@1.1/include  -I/usr/local/opt/openblas/include -I/usr/local/opt/llvm/include -I/usr/local/opt/sqlite/include -I/usr/local/opt/readline/include -I/usr/local/opt/openssl@1.1/include   -DPy_BUILD_CORE -o Objects/classobject.o Objects/classobject.c
cc -c -fsanitize=address -fno-omit-frame-pointer  -Wno-unused-result -Wsign-compare -DDYNAMIC_ANNOTATIONS_ENABLED=1 -g -Ofast -Wall -Wstrict-prototypes -fomit-frame-pointer -funroll-loops  -ffast-math -Ofast -fno-signed-zeros -ffp-contract=fast -mmmx -msse -flto   -fomit-frame-pointer -funroll-loops  -ffast-math -Ofast -fno-signed-zeros -ffp-contract=fast -mmmx -msse -flto    -std=c99 -Wextra -Wno-unused-result -Wno-unused-parameter -Wno-missing-field-initializers -fomit-frame-pointer -funroll-loops  -ffast-math -Ofast -fno-signed-zeros -ffp-contract=fast -mmmx -msse -flto      -I. -I./Include -I/usr/local/opt/openblas/include -I/usr/local/opt/llvm/include -I/usr/local/opt/sqlite/include -I/usr/local/opt/readline/include -I/usr/local/opt/openssl@1.1/include  -I/usr/local/opt/openblas/include -I/usr/local/opt/llvm/include -I/usr/local/opt/sqlite/include -I/usr/local/opt/readline/include -I/usr/local/opt/openssl@1.1/include   -DPy_BUILD_CORE -o Objects/codeobject.o Objects/codeobject.c
cc -c -fsanitize=address -fno-omit-frame-pointer  -Wno-unused-result -Wsign-compare -DDYNAMIC_ANNOTATIONS_ENABLED=1 -g -Ofast -Wall -Wstrict-prototypes -fomit-frame-pointer -funroll-loops  -ffast-math -Ofast -fno-signed-zeros -ffp-contract=fast -mmmx -msse -flto   -fomit-frame-pointer -funroll-loops  -ffast-math -Ofast -fno-signed-zeros -ffp-contract=fast -mmmx -msse -flto    -std=c99 -Wextra -Wno-unused-result -Wno-unused-parameter -Wno-missing-field-initializers -fomit-frame-pointer -funroll-loops  -ffast-math -Ofast -fno-signed-zeros -ffp-contract=fast -mmmx -msse -flto      -I. -I./Include -I/usr/local/opt/openblas/include -I/usr/local/opt/llvm/include -I/usr/local/opt/sqlite/include -I/usr/local/opt/readline/include -I/usr/local/opt/openssl@1.1/include  -I/usr/local/opt/openblas/include -I/usr/local/opt/llvm/include -I/usr/local/opt/sqlite/include -I/usr/local/opt/readline/include -I/usr/local/opt/openssl@1.1/include   -DPy_BUILD_CORE -o Objects/complexobject.o Objects/complexobject.c
cc -c -fsanitize=address -fno-omit-frame-pointer  -Wno-unused-result -Wsign-compare -DDYNAMIC_ANNOTATIONS_ENABLED=1 -g -Ofast -Wall -Wstrict-prototypes -fomit-frame-pointer -funroll-loops  -ffast-math -Ofast -fno-signed-zeros -ffp-contract=fast -mmmx -msse -flto   -fomit-frame-pointer -funroll-loops  -ffast-math -Ofast -fno-signed-zeros -ffp-contract=fast -mmmx -msse -flto    -std=c99 -Wextra -Wno-unused-result -Wno-unused-parameter -Wno-missing-field-initializers -fomit-frame-pointer -funroll-loops  -ffast-math -Ofast -fno-signed-zeros -ffp-contract=fast -mmmx -msse -flto      -I. -I./Include -I/usr/local/opt/openblas/include -I/usr/local/opt/llvm/include -I/usr/local/opt/sqlite/include -I/usr/local/opt/readline/include -I/usr/local/opt/openssl@1.1/include  -I/usr/local/opt/openblas/include -I/usr/local/opt/llvm/include -I/usr/local/opt/sqlite/include -I/usr/local/opt/readline/include -I/usr/local/opt/openssl@1.1/include   -DPy_BUILD_CORE -o Objects/descrobject.o Objects/descrobject.c
cc -c -fsanitize=address -fno-omit-frame-pointer  -Wno-unused-result -Wsign-compare -DDYNAMIC_ANNOTATIONS_ENABLED=1 -g -Ofast -Wall -Wstrict-prototypes -fomit-frame-pointer -funroll-loops  -ffast-math -Ofast -fno-signed-zeros -ffp-contract=fast -mmmx -msse -flto   -fomit-frame-pointer -funroll-loops  -ffast-math -Ofast -fno-signed-zeros -ffp-contract=fast -mmmx -msse -flto    -std=c99 -Wextra -Wno-unused-result -Wno-unused-parameter -Wno-missing-field-initializers -fomit-frame-pointer -funroll-loops  -ffast-math -Ofast -fno-signed-zeros -ffp-contract=fast -mmmx -msse -flto      -I. -I./Include -I/usr/local/opt/openblas/include -I/usr/local/opt/llvm/include -I/usr/local/opt/sqlite/include -I/usr/local/opt/readline/include -I/usr/local/opt/openssl@1.1/include  -I/usr/local/opt/openblas/include -I/usr/local/opt/llvm/include -I/usr/local/opt/sqlite/include -I/usr/local/opt/readline/include -I/usr/local/opt/openssl@1.1/include   -DPy_BUILD_CORE -o Objects/enumobject.o Objects/enumobject.c
cc -c -fsanitize=address -fno-omit-frame-pointer  -Wno-unused-result -Wsign-compare -DDYNAMIC_ANNOTATIONS_ENABLED=1 -g -Ofast -Wall -Wstrict-prototypes -fomit-frame-pointer -funroll-loops  -ffast-math -Ofast -fno-signed-zeros -ffp-contract=fast -mmmx -msse -flto   -fomit-frame-pointer -funroll-loops  -ffast-math -Ofast -fno-signed-zeros -ffp-contract=fast -mmmx -msse -flto    -std=c99 -Wextra -Wno-unused-result -Wno-unused-parameter -Wno-missing-field-initializers -fomit-frame-pointer -funroll-loops  -ffast-math -Ofast -fno-signed-zeros -ffp-contract=fast -mmmx -msse -flto      -I. -I./Include -I/usr/local/opt/openblas/include -I/usr/local/opt/llvm/include -I/usr/local/opt/sqlite/include -I/usr/local/opt/readline/include -I/usr/local/opt/openssl@1.1/include  -I/usr/local/opt/openblas/include -I/usr/local/opt/llvm/include -I/usr/local/opt/sqlite/include -I/usr/local/opt/readline/include -I/usr/local/opt/openssl@1.1/include   -DPy_BUILD_CORE -o Objects/exceptions.o Objects/exceptions.c
cc -c -fsanitize=address -fno-omit-frame-pointer  -Wno-unused-result -Wsign-compare -DDYNAMIC_ANNOTATIONS_ENABLED=1 -g -Ofast -Wall -Wstrict-prototypes -fomit-frame-pointer -funroll-loops  -ffast-math -Ofast -fno-signed-zeros -ffp-contract=fast -mmmx -msse -flto   -fomit-frame-pointer -funroll-loops  -ffast-math -Ofast -fno-signed-zeros -ffp-contract=fast -mmmx -msse -flto    -std=c99 -Wextra -Wno-unused-result -Wno-unused-parameter -Wno-missing-field-initializers -fomit-frame-pointer -funroll-loops  -ffast-math -Ofast -fno-signed-zeros -ffp-contract=fast -mmmx -msse -flto      -I. -I./Include -I/usr/local/opt/openblas/include -I/usr/local/opt/llvm/include -I/usr/local/opt/sqlite/include -I/usr/local/opt/readline/include -I/usr/local/opt/openssl@1.1/include  -I/usr/local/opt/openblas/include -I/usr/local/opt/llvm/include -I/usr/local/opt/sqlite/include -I/usr/local/opt/readline/include -I/usr/local/opt/openssl@1.1/include   -DPy_BUILD_CORE -o Objects/genobject.o Objects/genobject.c
cc -c -fsanitize=address -fno-omit-frame-pointer  -Wno-unused-result -Wsign-compare -DDYNAMIC_ANNOTATIONS_ENABLED=1 -g -Ofast -Wall -Wstrict-prototypes -fomit-frame-pointer -funroll-loops  -ffast-math -Ofast -fno-signed-zeros -ffp-contract=fast -mmmx -msse -flto   -fomit-frame-pointer -funroll-loops  -ffast-math -Ofast -fno-signed-zeros -ffp-contract=fast -mmmx -msse -flto    -std=c99 -Wextra -Wno-unused-result -Wno-unused-parameter -Wno-missing-field-initializers -fomit-frame-pointer -funroll-loops  -ffast-math -Ofast -fno-signed-zeros -ffp-contract=fast -mmmx -msse -flto      -I. -I./Include -I/usr/local/opt/openblas/include -I/usr/local/opt/llvm/include -I/usr/local/opt/sqlite/include -I/usr/local/opt/readline/include -I/usr/local/opt/openssl@1.1/include  -I/usr/local/opt/openblas/include -I/usr/local/opt/llvm/include -I/usr/local/opt/sqlite/include -I/usr/local/opt/readline/include -I/usr/local/opt/openssl@1.1/include   -DPy_BUILD_CORE -o Objects/fileobject.o Objects/fileobject.c
cc -c -fsanitize=address -fno-omit-frame-pointer  -Wno-unused-result -Wsign-compare -DDYNAMIC_ANNOTATIONS_ENABLED=1 -g -Ofast -Wall -Wstrict-prototypes -fomit-frame-pointer -funroll-loops  -ffast-math -Ofast -fno-signed-zeros -ffp-contract=fast -mmmx -msse -flto   -fomit-frame-pointer -funroll-loops  -ffast-math -Ofast -fno-signed-zeros -ffp-contract=fast -mmmx -msse -flto    -std=c99 -Wextra -Wno-unused-result -Wno-unused-parameter -Wno-missing-field-initializers -fomit-frame-pointer -funroll-loops  -ffast-math -Ofast -fno-signed-zeros -ffp-contract=fast -mmmx -msse -flto      -I. -I./Include -I/usr/local/opt/openblas/include -I/usr/local/opt/llvm/include -I/usr/local/opt/sqlite/include -I/usr/local/opt/readline/include -I/usr/local/opt/openssl@1.1/include  -I/usr/local/opt/openblas/include -I/usr/local/opt/llvm/include -I/usr/local/opt/sqlite/include -I/usr/local/opt/readline/include -I/usr/local/opt/openssl@1.1/include   -DPy_BUILD_CORE -o Objects/floatobject.o Objects/floatobject.c
cc -c -fsanitize=address -fno-omit-frame-pointer  -Wno-unused-result -Wsign-compare -DDYNAMIC_ANNOTATIONS_ENABLED=1 -g -Ofast -Wall -Wstrict-prototypes -fomit-frame-pointer -funroll-loops  -ffast-math -Ofast -fno-signed-zeros -ffp-contract=fast -mmmx -msse -flto   -fomit-frame-pointer -funroll-loops  -ffast-math -Ofast -fno-signed-zeros -ffp-contract=fast -mmmx -msse -flto    -std=c99 -Wextra -Wno-unused-result -Wno-unused-parameter -Wno-missing-field-initializers -fomit-frame-pointer -funroll-loops  -ffast-math -Ofast -fno-signed-zeros -ffp-contract=fast -mmmx -msse -flto      -I. -I./Include -I/usr/local/opt/openblas/include -I/usr/local/opt/llvm/include -I/usr/local/opt/sqlite/include -I/usr/local/opt/readline/include -I/usr/local/opt/openssl@1.1/include  -I/usr/local/opt/openblas/include -I/usr/local/opt/llvm/include -I/usr/local/opt/sqlite/include -I/usr/local/opt/readline/include -I/usr/local/opt/openssl@1.1/include   -DPy_BUILD_CORE -o Objects/frameobject.o Objects/frameobject.c
cc -c -fsanitize=address -fno-omit-frame-pointer  -Wno-unused-result -Wsign-compare -DDYNAMIC_ANNOTATIONS_ENABLED=1 -g -Ofast -Wall -Wstrict-prototypes -fomit-frame-pointer -funroll-loops  -ffast-math -Ofast -fno-signed-zeros -ffp-contract=fast -mmmx -msse -flto   -fomit-frame-pointer -funroll-loops  -ffast-math -Ofast -fno-signed-zeros -ffp-contract=fast -mmmx -msse -flto    -std=c99 -Wextra -Wno-unused-result -Wno-unused-parameter -Wno-missing-field-initializers -fomit-frame-pointer -funroll-loops  -ffast-math -Ofast -fno-signed-zeros -ffp-contract=fast -mmmx -msse -flto      -I. -I./Include -I/usr/local/opt/openblas/include -I/usr/local/opt/llvm/include -I/usr/local/opt/sqlite/include -I/usr/local/opt/readline/include -I/usr/local/opt/openssl@1.1/include  -I/usr/local/opt/openblas/include -I/usr/local/opt/llvm/include -I/usr/local/opt/sqlite/include -I/usr/local/opt/readline/include -I/usr/local/opt/openssl@1.1/include   -DPy_BUILD_CORE -o Objects/funcobject.o Objects/funcobject.c
cc -c -fsanitize=address -fno-omit-frame-pointer  -Wno-unused-result -Wsign-compare -DDYNAMIC_ANNOTATIONS_ENABLED=1 -g -Ofast -Wall -Wstrict-prototypes -fomit-frame-pointer -funroll-loops  -ffast-math -Ofast -fno-signed-zeros -ffp-contract=fast -mmmx -msse -flto   -fomit-frame-pointer -funroll-loops  -ffast-math -Ofast -fno-signed-zeros -ffp-contract=fast -mmmx -msse -flto    -std=c99 -Wextra -Wno-unused-result -Wno-unused-parameter -Wno-missing-field-initializers -fomit-frame-pointer -funroll-loops  -ffast-math -Ofast -fno-signed-zeros -ffp-contract=fast -mmmx -msse -flto      -I. -I./Include -I/usr/local/opt/openblas/include -I/usr/local/opt/llvm/include -I/usr/local/opt/sqlite/include -I/usr/local/opt/readline/include -I/usr/local/opt/openssl@1.1/include  -I/usr/local/opt/openblas/include -I/usr/local/opt/llvm/include -I/usr/local/opt/sqlite/include -I/usr/local/opt/readline/include -I/usr/local/opt/openssl@1.1/include   -DPy_BUILD_CORE -o Objects/iterobject.o Objects/iterobject.c
cc -c -fsanitize=address -fno-omit-frame-pointer  -Wno-unused-result -Wsign-compare -DDYNAMIC_ANNOTATIONS_ENABLED=1 -g -Ofast -Wall -Wstrict-prototypes -fomit-frame-pointer -funroll-loops  -ffast-math -Ofast -fno-signed-zeros -ffp-contract=fast -mmmx -msse -flto   -fomit-frame-pointer -funroll-loops  -ffast-math -Ofast -fno-signed-zeros -ffp-contract=fast -mmmx -msse -flto    -std=c99 -Wextra -Wno-unused-result -Wno-unused-parameter -Wno-missing-field-initializers -fomit-frame-pointer -funroll-loops  -ffast-math -Ofast -fno-signed-zeros -ffp-contract=fast -mmmx -msse -flto      -I. -I./Include -I/usr/local/opt/openblas/include -I/usr/local/opt/llvm/include -I/usr/local/opt/sqlite/include -I/usr/local/opt/readline/include -I/usr/local/opt/openssl@1.1/include  -I/usr/local/opt/openblas/include -I/usr/local/opt/llvm/include -I/usr/local/opt/sqlite/include -I/usr/local/opt/readline/include -I/usr/local/opt/openssl@1.1/include   -DPy_BUILD_CORE -o Objects/listobject.o Objects/listobject.c
cc -c -fsanitize=address -fno-omit-frame-pointer  -Wno-unused-result -Wsign-compare -DDYNAMIC_ANNOTATIONS_ENABLED=1 -g -Ofast -Wall -Wstrict-prototypes -fomit-frame-pointer -funroll-loops  -ffast-math -Ofast -fno-signed-zeros -ffp-contract=fast -mmmx -msse -flto   -fomit-frame-pointer -funroll-loops  -ffast-math -Ofast -fno-signed-zeros -ffp-contract=fast -mmmx -msse -flto    -std=c99 -Wextra -Wno-unused-result -Wno-unused-parameter -Wno-missing-field-initializers -fomit-frame-pointer -funroll-loops  -ffast-math -Ofast -fno-signed-zeros -ffp-contract=fast -mmmx -msse -flto      -I. -I./Include -I/usr/local/opt/openblas/include -I/usr/local/opt/llvm/include -I/usr/local/opt/sqlite/include -I/usr/local/opt/readline/include -I/usr/local/opt/openssl@1.1/include  -I/usr/local/opt/openblas/include -I/usr/local/opt/llvm/include -I/usr/local/opt/sqlite/include -I/usr/local/opt/readline/include -I/usr/local/opt/openssl@1.1/include   -DPy_BUILD_CORE -o Objects/longobject.o Objects/longobject.c
cc -c -fsanitize=address -fno-omit-frame-pointer  -Wno-unused-result -Wsign-compare -DDYNAMIC_ANNOTATIONS_ENABLED=1 -g -Ofast -Wall -Wstrict-prototypes -fomit-frame-pointer -funroll-loops  -ffast-math -Ofast -fno-signed-zeros -ffp-contract=fast -mmmx -msse -flto   -fomit-frame-pointer -funroll-loops  -ffast-math -Ofast -fno-signed-zeros -ffp-contract=fast -mmmx -msse -flto    -std=c99 -Wextra -Wno-unused-result -Wno-unused-parameter -Wno-missing-field-initializers -fomit-frame-pointer -funroll-loops  -ffast-math -Ofast -fno-signed-zeros -ffp-contract=fast -mmmx -msse -flto      -I. -I./Include -I/usr/local/opt/openblas/include -I/usr/local/opt/llvm/include -I/usr/local/opt/sqlite/include -I/usr/local/opt/readline/include -I/usr/local/opt/openssl@1.1/include  -I/usr/local/opt/openblas/include -I/usr/local/opt/llvm/include -I/usr/local/opt/sqlite/include -I/usr/local/opt/readline/include -I/usr/local/opt/openssl@1.1/include   -DPy_BUILD_CORE -o Objects/dictobject.o Objects/dictobject.c
cc -c -fsanitize=address -fno-omit-frame-pointer  -Wno-unused-result -Wsign-compare -DDYNAMIC_ANNOTATIONS_ENABLED=1 -g -Ofast -Wall -Wstrict-prototypes -fomit-frame-pointer -funroll-loops  -ffast-math -Ofast -fno-signed-zeros -ffp-contract=fast -mmmx -msse -flto   -fomit-frame-pointer -funroll-loops  -ffast-math -Ofast -fno-signed-zeros -ffp-contract=fast -mmmx -msse -flto    -std=c99 -Wextra -Wno-unused-result -Wno-unused-parameter -Wno-missing-field-initializers -fomit-frame-pointer -funroll-loops  -ffast-math -Ofast -fno-signed-zeros -ffp-contract=fast -mmmx -msse -flto      -I. -I./Include -I/usr/local/opt/openblas/include -I/usr/local/opt/llvm/include -I/usr/local/opt/sqlite/include -I/usr/local/opt/readline/include -I/usr/local/opt/openssl@1.1/include  -I/usr/local/opt/openblas/include -I/usr/local/opt/llvm/include -I/usr/local/opt/sqlite/include -I/usr/local/opt/readline/include -I/usr/local/opt/openssl@1.1/include   -DPy_BUILD_CORE -o Objects/odictobject.o Objects/odictobject.c
cc -c -fsanitize=address -fno-omit-frame-pointer  -Wno-unused-result -Wsign-compare -DDYNAMIC_ANNOTATIONS_ENABLED=1 -g -Ofast -Wall -Wstrict-prototypes -fomit-frame-pointer -funroll-loops  -ffast-math -Ofast -fno-signed-zeros -ffp-contract=fast -mmmx -msse -flto   -fomit-frame-pointer -funroll-loops  -ffast-math -Ofast -fno-signed-zeros -ffp-contract=fast -mmmx -msse -flto    -std=c99 -Wextra -Wno-unused-result -Wno-unused-parameter -Wno-missing-field-initializers -fomit-frame-pointer -funroll-loops  -ffast-math -Ofast -fno-signed-zeros -ffp-contract=fast -mmmx -msse -flto      -I. -I./Include -I/usr/local/opt/openblas/include -I/usr/local/opt/llvm/include -I/usr/local/opt/sqlite/include -I/usr/local/opt/readline/include -I/usr/local/opt/openssl@1.1/include  -I/usr/local/opt/openblas/include -I/usr/local/opt/llvm/include -I/usr/local/opt/sqlite/include -I/usr/local/opt/readline/include -I/usr/local/opt/openssl@1.1/include   -DPy_BUILD_CORE -o Objects/memoryobject.o Objects/memoryobject.c
cc -c -fsanitize=address -fno-omit-frame-pointer  -Wno-unused-result -Wsign-compare -DDYNAMIC_ANNOTATIONS_ENABLED=1 -g -Ofast -Wall -Wstrict-prototypes -fomit-frame-pointer -funroll-loops  -ffast-math -Ofast -fno-signed-zeros -ffp-contract=fast -mmmx -msse -flto   -fomit-frame-pointer -funroll-loops  -ffast-math -Ofast -fno-signed-zeros -ffp-contract=fast -mmmx -msse -flto    -std=c99 -Wextra -Wno-unused-result -Wno-unused-parameter -Wno-missing-field-initializers -fomit-frame-pointer -funroll-loops  -ffast-math -Ofast -fno-signed-zeros -ffp-contract=fast -mmmx -msse -flto      -I. -I./Include -I/usr/local/opt/openblas/include -I/usr/local/opt/llvm/include -I/usr/local/opt/sqlite/include -I/usr/local/opt/readline/include -I/usr/local/opt/openssl@1.1/include  -I/usr/local/opt/openblas/include -I/usr/local/opt/llvm/include -I/usr/local/opt/sqlite/include -I/usr/local/opt/readline/include -I/usr/local/opt/openssl@1.1/include   -DPy_BUILD_CORE -o Objects/methodobject.o Objects/methodobject.c
cc -c -fsanitize=address -fno-omit-frame-pointer  -Wno-unused-result -Wsign-compare -DDYNAMIC_ANNOTATIONS_ENABLED=1 -g -Ofast -Wall -Wstrict-prototypes -fomit-frame-pointer -funroll-loops  -ffast-math -Ofast -fno-signed-zeros -ffp-contract=fast -mmmx -msse -flto   -fomit-frame-pointer -funroll-loops  -ffast-math -Ofast -fno-signed-zeros -ffp-contract=fast -mmmx -msse -flto    -std=c99 -Wextra -Wno-unused-result -Wno-unused-parameter -Wno-missing-field-initializers -fomit-frame-pointer -funroll-loops  -ffast-math -Ofast -fno-signed-zeros -ffp-contract=fast -mmmx -msse -flto      -I. -I./Include -I/usr/local/opt/openblas/include -I/usr/local/opt/llvm/include -I/usr/local/opt/sqlite/include -I/usr/local/opt/readline/include -I/usr/local/opt/openssl@1.1/include  -I/usr/local/opt/openblas/include -I/usr/local/opt/llvm/include -I/usr/local/opt/sqlite/include -I/usr/local/opt/readline/include -I/usr/local/opt/openssl@1.1/include   -DPy_BUILD_CORE -o Objects/moduleobject.o Objects/moduleobject.c
cc -c -fsanitize=address -fno-omit-frame-pointer  -Wno-unused-result -Wsign-compare -DDYNAMIC_ANNOTATIONS_ENABLED=1 -g -Ofast -Wall -Wstrict-prototypes -fomit-frame-pointer -funroll-loops  -ffast-math -Ofast -fno-signed-zeros -ffp-contract=fast -mmmx -msse -flto   -fomit-frame-pointer -funroll-loops  -ffast-math -Ofast -fno-signed-zeros -ffp-contract=fast -mmmx -msse -flto    -std=c99 -Wextra -Wno-unused-result -Wno-unused-parameter -Wno-missing-field-initializers -fomit-frame-pointer -funroll-loops  -ffast-math -Ofast -fno-signed-zeros -ffp-contract=fast -mmmx -msse -flto      -I. -I./Include -I/usr/local/opt/openblas/include -I/usr/local/opt/llvm/include -I/usr/local/opt/sqlite/include -I/usr/local/opt/readline/include -I/usr/local/opt/openssl@1.1/include  -I/usr/local/opt/openblas/include -I/usr/local/opt/llvm/include -I/usr/local/opt/sqlite/include -I/usr/local/opt/readline/include -I/usr/local/opt/openssl@1.1/include   -DPy_BUILD_CORE -o Objects/namespaceobject.o Objects/namespaceobject.c
cc -c -fsanitize=address -fno-omit-frame-pointer  -Wno-unused-result -Wsign-compare -DDYNAMIC_ANNOTATIONS_ENABLED=1 -g -Ofast -Wall -Wstrict-prototypes -fomit-frame-pointer -funroll-loops  -ffast-math -Ofast -fno-signed-zeros -ffp-contract=fast -mmmx -msse -flto   -fomit-frame-pointer -funroll-loops  -ffast-math -Ofast -fno-signed-zeros -ffp-contract=fast -mmmx -msse -flto    -std=c99 -Wextra -Wno-unused-result -Wno-unused-parameter -Wno-missing-field-initializers -fomit-frame-pointer -funroll-loops  -ffast-math -Ofast -fno-signed-zeros -ffp-contract=fast -mmmx -msse -flto      -I. -I./Include -I/usr/local/opt/openblas/include -I/usr/local/opt/llvm/include -I/usr/local/opt/sqlite/include -I/usr/local/opt/readline/include -I/usr/local/opt/openssl@1.1/include  -I/usr/local/opt/openblas/include -I/usr/local/opt/llvm/include -I/usr/local/opt/sqlite/include -I/usr/local/opt/readline/include -I/usr/local/opt/openssl@1.1/include   -DPy_BUILD_CORE -o Objects/object.o Objects/object.c
cc -c -fsanitize=address -fno-omit-frame-pointer  -Wno-unused-result -Wsign-compare -DDYNAMIC_ANNOTATIONS_ENABLED=1 -g -Ofast -Wall -Wstrict-prototypes -fomit-frame-pointer -funroll-loops  -ffast-math -Ofast -fno-signed-zeros -ffp-contract=fast -mmmx -msse -flto   -fomit-frame-pointer -funroll-loops  -ffast-math -Ofast -fno-signed-zeros -ffp-contract=fast -mmmx -msse -flto    -std=c99 -Wextra -Wno-unused-result -Wno-unused-parameter -Wno-missing-field-initializers -fomit-frame-pointer -funroll-loops  -ffast-math -Ofast -fno-signed-zeros -ffp-contract=fast -mmmx -msse -flto      -I. -I./Include -I/usr/local/opt/openblas/include -I/usr/local/opt/llvm/include -I/usr/local/opt/sqlite/include -I/usr/local/opt/readline/include -I/usr/local/opt/openssl@1.1/include  -I/usr/local/opt/openblas/include -I/usr/local/opt/llvm/include -I/usr/local/opt/sqlite/include -I/usr/local/opt/readline/include -I/usr/local/opt/openssl@1.1/include   -DPy_BUILD_CORE -o Objects/obmalloc.o Objects/obmalloc.c
cc -c -fsanitize=address -fno-omit-frame-pointer  -Wno-unused-result -Wsign-compare -DDYNAMIC_ANNOTATIONS_ENABLED=1 -g -Ofast -Wall -Wstrict-prototypes -fomit-frame-pointer -funroll-loops  -ffast-math -Ofast -fno-signed-zeros -ffp-contract=fast -mmmx -msse -flto   -fomit-frame-pointer -funroll-loops  -ffast-math -Ofast -fno-signed-zeros -ffp-contract=fast -mmmx -msse -flto    -std=c99 -Wextra -Wno-unused-result -Wno-unused-parameter -Wno-missing-field-initializers -fomit-frame-pointer -funroll-loops  -ffast-math -Ofast -fno-signed-zeros -ffp-contract=fast -mmmx -msse -flto      -I. -I./Include -I/usr/local/opt/openblas/include -I/usr/local/opt/llvm/include -I/usr/local/opt/sqlite/include -I/usr/local/opt/readline/include -I/usr/local/opt/openssl@1.1/include  -I/usr/local/opt/openblas/include -I/usr/local/opt/llvm/include -I/usr/local/opt/sqlite/include -I/usr/local/opt/readline/include -I/usr/local/opt/openssl@1.1/include   -DPy_BUILD_CORE -o Objects/capsule.o Objects/capsule.c
cc -c -fsanitize=address -fno-omit-frame-pointer  -Wno-unused-result -Wsign-compare -DDYNAMIC_ANNOTATIONS_ENABLED=1 -g -Ofast -Wall -Wstrict-prototypes -fomit-frame-pointer -funroll-loops  -ffast-math -Ofast -fno-signed-zeros -ffp-contract=fast -mmmx -msse -flto   -fomit-frame-pointer -funroll-loops  -ffast-math -Ofast -fno-signed-zeros -ffp-contract=fast -mmmx -msse -flto    -std=c99 -Wextra -Wno-unused-result -Wno-unused-parameter -Wno-missing-field-initializers -fomit-frame-pointer -funroll-loops  -ffast-math -Ofast -fno-signed-zeros -ffp-contract=fast -mmmx -msse -flto      -I. -I./Include -I/usr/local/opt/openblas/include -I/usr/local/opt/llvm/include -I/usr/local/opt/sqlite/include -I/usr/local/opt/readline/include -I/usr/local/opt/openssl@1.1/include  -I/usr/local/opt/openblas/include -I/usr/local/opt/llvm/include -I/usr/local/opt/sqlite/include -I/usr/local/opt/readline/include -I/usr/local/opt/openssl@1.1/include   -DPy_BUILD_CORE -o Objects/rangeobject.o Objects/rangeobject.c
cc -c -fsanitize=address -fno-omit-frame-pointer  -Wno-unused-result -Wsign-compare -DDYNAMIC_ANNOTATIONS_ENABLED=1 -g -Ofast -Wall -Wstrict-prototypes -fomit-frame-pointer -funroll-loops  -ffast-math -Ofast -fno-signed-zeros -ffp-contract=fast -mmmx -msse -flto   -fomit-frame-pointer -funroll-loops  -ffast-math -Ofast -fno-signed-zeros -ffp-contract=fast -mmmx -msse -flto    -std=c99 -Wextra -Wno-unused-result -Wno-unused-parameter -Wno-missing-field-initializers -fomit-frame-pointer -funroll-loops  -ffast-math -Ofast -fno-signed-zeros -ffp-contract=fast -mmmx -msse -flto      -I. -I./Include -I/usr/local/opt/openblas/include -I/usr/local/opt/llvm/include -I/usr/local/opt/sqlite/include -I/usr/local/opt/readline/include -I/usr/local/opt/openssl@1.1/include  -I/usr/local/opt/openblas/include -I/usr/local/opt/llvm/include -I/usr/local/opt/sqlite/include -I/usr/local/opt/readline/include -I/usr/local/opt/openssl@1.1/include   -DPy_BUILD_CORE -o Objects/setobject.o Objects/setobject.c
cc -c -fsanitize=address -fno-omit-frame-pointer  -Wno-unused-result -Wsign-compare -DDYNAMIC_ANNOTATIONS_ENABLED=1 -g -Ofast -Wall -Wstrict-prototypes -fomit-frame-pointer -funroll-loops  -ffast-math -Ofast -fno-signed-zeros -ffp-contract=fast -mmmx -msse -flto   -fomit-frame-pointer -funroll-loops  -ffast-math -Ofast -fno-signed-zeros -ffp-contract=fast -mmmx -msse -flto    -std=c99 -Wextra -Wno-unused-result -Wno-unused-parameter -Wno-missing-field-initializers -fomit-frame-pointer -funroll-loops  -ffast-math -Ofast -fno-signed-zeros -ffp-contract=fast -mmmx -msse -flto      -I. -I./Include -I/usr/local/opt/openblas/include -I/usr/local/opt/llvm/include -I/usr/local/opt/sqlite/include -I/usr/local/opt/readline/include -I/usr/local/opt/openssl@1.1/include  -I/usr/local/opt/openblas/include -I/usr/local/opt/llvm/include -I/usr/local/opt/sqlite/include -I/usr/local/opt/readline/include -I/usr/local/opt/openssl@1.1/include   -DPy_BUILD_CORE -o Objects/sliceobject.o Objects/sliceobject.c
cc -c -fsanitize=address -fno-omit-frame-pointer  -Wno-unused-result -Wsign-compare -DDYNAMIC_ANNOTATIONS_ENABLED=1 -g -Ofast -Wall -Wstrict-prototypes -fomit-frame-pointer -funroll-loops  -ffast-math -Ofast -fno-signed-zeros -ffp-contract=fast -mmmx -msse -flto   -fomit-frame-pointer -funroll-loops  -ffast-math -Ofast -fno-signed-zeros -ffp-contract=fast -mmmx -msse -flto    -std=c99 -Wextra -Wno-unused-result -Wno-unused-parameter -Wno-missing-field-initializers -fomit-frame-pointer -funroll-loops  -ffast-math -Ofast -fno-signed-zeros -ffp-contract=fast -mmmx -msse -flto      -I. -I./Include -I/usr/local/opt/openblas/include -I/usr/local/opt/llvm/include -I/usr/local/opt/sqlite/include -I/usr/local/opt/readline/include -I/usr/local/opt/openssl@1.1/include  -I/usr/local/opt/openblas/include -I/usr/local/opt/llvm/include -I/usr/local/opt/sqlite/include -I/usr/local/opt/readline/include -I/usr/local/opt/openssl@1.1/include   -DPy_BUILD_CORE -o Objects/structseq.o Objects/structseq.c
cc -c -fsanitize=address -fno-omit-frame-pointer  -Wno-unused-result -Wsign-compare -DDYNAMIC_ANNOTATIONS_ENABLED=1 -g -Ofast -Wall -Wstrict-prototypes -fomit-frame-pointer -funroll-loops  -ffast-math -Ofast -fno-signed-zeros -ffp-contract=fast -mmmx -msse -flto   -fomit-frame-pointer -funroll-loops  -ffast-math -Ofast -fno-signed-zeros -ffp-contract=fast -mmmx -msse -flto    -std=c99 -Wextra -Wno-unused-result -Wno-unused-parameter -Wno-missing-field-initializers -fomit-frame-pointer -funroll-loops  -ffast-math -Ofast -fno-signed-zeros -ffp-contract=fast -mmmx -msse -flto      -I. -I./Include -I/usr/local/opt/openblas/include -I/usr/local/opt/llvm/include -I/usr/local/opt/sqlite/include -I/usr/local/opt/readline/include -I/usr/local/opt/openssl@1.1/include  -I/usr/local/opt/openblas/include -I/usr/local/opt/llvm/include -I/usr/local/opt/sqlite/include -I/usr/local/opt/readline/include -I/usr/local/opt/openssl@1.1/include   -DPy_BUILD_CORE -o Objects/tupleobject.o Objects/tupleobject.c
cc -c -fsanitize=address -fno-omit-frame-pointer  -Wno-unused-result -Wsign-compare -DDYNAMIC_ANNOTATIONS_ENABLED=1 -g -Ofast -Wall -Wstrict-prototypes -fomit-frame-pointer -funroll-loops  -ffast-math -Ofast -fno-signed-zeros -ffp-contract=fast -mmmx -msse -flto   -fomit-frame-pointer -funroll-loops  -ffast-math -Ofast -fno-signed-zeros -ffp-contract=fast -mmmx -msse -flto    -std=c99 -Wextra -Wno-unused-result -Wno-unused-parameter -Wno-missing-field-initializers -fomit-frame-pointer -funroll-loops  -ffast-math -Ofast -fno-signed-zeros -ffp-contract=fast -mmmx -msse -flto      -I. -I./Include -I/usr/local/opt/openblas/include -I/usr/local/opt/llvm/include -I/usr/local/opt/sqlite/include -I/usr/local/opt/readline/include -I/usr/local/opt/openssl@1.1/include  -I/usr/local/opt/openblas/include -I/usr/local/opt/llvm/include -I/usr/local/opt/sqlite/include -I/usr/local/opt/readline/include -I/usr/local/opt/openssl@1.1/include   -DPy_BUILD_CORE -o Objects/typeobject.o Objects/typeobject.c
cc -c -fsanitize=address -fno-omit-frame-pointer  -Wno-unused-result -Wsign-compare -DDYNAMIC_ANNOTATIONS_ENABLED=1 -g -Ofast -Wall -Wstrict-prototypes -fomit-frame-pointer -funroll-loops  -ffast-math -Ofast -fno-signed-zeros -ffp-contract=fast -mmmx -msse -flto   -fomit-frame-pointer -funroll-loops  -ffast-math -Ofast -fno-signed-zeros -ffp-contract=fast -mmmx -msse -flto    -std=c99 -Wextra -Wno-unused-result -Wno-unused-parameter -Wno-missing-field-initializers -fomit-frame-pointer -funroll-loops  -ffast-math -Ofast -fno-signed-zeros -ffp-contract=fast -mmmx -msse -flto      -I. -I./Include -I/usr/local/opt/openblas/include -I/usr/local/opt/llvm/include -I/usr/local/opt/sqlite/include -I/usr/local/opt/readline/include -I/usr/local/opt/openssl@1.1/include  -I/usr/local/opt/openblas/include -I/usr/local/opt/llvm/include -I/usr/local/opt/sqlite/include -I/usr/local/opt/readline/include -I/usr/local/opt/openssl@1.1/include   -DPy_BUILD_CORE -o Objects/unicodeobject.o Objects/unicodeobject.c
cc -c -fsanitize=address -fno-omit-frame-pointer  -Wno-unused-result -Wsign-compare -DDYNAMIC_ANNOTATIONS_ENABLED=1 -g -Ofast -Wall -Wstrict-prototypes -fomit-frame-pointer -funroll-loops  -ffast-math -Ofast -fno-signed-zeros -ffp-contract=fast -mmmx -msse -flto   -fomit-frame-pointer -funroll-loops  -ffast-math -Ofast -fno-signed-zeros -ffp-contract=fast -mmmx -msse -flto    -std=c99 -Wextra -Wno-unused-result -Wno-unused-parameter -Wno-missing-field-initializers -fomit-frame-pointer -funroll-loops  -ffast-math -Ofast -fno-signed-zeros -ffp-contract=fast -mmmx -msse -flto      -I. -I./Include -I/usr/local/opt/openblas/include -I/usr/local/opt/llvm/include -I/usr/local/opt/sqlite/include -I/usr/local/opt/readline/include -I/usr/local/opt/openssl@1.1/include  -I/usr/local/opt/openblas/include -I/usr/local/opt/llvm/include -I/usr/local/opt/sqlite/include -I/usr/local/opt/readline/include -I/usr/local/opt/openssl@1.1/include   -DPy_BUILD_CORE -o Objects/unicodectype.o Objects/unicodectype.c
cc -c -fsanitize=address -fno-omit-frame-pointer  -Wno-unused-result -Wsign-compare -DDYNAMIC_ANNOTATIONS_ENABLED=1 -g -Ofast -Wall -Wstrict-prototypes -fomit-frame-pointer -funroll-loops  -ffast-math -Ofast -fno-signed-zeros -ffp-contract=fast -mmmx -msse -flto   -fomit-frame-pointer -funroll-loops  -ffast-math -Ofast -fno-signed-zeros -ffp-contract=fast -mmmx -msse -flto    -std=c99 -Wextra -Wno-unused-result -Wno-unused-parameter -Wno-missing-field-initializers -fomit-frame-pointer -funroll-loops  -ffast-math -Ofast -fno-signed-zeros -ffp-contract=fast -mmmx -msse -flto      -I. -I./Include -I/usr/local/opt/openblas/include -I/usr/local/opt/llvm/include -I/usr/local/opt/sqlite/include -I/usr/local/opt/readline/include -I/usr/local/opt/openssl@1.1/include  -I/usr/local/opt/openblas/include -I/usr/local/opt/llvm/include -I/usr/local/opt/sqlite/include -I/usr/local/opt/readline/include -I/usr/local/opt/openssl@1.1/include   -DPy_BUILD_CORE -o Objects/weakrefobject.o Objects/weakrefobject.c
cc -c -fsanitize=address -fno-omit-frame-pointer  -Wno-unused-result -Wsign-compare -DDYNAMIC_ANNOTATIONS_ENABLED=1 -g -Ofast -Wall -Wstrict-prototypes -fomit-frame-pointer -funroll-loops  -ffast-math -Ofast -fno-signed-zeros -ffp-contract=fast -mmmx -msse -flto   -fomit-frame-pointer -funroll-loops  -ffast-math -Ofast -fno-signed-zeros -ffp-contract=fast -mmmx -msse -flto    -std=c99 -Wextra -Wno-unused-result -Wno-unused-parameter -Wno-missing-field-initializers -fomit-frame-pointer -funroll-loops  -ffast-math -Ofast -fno-signed-zeros -ffp-contract=fast -mmmx -msse -flto      -I. -I./Include -I/usr/local/opt/openblas/include -I/usr/local/opt/llvm/include -I/usr/local/opt/sqlite/include -I/usr/local/opt/readline/include -I/usr/local/opt/openssl@1.1/include  -I/usr/local/opt/openblas/include -I/usr/local/opt/llvm/include -I/usr/local/opt/sqlite/include -I/usr/local/opt/readline/include -I/usr/local/opt/openssl@1.1/include   -DPy_BUILD_CORE -o Python/_warnings.o Python/_warnings.c
cc -c -fsanitize=address -fno-omit-frame-pointer  -Wno-unused-result -Wsign-compare -DDYNAMIC_ANNOTATIONS_ENABLED=1 -g -Ofast -Wall -Wstrict-prototypes -fomit-frame-pointer -funroll-loops  -ffast-math -Ofast -fno-signed-zeros -ffp-contract=fast -mmmx -msse -flto   -fomit-frame-pointer -funroll-loops  -ffast-math -Ofast -fno-signed-zeros -ffp-contract=fast -mmmx -msse -flto    -std=c99 -Wextra -Wno-unused-result -Wno-unused-parameter -Wno-missing-field-initializers -fomit-frame-pointer -funroll-loops  -ffast-math -Ofast -fno-signed-zeros -ffp-contract=fast -mmmx -msse -flto      -I. -I./Include -I/usr/local/opt/openblas/include -I/usr/local/opt/llvm/include -I/usr/local/opt/sqlite/include -I/usr/local/opt/readline/include -I/usr/local/opt/openssl@1.1/include  -I/usr/local/opt/openblas/include -I/usr/local/opt/llvm/include -I/usr/local/opt/sqlite/include -I/usr/local/opt/readline/include -I/usr/local/opt/openssl@1.1/include   -DPy_BUILD_CORE -o Python/Python-ast.o Python/Python-ast.c
cc -c -fsanitize=address -fno-omit-frame-pointer  -Wno-unused-result -Wsign-compare -DDYNAMIC_ANNOTATIONS_ENABLED=1 -g -Ofast -Wall -Wstrict-prototypes -fomit-frame-pointer -funroll-loops  -ffast-math -Ofast -fno-signed-zeros -ffp-contract=fast -mmmx -msse -flto   -fomit-frame-pointer -funroll-loops  -ffast-math -Ofast -fno-signed-zeros -ffp-contract=fast -mmmx -msse -flto    -std=c99 -Wextra -Wno-unused-result -Wno-unused-parameter -Wno-missing-field-initializers -fomit-frame-pointer -funroll-loops  -ffast-math -Ofast -fno-signed-zeros -ffp-contract=fast -mmmx -msse -flto      -I. -I./Include -I/usr/local/opt/openblas/include -I/usr/local/opt/llvm/include -I/usr/local/opt/sqlite/include -I/usr/local/opt/readline/include -I/usr/local/opt/openssl@1.1/include  -I/usr/local/opt/openblas/include -I/usr/local/opt/llvm/include -I/usr/local/opt/sqlite/include -I/usr/local/opt/readline/include -I/usr/local/opt/openssl@1.1/include   -DPy_BUILD_CORE -o Python/asdl.o Python/asdl.c
cc -c -fsanitize=address -fno-omit-frame-pointer  -Wno-unused-result -Wsign-compare -DDYNAMIC_ANNOTATIONS_ENABLED=1 -g -Ofast -Wall -Wstrict-prototypes -fomit-frame-pointer -funroll-loops  -ffast-math -Ofast -fno-signed-zeros -ffp-contract=fast -mmmx -msse -flto   -fomit-frame-pointer -funroll-loops  -ffast-math -Ofast -fno-signed-zeros -ffp-contract=fast -mmmx -msse -flto    -std=c99 -Wextra -Wno-unused-result -Wno-unused-parameter -Wno-missing-field-initializers -fomit-frame-pointer -funroll-loops  -ffast-math -Ofast -fno-signed-zeros -ffp-contract=fast -mmmx -msse -flto      -I. -I./Include -I/usr/local/opt/openblas/include -I/usr/local/opt/llvm/include -I/usr/local/opt/sqlite/include -I/usr/local/opt/readline/include -I/usr/local/opt/openssl@1.1/include  -I/usr/local/opt/openblas/include -I/usr/local/opt/llvm/include -I/usr/local/opt/sqlite/include -I/usr/local/opt/readline/include -I/usr/local/opt/openssl@1.1/include   -DPy_BUILD_CORE -o Python/ast.o Python/ast.c
cc -c -fsanitize=address -fno-omit-frame-pointer  -Wno-unused-result -Wsign-compare -DDYNAMIC_ANNOTATIONS_ENABLED=1 -g -Ofast -Wall -Wstrict-prototypes -fomit-frame-pointer -funroll-loops  -ffast-math -Ofast -fno-signed-zeros -ffp-contract=fast -mmmx -msse -flto   -fomit-frame-pointer -funroll-loops  -ffast-math -Ofast -fno-signed-zeros -ffp-contract=fast -mmmx -msse -flto    -std=c99 -Wextra -Wno-unused-result -Wno-unused-parameter -Wno-missing-field-initializers -fomit-frame-pointer -funroll-loops  -ffast-math -Ofast -fno-signed-zeros -ffp-contract=fast -mmmx -msse -flto      -I. -I./Include -I/usr/local/opt/openblas/include -I/usr/local/opt/llvm/include -I/usr/local/opt/sqlite/include -I/usr/local/opt/readline/include -I/usr/local/opt/openssl@1.1/include  -I/usr/local/opt/openblas/include -I/usr/local/opt/llvm/include -I/usr/local/opt/sqlite/include -I/usr/local/opt/readline/include -I/usr/local/opt/openssl@1.1/include   -DPy_BUILD_CORE -o Python/bltinmodule.o Python/bltinmodule.c
cc -c -fsanitize=address -fno-omit-frame-pointer  -Wno-unused-result -Wsign-compare -DDYNAMIC_ANNOTATIONS_ENABLED=1 -g -Ofast -Wall -Wstrict-prototypes -fomit-frame-pointer -funroll-loops  -ffast-math -Ofast -fno-signed-zeros -ffp-contract=fast -mmmx -msse -flto   -fomit-frame-pointer -funroll-loops  -ffast-math -Ofast -fno-signed-zeros -ffp-contract=fast -mmmx -msse -flto    -std=c99 -Wextra -Wno-unused-result -Wno-unused-parameter -Wno-missing-field-initializers -fomit-frame-pointer -funroll-loops  -ffast-math -Ofast -fno-signed-zeros -ffp-contract=fast -mmmx -msse -flto      -I. -I./Include -I/usr/local/opt/openblas/include -I/usr/local/opt/llvm/include -I/usr/local/opt/sqlite/include -I/usr/local/opt/readline/include -I/usr/local/opt/openssl@1.1/include  -I/usr/local/opt/openblas/include -I/usr/local/opt/llvm/include -I/usr/local/opt/sqlite/include -I/usr/local/opt/readline/include -I/usr/local/opt/openssl@1.1/include   -DPy_BUILD_CORE -o Python/ceval.o Python/ceval.c
cc -c -fsanitize=address -fno-omit-frame-pointer  -Wno-unused-result -Wsign-compare -DDYNAMIC_ANNOTATIONS_ENABLED=1 -g -Ofast -Wall -Wstrict-prototypes -fomit-frame-pointer -funroll-loops  -ffast-math -Ofast -fno-signed-zeros -ffp-contract=fast -mmmx -msse -flto   -fomit-frame-pointer -funroll-loops  -ffast-math -Ofast -fno-signed-zeros -ffp-contract=fast -mmmx -msse -flto    -std=c99 -Wextra -Wno-unused-result -Wno-unused-parameter -Wno-missing-field-initializers -fomit-frame-pointer -funroll-loops  -ffast-math -Ofast -fno-signed-zeros -ffp-contract=fast -mmmx -msse -flto      -I. -I./Include -I/usr/local/opt/openblas/include -I/usr/local/opt/llvm/include -I/usr/local/opt/sqlite/include -I/usr/local/opt/readline/include -I/usr/local/opt/openssl@1.1/include  -I/usr/local/opt/openblas/include -I/usr/local/opt/llvm/include -I/usr/local/opt/sqlite/include -I/usr/local/opt/readline/include -I/usr/local/opt/openssl@1.1/include   -DPy_BUILD_CORE -o Python/compile.o Python/compile.c
cc -c -fsanitize=address -fno-omit-frame-pointer  -Wno-unused-result -Wsign-compare -DDYNAMIC_ANNOTATIONS_ENABLED=1 -g -Ofast -Wall -Wstrict-prototypes -fomit-frame-pointer -funroll-loops  -ffast-math -Ofast -fno-signed-zeros -ffp-contract=fast -mmmx -msse -flto   -fomit-frame-pointer -funroll-loops  -ffast-math -Ofast -fno-signed-zeros -ffp-contract=fast -mmmx -msse -flto    -std=c99 -Wextra -Wno-unused-result -Wno-unused-parameter -Wno-missing-field-initializers -fomit-frame-pointer -funroll-loops  -ffast-math -Ofast -fno-signed-zeros -ffp-contract=fast -mmmx -msse -flto      -I. -I./Include -I/usr/local/opt/openblas/include -I/usr/local/opt/llvm/include -I/usr/local/opt/sqlite/include -I/usr/local/opt/readline/include -I/usr/local/opt/openssl@1.1/include  -I/usr/local/opt/openblas/include -I/usr/local/opt/llvm/include -I/usr/local/opt/sqlite/include -I/usr/local/opt/readline/include -I/usr/local/opt/openssl@1.1/include   -DPy_BUILD_CORE -o Python/codecs.o Python/codecs.c
cc -c -fsanitize=address -fno-omit-frame-pointer  -Wno-unused-result -Wsign-compare -DDYNAMIC_ANNOTATIONS_ENABLED=1 -g -Ofast -Wall -Wstrict-prototypes -fomit-frame-pointer -funroll-loops  -ffast-math -Ofast -fno-signed-zeros -ffp-contract=fast -mmmx -msse -flto   -fomit-frame-pointer -funroll-loops  -ffast-math -Ofast -fno-signed-zeros -ffp-contract=fast -mmmx -msse -flto    -std=c99 -Wextra -Wno-unused-result -Wno-unused-parameter -Wno-missing-field-initializers -fomit-frame-pointer -funroll-loops  -ffast-math -Ofast -fno-signed-zeros -ffp-contract=fast -mmmx -msse -flto      -I. -I./Include -I/usr/local/opt/openblas/include -I/usr/local/opt/llvm/include -I/usr/local/opt/sqlite/include -I/usr/local/opt/readline/include -I/usr/local/opt/openssl@1.1/include  -I/usr/local/opt/openblas/include -I/usr/local/opt/llvm/include -I/usr/local/opt/sqlite/include -I/usr/local/opt/readline/include -I/usr/local/opt/openssl@1.1/include   -DPy_BUILD_CORE -o Python/dynamic_annotations.o Python/dynamic_annotations.c
cc -c -fsanitize=address -fno-omit-frame-pointer  -Wno-unused-result -Wsign-compare -DDYNAMIC_ANNOTATIONS_ENABLED=1 -g -Ofast -Wall -Wstrict-prototypes -fomit-frame-pointer -funroll-loops  -ffast-math -Ofast -fno-signed-zeros -ffp-contract=fast -mmmx -msse -flto   -fomit-frame-pointer -funroll-loops  -ffast-math -Ofast -fno-signed-zeros -ffp-contract=fast -mmmx -msse -flto    -std=c99 -Wextra -Wno-unused-result -Wno-unused-parameter -Wno-missing-field-initializers -fomit-frame-pointer -funroll-loops  -ffast-math -Ofast -fno-signed-zeros -ffp-contract=fast -mmmx -msse -flto      -I. -I./Include -I/usr/local/opt/openblas/include -I/usr/local/opt/llvm/include -I/usr/local/opt/sqlite/include -I/usr/local/opt/readline/include -I/usr/local/opt/openssl@1.1/include  -I/usr/local/opt/openblas/include -I/usr/local/opt/llvm/include -I/usr/local/opt/sqlite/include -I/usr/local/opt/readline/include -I/usr/local/opt/openssl@1.1/include   -DPy_BUILD_CORE -o Python/errors.o Python/errors.c
cc -c -fsanitize=address -fno-omit-frame-pointer  -Wno-unused-result -Wsign-compare -DDYNAMIC_ANNOTATIONS_ENABLED=1 -g -Ofast -Wall -Wstrict-prototypes -fomit-frame-pointer -funroll-loops  -ffast-math -Ofast -fno-signed-zeros -ffp-contract=fast -mmmx -msse -flto   -fomit-frame-pointer -funroll-loops  -ffast-math -Ofast -fno-signed-zeros -ffp-contract=fast -mmmx -msse -flto    -std=c99 -Wextra -Wno-unused-result -Wno-unused-parameter -Wno-missing-field-initializers -fomit-frame-pointer -funroll-loops  -ffast-math -Ofast -fno-signed-zeros -ffp-contract=fast -mmmx -msse -flto      -I. -I./Include -I/usr/local/opt/openblas/include -I/usr/local/opt/llvm/include -I/usr/local/opt/sqlite/include -I/usr/local/opt/readline/include -I/usr/local/opt/openssl@1.1/include  -I/usr/local/opt/openblas/include -I/usr/local/opt/llvm/include -I/usr/local/opt/sqlite/include -I/usr/local/opt/readline/include -I/usr/local/opt/openssl@1.1/include   -DPy_BUILD_CORE -o Python/frozenmain.o Python/frozenmain.c
cc -c -fsanitize=address -fno-omit-frame-pointer  -Wno-unused-result -Wsign-compare -DDYNAMIC_ANNOTATIONS_ENABLED=1 -g -Ofast -Wall -Wstrict-prototypes -fomit-frame-pointer -funroll-loops  -ffast-math -Ofast -fno-signed-zeros -ffp-contract=fast -mmmx -msse -flto   -fomit-frame-pointer -funroll-loops  -ffast-math -Ofast -fno-signed-zeros -ffp-contract=fast -mmmx -msse -flto    -std=c99 -Wextra -Wno-unused-result -Wno-unused-parameter -Wno-missing-field-initializers -fomit-frame-pointer -funroll-loops  -ffast-math -Ofast -fno-signed-zeros -ffp-contract=fast -mmmx -msse -flto      -I. -I./Include -I/usr/local/opt/openblas/include -I/usr/local/opt/llvm/include -I/usr/local/opt/sqlite/include -I/usr/local/opt/readline/include -I/usr/local/opt/openssl@1.1/include  -I/usr/local/opt/openblas/include -I/usr/local/opt/llvm/include -I/usr/local/opt/sqlite/include -I/usr/local/opt/readline/include -I/usr/local/opt/openssl@1.1/include   -DPy_BUILD_CORE -o Python/future.o Python/future.c
cc -c -fsanitize=address -fno-omit-frame-pointer  -Wno-unused-result -Wsign-compare -DDYNAMIC_ANNOTATIONS_ENABLED=1 -g -Ofast -Wall -Wstrict-prototypes -fomit-frame-pointer -funroll-loops  -ffast-math -Ofast -fno-signed-zeros -ffp-contract=fast -mmmx -msse -flto   -fomit-frame-pointer -funroll-loops  -ffast-math -Ofast -fno-signed-zeros -ffp-contract=fast -mmmx -msse -flto    -std=c99 -Wextra -Wno-unused-result -Wno-unused-parameter -Wno-missing-field-initializers -fomit-frame-pointer -funroll-loops  -ffast-math -Ofast -fno-signed-zeros -ffp-contract=fast -mmmx -msse -flto      -I. -I./Include -I/usr/local/opt/openblas/include -I/usr/local/opt/llvm/include -I/usr/local/opt/sqlite/include -I/usr/local/opt/readline/include -I/usr/local/opt/openssl@1.1/include  -I/usr/local/opt/openblas/include -I/usr/local/opt/llvm/include -I/usr/local/opt/sqlite/include -I/usr/local/opt/readline/include -I/usr/local/opt/openssl@1.1/include   -DPy_BUILD_CORE -o Python/getargs.o Python/getargs.c
cc -c -fsanitize=address -fno-omit-frame-pointer  -Wno-unused-result -Wsign-compare -DDYNAMIC_ANNOTATIONS_ENABLED=1 -g -Ofast -Wall -Wstrict-prototypes -fomit-frame-pointer -funroll-loops  -ffast-math -Ofast -fno-signed-zeros -ffp-contract=fast -mmmx -msse -flto   -fomit-frame-pointer -funroll-loops  -ffast-math -Ofast -fno-signed-zeros -ffp-contract=fast -mmmx -msse -flto    -std=c99 -Wextra -Wno-unused-result -Wno-unused-parameter -Wno-missing-field-initializers -fomit-frame-pointer -funroll-loops  -ffast-math -Ofast -fno-signed-zeros -ffp-contract=fast -mmmx -msse -flto      -I. -I./Include -I/usr/local/opt/openblas/include -I/usr/local/opt/llvm/include -I/usr/local/opt/sqlite/include -I/usr/local/opt/readline/include -I/usr/local/opt/openssl@1.1/include  -I/usr/local/opt/openblas/include -I/usr/local/opt/llvm/include -I/usr/local/opt/sqlite/include -I/usr/local/opt/readline/include -I/usr/local/opt/openssl@1.1/include   -DPy_BUILD_CORE -o Python/getcompiler.o Python/getcompiler.c
cc -c -fsanitize=address -fno-omit-frame-pointer  -Wno-unused-result -Wsign-compare -DDYNAMIC_ANNOTATIONS_ENABLED=1 -g -Ofast -Wall -Wstrict-prototypes -fomit-frame-pointer -funroll-loops  -ffast-math -Ofast -fno-signed-zeros -ffp-contract=fast -mmmx -msse -flto   -fomit-frame-pointer -funroll-loops  -ffast-math -Ofast -fno-signed-zeros -ffp-contract=fast -mmmx -msse -flto    -std=c99 -Wextra -Wno-unused-result -Wno-unused-parameter -Wno-missing-field-initializers -fomit-frame-pointer -funroll-loops  -ffast-math -Ofast -fno-signed-zeros -ffp-contract=fast -mmmx -msse -flto      -I. -I./Include -I/usr/local/opt/openblas/include -I/usr/local/opt/llvm/include -I/usr/local/opt/sqlite/include -I/usr/local/opt/readline/include -I/usr/local/opt/openssl@1.1/include  -I/usr/local/opt/openblas/include -I/usr/local/opt/llvm/include -I/usr/local/opt/sqlite/include -I/usr/local/opt/readline/include -I/usr/local/opt/openssl@1.1/include   -DPy_BUILD_CORE -o Python/getcopyright.o Python/getcopyright.c
cc -c -fsanitize=address -fno-omit-frame-pointer  -Wno-unused-result -Wsign-compare -DDYNAMIC_ANNOTATIONS_ENABLED=1 -g -Ofast -Wall -Wstrict-prototypes -fomit-frame-pointer -funroll-loops  -ffast-math -Ofast -fno-signed-zeros -ffp-contract=fast -mmmx -msse -flto   -fomit-frame-pointer -funroll-loops  -ffast-math -Ofast -fno-signed-zeros -ffp-contract=fast -mmmx -msse -flto    -std=c99 -Wextra -Wno-unused-result -Wno-unused-parameter -Wno-missing-field-initializers -fomit-frame-pointer -funroll-loops  -ffast-math -Ofast -fno-signed-zeros -ffp-contract=fast -mmmx -msse -flto      -I. -I./Include -I/usr/local/opt/openblas/include -I/usr/local/opt/llvm/include -I/usr/local/opt/sqlite/include -I/usr/local/opt/readline/include -I/usr/local/opt/openssl@1.1/include  -I/usr/local/opt/openblas/include -I/usr/local/opt/llvm/include -I/usr/local/opt/sqlite/include -I/usr/local/opt/readline/include -I/usr/local/opt/openssl@1.1/include   -DPy_BUILD_CORE -DPLATFORM='"darwin"' -o Python/getplatform.o ./Python/getplatform.c
cc -c -fsanitize=address -fno-omit-frame-pointer  -Wno-unused-result -Wsign-compare -DDYNAMIC_ANNOTATIONS_ENABLED=1 -g -Ofast -Wall -Wstrict-prototypes -fomit-frame-pointer -funroll-loops  -ffast-math -Ofast -fno-signed-zeros -ffp-contract=fast -mmmx -msse -flto   -fomit-frame-pointer -funroll-loops  -ffast-math -Ofast -fno-signed-zeros -ffp-contract=fast -mmmx -msse -flto    -std=c99 -Wextra -Wno-unused-result -Wno-unused-parameter -Wno-missing-field-initializers -fomit-frame-pointer -funroll-loops  -ffast-math -Ofast -fno-signed-zeros -ffp-contract=fast -mmmx -msse -flto      -I. -I./Include -I/usr/local/opt/openblas/include -I/usr/local/opt/llvm/include -I/usr/local/opt/sqlite/include -I/usr/local/opt/readline/include -I/usr/local/opt/openssl@1.1/include  -I/usr/local/opt/openblas/include -I/usr/local/opt/llvm/include -I/usr/local/opt/sqlite/include -I/usr/local/opt/readline/include -I/usr/local/opt/openssl@1.1/include   -DPy_BUILD_CORE -o Python/getversion.o Python/getversion.c
cc -c -fsanitize=address -fno-omit-frame-pointer  -Wno-unused-result -Wsign-compare -DDYNAMIC_ANNOTATIONS_ENABLED=1 -g -Ofast -Wall -Wstrict-prototypes -fomit-frame-pointer -funroll-loops  -ffast-math -Ofast -fno-signed-zeros -ffp-contract=fast -mmmx -msse -flto   -fomit-frame-pointer -funroll-loops  -ffast-math -Ofast -fno-signed-zeros -ffp-contract=fast -mmmx -msse -flto    -std=c99 -Wextra -Wno-unused-result -Wno-unused-parameter -Wno-missing-field-initializers -fomit-frame-pointer -funroll-loops  -ffast-math -Ofast -fno-signed-zeros -ffp-contract=fast -mmmx -msse -flto      -I. -I./Include -I/usr/local/opt/openblas/include -I/usr/local/opt/llvm/include -I/usr/local/opt/sqlite/include -I/usr/local/opt/readline/include -I/usr/local/opt/openssl@1.1/include  -I/usr/local/opt/openblas/include -I/usr/local/opt/llvm/include -I/usr/local/opt/sqlite/include -I/usr/local/opt/readline/include -I/usr/local/opt/openssl@1.1/include   -DPy_BUILD_CORE -o Python/graminit.o Python/graminit.c
cc -c -fsanitize=address -fno-omit-frame-pointer  -Wno-unused-result -Wsign-compare -DDYNAMIC_ANNOTATIONS_ENABLED=1 -g -Ofast -Wall -Wstrict-prototypes -fomit-frame-pointer -funroll-loops  -ffast-math -Ofast -fno-signed-zeros -ffp-contract=fast -mmmx -msse -flto   -fomit-frame-pointer -funroll-loops  -ffast-math -Ofast -fno-signed-zeros -ffp-contract=fast -mmmx -msse -flto    -std=c99 -Wextra -Wno-unused-result -Wno-unused-parameter -Wno-missing-field-initializers -fomit-frame-pointer -funroll-loops  -ffast-math -Ofast -fno-signed-zeros -ffp-contract=fast -mmmx -msse -flto      -I. -I./Include -I/usr/local/opt/openblas/include -I/usr/local/opt/llvm/include -I/usr/local/opt/sqlite/include -I/usr/local/opt/readline/include -I/usr/local/opt/openssl@1.1/include  -I/usr/local/opt/openblas/include -I/usr/local/opt/llvm/include -I/usr/local/opt/sqlite/include -I/usr/local/opt/readline/include -I/usr/local/opt/openssl@1.1/include   -DPy_BUILD_CORE -o Python/import.o Python/import.c
cc -c -fsanitize=address -fno-omit-frame-pointer  -Wno-unused-result -Wsign-compare -DDYNAMIC_ANNOTATIONS_ENABLED=1 -g -Ofast -Wall -Wstrict-prototypes -fomit-frame-pointer -funroll-loops  -ffast-math -Ofast -fno-signed-zeros -ffp-contract=fast -mmmx -msse -flto   -fomit-frame-pointer -funroll-loops  -ffast-math -Ofast -fno-signed-zeros -ffp-contract=fast -mmmx -msse -flto    -std=c99 -Wextra -Wno-unused-result -Wno-unused-parameter -Wno-missing-field-initializers -fomit-frame-pointer -funroll-loops  -ffast-math -Ofast -fno-signed-zeros -ffp-contract=fast -mmmx -msse -flto      -I. -I./Include -I/usr/local/opt/openblas/include -I/usr/local/opt/llvm/include -I/usr/local/opt/sqlite/include -I/usr/local/opt/readline/include -I/usr/local/opt/openssl@1.1/include  -I/usr/local/opt/openblas/include -I/usr/local/opt/llvm/include -I/usr/local/opt/sqlite/include -I/usr/local/opt/readline/include -I/usr/local/opt/openssl@1.1/include   -DPy_BUILD_CORE -I. -o Python/importdl.o ./Python/importdl.c
cc -c -fsanitize=address -fno-omit-frame-pointer  -Wno-unused-result -Wsign-compare -DDYNAMIC_ANNOTATIONS_ENABLED=1 -g -Ofast -Wall -Wstrict-prototypes -fomit-frame-pointer -funroll-loops  -ffast-math -Ofast -fno-signed-zeros -ffp-contract=fast -mmmx -msse -flto   -fomit-frame-pointer -funroll-loops  -ffast-math -Ofast -fno-signed-zeros -ffp-contract=fast -mmmx -msse -flto    -std=c99 -Wextra -Wno-unused-result -Wno-unused-parameter -Wno-missing-field-initializers -fomit-frame-pointer -funroll-loops  -ffast-math -Ofast -fno-signed-zeros -ffp-contract=fast -mmmx -msse -flto      -I. -I./Include -I/usr/local/opt/openblas/include -I/usr/local/opt/llvm/include -I/usr/local/opt/sqlite/include -I/usr/local/opt/readline/include -I/usr/local/opt/openssl@1.1/include  -I/usr/local/opt/openblas/include -I/usr/local/opt/llvm/include -I/usr/local/opt/sqlite/include -I/usr/local/opt/readline/include -I/usr/local/opt/openssl@1.1/include   -DPy_BUILD_CORE -o Python/marshal.o Python/marshal.c
cc -c -fsanitize=address -fno-omit-frame-pointer  -Wno-unused-result -Wsign-compare -DDYNAMIC_ANNOTATIONS_ENABLED=1 -g -Ofast -Wall -Wstrict-prototypes -fomit-frame-pointer -funroll-loops  -ffast-math -Ofast -fno-signed-zeros -ffp-contract=fast -mmmx -msse -flto   -fomit-frame-pointer -funroll-loops  -ffast-math -Ofast -fno-signed-zeros -ffp-contract=fast -mmmx -msse -flto    -std=c99 -Wextra -Wno-unused-result -Wno-unused-parameter -Wno-missing-field-initializers -fomit-frame-pointer -funroll-loops  -ffast-math -Ofast -fno-signed-zeros -ffp-contract=fast -mmmx -msse -flto      -I. -I./Include -I/usr/local/opt/openblas/include -I/usr/local/opt/llvm/include -I/usr/local/opt/sqlite/include -I/usr/local/opt/readline/include -I/usr/local/opt/openssl@1.1/include  -I/usr/local/opt/openblas/include -I/usr/local/opt/llvm/include -I/usr/local/opt/sqlite/include -I/usr/local/opt/readline/include -I/usr/local/opt/openssl@1.1/include   -DPy_BUILD_CORE -o Python/modsupport.o Python/modsupport.c
cc -c -fsanitize=address -fno-omit-frame-pointer  -Wno-unused-result -Wsign-compare -DDYNAMIC_ANNOTATIONS_ENABLED=1 -g -Ofast -Wall -Wstrict-prototypes -fomit-frame-pointer -funroll-loops  -ffast-math -Ofast -fno-signed-zeros -ffp-contract=fast -mmmx -msse -flto   -fomit-frame-pointer -funroll-loops  -ffast-math -Ofast -fno-signed-zeros -ffp-contract=fast -mmmx -msse -flto    -std=c99 -Wextra -Wno-unused-result -Wno-unused-parameter -Wno-missing-field-initializers -fomit-frame-pointer -funroll-loops  -ffast-math -Ofast -fno-signed-zeros -ffp-contract=fast -mmmx -msse -flto      -I. -I./Include -I/usr/local/opt/openblas/include -I/usr/local/opt/llvm/include -I/usr/local/opt/sqlite/include -I/usr/local/opt/readline/include -I/usr/local/opt/openssl@1.1/include  -I/usr/local/opt/openblas/include -I/usr/local/opt/llvm/include -I/usr/local/opt/sqlite/include -I/usr/local/opt/readline/include -I/usr/local/opt/openssl@1.1/include   -DPy_BUILD_CORE -o Python/mystrtoul.o Python/mystrtoul.c
cc -c -fsanitize=address -fno-omit-frame-pointer  -Wno-unused-result -Wsign-compare -DDYNAMIC_ANNOTATIONS_ENABLED=1 -g -Ofast -Wall -Wstrict-prototypes -fomit-frame-pointer -funroll-loops  -ffast-math -Ofast -fno-signed-zeros -ffp-contract=fast -mmmx -msse -flto   -fomit-frame-pointer -funroll-loops  -ffast-math -Ofast -fno-signed-zeros -ffp-contract=fast -mmmx -msse -flto    -std=c99 -Wextra -Wno-unused-result -Wno-unused-parameter -Wno-missing-field-initializers -fomit-frame-pointer -funroll-loops  -ffast-math -Ofast -fno-signed-zeros -ffp-contract=fast -mmmx -msse -flto      -I. -I./Include -I/usr/local/opt/openblas/include -I/usr/local/opt/llvm/include -I/usr/local/opt/sqlite/include -I/usr/local/opt/readline/include -I/usr/local/opt/openssl@1.1/include  -I/usr/local/opt/openblas/include -I/usr/local/opt/llvm/include -I/usr/local/opt/sqlite/include -I/usr/local/opt/readline/include -I/usr/local/opt/openssl@1.1/include   -DPy_BUILD_CORE -o Python/mysnprintf.o Python/mysnprintf.c
cc -c -fsanitize=address -fno-omit-frame-pointer  -Wno-unused-result -Wsign-compare -DDYNAMIC_ANNOTATIONS_ENABLED=1 -g -Ofast -Wall -Wstrict-prototypes -fomit-frame-pointer -funroll-loops  -ffast-math -Ofast -fno-signed-zeros -ffp-contract=fast -mmmx -msse -flto   -fomit-frame-pointer -funroll-loops  -ffast-math -Ofast -fno-signed-zeros -ffp-contract=fast -mmmx -msse -flto    -std=c99 -Wextra -Wno-unused-result -Wno-unused-parameter -Wno-missing-field-initializers -fomit-frame-pointer -funroll-loops  -ffast-math -Ofast -fno-signed-zeros -ffp-contract=fast -mmmx -msse -flto      -I. -I./Include -I/usr/local/opt/openblas/include -I/usr/local/opt/llvm/include -I/usr/local/opt/sqlite/include -I/usr/local/opt/readline/include -I/usr/local/opt/openssl@1.1/include  -I/usr/local/opt/openblas/include -I/usr/local/opt/llvm/include -I/usr/local/opt/sqlite/include -I/usr/local/opt/readline/include -I/usr/local/opt/openssl@1.1/include   -DPy_BUILD_CORE -o Python/peephole.o Python/peephole.c
cc -c -fsanitize=address -fno-omit-frame-pointer  -Wno-unused-result -Wsign-compare -DDYNAMIC_ANNOTATIONS_ENABLED=1 -g -Ofast -Wall -Wstrict-prototypes -fomit-frame-pointer -funroll-loops  -ffast-math -Ofast -fno-signed-zeros -ffp-contract=fast -mmmx -msse -flto   -fomit-frame-pointer -funroll-loops  -ffast-math -Ofast -fno-signed-zeros -ffp-contract=fast -mmmx -msse -flto    -std=c99 -Wextra -Wno-unused-result -Wno-unused-parameter -Wno-missing-field-initializers -fomit-frame-pointer -funroll-loops  -ffast-math -Ofast -fno-signed-zeros -ffp-contract=fast -mmmx -msse -flto      -I. -I./Include -I/usr/local/opt/openblas/include -I/usr/local/opt/llvm/include -I/usr/local/opt/sqlite/include -I/usr/local/opt/readline/include -I/usr/local/opt/openssl@1.1/include  -I/usr/local/opt/openblas/include -I/usr/local/opt/llvm/include -I/usr/local/opt/sqlite/include -I/usr/local/opt/readline/include -I/usr/local/opt/openssl@1.1/include   -DPy_BUILD_CORE -o Python/pyarena.o Python/pyarena.c
cc -c -fsanitize=address -fno-omit-frame-pointer  -Wno-unused-result -Wsign-compare -DDYNAMIC_ANNOTATIONS_ENABLED=1 -g -Ofast -Wall -Wstrict-prototypes -fomit-frame-pointer -funroll-loops  -ffast-math -Ofast -fno-signed-zeros -ffp-contract=fast -mmmx -msse -flto   -fomit-frame-pointer -funroll-loops  -ffast-math -Ofast -fno-signed-zeros -ffp-contract=fast -mmmx -msse -flto    -std=c99 -Wextra -Wno-unused-result -Wno-unused-parameter -Wno-missing-field-initializers -fomit-frame-pointer -funroll-loops  -ffast-math -Ofast -fno-signed-zeros -ffp-contract=fast -mmmx -msse -flto      -I. -I./Include -I/usr/local/opt/openblas/include -I/usr/local/opt/llvm/include -I/usr/local/opt/sqlite/include -I/usr/local/opt/readline/include -I/usr/local/opt/openssl@1.1/include  -I/usr/local/opt/openblas/include -I/usr/local/opt/llvm/include -I/usr/local/opt/sqlite/include -I/usr/local/opt/readline/include -I/usr/local/opt/openssl@1.1/include   -DPy_BUILD_CORE -o Python/pyctype.o Python/pyctype.c
cc -c -fsanitize=address -fno-omit-frame-pointer  -Wno-unused-result -Wsign-compare -DDYNAMIC_ANNOTATIONS_ENABLED=1 -g -Ofast -Wall -Wstrict-prototypes -fomit-frame-pointer -funroll-loops  -ffast-math -Ofast -fno-signed-zeros -ffp-contract=fast -mmmx -msse -flto   -fomit-frame-pointer -funroll-loops  -ffast-math -Ofast -fno-signed-zeros -ffp-contract=fast -mmmx -msse -flto    -std=c99 -Wextra -Wno-unused-result -Wno-unused-parameter -Wno-missing-field-initializers -fomit-frame-pointer -funroll-loops  -ffast-math -Ofast -fno-signed-zeros -ffp-contract=fast -mmmx -msse -flto      -I. -I./Include -I/usr/local/opt/openblas/include -I/usr/local/opt/llvm/include -I/usr/local/opt/sqlite/include -I/usr/local/opt/readline/include -I/usr/local/opt/openssl@1.1/include  -I/usr/local/opt/openblas/include -I/usr/local/opt/llvm/include -I/usr/local/opt/sqlite/include -I/usr/local/opt/readline/include -I/usr/local/opt/openssl@1.1/include   -DPy_BUILD_CORE -o Python/pyfpe.o Python/pyfpe.c
cc -c -fsanitize=address -fno-omit-frame-pointer  -Wno-unused-result -Wsign-compare -DDYNAMIC_ANNOTATIONS_ENABLED=1 -g -Ofast -Wall -Wstrict-prototypes -fomit-frame-pointer -funroll-loops  -ffast-math -Ofast -fno-signed-zeros -ffp-contract=fast -mmmx -msse -flto   -fomit-frame-pointer -funroll-loops  -ffast-math -Ofast -fno-signed-zeros -ffp-contract=fast -mmmx -msse -flto    -std=c99 -Wextra -Wno-unused-result -Wno-unused-parameter -Wno-missing-field-initializers -fomit-frame-pointer -funroll-loops  -ffast-math -Ofast -fno-signed-zeros -ffp-contract=fast -mmmx -msse -flto      -I. -I./Include -I/usr/local/opt/openblas/include -I/usr/local/opt/llvm/include -I/usr/local/opt/sqlite/include -I/usr/local/opt/readline/include -I/usr/local/opt/openssl@1.1/include  -I/usr/local/opt/openblas/include -I/usr/local/opt/llvm/include -I/usr/local/opt/sqlite/include -I/usr/local/opt/readline/include -I/usr/local/opt/openssl@1.1/include   -DPy_BUILD_CORE -o Python/pyhash.o Python/pyhash.c
cc -c -fsanitize=address -fno-omit-frame-pointer  -Wno-unused-result -Wsign-compare -DDYNAMIC_ANNOTATIONS_ENABLED=1 -g -Ofast -Wall -Wstrict-prototypes -fomit-frame-pointer -funroll-loops  -ffast-math -Ofast -fno-signed-zeros -ffp-contract=fast -mmmx -msse -flto   -fomit-frame-pointer -funroll-loops  -ffast-math -Ofast -fno-signed-zeros -ffp-contract=fast -mmmx -msse -flto    -std=c99 -Wextra -Wno-unused-result -Wno-unused-parameter -Wno-missing-field-initializers -fomit-frame-pointer -funroll-loops  -ffast-math -Ofast -fno-signed-zeros -ffp-contract=fast -mmmx -msse -flto      -I. -I./Include -I/usr/local/opt/openblas/include -I/usr/local/opt/llvm/include -I/usr/local/opt/sqlite/include -I/usr/local/opt/readline/include -I/usr/local/opt/openssl@1.1/include  -I/usr/local/opt/openblas/include -I/usr/local/opt/llvm/include -I/usr/local/opt/sqlite/include -I/usr/local/opt/readline/include -I/usr/local/opt/openssl@1.1/include   -DPy_BUILD_CORE -o Python/pylifecycle.o Python/pylifecycle.c
cc -c -fsanitize=address -fno-omit-frame-pointer  -Wno-unused-result -Wsign-compare -DDYNAMIC_ANNOTATIONS_ENABLED=1 -g -Ofast -Wall -Wstrict-prototypes -fomit-frame-pointer -funroll-loops  -ffast-math -Ofast -fno-signed-zeros -ffp-contract=fast -mmmx -msse -flto   -fomit-frame-pointer -funroll-loops  -ffast-math -Ofast -fno-signed-zeros -ffp-contract=fast -mmmx -msse -flto    -std=c99 -Wextra -Wno-unused-result -Wno-unused-parameter -Wno-missing-field-initializers -fomit-frame-pointer -funroll-loops  -ffast-math -Ofast -fno-signed-zeros -ffp-contract=fast -mmmx -msse -flto      -I. -I./Include -I/usr/local/opt/openblas/include -I/usr/local/opt/llvm/include -I/usr/local/opt/sqlite/include -I/usr/local/opt/readline/include -I/usr/local/opt/openssl@1.1/include  -I/usr/local/opt/openblas/include -I/usr/local/opt/llvm/include -I/usr/local/opt/sqlite/include -I/usr/local/opt/readline/include -I/usr/local/opt/openssl@1.1/include   -DPy_BUILD_CORE -o Python/pymath.o Python/pymath.c
cc -c -fsanitize=address -fno-omit-frame-pointer  -Wno-unused-result -Wsign-compare -DDYNAMIC_ANNOTATIONS_ENABLED=1 -g -Ofast -Wall -Wstrict-prototypes -fomit-frame-pointer -funroll-loops  -ffast-math -Ofast -fno-signed-zeros -ffp-contract=fast -mmmx -msse -flto   -fomit-frame-pointer -funroll-loops  -ffast-math -Ofast -fno-signed-zeros -ffp-contract=fast -mmmx -msse -flto    -std=c99 -Wextra -Wno-unused-result -Wno-unused-parameter -Wno-missing-field-initializers -fomit-frame-pointer -funroll-loops  -ffast-math -Ofast -fno-signed-zeros -ffp-contract=fast -mmmx -msse -flto      -I. -I./Include -I/usr/local/opt/openblas/include -I/usr/local/opt/llvm/include -I/usr/local/opt/sqlite/include -I/usr/local/opt/readline/include -I/usr/local/opt/openssl@1.1/include  -I/usr/local/opt/openblas/include -I/usr/local/opt/llvm/include -I/usr/local/opt/sqlite/include -I/usr/local/opt/readline/include -I/usr/local/opt/openssl@1.1/include   -DPy_BUILD_CORE -o Python/pystate.o Python/pystate.c
cc -c -fsanitize=address -fno-omit-frame-pointer  -Wno-unused-result -Wsign-compare -DDYNAMIC_ANNOTATIONS_ENABLED=1 -g -Ofast -Wall -Wstrict-prototypes -fomit-frame-pointer -funroll-loops  -ffast-math -Ofast -fno-signed-zeros -ffp-contract=fast -mmmx -msse -flto   -fomit-frame-pointer -funroll-loops  -ffast-math -Ofast -fno-signed-zeros -ffp-contract=fast -mmmx -msse -flto    -std=c99 -Wextra -Wno-unused-result -Wno-unused-parameter -Wno-missing-field-initializers -fomit-frame-pointer -funroll-loops  -ffast-math -Ofast -fno-signed-zeros -ffp-contract=fast -mmmx -msse -flto      -I. -I./Include -I/usr/local/opt/openblas/include -I/usr/local/opt/llvm/include -I/usr/local/opt/sqlite/include -I/usr/local/opt/readline/include -I/usr/local/opt/openssl@1.1/include  -I/usr/local/opt/openblas/include -I/usr/local/opt/llvm/include -I/usr/local/opt/sqlite/include -I/usr/local/opt/readline/include -I/usr/local/opt/openssl@1.1/include   -DPy_BUILD_CORE -o Python/pythonrun.o Python/pythonrun.c
cc -c -fsanitize=address -fno-omit-frame-pointer  -Wno-unused-result -Wsign-compare -DDYNAMIC_ANNOTATIONS_ENABLED=1 -g -Ofast -Wall -Wstrict-prototypes -fomit-frame-pointer -funroll-loops  -ffast-math -Ofast -fno-signed-zeros -ffp-contract=fast -mmmx -msse -flto   -fomit-frame-pointer -funroll-loops  -ffast-math -Ofast -fno-signed-zeros -ffp-contract=fast -mmmx -msse -flto    -std=c99 -Wextra -Wno-unused-result -Wno-unused-parameter -Wno-missing-field-initializers -fomit-frame-pointer -funroll-loops  -ffast-math -Ofast -fno-signed-zeros -ffp-contract=fast -mmmx -msse -flto      -I. -I./Include -I/usr/local/opt/openblas/include -I/usr/local/opt/llvm/include -I/usr/local/opt/sqlite/include -I/usr/local/opt/readline/include -I/usr/local/opt/openssl@1.1/include  -I/usr/local/opt/openblas/include -I/usr/local/opt/llvm/include -I/usr/local/opt/sqlite/include -I/usr/local/opt/readline/include -I/usr/local/opt/openssl@1.1/include   -DPy_BUILD_CORE -o Python/pytime.o Python/pytime.c
cc -c -fsanitize=address -fno-omit-frame-pointer  -Wno-unused-result -Wsign-compare -DDYNAMIC_ANNOTATIONS_ENABLED=1 -g -Ofast -Wall -Wstrict-prototypes -fomit-frame-pointer -funroll-loops  -ffast-math -Ofast -fno-signed-zeros -ffp-contract=fast -mmmx -msse -flto   -fomit-frame-pointer -funroll-loops  -ffast-math -Ofast -fno-signed-zeros -ffp-contract=fast -mmmx -msse -flto    -std=c99 -Wextra -Wno-unused-result -Wno-unused-parameter -Wno-missing-field-initializers -fomit-frame-pointer -funroll-loops  -ffast-math -Ofast -fno-signed-zeros -ffp-contract=fast -mmmx -msse -flto      -I. -I./Include -I/usr/local/opt/openblas/include -I/usr/local/opt/llvm/include -I/usr/local/opt/sqlite/include -I/usr/local/opt/readline/include -I/usr/local/opt/openssl@1.1/include  -I/usr/local/opt/openblas/include -I/usr/local/opt/llvm/include -I/usr/local/opt/sqlite/include -I/usr/local/opt/readline/include -I/usr/local/opt/openssl@1.1/include   -DPy_BUILD_CORE -o Python/random.o Python/random.c
cc -c -fsanitize=address -fno-omit-frame-pointer  -Wno-unused-result -Wsign-compare -DDYNAMIC_ANNOTATIONS_ENABLED=1 -g -Ofast -Wall -Wstrict-prototypes -fomit-frame-pointer -funroll-loops  -ffast-math -Ofast -fno-signed-zeros -ffp-contract=fast -mmmx -msse -flto   -fomit-frame-pointer -funroll-loops  -ffast-math -Ofast -fno-signed-zeros -ffp-contract=fast -mmmx -msse -flto    -std=c99 -Wextra -Wno-unused-result -Wno-unused-parameter -Wno-missing-field-initializers -fomit-frame-pointer -funroll-loops  -ffast-math -Ofast -fno-signed-zeros -ffp-contract=fast -mmmx -msse -flto      -I. -I./Include -I/usr/local/opt/openblas/include -I/usr/local/opt/llvm/include -I/usr/local/opt/sqlite/include -I/usr/local/opt/readline/include -I/usr/local/opt/openssl@1.1/include  -I/usr/local/opt/openblas/include -I/usr/local/opt/llvm/include -I/usr/local/opt/sqlite/include -I/usr/local/opt/readline/include -I/usr/local/opt/openssl@1.1/include   -DPy_BUILD_CORE -o Python/structmember.o Python/structmember.c
cc -c -fsanitize=address -fno-omit-frame-pointer  -Wno-unused-result -Wsign-compare -DDYNAMIC_ANNOTATIONS_ENABLED=1 -g -Ofast -Wall -Wstrict-prototypes -fomit-frame-pointer -funroll-loops  -ffast-math -Ofast -fno-signed-zeros -ffp-contract=fast -mmmx -msse -flto   -fomit-frame-pointer -funroll-loops  -ffast-math -Ofast -fno-signed-zeros -ffp-contract=fast -mmmx -msse -flto    -std=c99 -Wextra -Wno-unused-result -Wno-unused-parameter -Wno-missing-field-initializers -fomit-frame-pointer -funroll-loops  -ffast-math -Ofast -fno-signed-zeros -ffp-contract=fast -mmmx -msse -flto      -I. -I./Include -I/usr/local/opt/openblas/include -I/usr/local/opt/llvm/include -I/usr/local/opt/sqlite/include -I/usr/local/opt/readline/include -I/usr/local/opt/openssl@1.1/include  -I/usr/local/opt/openblas/include -I/usr/local/opt/llvm/include -I/usr/local/opt/sqlite/include -I/usr/local/opt/readline/include -I/usr/local/opt/openssl@1.1/include   -DPy_BUILD_CORE -o Python/symtable.o Python/symtable.c
cc -c -fsanitize=address -fno-omit-frame-pointer  -Wno-unused-result -Wsign-compare -DDYNAMIC_ANNOTATIONS_ENABLED=1 -g -Ofast -Wall -Wstrict-prototypes -fomit-frame-pointer -funroll-loops  -ffast-math -Ofast -fno-signed-zeros -ffp-contract=fast -mmmx -msse -flto   -fomit-frame-pointer -funroll-loops  -ffast-math -Ofast -fno-signed-zeros -ffp-contract=fast -mmmx -msse -flto    -std=c99 -Wextra -Wno-unused-result -Wno-unused-parameter -Wno-missing-field-initializers -fomit-frame-pointer -funroll-loops  -ffast-math -Ofast -fno-signed-zeros -ffp-contract=fast -mmmx -msse -flto      -I. -I./Include -I/usr/local/opt/openblas/include -I/usr/local/opt/llvm/include -I/usr/local/opt/sqlite/include -I/usr/local/opt/readline/include -I/usr/local/opt/openssl@1.1/include  -I/usr/local/opt/openblas/include -I/usr/local/opt/llvm/include -I/usr/local/opt/sqlite/include -I/usr/local/opt/readline/include -I/usr/local/opt/openssl@1.1/include   -DPy_BUILD_CORE \
	-DABIFLAGS='"dm"' \
	-DMULTIARCH=\"darwin\" \
	-o Python/sysmodule.o ./Python/sysmodule.c
cc -c -fsanitize=address -fno-omit-frame-pointer  -Wno-unused-result -Wsign-compare -DDYNAMIC_ANNOTATIONS_ENABLED=1 -g -Ofast -Wall -Wstrict-prototypes -fomit-frame-pointer -funroll-loops  -ffast-math -Ofast -fno-signed-zeros -ffp-contract=fast -mmmx -msse -flto   -fomit-frame-pointer -funroll-loops  -ffast-math -Ofast -fno-signed-zeros -ffp-contract=fast -mmmx -msse -flto    -std=c99 -Wextra -Wno-unused-result -Wno-unused-parameter -Wno-missing-field-initializers -fomit-frame-pointer -funroll-loops  -ffast-math -Ofast -fno-signed-zeros -ffp-contract=fast -mmmx -msse -flto      -I. -I./Include -I/usr/local/opt/openblas/include -I/usr/local/opt/llvm/include -I/usr/local/opt/sqlite/include -I/usr/local/opt/readline/include -I/usr/local/opt/openssl@1.1/include  -I/usr/local/opt/openblas/include -I/usr/local/opt/llvm/include -I/usr/local/opt/sqlite/include -I/usr/local/opt/readline/include -I/usr/local/opt/openssl@1.1/include   -DPy_BUILD_CORE -o Python/traceback.o Python/traceback.c
cc -c -fsanitize=address -fno-omit-frame-pointer  -Wno-unused-result -Wsign-compare -DDYNAMIC_ANNOTATIONS_ENABLED=1 -g -Ofast -Wall -Wstrict-prototypes -fomit-frame-pointer -funroll-loops  -ffast-math -Ofast -fno-signed-zeros -ffp-contract=fast -mmmx -msse -flto   -fomit-frame-pointer -funroll-loops  -ffast-math -Ofast -fno-signed-zeros -ffp-contract=fast -mmmx -msse -flto    -std=c99 -Wextra -Wno-unused-result -Wno-unused-parameter -Wno-missing-field-initializers -fomit-frame-pointer -funroll-loops  -ffast-math -Ofast -fno-signed-zeros -ffp-contract=fast -mmmx -msse -flto      -I. -I./Include -I/usr/local/opt/openblas/include -I/usr/local/opt/llvm/include -I/usr/local/opt/sqlite/include -I/usr/local/opt/readline/include -I/usr/local/opt/openssl@1.1/include  -I/usr/local/opt/openblas/include -I/usr/local/opt/llvm/include -I/usr/local/opt/sqlite/include -I/usr/local/opt/readline/include -I/usr/local/opt/openssl@1.1/include   -DPy_BUILD_CORE -o Python/getopt.o Python/getopt.c
cc -c -fsanitize=address -fno-omit-frame-pointer  -Wno-unused-result -Wsign-compare -DDYNAMIC_ANNOTATIONS_ENABLED=1 -g -Ofast -Wall -Wstrict-prototypes -fomit-frame-pointer -funroll-loops  -ffast-math -Ofast -fno-signed-zeros -ffp-contract=fast -mmmx -msse -flto   -fomit-frame-pointer -funroll-loops  -ffast-math -Ofast -fno-signed-zeros -ffp-contract=fast -mmmx -msse -flto    -std=c99 -Wextra -Wno-unused-result -Wno-unused-parameter -Wno-missing-field-initializers -fomit-frame-pointer -funroll-loops  -ffast-math -Ofast -fno-signed-zeros -ffp-contract=fast -mmmx -msse -flto      -I. -I./Include -I/usr/local/opt/openblas/include -I/usr/local/opt/llvm/include -I/usr/local/opt/sqlite/include -I/usr/local/opt/readline/include -I/usr/local/opt/openssl@1.1/include  -I/usr/local/opt/openblas/include -I/usr/local/opt/llvm/include -I/usr/local/opt/sqlite/include -I/usr/local/opt/readline/include -I/usr/local/opt/openssl@1.1/include   -DPy_BUILD_CORE -o Python/pystrcmp.o Python/pystrcmp.c
cc -c -fsanitize=address -fno-omit-frame-pointer  -Wno-unused-result -Wsign-compare -DDYNAMIC_ANNOTATIONS_ENABLED=1 -g -Ofast -Wall -Wstrict-prototypes -fomit-frame-pointer -funroll-loops  -ffast-math -Ofast -fno-signed-zeros -ffp-contract=fast -mmmx -msse -flto   -fomit-frame-pointer -funroll-loops  -ffast-math -Ofast -fno-signed-zeros -ffp-contract=fast -mmmx -msse -flto    -std=c99 -Wextra -Wno-unused-result -Wno-unused-parameter -Wno-missing-field-initializers -fomit-frame-pointer -funroll-loops  -ffast-math -Ofast -fno-signed-zeros -ffp-contract=fast -mmmx -msse -flto      -I. -I./Include -I/usr/local/opt/openblas/include -I/usr/local/opt/llvm/include -I/usr/local/opt/sqlite/include -I/usr/local/opt/readline/include -I/usr/local/opt/openssl@1.1/include  -I/usr/local/opt/openblas/include -I/usr/local/opt/llvm/include -I/usr/local/opt/sqlite/include -I/usr/local/opt/readline/include -I/usr/local/opt/openssl@1.1/include   -DPy_BUILD_CORE -o Python/pystrtod.o Python/pystrtod.c
cc -c -fsanitize=address -fno-omit-frame-pointer  -Wno-unused-result -Wsign-compare -DDYNAMIC_ANNOTATIONS_ENABLED=1 -g -Ofast -Wall -Wstrict-prototypes -fomit-frame-pointer -funroll-loops  -ffast-math -Ofast -fno-signed-zeros -ffp-contract=fast -mmmx -msse -flto   -fomit-frame-pointer -funroll-loops  -ffast-math -Ofast -fno-signed-zeros -ffp-contract=fast -mmmx -msse -flto    -std=c99 -Wextra -Wno-unused-result -Wno-unused-parameter -Wno-missing-field-initializers -fomit-frame-pointer -funroll-loops  -ffast-math -Ofast -fno-signed-zeros -ffp-contract=fast -mmmx -msse -flto      -I. -I./Include -I/usr/local/opt/openblas/include -I/usr/local/opt/llvm/include -I/usr/local/opt/sqlite/include -I/usr/local/opt/readline/include -I/usr/local/opt/openssl@1.1/include  -I/usr/local/opt/openblas/include -I/usr/local/opt/llvm/include -I/usr/local/opt/sqlite/include -I/usr/local/opt/readline/include -I/usr/local/opt/openssl@1.1/include   -DPy_BUILD_CORE -o Python/pystrhex.o Python/pystrhex.c
cc -c -fsanitize=address -fno-omit-frame-pointer  -Wno-unused-result -Wsign-compare -DDYNAMIC_ANNOTATIONS_ENABLED=1 -g -Ofast -Wall -Wstrict-prototypes -fomit-frame-pointer -funroll-loops  -ffast-math -Ofast -fno-signed-zeros -ffp-contract=fast -mmmx -msse -flto   -fomit-frame-pointer -funroll-loops  -ffast-math -Ofast -fno-signed-zeros -ffp-contract=fast -mmmx -msse -flto    -std=c99 -Wextra -Wno-unused-result -Wno-unused-parameter -Wno-missing-field-initializers -fomit-frame-pointer -funroll-loops  -ffast-math -Ofast -fno-signed-zeros -ffp-contract=fast -mmmx -msse -flto      -I. -I./Include -I/usr/local/opt/openblas/include -I/usr/local/opt/llvm/include -I/usr/local/opt/sqlite/include -I/usr/local/opt/readline/include -I/usr/local/opt/openssl@1.1/include  -I/usr/local/opt/openblas/include -I/usr/local/opt/llvm/include -I/usr/local/opt/sqlite/include -I/usr/local/opt/readline/include -I/usr/local/opt/openssl@1.1/include   -DPy_BUILD_CORE -fno-strict-aliasing -o Python/dtoa.o Python/dtoa.c
cc -c -fsanitize=address -fno-omit-frame-pointer  -Wno-unused-result -Wsign-compare -DDYNAMIC_ANNOTATIONS_ENABLED=1 -g -Ofast -Wall -Wstrict-prototypes -fomit-frame-pointer -funroll-loops  -ffast-math -Ofast -fno-signed-zeros -ffp-contract=fast -mmmx -msse -flto   -fomit-frame-pointer -funroll-loops  -ffast-math -Ofast -fno-signed-zeros -ffp-contract=fast -mmmx -msse -flto    -std=c99 -Wextra -Wno-unused-result -Wno-unused-parameter -Wno-missing-field-initializers -fomit-frame-pointer -funroll-loops  -ffast-math -Ofast -fno-signed-zeros -ffp-contract=fast -mmmx -msse -flto      -I. -I./Include -I/usr/local/opt/openblas/include -I/usr/local/opt/llvm/include -I/usr/local/opt/sqlite/include -I/usr/local/opt/readline/include -I/usr/local/opt/openssl@1.1/include  -I/usr/local/opt/openblas/include -I/usr/local/opt/llvm/include -I/usr/local/opt/sqlite/include -I/usr/local/opt/readline/include -I/usr/local/opt/openssl@1.1/include   -DPy_BUILD_CORE -o Python/formatter_unicode.o Python/formatter_unicode.c
cc -c -fsanitize=address -fno-omit-frame-pointer  -Wno-unused-result -Wsign-compare -DDYNAMIC_ANNOTATIONS_ENABLED=1 -g -Ofast -Wall -Wstrict-prototypes -fomit-frame-pointer -funroll-loops  -ffast-math -Ofast -fno-signed-zeros -ffp-contract=fast -mmmx -msse -flto   -fomit-frame-pointer -funroll-loops  -ffast-math -Ofast -fno-signed-zeros -ffp-contract=fast -mmmx -msse -flto    -std=c99 -Wextra -Wno-unused-result -Wno-unused-parameter -Wno-missing-field-initializers -fomit-frame-pointer -funroll-loops  -ffast-math -Ofast -fno-signed-zeros -ffp-contract=fast -mmmx -msse -flto      -I. -I./Include -I/usr/local/opt/openblas/include -I/usr/local/opt/llvm/include -I/usr/local/opt/sqlite/include -I/usr/local/opt/readline/include -I/usr/local/opt/openssl@1.1/include  -I/usr/local/opt/openblas/include -I/usr/local/opt/llvm/include -I/usr/local/opt/sqlite/include -I/usr/local/opt/readline/include -I/usr/local/opt/openssl@1.1/include   -DPy_BUILD_CORE -o Python/fileutils.o Python/fileutils.c
cc -c -fsanitize=address -fno-omit-frame-pointer  -Wno-unused-result -Wsign-compare -DDYNAMIC_ANNOTATIONS_ENABLED=1 -g -Ofast -Wall -Wstrict-prototypes -fomit-frame-pointer -funroll-loops  -ffast-math -Ofast -fno-signed-zeros -ffp-contract=fast -mmmx -msse -flto   -fomit-frame-pointer -funroll-loops  -ffast-math -Ofast -fno-signed-zeros -ffp-contract=fast -mmmx -msse -flto    -std=c99 -Wextra -Wno-unused-result -Wno-unused-parameter -Wno-missing-field-initializers -fomit-frame-pointer -funroll-loops  -ffast-math -Ofast -fno-signed-zeros -ffp-contract=fast -mmmx -msse -flto      -I. -I./Include -I/usr/local/opt/openblas/include -I/usr/local/opt/llvm/include -I/usr/local/opt/sqlite/include -I/usr/local/opt/readline/include -I/usr/local/opt/openssl@1.1/include  -I/usr/local/opt/openblas/include -I/usr/local/opt/llvm/include -I/usr/local/opt/sqlite/include -I/usr/local/opt/readline/include -I/usr/local/opt/openssl@1.1/include   -DPy_BUILD_CORE \
	-DSOABI='"cpython-36dm-darwin"' \
	-o Python/dynload_shlib.o ./Python/dynload_shlib.c
cc -c -fsanitize=address -fno-omit-frame-pointer  -Wno-unused-result -Wsign-compare -DDYNAMIC_ANNOTATIONS_ENABLED=1 -g -Ofast -Wall -Wstrict-prototypes -fomit-frame-pointer -funroll-loops  -ffast-math -Ofast -fno-signed-zeros -ffp-contract=fast -mmmx -msse -flto   -fomit-frame-pointer -funroll-loops  -ffast-math -Ofast -fno-signed-zeros -ffp-contract=fast -mmmx -msse -flto    -std=c99 -Wextra -Wno-unused-result -Wno-unused-parameter -Wno-missing-field-initializers -fomit-frame-pointer -funroll-loops  -ffast-math -Ofast -fno-signed-zeros -ffp-contract=fast -mmmx -msse -flto      -I. -I./Include -I/usr/local/opt/openblas/include -I/usr/local/opt/llvm/include -I/usr/local/opt/sqlite/include -I/usr/local/opt/readline/include -I/usr/local/opt/openssl@1.1/include  -I/usr/local/opt/openblas/include -I/usr/local/opt/llvm/include -I/usr/local/opt/sqlite/include -I/usr/local/opt/readline/include -I/usr/local/opt/openssl@1.1/include   -DPy_BUILD_CORE -o Python/thread.o Python/thread.c
cc -c -fsanitize=address -fno-omit-frame-pointer  -Wno-unused-result -Wsign-compare -DDYNAMIC_ANNOTATIONS_ENABLED=1 -g -Ofast -Wall -Wstrict-prototypes -fomit-frame-pointer -funroll-loops  -ffast-math -Ofast -fno-signed-zeros -ffp-contract=fast -mmmx -msse -flto   -fomit-frame-pointer -funroll-loops  -ffast-math -Ofast -fno-signed-zeros -ffp-contract=fast -mmmx -msse -flto    -std=c99 -Wextra -Wno-unused-result -Wno-unused-parameter -Wno-missing-field-initializers -fomit-frame-pointer -funroll-loops  -ffast-math -Ofast -fno-signed-zeros -ffp-contract=fast -mmmx -msse -flto      -I. -I./Include -I/usr/local/opt/openblas/include -I/usr/local/opt/llvm/include -I/usr/local/opt/sqlite/include -I/usr/local/opt/readline/include -I/usr/local/opt/openssl@1.1/include  -I/usr/local/opt/openblas/include -I/usr/local/opt/llvm/include -I/usr/local/opt/sqlite/include -I/usr/local/opt/readline/include -I/usr/local/opt/openssl@1.1/include   -DPy_BUILD_CORE -o Modules/config.o Modules/config.c
cc -c -fsanitize=address -fno-omit-frame-pointer  -Wno-unused-result -Wsign-compare -DDYNAMIC_ANNOTATIONS_ENABLED=1 -g -Ofast -Wall -Wstrict-prototypes -fomit-frame-pointer -funroll-loops  -ffast-math -Ofast -fno-signed-zeros -ffp-contract=fast -mmmx -msse -flto   -fomit-frame-pointer -funroll-loops  -ffast-math -Ofast -fno-signed-zeros -ffp-contract=fast -mmmx -msse -flto    -std=c99 -Wextra -Wno-unused-result -Wno-unused-parameter -Wno-missing-field-initializers -fomit-frame-pointer -funroll-loops  -ffast-math -Ofast -fno-signed-zeros -ffp-contract=fast -mmmx -msse -flto      -I. -I./Include -I/usr/local/opt/openblas/include -I/usr/local/opt/llvm/include -I/usr/local/opt/sqlite/include -I/usr/local/opt/readline/include -I/usr/local/opt/openssl@1.1/include  -I/usr/local/opt/openblas/include -I/usr/local/opt/llvm/include -I/usr/local/opt/sqlite/include -I/usr/local/opt/readline/include -I/usr/local/opt/openssl@1.1/include   -DPy_BUILD_CORE -DPYTHONPATH='":"' \
	-DPREFIX='"/usr/local/Cellar/python3/3.6.2"' \
	-DEXEC_PREFIX='"/usr/local/Cellar/python3/3.6.2"' \
	-DVERSION='"3.6"' \
	-DVPATH='""' \
	-o Modules/getpath.o ./Modules/getpath.c
cc -c -fsanitize=address -fno-omit-frame-pointer  -Wno-unused-result -Wsign-compare -DDYNAMIC_ANNOTATIONS_ENABLED=1 -g -Ofast -Wall -Wstrict-prototypes -fomit-frame-pointer -funroll-loops  -ffast-math -Ofast -fno-signed-zeros -ffp-contract=fast -mmmx -msse -flto   -fomit-frame-pointer -funroll-loops  -ffast-math -Ofast -fno-signed-zeros -ffp-contract=fast -mmmx -msse -flto    -std=c99 -Wextra -Wno-unused-result -Wno-unused-parameter -Wno-missing-field-initializers -fomit-frame-pointer -funroll-loops  -ffast-math -Ofast -fno-signed-zeros -ffp-contract=fast -mmmx -msse -flto      -I. -I./Include -I/usr/local/opt/openblas/include -I/usr/local/opt/llvm/include -I/usr/local/opt/sqlite/include -I/usr/local/opt/readline/include -I/usr/local/opt/openssl@1.1/include  -I/usr/local/opt/openblas/include -I/usr/local/opt/llvm/include -I/usr/local/opt/sqlite/include -I/usr/local/opt/readline/include -I/usr/local/opt/openssl@1.1/include   -DPy_BUILD_CORE -o Modules/main.o Modules/main.c
cc -c -fsanitize=address -fno-omit-frame-pointer  -Wno-unused-result -Wsign-compare -DDYNAMIC_ANNOTATIONS_ENABLED=1 -g -Ofast -Wall -Wstrict-prototypes -fomit-frame-pointer -funroll-loops  -ffast-math -Ofast -fno-signed-zeros -ffp-contract=fast -mmmx -msse -flto   -fomit-frame-pointer -funroll-loops  -ffast-math -Ofast -fno-signed-zeros -ffp-contract=fast -mmmx -msse -flto    -std=c99 -Wextra -Wno-unused-result -Wno-unused-parameter -Wno-missing-field-initializers -fomit-frame-pointer -funroll-loops  -ffast-math -Ofast -fno-signed-zeros -ffp-contract=fast -mmmx -msse -flto      -I. -I./Include -I/usr/local/opt/openblas/include -I/usr/local/opt/llvm/include -I/usr/local/opt/sqlite/include -I/usr/local/opt/readline/include -I/usr/local/opt/openssl@1.1/include  -I/usr/local/opt/openblas/include -I/usr/local/opt/llvm/include -I/usr/local/opt/sqlite/include -I/usr/local/opt/readline/include -I/usr/local/opt/openssl@1.1/include   -DPy_BUILD_CORE -o Modules/gcmodule.o Modules/gcmodule.c
cc -fsanitize=address -fno-omit-frame-pointer  -Wno-unused-result -Wsign-compare -DDYNAMIC_ANNOTATIONS_ENABLED=1 -g -Ofast -Wall -Wstrict-prototypes -fomit-frame-pointer -funroll-loops  -ffast-math -Ofast -fno-signed-zeros -ffp-contract=fast -mmmx -msse -flto   -fomit-frame-pointer -funroll-loops  -ffast-math -Ofast -fno-signed-zeros -ffp-contract=fast -mmmx -msse -flto    -std=c99 -Wextra -Wno-unused-result -Wno-unused-parameter -Wno-missing-field-initializers -fomit-frame-pointer -funroll-loops  -ffast-math -Ofast -fno-signed-zeros -ffp-contract=fast -mmmx -msse -flto      -I. -I./Include -I/usr/local/opt/openblas/include -I/usr/local/opt/llvm/include -I/usr/local/opt/sqlite/include -I/usr/local/opt/readline/include -I/usr/local/opt/openssl@1.1/include  -I/usr/local/opt/openblas/include -I/usr/local/opt/llvm/include -I/usr/local/opt/sqlite/include -I/usr/local/opt/readline/include -I/usr/local/opt/openssl@1.1/include   -DPy_BUILD_CORE  -c ./Modules/_threadmodule.c -o Modules/_threadmodule.o
cc -fsanitize=address -fno-omit-frame-pointer  -Wno-unused-result -Wsign-compare -DDYNAMIC_ANNOTATIONS_ENABLED=1 -g -Ofast -Wall -Wstrict-prototypes -fomit-frame-pointer -funroll-loops  -ffast-math -Ofast -fno-signed-zeros -ffp-contract=fast -mmmx -msse -flto   -fomit-frame-pointer -funroll-loops  -ffast-math -Ofast -fno-signed-zeros -ffp-contract=fast -mmmx -msse -flto    -std=c99 -Wextra -Wno-unused-result -Wno-unused-parameter -Wno-missing-field-initializers -fomit-frame-pointer -funroll-loops  -ffast-math -Ofast -fno-signed-zeros -ffp-contract=fast -mmmx -msse -flto      -I. -I./Include -I/usr/local/opt/openblas/include -I/usr/local/opt/llvm/include -I/usr/local/opt/sqlite/include -I/usr/local/opt/readline/include -I/usr/local/opt/openssl@1.1/include  -I/usr/local/opt/openblas/include -I/usr/local/opt/llvm/include -I/usr/local/opt/sqlite/include -I/usr/local/opt/readline/include -I/usr/local/opt/openssl@1.1/include   -DPy_BUILD_CORE  -c ./Modules/posixmodule.c -o Modules/posixmodule.o
cc -fsanitize=address -fno-omit-frame-pointer  -Wno-unused-result -Wsign-compare -DDYNAMIC_ANNOTATIONS_ENABLED=1 -g -Ofast -Wall -Wstrict-prototypes -fomit-frame-pointer -funroll-loops  -ffast-math -Ofast -fno-signed-zeros -ffp-contract=fast -mmmx -msse -flto   -fomit-frame-pointer -funroll-loops  -ffast-math -Ofast -fno-signed-zeros -ffp-contract=fast -mmmx -msse -flto    -std=c99 -Wextra -Wno-unused-result -Wno-unused-parameter -Wno-missing-field-initializers -fomit-frame-pointer -funroll-loops  -ffast-math -Ofast -fno-signed-zeros -ffp-contract=fast -mmmx -msse -flto      -I. -I./Include -I/usr/local/opt/openblas/include -I/usr/local/opt/llvm/include -I/usr/local/opt/sqlite/include -I/usr/local/opt/readline/include -I/usr/local/opt/openssl@1.1/include  -I/usr/local/opt/openblas/include -I/usr/local/opt/llvm/include -I/usr/local/opt/sqlite/include -I/usr/local/opt/readline/include -I/usr/local/opt/openssl@1.1/include   -DPy_BUILD_CORE  -c ./Modules/errnomodule.c -o Modules/errnomodule.o
cc -fsanitize=address -fno-omit-frame-pointer  -Wno-unused-result -Wsign-compare -DDYNAMIC_ANNOTATIONS_ENABLED=1 -g -Ofast -Wall -Wstrict-prototypes -fomit-frame-pointer -funroll-loops  -ffast-math -Ofast -fno-signed-zeros -ffp-contract=fast -mmmx -msse -flto   -fomit-frame-pointer -funroll-loops  -ffast-math -Ofast -fno-signed-zeros -ffp-contract=fast -mmmx -msse -flto    -std=c99 -Wextra -Wno-unused-result -Wno-unused-parameter -Wno-missing-field-initializers -fomit-frame-pointer -funroll-loops  -ffast-math -Ofast -fno-signed-zeros -ffp-contract=fast -mmmx -msse -flto      -I. -I./Include -I/usr/local/opt/openblas/include -I/usr/local/opt/llvm/include -I/usr/local/opt/sqlite/include -I/usr/local/opt/readline/include -I/usr/local/opt/openssl@1.1/include  -I/usr/local/opt/openblas/include -I/usr/local/opt/llvm/include -I/usr/local/opt/sqlite/include -I/usr/local/opt/readline/include -I/usr/local/opt/openssl@1.1/include   -DPy_BUILD_CORE  -c ./Modules/pwdmodule.c -o Modules/pwdmodule.o
cc -fsanitize=address -fno-omit-frame-pointer  -Wno-unused-result -Wsign-compare -DDYNAMIC_ANNOTATIONS_ENABLED=1 -g -Ofast -Wall -Wstrict-prototypes -fomit-frame-pointer -funroll-loops  -ffast-math -Ofast -fno-signed-zeros -ffp-contract=fast -mmmx -msse -flto   -fomit-frame-pointer -funroll-loops  -ffast-math -Ofast -fno-signed-zeros -ffp-contract=fast -mmmx -msse -flto    -std=c99 -Wextra -Wno-unused-result -Wno-unused-parameter -Wno-missing-field-initializers -fomit-frame-pointer -funroll-loops  -ffast-math -Ofast -fno-signed-zeros -ffp-contract=fast -mmmx -msse -flto      -I. -I./Include -I/usr/local/opt/openblas/include -I/usr/local/opt/llvm/include -I/usr/local/opt/sqlite/include -I/usr/local/opt/readline/include -I/usr/local/opt/openssl@1.1/include  -I/usr/local/opt/openblas/include -I/usr/local/opt/llvm/include -I/usr/local/opt/sqlite/include -I/usr/local/opt/readline/include -I/usr/local/opt/openssl@1.1/include   -DPy_BUILD_CORE  -c ./Modules/_sre.c -o Modules/_sre.o
cc -fsanitize=address -fno-omit-frame-pointer  -Wno-unused-result -Wsign-compare -DDYNAMIC_ANNOTATIONS_ENABLED=1 -g -Ofast -Wall -Wstrict-prototypes -fomit-frame-pointer -funroll-loops  -ffast-math -Ofast -fno-signed-zeros -ffp-contract=fast -mmmx -msse -flto   -fomit-frame-pointer -funroll-loops  -ffast-math -Ofast -fno-signed-zeros -ffp-contract=fast -mmmx -msse -flto    -std=c99 -Wextra -Wno-unused-result -Wno-unused-parameter -Wno-missing-field-initializers -fomit-frame-pointer -funroll-loops  -ffast-math -Ofast -fno-signed-zeros -ffp-contract=fast -mmmx -msse -flto      -I. -I./Include -I/usr/local/opt/openblas/include -I/usr/local/opt/llvm/include -I/usr/local/opt/sqlite/include -I/usr/local/opt/readline/include -I/usr/local/opt/openssl@1.1/include  -I/usr/local/opt/openblas/include -I/usr/local/opt/llvm/include -I/usr/local/opt/sqlite/include -I/usr/local/opt/readline/include -I/usr/local/opt/openssl@1.1/include   -DPy_BUILD_CORE  -c ./Modules/_codecsmodule.c -o Modules/_codecsmodule.o
cc -fsanitize=address -fno-omit-frame-pointer  -Wno-unused-result -Wsign-compare -DDYNAMIC_ANNOTATIONS_ENABLED=1 -g -Ofast -Wall -Wstrict-prototypes -fomit-frame-pointer -funroll-loops  -ffast-math -Ofast -fno-signed-zeros -ffp-contract=fast -mmmx -msse -flto   -fomit-frame-pointer -funroll-loops  -ffast-math -Ofast -fno-signed-zeros -ffp-contract=fast -mmmx -msse -flto    -std=c99 -Wextra -Wno-unused-result -Wno-unused-parameter -Wno-missing-field-initializers -fomit-frame-pointer -funroll-loops  -ffast-math -Ofast -fno-signed-zeros -ffp-contract=fast -mmmx -msse -flto      -I. -I./Include -I/usr/local/opt/openblas/include -I/usr/local/opt/llvm/include -I/usr/local/opt/sqlite/include -I/usr/local/opt/readline/include -I/usr/local/opt/openssl@1.1/include  -I/usr/local/opt/openblas/include -I/usr/local/opt/llvm/include -I/usr/local/opt/sqlite/include -I/usr/local/opt/readline/include -I/usr/local/opt/openssl@1.1/include   -DPy_BUILD_CORE  -c ./Modules/_weakref.c -o Modules/_weakref.o
cc -fsanitize=address -fno-omit-frame-pointer  -Wno-unused-result -Wsign-compare -DDYNAMIC_ANNOTATIONS_ENABLED=1 -g -Ofast -Wall -Wstrict-prototypes -fomit-frame-pointer -funroll-loops  -ffast-math -Ofast -fno-signed-zeros -ffp-contract=fast -mmmx -msse -flto   -fomit-frame-pointer -funroll-loops  -ffast-math -Ofast -fno-signed-zeros -ffp-contract=fast -mmmx -msse -flto    -std=c99 -Wextra -Wno-unused-result -Wno-unused-parameter -Wno-missing-field-initializers -fomit-frame-pointer -funroll-loops  -ffast-math -Ofast -fno-signed-zeros -ffp-contract=fast -mmmx -msse -flto      -I. -I./Include -I/usr/local/opt/openblas/include -I/usr/local/opt/llvm/include -I/usr/local/opt/sqlite/include -I/usr/local/opt/readline/include -I/usr/local/opt/openssl@1.1/include  -I/usr/local/opt/openblas/include -I/usr/local/opt/llvm/include -I/usr/local/opt/sqlite/include -I/usr/local/opt/readline/include -I/usr/local/opt/openssl@1.1/include   -DPy_BUILD_CORE  -c ./Modules/_functoolsmodule.c -o Modules/_functoolsmodule.o
cc -fsanitize=address -fno-omit-frame-pointer  -Wno-unused-result -Wsign-compare -DDYNAMIC_ANNOTATIONS_ENABLED=1 -g -Ofast -Wall -Wstrict-prototypes -fomit-frame-pointer -funroll-loops  -ffast-math -Ofast -fno-signed-zeros -ffp-contract=fast -mmmx -msse -flto   -fomit-frame-pointer -funroll-loops  -ffast-math -Ofast -fno-signed-zeros -ffp-contract=fast -mmmx -msse -flto    -std=c99 -Wextra -Wno-unused-result -Wno-unused-parameter -Wno-missing-field-initializers -fomit-frame-pointer -funroll-loops  -ffast-math -Ofast -fno-signed-zeros -ffp-contract=fast -mmmx -msse -flto      -I. -I./Include -I/usr/local/opt/openblas/include -I/usr/local/opt/llvm/include -I/usr/local/opt/sqlite/include -I/usr/local/opt/readline/include -I/usr/local/opt/openssl@1.1/include  -I/usr/local/opt/openblas/include -I/usr/local/opt/llvm/include -I/usr/local/opt/sqlite/include -I/usr/local/opt/readline/include -I/usr/local/opt/openssl@1.1/include   -DPy_BUILD_CORE  -c ./Modules/_operator.c -o Modules/_operator.o
cc -fsanitize=address -fno-omit-frame-pointer  -Wno-unused-result -Wsign-compare -DDYNAMIC_ANNOTATIONS_ENABLED=1 -g -Ofast -Wall -Wstrict-prototypes -fomit-frame-pointer -funroll-loops  -ffast-math -Ofast -fno-signed-zeros -ffp-contract=fast -mmmx -msse -flto   -fomit-frame-pointer -funroll-loops  -ffast-math -Ofast -fno-signed-zeros -ffp-contract=fast -mmmx -msse -flto    -std=c99 -Wextra -Wno-unused-result -Wno-unused-parameter -Wno-missing-field-initializers -fomit-frame-pointer -funroll-loops  -ffast-math -Ofast -fno-signed-zeros -ffp-contract=fast -mmmx -msse -flto      -I. -I./Include -I/usr/local/opt/openblas/include -I/usr/local/opt/llvm/include -I/usr/local/opt/sqlite/include -I/usr/local/opt/readline/include -I/usr/local/opt/openssl@1.1/include  -I/usr/local/opt/openblas/include -I/usr/local/opt/llvm/include -I/usr/local/opt/sqlite/include -I/usr/local/opt/readline/include -I/usr/local/opt/openssl@1.1/include   -DPy_BUILD_CORE  -c ./Modules/_collectionsmodule.c -o Modules/_collectionsmodule.o
cc -fsanitize=address -fno-omit-frame-pointer  -Wno-unused-result -Wsign-compare -DDYNAMIC_ANNOTATIONS_ENABLED=1 -g -Ofast -Wall -Wstrict-prototypes -fomit-frame-pointer -funroll-loops  -ffast-math -Ofast -fno-signed-zeros -ffp-contract=fast -mmmx -msse -flto   -fomit-frame-pointer -funroll-loops  -ffast-math -Ofast -fno-signed-zeros -ffp-contract=fast -mmmx -msse -flto    -std=c99 -Wextra -Wno-unused-result -Wno-unused-parameter -Wno-missing-field-initializers -fomit-frame-pointer -funroll-loops  -ffast-math -Ofast -fno-signed-zeros -ffp-contract=fast -mmmx -msse -flto      -I. -I./Include -I/usr/local/opt/openblas/include -I/usr/local/opt/llvm/include -I/usr/local/opt/sqlite/include -I/usr/local/opt/readline/include -I/usr/local/opt/openssl@1.1/include  -I/usr/local/opt/openblas/include -I/usr/local/opt/llvm/include -I/usr/local/opt/sqlite/include -I/usr/local/opt/readline/include -I/usr/local/opt/openssl@1.1/include   -DPy_BUILD_CORE  -c ./Modules/itertoolsmodule.c -o Modules/itertoolsmodule.o
cc -fsanitize=address -fno-omit-frame-pointer  -Wno-unused-result -Wsign-compare -DDYNAMIC_ANNOTATIONS_ENABLED=1 -g -Ofast -Wall -Wstrict-prototypes -fomit-frame-pointer -funroll-loops  -ffast-math -Ofast -fno-signed-zeros -ffp-contract=fast -mmmx -msse -flto   -fomit-frame-pointer -funroll-loops  -ffast-math -Ofast -fno-signed-zeros -ffp-contract=fast -mmmx -msse -flto    -std=c99 -Wextra -Wno-unused-result -Wno-unused-parameter -Wno-missing-field-initializers -fomit-frame-pointer -funroll-loops  -ffast-math -Ofast -fno-signed-zeros -ffp-contract=fast -mmmx -msse -flto      -I. -I./Include -I/usr/local/opt/openblas/include -I/usr/local/opt/llvm/include -I/usr/local/opt/sqlite/include -I/usr/local/opt/readline/include -I/usr/local/opt/openssl@1.1/include  -I/usr/local/opt/openblas/include -I/usr/local/opt/llvm/include -I/usr/local/opt/sqlite/include -I/usr/local/opt/readline/include -I/usr/local/opt/openssl@1.1/include   -DPy_BUILD_CORE  -c ./Modules/atexitmodule.c -o Modules/atexitmodule.o
cc -fsanitize=address -fno-omit-frame-pointer  -Wno-unused-result -Wsign-compare -DDYNAMIC_ANNOTATIONS_ENABLED=1 -g -Ofast -Wall -Wstrict-prototypes -fomit-frame-pointer -funroll-loops  -ffast-math -Ofast -fno-signed-zeros -ffp-contract=fast -mmmx -msse -flto   -fomit-frame-pointer -funroll-loops  -ffast-math -Ofast -fno-signed-zeros -ffp-contract=fast -mmmx -msse -flto    -std=c99 -Wextra -Wno-unused-result -Wno-unused-parameter -Wno-missing-field-initializers -fomit-frame-pointer -funroll-loops  -ffast-math -Ofast -fno-signed-zeros -ffp-contract=fast -mmmx -msse -flto      -I. -I./Include -I/usr/local/opt/openblas/include -I/usr/local/opt/llvm/include -I/usr/local/opt/sqlite/include -I/usr/local/opt/readline/include -I/usr/local/opt/openssl@1.1/include  -I/usr/local/opt/openblas/include -I/usr/local/opt/llvm/include -I/usr/local/opt/sqlite/include -I/usr/local/opt/readline/include -I/usr/local/opt/openssl@1.1/include   -DPy_BUILD_CORE  -c ./Modules/signalmodule.c -o Modules/signalmodule.o
cc -fsanitize=address -fno-omit-frame-pointer  -Wno-unused-result -Wsign-compare -DDYNAMIC_ANNOTATIONS_ENABLED=1 -g -Ofast -Wall -Wstrict-prototypes -fomit-frame-pointer -funroll-loops  -ffast-math -Ofast -fno-signed-zeros -ffp-contract=fast -mmmx -msse -flto   -fomit-frame-pointer -funroll-loops  -ffast-math -Ofast -fno-signed-zeros -ffp-contract=fast -mmmx -msse -flto    -std=c99 -Wextra -Wno-unused-result -Wno-unused-parameter -Wno-missing-field-initializers -fomit-frame-pointer -funroll-loops  -ffast-math -Ofast -fno-signed-zeros -ffp-contract=fast -mmmx -msse -flto      -I. -I./Include -I/usr/local/opt/openblas/include -I/usr/local/opt/llvm/include -I/usr/local/opt/sqlite/include -I/usr/local/opt/readline/include -I/usr/local/opt/openssl@1.1/include  -I/usr/local/opt/openblas/include -I/usr/local/opt/llvm/include -I/usr/local/opt/sqlite/include -I/usr/local/opt/readline/include -I/usr/local/opt/openssl@1.1/include   -DPy_BUILD_CORE  -c ./Modules/_stat.c -o Modules/_stat.o
cc -fsanitize=address -fno-omit-frame-pointer  -Wno-unused-result -Wsign-compare -DDYNAMIC_ANNOTATIONS_ENABLED=1 -g -Ofast -Wall -Wstrict-prototypes -fomit-frame-pointer -funroll-loops  -ffast-math -Ofast -fno-signed-zeros -ffp-contract=fast -mmmx -msse -flto   -fomit-frame-pointer -funroll-loops  -ffast-math -Ofast -fno-signed-zeros -ffp-contract=fast -mmmx -msse -flto    -std=c99 -Wextra -Wno-unused-result -Wno-unused-parameter -Wno-missing-field-initializers -fomit-frame-pointer -funroll-loops  -ffast-math -Ofast -fno-signed-zeros -ffp-contract=fast -mmmx -msse -flto      -I. -I./Include -I/usr/local/opt/openblas/include -I/usr/local/opt/llvm/include -I/usr/local/opt/sqlite/include -I/usr/local/opt/readline/include -I/usr/local/opt/openssl@1.1/include  -I/usr/local/opt/openblas/include -I/usr/local/opt/llvm/include -I/usr/local/opt/sqlite/include -I/usr/local/opt/readline/include -I/usr/local/opt/openssl@1.1/include   -DPy_BUILD_CORE  -c ./Modules/timemodule.c -o Modules/timemodule.o
cc -fsanitize=address -fno-omit-frame-pointer  -Wno-unused-result -Wsign-compare -DDYNAMIC_ANNOTATIONS_ENABLED=1 -g -Ofast -Wall -Wstrict-prototypes -fomit-frame-pointer -funroll-loops  -ffast-math -Ofast -fno-signed-zeros -ffp-contract=fast -mmmx -msse -flto   -fomit-frame-pointer -funroll-loops  -ffast-math -Ofast -fno-signed-zeros -ffp-contract=fast -mmmx -msse -flto    -std=c99 -Wextra -Wno-unused-result -Wno-unused-parameter -Wno-missing-field-initializers -fomit-frame-pointer -funroll-loops  -ffast-math -Ofast -fno-signed-zeros -ffp-contract=fast -mmmx -msse -flto      -I. -I./Include -I/usr/local/opt/openblas/include -I/usr/local/opt/llvm/include -I/usr/local/opt/sqlite/include -I/usr/local/opt/readline/include -I/usr/local/opt/openssl@1.1/include  -I/usr/local/opt/openblas/include -I/usr/local/opt/llvm/include -I/usr/local/opt/sqlite/include -I/usr/local/opt/readline/include -I/usr/local/opt/openssl@1.1/include   -DPy_BUILD_CORE  -c ./Modules/_localemodule.c -o Modules/_localemodule.o
cc -fsanitize=address -fno-omit-frame-pointer  -Wno-unused-result -Wsign-compare -DDYNAMIC_ANNOTATIONS_ENABLED=1 -g -Ofast -Wall -Wstrict-prototypes -fomit-frame-pointer -funroll-loops  -ffast-math -Ofast -fno-signed-zeros -ffp-contract=fast -mmmx -msse -flto   -fomit-frame-pointer -funroll-loops  -ffast-math -Ofast -fno-signed-zeros -ffp-contract=fast -mmmx -msse -flto    -std=c99 -Wextra -Wno-unused-result -Wno-unused-parameter -Wno-missing-field-initializers -fomit-frame-pointer -funroll-loops  -ffast-math -Ofast -fno-signed-zeros -ffp-contract=fast -mmmx -msse -flto      -I. -I./Include -I/usr/local/opt/openblas/include -I/usr/local/opt/llvm/include -I/usr/local/opt/sqlite/include -I/usr/local/opt/readline/include -I/usr/local/opt/openssl@1.1/include  -I/usr/local/opt/openblas/include -I/usr/local/opt/llvm/include -I/usr/local/opt/sqlite/include -I/usr/local/opt/readline/include -I/usr/local/opt/openssl@1.1/include   -DPy_BUILD_CORE  -I./Modules/_io -c ./Modules/_io/_iomodule.c -o Modules/_iomodule.o
cc -fsanitize=address -fno-omit-frame-pointer  -Wno-unused-result -Wsign-compare -DDYNAMIC_ANNOTATIONS_ENABLED=1 -g -Ofast -Wall -Wstrict-prototypes -fomit-frame-pointer -funroll-loops  -ffast-math -Ofast -fno-signed-zeros -ffp-contract=fast -mmmx -msse -flto   -fomit-frame-pointer -funroll-loops  -ffast-math -Ofast -fno-signed-zeros -ffp-contract=fast -mmmx -msse -flto    -std=c99 -Wextra -Wno-unused-result -Wno-unused-parameter -Wno-missing-field-initializers -fomit-frame-pointer -funroll-loops  -ffast-math -Ofast -fno-signed-zeros -ffp-contract=fast -mmmx -msse -flto      -I. -I./Include -I/usr/local/opt/openblas/include -I/usr/local/opt/llvm/include -I/usr/local/opt/sqlite/include -I/usr/local/opt/readline/include -I/usr/local/opt/openssl@1.1/include  -I/usr/local/opt/openblas/include -I/usr/local/opt/llvm/include -I/usr/local/opt/sqlite/include -I/usr/local/opt/readline/include -I/usr/local/opt/openssl@1.1/include   -DPy_BUILD_CORE  -I./Modules/_io -c ./Modules/_io/iobase.c -o Modules/iobase.o
cc -fsanitize=address -fno-omit-frame-pointer  -Wno-unused-result -Wsign-compare -DDYNAMIC_ANNOTATIONS_ENABLED=1 -g -Ofast -Wall -Wstrict-prototypes -fomit-frame-pointer -funroll-loops  -ffast-math -Ofast -fno-signed-zeros -ffp-contract=fast -mmmx -msse -flto   -fomit-frame-pointer -funroll-loops  -ffast-math -Ofast -fno-signed-zeros -ffp-contract=fast -mmmx -msse -flto    -std=c99 -Wextra -Wno-unused-result -Wno-unused-parameter -Wno-missing-field-initializers -fomit-frame-pointer -funroll-loops  -ffast-math -Ofast -fno-signed-zeros -ffp-contract=fast -mmmx -msse -flto      -I. -I./Include -I/usr/local/opt/openblas/include -I/usr/local/opt/llvm/include -I/usr/local/opt/sqlite/include -I/usr/local/opt/readline/include -I/usr/local/opt/openssl@1.1/include  -I/usr/local/opt/openblas/include -I/usr/local/opt/llvm/include -I/usr/local/opt/sqlite/include -I/usr/local/opt/readline/include -I/usr/local/opt/openssl@1.1/include   -DPy_BUILD_CORE  -I./Modules/_io -c ./Modules/_io/fileio.c -o Modules/fileio.o
cc -fsanitize=address -fno-omit-frame-pointer  -Wno-unused-result -Wsign-compare -DDYNAMIC_ANNOTATIONS_ENABLED=1 -g -Ofast -Wall -Wstrict-prototypes -fomit-frame-pointer -funroll-loops  -ffast-math -Ofast -fno-signed-zeros -ffp-contract=fast -mmmx -msse -flto   -fomit-frame-pointer -funroll-loops  -ffast-math -Ofast -fno-signed-zeros -ffp-contract=fast -mmmx -msse -flto    -std=c99 -Wextra -Wno-unused-result -Wno-unused-parameter -Wno-missing-field-initializers -fomit-frame-pointer -funroll-loops  -ffast-math -Ofast -fno-signed-zeros -ffp-contract=fast -mmmx -msse -flto      -I. -I./Include -I/usr/local/opt/openblas/include -I/usr/local/opt/llvm/include -I/usr/local/opt/sqlite/include -I/usr/local/opt/readline/include -I/usr/local/opt/openssl@1.1/include  -I/usr/local/opt/openblas/include -I/usr/local/opt/llvm/include -I/usr/local/opt/sqlite/include -I/usr/local/opt/readline/include -I/usr/local/opt/openssl@1.1/include   -DPy_BUILD_CORE  -I./Modules/_io -c ./Modules/_io/bytesio.c -o Modules/bytesio.o
cc -fsanitize=address -fno-omit-frame-pointer  -Wno-unused-result -Wsign-compare -DDYNAMIC_ANNOTATIONS_ENABLED=1 -g -Ofast -Wall -Wstrict-prototypes -fomit-frame-pointer -funroll-loops  -ffast-math -Ofast -fno-signed-zeros -ffp-contract=fast -mmmx -msse -flto   -fomit-frame-pointer -funroll-loops  -ffast-math -Ofast -fno-signed-zeros -ffp-contract=fast -mmmx -msse -flto    -std=c99 -Wextra -Wno-unused-result -Wno-unused-parameter -Wno-missing-field-initializers -fomit-frame-pointer -funroll-loops  -ffast-math -Ofast -fno-signed-zeros -ffp-contract=fast -mmmx -msse -flto      -I. -I./Include -I/usr/local/opt/openblas/include -I/usr/local/opt/llvm/include -I/usr/local/opt/sqlite/include -I/usr/local/opt/readline/include -I/usr/local/opt/openssl@1.1/include  -I/usr/local/opt/openblas/include -I/usr/local/opt/llvm/include -I/usr/local/opt/sqlite/include -I/usr/local/opt/readline/include -I/usr/local/opt/openssl@1.1/include   -DPy_BUILD_CORE  -I./Modules/_io -c ./Modules/_io/bufferedio.c -o Modules/bufferedio.o
cc -fsanitize=address -fno-omit-frame-pointer  -Wno-unused-result -Wsign-compare -DDYNAMIC_ANNOTATIONS_ENABLED=1 -g -Ofast -Wall -Wstrict-prototypes -fomit-frame-pointer -funroll-loops  -ffast-math -Ofast -fno-signed-zeros -ffp-contract=fast -mmmx -msse -flto   -fomit-frame-pointer -funroll-loops  -ffast-math -Ofast -fno-signed-zeros -ffp-contract=fast -mmmx -msse -flto    -std=c99 -Wextra -Wno-unused-result -Wno-unused-parameter -Wno-missing-field-initializers -fomit-frame-pointer -funroll-loops  -ffast-math -Ofast -fno-signed-zeros -ffp-contract=fast -mmmx -msse -flto      -I. -I./Include -I/usr/local/opt/openblas/include -I/usr/local/opt/llvm/include -I/usr/local/opt/sqlite/include -I/usr/local/opt/readline/include -I/usr/local/opt/openssl@1.1/include  -I/usr/local/opt/openblas/include -I/usr/local/opt/llvm/include -I/usr/local/opt/sqlite/include -I/usr/local/opt/readline/include -I/usr/local/opt/openssl@1.1/include   -DPy_BUILD_CORE  -I./Modules/_io -c ./Modules/_io/textio.c -o Modules/textio.o
cc -fsanitize=address -fno-omit-frame-pointer  -Wno-unused-result -Wsign-compare -DDYNAMIC_ANNOTATIONS_ENABLED=1 -g -Ofast -Wall -Wstrict-prototypes -fomit-frame-pointer -funroll-loops  -ffast-math -Ofast -fno-signed-zeros -ffp-contract=fast -mmmx -msse -flto   -fomit-frame-pointer -funroll-loops  -ffast-math -Ofast -fno-signed-zeros -ffp-contract=fast -mmmx -msse -flto    -std=c99 -Wextra -Wno-unused-result -Wno-unused-parameter -Wno-missing-field-initializers -fomit-frame-pointer -funroll-loops  -ffast-math -Ofast -fno-signed-zeros -ffp-contract=fast -mmmx -msse -flto      -I. -I./Include -I/usr/local/opt/openblas/include -I/usr/local/opt/llvm/include -I/usr/local/opt/sqlite/include -I/usr/local/opt/readline/include -I/usr/local/opt/openssl@1.1/include  -I/usr/local/opt/openblas/include -I/usr/local/opt/llvm/include -I/usr/local/opt/sqlite/include -I/usr/local/opt/readline/include -I/usr/local/opt/openssl@1.1/include   -DPy_BUILD_CORE  -I./Modules/_io -c ./Modules/_io/stringio.c -o Modules/stringio.o
cc -fsanitize=address -fno-omit-frame-pointer  -Wno-unused-result -Wsign-compare -DDYNAMIC_ANNOTATIONS_ENABLED=1 -g -Ofast -Wall -Wstrict-prototypes -fomit-frame-pointer -funroll-loops  -ffast-math -Ofast -fno-signed-zeros -ffp-contract=fast -mmmx -msse -flto   -fomit-frame-pointer -funroll-loops  -ffast-math -Ofast -fno-signed-zeros -ffp-contract=fast -mmmx -msse -flto    -std=c99 -Wextra -Wno-unused-result -Wno-unused-parameter -Wno-missing-field-initializers -fomit-frame-pointer -funroll-loops  -ffast-math -Ofast -fno-signed-zeros -ffp-contract=fast -mmmx -msse -flto      -I. -I./Include -I/usr/local/opt/openblas/include -I/usr/local/opt/llvm/include -I/usr/local/opt/sqlite/include -I/usr/local/opt/readline/include -I/usr/local/opt/openssl@1.1/include  -I/usr/local/opt/openblas/include -I/usr/local/opt/llvm/include -I/usr/local/opt/sqlite/include -I/usr/local/opt/readline/include -I/usr/local/opt/openssl@1.1/include   -DPy_BUILD_CORE  -c ./Modules/zipimport.c -o Modules/zipimport.o
cc -fsanitize=address -fno-omit-frame-pointer  -Wno-unused-result -Wsign-compare -DDYNAMIC_ANNOTATIONS_ENABLED=1 -g -Ofast -Wall -Wstrict-prototypes -fomit-frame-pointer -funroll-loops  -ffast-math -Ofast -fno-signed-zeros -ffp-contract=fast -mmmx -msse -flto   -fomit-frame-pointer -funroll-loops  -ffast-math -Ofast -fno-signed-zeros -ffp-contract=fast -mmmx -msse -flto    -std=c99 -Wextra -Wno-unused-result -Wno-unused-parameter -Wno-missing-field-initializers -fomit-frame-pointer -funroll-loops  -ffast-math -Ofast -fno-signed-zeros -ffp-contract=fast -mmmx -msse -flto      -I. -I./Include -I/usr/local/opt/openblas/include -I/usr/local/opt/llvm/include -I/usr/local/opt/sqlite/include -I/usr/local/opt/readline/include -I/usr/local/opt/openssl@1.1/include  -I/usr/local/opt/openblas/include -I/usr/local/opt/llvm/include -I/usr/local/opt/sqlite/include -I/usr/local/opt/readline/include -I/usr/local/opt/openssl@1.1/include   -DPy_BUILD_CORE  -c ./Modules/faulthandler.c -o Modules/faulthandler.o
cc -fsanitize=address -fno-omit-frame-pointer  -Wno-unused-result -Wsign-compare -DDYNAMIC_ANNOTATIONS_ENABLED=1 -g -Ofast -Wall -Wstrict-prototypes -fomit-frame-pointer -funroll-loops  -ffast-math -Ofast -fno-signed-zeros -ffp-contract=fast -mmmx -msse -flto   -fomit-frame-pointer -funroll-loops  -ffast-math -Ofast -fno-signed-zeros -ffp-contract=fast -mmmx -msse -flto    -std=c99 -Wextra -Wno-unused-result -Wno-unused-parameter -Wno-missing-field-initializers -fomit-frame-pointer -funroll-loops  -ffast-math -Ofast -fno-signed-zeros -ffp-contract=fast -mmmx -msse -flto      -I. -I./Include -I/usr/local/opt/openblas/include -I/usr/local/opt/llvm/include -I/usr/local/opt/sqlite/include -I/usr/local/opt/readline/include -I/usr/local/opt/openssl@1.1/include  -I/usr/local/opt/openblas/include -I/usr/local/opt/llvm/include -I/usr/local/opt/sqlite/include -I/usr/local/opt/readline/include -I/usr/local/opt/openssl@1.1/include   -DPy_BUILD_CORE  -c ./Modules/_tracemalloc.c -o Modules/_tracemalloc.o
cc -fsanitize=address -fno-omit-frame-pointer  -Wno-unused-result -Wsign-compare -DDYNAMIC_ANNOTATIONS_ENABLED=1 -g -Ofast -Wall -Wstrict-prototypes -fomit-frame-pointer -funroll-loops  -ffast-math -Ofast -fno-signed-zeros -ffp-contract=fast -mmmx -msse -flto   -fomit-frame-pointer -funroll-loops  -ffast-math -Ofast -fno-signed-zeros -ffp-contract=fast -mmmx -msse -flto    -std=c99 -Wextra -Wno-unused-result -Wno-unused-parameter -Wno-missing-field-initializers -fomit-frame-pointer -funroll-loops  -ffast-math -Ofast -fno-signed-zeros -ffp-contract=fast -mmmx -msse -flto      -I. -I./Include -I/usr/local/opt/openblas/include -I/usr/local/opt/llvm/include -I/usr/local/opt/sqlite/include -I/usr/local/opt/readline/include -I/usr/local/opt/openssl@1.1/include  -I/usr/local/opt/openblas/include -I/usr/local/opt/llvm/include -I/usr/local/opt/sqlite/include -I/usr/local/opt/readline/include -I/usr/local/opt/openssl@1.1/include   -DPy_BUILD_CORE  -c ./Modules/hashtable.c -o Modules/hashtable.o
cc -fsanitize=address -fno-omit-frame-pointer  -Wno-unused-result -Wsign-compare -DDYNAMIC_ANNOTATIONS_ENABLED=1 -g -Ofast -Wall -Wstrict-prototypes -fomit-frame-pointer -funroll-loops  -ffast-math -Ofast -fno-signed-zeros -ffp-contract=fast -mmmx -msse -flto   -fomit-frame-pointer -funroll-loops  -ffast-math -Ofast -fno-signed-zeros -ffp-contract=fast -mmmx -msse -flto    -std=c99 -Wextra -Wno-unused-result -Wno-unused-parameter -Wno-missing-field-initializers -fomit-frame-pointer -funroll-loops  -ffast-math -Ofast -fno-signed-zeros -ffp-contract=fast -mmmx -msse -flto      -I. -I./Include -I/usr/local/opt/openblas/include -I/usr/local/opt/llvm/include -I/usr/local/opt/sqlite/include -I/usr/local/opt/readline/include -I/usr/local/opt/openssl@1.1/include  -I/usr/local/opt/openblas/include -I/usr/local/opt/llvm/include -I/usr/local/opt/sqlite/include -I/usr/local/opt/readline/include -I/usr/local/opt/openssl@1.1/include   -DPy_BUILD_CORE  -c ./Modules/symtablemodule.c -o Modules/symtablemodule.o
cc -fsanitize=address -fno-omit-frame-pointer  -Wno-unused-result -Wsign-compare -DDYNAMIC_ANNOTATIONS_ENABLED=1 -g -Ofast -Wall -Wstrict-prototypes -fomit-frame-pointer -funroll-loops  -ffast-math -Ofast -fno-signed-zeros -ffp-contract=fast -mmmx -msse -flto   -fomit-frame-pointer -funroll-loops  -ffast-math -Ofast -fno-signed-zeros -ffp-contract=fast -mmmx -msse -flto    -std=c99 -Wextra -Wno-unused-result -Wno-unused-parameter -Wno-missing-field-initializers -fomit-frame-pointer -funroll-loops  -ffast-math -Ofast -fno-signed-zeros -ffp-contract=fast -mmmx -msse -flto      -I. -I./Include -I/usr/local/opt/openblas/include -I/usr/local/opt/llvm/include -I/usr/local/opt/sqlite/include -I/usr/local/opt/readline/include -I/usr/local/opt/openssl@1.1/include  -I/usr/local/opt/openblas/include -I/usr/local/opt/llvm/include -I/usr/local/opt/sqlite/include -I/usr/local/opt/readline/include -I/usr/local/opt/openssl@1.1/include   -DPy_BUILD_CORE  -c ./Modules/xxsubtype.c -o Modules/xxsubtype.o
cc -c -fsanitize=address -fno-omit-frame-pointer  -Wno-unused-result -Wsign-compare -DDYNAMIC_ANNOTATIONS_ENABLED=1 -g -Ofast -Wall -Wstrict-prototypes -fomit-frame-pointer -funroll-loops  -ffast-math -Ofast -fno-signed-zeros -ffp-contract=fast -mmmx -msse -flto   -fomit-frame-pointer -funroll-loops  -ffast-math -Ofast -fno-signed-zeros -ffp-contract=fast -mmmx -msse -flto    -std=c99 -Wextra -Wno-unused-result -Wno-unused-parameter -Wno-missing-field-initializers -fomit-frame-pointer -funroll-loops  -ffast-math -Ofast -fno-signed-zeros -ffp-contract=fast -mmmx -msse -flto      -I. -I./Include -I/usr/local/opt/openblas/include -I/usr/local/opt/llvm/include -I/usr/local/opt/sqlite/include -I/usr/local/opt/readline/include -I/usr/local/opt/openssl@1.1/include  -I/usr/local/opt/openblas/include -I/usr/local/opt/llvm/include -I/usr/local/opt/sqlite/include -I/usr/local/opt/readline/include -I/usr/local/opt/openssl@1.1/include   -DPy_BUILD_CORE -o Python/frozen.o Python/frozen.c
cc -c  -fsanitize=address -fno-omit-frame-pointer  -Wno-unused-result -Wsign-compare -DDYNAMIC_ANNOTATIONS_ENABLED=1 -g -Ofast -Wall -Wstrict-prototypes -fomit-frame-pointer -funroll-loops  -ffast-math -Ofast -fno-signed-zeros -ffp-contract=fast -mmmx -msse -flto   -fomit-frame-pointer -funroll-loops  -ffast-math -Ofast -fno-signed-zeros -ffp-contract=fast -mmmx -msse -flto    -std=c99 -Wextra -Wno-unused-result -Wno-unused-parameter -Wno-missing-field-initializers -fomit-frame-pointer -funroll-loops  -ffast-math -Ofast -fno-signed-zeros -ffp-contract=fast -mmmx -msse -flto      -I. -I./Include -I/usr/local/opt/openblas/include -I/usr/local/opt/llvm/include -I/usr/local/opt/sqlite/include -I/usr/local/opt/readline/include -I/usr/local/opt/openssl@1.1/include  -I/usr/local/opt/openblas/include -I/usr/local/opt/llvm/include -I/usr/local/opt/sqlite/include -I/usr/local/opt/readline/include -I/usr/local/opt/openssl@1.1/include   -DPy_BUILD_CORE -o Modules/_math.o Modules/_math.c
cc -c -fsanitize=address -fno-omit-frame-pointer  -Wno-unused-result -Wsign-compare -DDYNAMIC_ANNOTATIONS_ENABLED=1 -g -Ofast -Wall -Wstrict-prototypes -fomit-frame-pointer -funroll-loops  -ffast-math -Ofast -fno-signed-zeros -ffp-contract=fast -mmmx -msse -flto   -fomit-frame-pointer -funroll-loops  -ffast-math -Ofast -fno-signed-zeros -ffp-contract=fast -mmmx -msse -flto    -std=c99 -Wextra -Wno-unused-result -Wno-unused-parameter -Wno-missing-field-initializers -fomit-frame-pointer -funroll-loops  -ffast-math -Ofast -fno-signed-zeros -ffp-contract=fast -mmmx -msse -flto      -I. -I./Include -I/usr/local/opt/openblas/include -I/usr/local/opt/llvm/include -I/usr/local/opt/sqlite/include -I/usr/local/opt/readline/include -I/usr/local/opt/openssl@1.1/include  -I/usr/local/opt/openblas/include -I/usr/local/opt/llvm/include -I/usr/local/opt/sqlite/include -I/usr/local/opt/readline/include -I/usr/local/opt/openssl@1.1/include   -DPy_BUILD_CORE -o Programs/_testembed.o ./Programs/_testembed.c
cc -c -fsanitize=address -fno-omit-frame-pointer  -Wno-unused-result -Wsign-compare -DDYNAMIC_ANNOTATIONS_ENABLED=1 -g -Ofast -Wall -Wstrict-prototypes -fomit-frame-pointer -funroll-loops  -ffast-math -Ofast -fno-signed-zeros -ffp-contract=fast -mmmx -msse -flto   -fomit-frame-pointer -funroll-loops  -ffast-math -Ofast -fno-signed-zeros -ffp-contract=fast -mmmx -msse -flto    -std=c99 -Wextra -Wno-unused-result -Wno-unused-parameter -Wno-missing-field-initializers -fomit-frame-pointer -funroll-loops  -ffast-math -Ofast -fno-signed-zeros -ffp-contract=fast -mmmx -msse -flto      -I. -I./Include -I/usr/local/opt/openblas/include -I/usr/local/opt/llvm/include -I/usr/local/opt/sqlite/include -I/usr/local/opt/readline/include -I/usr/local/opt/openssl@1.1/include  -I/usr/local/opt/openblas/include -I/usr/local/opt/llvm/include -I/usr/local/opt/sqlite/include -I/usr/local/opt/readline/include -I/usr/local/opt/openssl@1.1/include   -DPy_BUILD_CORE \
      -DGITVERSION="\"`LC_ALL=C git -C . rev-parse --short HEAD`\"" \
      -DGITTAG="\"`LC_ALL=C git -C . describe --all --always --dirty`\"" \
      -DGITBRANCH="\"`LC_ALL=C git -C . name-rev --name-only HEAD`\"" \
      -o Modules/getbuildinfo.o ./Modules/getbuildinfo.c
rm -f libpython3.6dm.a
cc -dynamiclib -Wl,-single_module -fsanitize=address -L/usr/local/opt/openblas/lib -L/usr/local/opt/llvm/lib -L/usr/local/opt/sqlite/lib -L/usr/local/opt/readline/lib -L/usr/local/opt/openssl@1.1/lib  -L/usr/local/opt/openblas/lib -L/usr/local/opt/llvm/lib -L/usr/local/opt/sqlite/lib -L/usr/local/opt/readline/lib -L/usr/local/opt/openssl@1.1/lib   -undefined dynamic_lookup -Wl,-install_name,/usr/local/Cellar/python3/3.6.2/lib/libpython3.6dm.dylib -Wl,-compatibility_version,3.6 -Wl,-current_version,3.6 -o libpython3.6dm.dylib Modules/getbuildinfo.o Parser/acceler.o Parser/grammar1.o Parser/listnode.o Parser/node.o Parser/parser.o Parser/bitset.o Parser/metagrammar.o Parser/firstsets.o Parser/grammar.o Parser/pgen.o Parser/myreadline.o Parser/parsetok.o Parser/tokenizer.o Objects/abstract.o Objects/accu.o Objects/boolobject.o Objects/bytes_methods.o Objects/bytearrayobject.o Objects/bytesobject.o Objects/cellobject.o Objects/classobject.o Objects/codeobject.o Objects/complexobject.o Objects/descrobject.o Objects/enumobject.o Objects/exceptions.o Objects/genobject.o Objects/fileobject.o Objects/floatobject.o Objects/frameobject.o Objects/funcobject.o Objects/iterobject.o Objects/listobject.o Objects/longobject.o Objects/dictobject.o Objects/odictobject.o Objects/memoryobject.o Objects/methodobject.o Objects/moduleobject.o Objects/namespaceobject.o Objects/object.o Objects/obmalloc.o Objects/capsule.o Objects/rangeobject.o Objects/setobject.o Objects/sliceobject.o Objects/structseq.o Objects/tupleobject.o Objects/typeobject.o Objects/unicodeobject.o Objects/unicodectype.o Objects/weakrefobject.o Python/_warnings.o Python/Python-ast.o Python/asdl.o Python/ast.o Python/bltinmodule.o Python/ceval.o Python/compile.o Python/codecs.o Python/dynamic_annotations.o Python/errors.o Python/frozenmain.o Python/future.o Python/getargs.o Python/getcompiler.o Python/getcopyright.o Python/getplatform.o Python/getversion.o Python/graminit.o Python/import.o Python/importdl.o Python/marshal.o Python/modsupport.o Python/mystrtoul.o Python/mysnprintf.o Python/peephole.o Python/pyarena.o Python/pyctype.o Python/pyfpe.o Python/pyhash.o Python/pylifecycle.o Python/pymath.o Python/pystate.o Python/pythonrun.o Python/pytime.o Python/random.o Python/structmember.o Python/symtable.o Python/sysmodule.o Python/traceback.o Python/getopt.o Python/pystrcmp.o Python/pystrtod.o Python/pystrhex.o Python/dtoa.o Python/formatter_unicode.o Python/fileutils.o Python/dynload_shlib.o   Python/thread.o  Modules/config.o Modules/getpath.o Modules/main.o Modules/gcmodule.o Modules/_threadmodule.o  Modules/posixmodule.o  Modules/errnomodule.o  Modules/pwdmodule.o  Modules/_sre.o  Modules/_codecsmodule.o  Modules/_weakref.o  Modules/_functoolsmodule.o  Modules/_operator.o  Modules/_collectionsmodule.o  Modules/itertoolsmodule.o  Modules/atexitmodule.o  Modules/signalmodule.o  Modules/_stat.o  Modules/timemodule.o  Modules/_localemodule.o  Modules/_iomodule.o Modules/iobase.o Modules/fileio.o Modules/bytesio.o Modules/bufferedio.o Modules/textio.o Modules/stringio.o  Modules/zipimport.o  Modules/faulthandler.o  Modules/_tracemalloc.o Modules/hashtable.o  Modules/symtablemodule.o  Modules/xxsubtype.o Python/frozen.o -lintl -ldl  -framework CoreFoundation   ; \

ar rc libpython3.6dm.a Modules/getbuildinfo.o
ar rc libpython3.6dm.a Parser/acceler.o Parser/grammar1.o Parser/listnode.o Parser/node.o Parser/parser.o Parser/bitset.o Parser/metagrammar.o Parser/firstsets.o Parser/grammar.o Parser/pgen.o Parser/myreadline.o Parser/parsetok.o Parser/tokenizer.o
ar rc libpython3.6dm.a Objects/abstract.o Objects/accu.o Objects/boolobject.o Objects/bytes_methods.o Objects/bytearrayobject.o Objects/bytesobject.o Objects/cellobject.o Objects/classobject.o Objects/codeobject.o Objects/complexobject.o Objects/descrobject.o Objects/enumobject.o Objects/exceptions.o Objects/genobject.o Objects/fileobject.o Objects/floatobject.o Objects/frameobject.o Objects/funcobject.o Objects/iterobject.o Objects/listobject.o Objects/longobject.o Objects/dictobject.o Objects/odictobject.o Objects/memoryobject.o Objects/methodobject.o Objects/moduleobject.o Objects/namespaceobject.o Objects/object.o Objects/obmalloc.o Objects/capsule.o Objects/rangeobject.o Objects/setobject.o Objects/sliceobject.o Objects/structseq.o Objects/tupleobject.o Objects/typeobject.o Objects/unicodeobject.o Objects/unicodectype.o Objects/weakrefobject.o
ar rc libpython3.6dm.a Python/_warnings.o Python/Python-ast.o Python/asdl.o Python/ast.o Python/bltinmodule.o Python/ceval.o Python/compile.o Python/codecs.o Python/dynamic_annotations.o Python/errors.o Python/frozenmain.o Python/future.o Python/getargs.o Python/getcompiler.o Python/getcopyright.o Python/getplatform.o Python/getversion.o Python/graminit.o Python/import.o Python/importdl.o Python/marshal.o Python/modsupport.o Python/mystrtoul.o Python/mysnprintf.o Python/peephole.o Python/pyarena.o Python/pyctype.o Python/pyfpe.o Python/pyhash.o Python/pylifecycle.o Python/pymath.o Python/pystate.o Python/pythonrun.o Python/pytime.o Python/random.o Python/structmember.o Python/symtable.o Python/sysmodule.o Python/traceback.o Python/getopt.o Python/pystrcmp.o Python/pystrtod.o Python/pystrhex.o Python/dtoa.o Python/formatter_unicode.o Python/fileutils.o Python/dynload_shlib.o   Python/thread.o  Python/frozen.o
ar rc libpython3.6dm.a Modules/config.o Modules/getpath.o Modules/main.o Modules/gcmodule.o
ar rc libpython3.6dm.a Modules/_threadmodule.o  Modules/posixmodule.o  Modules/errnomodule.o  Modules/pwdmodule.o  Modules/_sre.o  Modules/_codecsmodule.o  Modules/_weakref.o  Modules/_functoolsmodule.o  Modules/_operator.o  Modules/_collectionsmodule.o  Modules/itertoolsmodule.o  Modules/atexitmodule.o  Modules/signalmodule.o  Modules/_stat.o  Modules/timemodule.o  Modules/_localemodule.o  Modules/_iomodule.o Modules/iobase.o Modules/fileio.o Modules/bytesio.o Modules/bufferedio.o Modules/textio.o Modules/stringio.o  Modules/zipimport.o  Modules/faulthandler.o  Modules/_tracemalloc.o Modules/hashtable.o  Modules/symtablemodule.o  Modules/xxsubtype.o
ranlib libpython3.6dm.a
cc -fsanitize=address -L/usr/local/opt/openblas/lib -L/usr/local/opt/llvm/lib -L/usr/local/opt/sqlite/lib -L/usr/local/opt/readline/lib -L/usr/local/opt/openssl@1.1/lib  -L/usr/local/opt/openblas/lib -L/usr/local/opt/llvm/lib -L/usr/local/opt/sqlite/lib -L/usr/local/opt/readline/lib -L/usr/local/opt/openssl@1.1/lib   -Wl,-stack_size,1000000  -framework CoreFoundation -o python Programs/python.o -L. -lpython3.6dm -lintl -ldl  -framework CoreFoundation     
cc -fsanitize=address -L/usr/local/opt/openblas/lib -L/usr/local/opt/llvm/lib -L/usr/local/opt/sqlite/lib -L/usr/local/opt/readline/lib -L/usr/local/opt/openssl@1.1/lib  -L/usr/local/opt/openblas/lib -L/usr/local/opt/llvm/lib -L/usr/local/opt/sqlite/lib -L/usr/local/opt/readline/lib -L/usr/local/opt/openssl@1.1/lib   -Wl,-stack_size,1000000  -framework CoreFoundation -o Programs/_testembed Programs/_testembed.o -L. -lpython3.6dm -lintl -ldl  -framework CoreFoundation     
DYLD_LIBRARY_PATH=/Users/dojo/Library/Caches/Homebrew/Python-3.6.2 ./python -E -S -m sysconfig --generate-posix-vars ;\
if test $? -ne 0 ; then \
	echo "generate-posix-vars failed" ; \
	rm -f ./pybuilddir.txt ; \
	exit 1 ; \
fi
running build
running build_ext
building '_struct' extension
cc -fsanitize=address -fno-omit-frame-pointer -Wno-unused-result -Wsign-compare -DDYNAMIC_ANNOTATIONS_ENABLED=1 -g -Ofast -Wall -Wstrict-prototypes -fomit-frame-pointer -funroll-loops -ffast-math -Ofast -fno-signed-zeros -ffp-contract=fast -mmmx -msse -flto -fomit-frame-pointer -funroll-loops -ffast-math -Ofast -fno-signed-zeros -ffp-contract=fast -mmmx -msse -flto -std=c99 -Wextra -Wno-unused-result -Wno-unused-parameter -Wno-missing-field-initializers -fomit-frame-pointer -funroll-loops -ffast-math -Ofast -fno-signed-zeros -ffp-contract=fast -mmmx -msse -flto -march=native -I./Include -I. -I/usr/local/opt/openblas/include -I/usr/local/opt/llvm/include -I/usr/local/opt/sqlite/include -I/usr/local/opt/readline/include -I/usr/local/opt/openssl@1.1/include -I/usr/local/include -I/Users/dojo/Library/Caches/Homebrew/Python-3.6.2/Include -I/Users/dojo/Library/Caches/Homebrew/Python-3.6.2 -c /Users/dojo/Library/Caches/Homebrew/Python-3.6.2/Modules/_struct.c -o build/temp.macosx-10.12.6-x86_64-3.6-pydebug/Users/dojo/Library/Caches/Homebrew/Python-3.6.2/Modules/_struct.o
building '_ctypes_test' extension
cc -fsanitize=address -fno-omit-frame-pointer -Wno-unused-result -Wsign-compare -DDYNAMIC_ANNOTATIONS_ENABLED=1 -g -Ofast -Wall -Wstrict-prototypes -fomit-frame-pointer -funroll-loops -ffast-math -Ofast -fno-signed-zeros -ffp-contract=fast -mmmx -msse -flto -fomit-frame-pointer -funroll-loops -ffast-math -Ofast -fno-signed-zeros -ffp-contract=fast -mmmx -msse -flto -std=c99 -Wextra -Wno-unused-result -Wno-unused-parameter -Wno-missing-field-initializers -fomit-frame-pointer -funroll-loops -ffast-math -Ofast -fno-signed-zeros -ffp-contract=fast -mmmx -msse -flto -march=native -I./Include -I. -I/usr/local/opt/openblas/include -I/usr/local/opt/llvm/include -I/usr/local/opt/sqlite/include -I/usr/local/opt/readline/include -I/usr/local/opt/openssl@1.1/include -I/usr/local/include -I/Users/dojo/Library/Caches/Homebrew/Python-3.6.2/Include -I/Users/dojo/Library/Caches/Homebrew/Python-3.6.2 -c /Users/dojo/Library/Caches/Homebrew/Python-3.6.2/Modules/_ctypes/_ctypes_test.c -o build/temp.macosx-10.12.6-x86_64-3.6-pydebug/Users/dojo/Library/Caches/Homebrew/Python-3.6.2/Modules/_ctypes/_ctypes_test.o
building 'array' extension
building 'cmath' extension
cc -fsanitize=address -fno-omit-frame-pointer -Wno-unused-result -Wsign-compare -DDYNAMIC_ANNOTATIONS_ENABLED=1 -g -Ofast -Wall -Wstrict-prototypes -fomit-frame-pointer -funroll-loops -ffast-math -Ofast -fno-signed-zeros -ffp-contract=fast -mmmx -msse -flto -fomit-frame-pointer -funroll-loops -ffast-math -Ofast -fno-signed-zeros -ffp-contract=fast -mmmx -msse -flto -std=c99 -Wextra -Wno-unused-result -Wno-unused-parameter -Wno-missing-field-initializers -fomit-frame-pointer -funroll-loops -ffast-math -Ofast -fno-signed-zeros -ffp-contract=fast -mmmx -msse -flto -march=native -I./Include -I. -I/usr/local/opt/openblas/include -I/usr/local/opt/llvm/include -I/usr/local/opt/sqlite/include -I/usr/local/opt/readline/include -I/usr/local/opt/openssl@1.1/include -I/usr/local/include -I/Users/dojo/Library/Caches/Homebrew/Python-3.6.2/Include -I/Users/dojo/Library/Caches/Homebrew/Python-3.6.2 -c /Users/dojo/Library/Caches/Homebrew/Python-3.6.2/Modules/arraymodule.c -o build/temp.macosx-10.12.6-x86_64-3.6-pydebug/Users/dojo/Library/Caches/Homebrew/Python-3.6.2/Modules/arraymodule.o
cc -fsanitize=address -fno-omit-frame-pointer -Wno-unused-result -Wsign-compare -DDYNAMIC_ANNOTATIONS_ENABLED=1 -g -Ofast -Wall -Wstrict-prototypes -fomit-frame-pointer -funroll-loops -ffast-math -Ofast -fno-signed-zeros -ffp-contract=fast -mmmx -msse -flto -fomit-frame-pointer -funroll-loops -ffast-math -Ofast -fno-signed-zeros -ffp-contract=fast -mmmx -msse -flto -std=c99 -Wextra -Wno-unused-result -Wno-unused-parameter -Wno-missing-field-initializers -fomit-frame-pointer -funroll-loops -ffast-math -Ofast -fno-signed-zeros -ffp-contract=fast -mmmx -msse -flto -march=native -I./Include -I. -I/usr/local/opt/openblas/include -I/usr/local/opt/llvm/include -I/usr/local/opt/sqlite/include -I/usr/local/opt/readline/include -I/usr/local/opt/openssl@1.1/include -I/usr/local/include -I/Users/dojo/Library/Caches/Homebrew/Python-3.6.2/Include -I/Users/dojo/Library/Caches/Homebrew/Python-3.6.2 -c /Users/dojo/Library/Caches/Homebrew/Python-3.6.2/Modules/cmathmodule.c -o build/temp.macosx-10.12.6-x86_64-3.6-pydebug/Users/dojo/Library/Caches/Homebrew/Python-3.6.2/Modules/cmathmodule.o
cc -bundle -undefined dynamic_lookup -fsanitize=address -L/usr/local/opt/openblas/lib -L/usr/local/opt/llvm/lib -L/usr/local/opt/sqlite/lib -L/usr/local/opt/readline/lib -L/usr/local/opt/openssl@1.1/lib -L/usr/local/opt/openblas/lib -L/usr/local/opt/llvm/lib -L/usr/local/opt/sqlite/lib -L/usr/local/opt/readline/lib -L/usr/local/opt/openssl@1.1/lib -L/usr/local/opt/openblas/lib -L/usr/local/opt/llvm/lib -L/usr/local/opt/sqlite/lib -L/usr/local/opt/readline/lib -L/usr/local/opt/openssl@1.1/lib -fomit-frame-pointer -funroll-loops -ffast-math -Ofast -fno-signed-zeros -ffp-contract=fast -mmmx -msse -flto -I/usr/local/opt/openblas/include -I/usr/local/opt/llvm/include -I/usr/local/opt/sqlite/include -I/usr/local/opt/readline/include -I/usr/local/opt/openssl@1.1/include -march=native build/temp.macosx-10.12.6-x86_64-3.6-pydebug/Users/dojo/Library/Caches/Homebrew/Python-3.6.2/Modules/_ctypes/_ctypes_test.o -L. -L/usr/local/opt/openblas/lib -L/usr/local/opt/llvm/lib -L/usr/local/opt/sqlite/lib -L/usr/local/opt/readline/lib -L/usr/local/opt/openssl@1.1/lib -L/usr/local/lib -o build/lib.macosx-10.12.6-x86_64-3.6-pydebug/_ctypes_test.cpython-36dm-darwin.so
cc -bundle -undefined dynamic_lookup -fsanitize=address -L/usr/local/opt/openblas/lib -L/usr/local/opt/llvm/lib -L/usr/local/opt/sqlite/lib -L/usr/local/opt/readline/lib -L/usr/local/opt/openssl@1.1/lib -L/usr/local/opt/openblas/lib -L/usr/local/opt/llvm/lib -L/usr/local/opt/sqlite/lib -L/usr/local/opt/readline/lib -L/usr/local/opt/openssl@1.1/lib -L/usr/local/opt/openblas/lib -L/usr/local/opt/llvm/lib -L/usr/local/opt/sqlite/lib -L/usr/local/opt/readline/lib -L/usr/local/opt/openssl@1.1/lib -fomit-frame-pointer -funroll-loops -ffast-math -Ofast -fno-signed-zeros -ffp-contract=fast -mmmx -msse -flto -I/usr/local/opt/openblas/include -I/usr/local/opt/llvm/include -I/usr/local/opt/sqlite/include -I/usr/local/opt/readline/include -I/usr/local/opt/openssl@1.1/include -march=native build/temp.macosx-10.12.6-x86_64-3.6-pydebug/Users/dojo/Library/Caches/Homebrew/Python-3.6.2/Modules/_struct.o -L. -L/usr/local/opt/openblas/lib -L/usr/local/opt/llvm/lib -L/usr/local/opt/sqlite/lib -L/usr/local/opt/readline/lib -L/usr/local/opt/openssl@1.1/lib -L/usr/local/lib -o build/lib.macosx-10.12.6-x86_64-3.6-pydebug/_struct.cpython-36dm-darwin.so
building 'math' extension
cc -fsanitize=address -fno-omit-frame-pointer -Wno-unused-result -Wsign-compare -DDYNAMIC_ANNOTATIONS_ENABLED=1 -g -Ofast -Wall -Wstrict-prototypes -fomit-frame-pointer -funroll-loops -ffast-math -Ofast -fno-signed-zeros -ffp-contract=fast -mmmx -msse -flto -fomit-frame-pointer -funroll-loops -ffast-math -Ofast -fno-signed-zeros -ffp-contract=fast -mmmx -msse -flto -std=c99 -Wextra -Wno-unused-result -Wno-unused-parameter -Wno-missing-field-initializers -fomit-frame-pointer -funroll-loops -ffast-math -Ofast -fno-signed-zeros -ffp-contract=fast -mmmx -msse -flto -march=native -I./Include -I. -I/usr/local/opt/openblas/include -I/usr/local/opt/llvm/include -I/usr/local/opt/sqlite/include -I/usr/local/opt/readline/include -I/usr/local/opt/openssl@1.1/include -I/usr/local/include -I/Users/dojo/Library/Caches/Homebrew/Python-3.6.2/Include -I/Users/dojo/Library/Caches/Homebrew/Python-3.6.2 -c /Users/dojo/Library/Caches/Homebrew/Python-3.6.2/Modules/mathmodule.c -o build/temp.macosx-10.12.6-x86_64-3.6-pydebug/Users/dojo/Library/Caches/Homebrew/Python-3.6.2/Modules/mathmodule.o
cc -bundle -undefined dynamic_lookup -fsanitize=address -L/usr/local/opt/openblas/lib -L/usr/local/opt/llvm/lib -L/usr/local/opt/sqlite/lib -L/usr/local/opt/readline/lib -L/usr/local/opt/openssl@1.1/lib -L/usr/local/opt/openblas/lib -L/usr/local/opt/llvm/lib -L/usr/local/opt/sqlite/lib -L/usr/local/opt/readline/lib -L/usr/local/opt/openssl@1.1/lib -L/usr/local/opt/openblas/lib -L/usr/local/opt/llvm/lib -L/usr/local/opt/sqlite/lib -L/usr/local/opt/readline/lib -L/usr/local/opt/openssl@1.1/lib -fomit-frame-pointer -funroll-loops -ffast-math -Ofast -fno-signed-zeros -ffp-contract=fast -mmmx -msse -flto -I/usr/local/opt/openblas/include -I/usr/local/opt/llvm/include -I/usr/local/opt/sqlite/include -I/usr/local/opt/readline/include -I/usr/local/opt/openssl@1.1/include -march=native build/temp.macosx-10.12.6-x86_64-3.6-pydebug/Users/dojo/Library/Caches/Homebrew/Python-3.6.2/Modules/arraymodule.o -L. -L/usr/local/opt/openblas/lib -L/usr/local/opt/llvm/lib -L/usr/local/opt/sqlite/lib -L/usr/local/opt/readline/lib -L/usr/local/opt/openssl@1.1/lib -L/usr/local/lib -o build/lib.macosx-10.12.6-x86_64-3.6-pydebug/array.cpython-36dm-darwin.so
cc -bundle -undefined dynamic_lookup -fsanitize=address -L/usr/local/opt/openblas/lib -L/usr/local/opt/llvm/lib -L/usr/local/opt/sqlite/lib -L/usr/local/opt/readline/lib -L/usr/local/opt/openssl@1.1/lib -L/usr/local/opt/openblas/lib -L/usr/local/opt/llvm/lib -L/usr/local/opt/sqlite/lib -L/usr/local/opt/readline/lib -L/usr/local/opt/openssl@1.1/lib -L/usr/local/opt/openblas/lib -L/usr/local/opt/llvm/lib -L/usr/local/opt/sqlite/lib -L/usr/local/opt/readline/lib -L/usr/local/opt/openssl@1.1/lib -fomit-frame-pointer -funroll-loops -ffast-math -Ofast -fno-signed-zeros -ffp-contract=fast -mmmx -msse -flto -I/usr/local/opt/openblas/include -I/usr/local/opt/llvm/include -I/usr/local/opt/sqlite/include -I/usr/local/opt/readline/include -I/usr/local/opt/openssl@1.1/include -march=native build/temp.macosx-10.12.6-x86_64-3.6-pydebug/Users/dojo/Library/Caches/Homebrew/Python-3.6.2/Modules/cmathmodule.o Modules/_math.o -L. -L/usr/local/opt/openblas/lib -L/usr/local/opt/llvm/lib -L/usr/local/opt/sqlite/lib -L/usr/local/opt/readline/lib -L/usr/local/opt/openssl@1.1/lib -L/usr/local/lib -o build/lib.macosx-10.12.6-x86_64-3.6-pydebug/cmath.cpython-36dm-darwin.so
cc -bundle -undefined dynamic_lookup -fsanitize=address -L/usr/local/opt/openblas/lib -L/usr/local/opt/llvm/lib -L/usr/local/opt/sqlite/lib -L/usr/local/opt/readline/lib -L/usr/local/opt/openssl@1.1/lib -L/usr/local/opt/openblas/lib -L/usr/local/opt/llvm/lib -L/usr/local/opt/sqlite/lib -L/usr/local/opt/readline/lib -L/usr/local/opt/openssl@1.1/lib -L/usr/local/opt/openblas/lib -L/usr/local/opt/llvm/lib -L/usr/local/opt/sqlite/lib -L/usr/local/opt/readline/lib -L/usr/local/opt/openssl@1.1/lib -fomit-frame-pointer -funroll-loops -ffast-math -Ofast -fno-signed-zeros -ffp-contract=fast -mmmx -msse -flto -I/usr/local/opt/openblas/include -I/usr/local/opt/llvm/include -I/usr/local/opt/sqlite/include -I/usr/local/opt/readline/include -I/usr/local/opt/openssl@1.1/include -march=native build/temp.macosx-10.12.6-x86_64-3.6-pydebug/Users/dojo/Library/Caches/Homebrew/Python-3.6.2/Modules/mathmodule.o Modules/_math.o -L. -L/usr/local/opt/openblas/lib -L/usr/local/opt/llvm/lib -L/usr/local/opt/sqlite/lib -L/usr/local/opt/readline/lib -L/usr/local/opt/openssl@1.1/lib -L/usr/local/lib -o build/lib.macosx-10.12.6-x86_64-3.6-pydebug/math.cpython-36dm-darwin.so
building '_datetime' extension
cc -fsanitize=address -fno-omit-frame-pointer -Wno-unused-result -Wsign-compare -DDYNAMIC_ANNOTATIONS_ENABLED=1 -g -Ofast -Wall -Wstrict-prototypes -fomit-frame-pointer -funroll-loops -ffast-math -Ofast -fno-signed-zeros -ffp-contract=fast -mmmx -msse -flto -fomit-frame-pointer -funroll-loops -ffast-math -Ofast -fno-signed-zeros -ffp-contract=fast -mmmx -msse -flto -std=c99 -Wextra -Wno-unused-result -Wno-unused-parameter -Wno-missing-field-initializers -fomit-frame-pointer -funroll-loops -ffast-math -Ofast -fno-signed-zeros -ffp-contract=fast -mmmx -msse -flto -march=native -I./Include -I. -I/usr/local/opt/openblas/include -I/usr/local/opt/llvm/include -I/usr/local/opt/sqlite/include -I/usr/local/opt/readline/include -I/usr/local/opt/openssl@1.1/include -I/usr/local/include -I/Users/dojo/Library/Caches/Homebrew/Python-3.6.2/Include -I/Users/dojo/Library/Caches/Homebrew/Python-3.6.2 -c /Users/dojo/Library/Caches/Homebrew/Python-3.6.2/Modules/_datetimemodule.c -o build/temp.macosx-10.12.6-x86_64-3.6-pydebug/Users/dojo/Library/Caches/Homebrew/Python-3.6.2/Modules/_datetimemodule.o
building '_random' extension
cc -fsanitize=address -fno-omit-frame-pointer -Wno-unused-result -Wsign-compare -DDYNAMIC_ANNOTATIONS_ENABLED=1 -g -Ofast -Wall -Wstrict-prototypes -fomit-frame-pointer -funroll-loops -ffast-math -Ofast -fno-signed-zeros -ffp-contract=fast -mmmx -msse -flto -fomit-frame-pointer -funroll-loops -ffast-math -Ofast -fno-signed-zeros -ffp-contract=fast -mmmx -msse -flto -std=c99 -Wextra -Wno-unused-result -Wno-unused-parameter -Wno-missing-field-initializers -fomit-frame-pointer -funroll-loops -ffast-math -Ofast -fno-signed-zeros -ffp-contract=fast -mmmx -msse -flto -march=native -I./Include -I. -I/usr/local/opt/openblas/include -I/usr/local/opt/llvm/include -I/usr/local/opt/sqlite/include -I/usr/local/opt/readline/include -I/usr/local/opt/openssl@1.1/include -I/usr/local/include -I/Users/dojo/Library/Caches/Homebrew/Python-3.6.2/Include -I/Users/dojo/Library/Caches/Homebrew/Python-3.6.2 -c /Users/dojo/Library/Caches/Homebrew/Python-3.6.2/Modules/_randommodule.c -o build/temp.macosx-10.12.6-x86_64-3.6-pydebug/Users/dojo/Library/Caches/Homebrew/Python-3.6.2/Modules/_randommodule.o
cc -bundle -undefined dynamic_lookup -fsanitize=address -L/usr/local/opt/openblas/lib -L/usr/local/opt/llvm/lib -L/usr/local/opt/sqlite/lib -L/usr/local/opt/readline/lib -L/usr/local/opt/openssl@1.1/lib -L/usr/local/opt/openblas/lib -L/usr/local/opt/llvm/lib -L/usr/local/opt/sqlite/lib -L/usr/local/opt/readline/lib -L/usr/local/opt/openssl@1.1/lib -L/usr/local/opt/openblas/lib -L/usr/local/opt/llvm/lib -L/usr/local/opt/sqlite/lib -L/usr/local/opt/readline/lib -L/usr/local/opt/openssl@1.1/lib -fomit-frame-pointer -funroll-loops -ffast-math -Ofast -fno-signed-zeros -ffp-contract=fast -mmmx -msse -flto -I/usr/local/opt/openblas/include -I/usr/local/opt/llvm/include -I/usr/local/opt/sqlite/include -I/usr/local/opt/readline/include -I/usr/local/opt/openssl@1.1/include -march=native build/temp.macosx-10.12.6-x86_64-3.6-pydebug/Users/dojo/Library/Caches/Homebrew/Python-3.6.2/Modules/_randommodule.o -L. -L/usr/local/opt/openblas/lib -L/usr/local/opt/llvm/lib -L/usr/local/opt/sqlite/lib -L/usr/local/opt/readline/lib -L/usr/local/opt/openssl@1.1/lib -L/usr/local/lib -o build/lib.macosx-10.12.6-x86_64-3.6-pydebug/_random.cpython-36dm-darwin.so
building '_bisect' extension
cc -fsanitize=address -fno-omit-frame-pointer -Wno-unused-result -Wsign-compare -DDYNAMIC_ANNOTATIONS_ENABLED=1 -g -Ofast -Wall -Wstrict-prototypes -fomit-frame-pointer -funroll-loops -ffast-math -Ofast -fno-signed-zeros -ffp-contract=fast -mmmx -msse -flto -fomit-frame-pointer -funroll-loops -ffast-math -Ofast -fno-signed-zeros -ffp-contract=fast -mmmx -msse -flto -std=c99 -Wextra -Wno-unused-result -Wno-unused-parameter -Wno-missing-field-initializers -fomit-frame-pointer -funroll-loops -ffast-math -Ofast -fno-signed-zeros -ffp-contract=fast -mmmx -msse -flto -march=native -I./Include -I. -I/usr/local/opt/openblas/include -I/usr/local/opt/llvm/include -I/usr/local/opt/sqlite/include -I/usr/local/opt/readline/include -I/usr/local/opt/openssl@1.1/include -I/usr/local/include -I/Users/dojo/Library/Caches/Homebrew/Python-3.6.2/Include -I/Users/dojo/Library/Caches/Homebrew/Python-3.6.2 -c /Users/dojo/Library/Caches/Homebrew/Python-3.6.2/Modules/_bisectmodule.c -o build/temp.macosx-10.12.6-x86_64-3.6-pydebug/Users/dojo/Library/Caches/Homebrew/Python-3.6.2/Modules/_bisectmodule.o
building '_heapq' extension
building '_pickle' extension
cc -fsanitize=address -fno-omit-frame-pointer -Wno-unused-result -Wsign-compare -DDYNAMIC_ANNOTATIONS_ENABLED=1 -g -Ofast -Wall -Wstrict-prototypes -fomit-frame-pointer -funroll-loops -ffast-math -Ofast -fno-signed-zeros -ffp-contract=fast -mmmx -msse -flto -fomit-frame-pointer -funroll-loops -ffast-math -Ofast -fno-signed-zeros -ffp-contract=fast -mmmx -msse -flto -std=c99 -Wextra -Wno-unused-result -Wno-unused-parameter -Wno-missing-field-initializers -fomit-frame-pointer -funroll-loops -ffast-math -Ofast -fno-signed-zeros -ffp-contract=fast -mmmx -msse -flto -march=native -I./Include -I. -I/usr/local/opt/openblas/include -I/usr/local/opt/llvm/include -I/usr/local/opt/sqlite/include -I/usr/local/opt/readline/include -I/usr/local/opt/openssl@1.1/include -I/usr/local/include -I/Users/dojo/Library/Caches/Homebrew/Python-3.6.2/Include -I/Users/dojo/Library/Caches/Homebrew/Python-3.6.2 -c /Users/dojo/Library/Caches/Homebrew/Python-3.6.2/Modules/_heapqmodule.c -o build/temp.macosx-10.12.6-x86_64-3.6-pydebug/Users/dojo/Library/Caches/Homebrew/Python-3.6.2/Modules/_heapqmodule.o
cc -fsanitize=address -fno-omit-frame-pointer -Wno-unused-result -Wsign-compare -DDYNAMIC_ANNOTATIONS_ENABLED=1 -g -Ofast -Wall -Wstrict-prototypes -fomit-frame-pointer -funroll-loops -ffast-math -Ofast -fno-signed-zeros -ffp-contract=fast -mmmx -msse -flto -fomit-frame-pointer -funroll-loops -ffast-math -Ofast -fno-signed-zeros -ffp-contract=fast -mmmx -msse -flto -std=c99 -Wextra -Wno-unused-result -Wno-unused-parameter -Wno-missing-field-initializers -fomit-frame-pointer -funroll-loops -ffast-math -Ofast -fno-signed-zeros -ffp-contract=fast -mmmx -msse -flto -march=native -I./Include -I. -I/usr/local/opt/openblas/include -I/usr/local/opt/llvm/include -I/usr/local/opt/sqlite/include -I/usr/local/opt/readline/include -I/usr/local/opt/openssl@1.1/include -I/usr/local/include -I/Users/dojo/Library/Caches/Homebrew/Python-3.6.2/Include -I/Users/dojo/Library/Caches/Homebrew/Python-3.6.2 -c /Users/dojo/Library/Caches/Homebrew/Python-3.6.2/Modules/_pickle.c -o build/temp.macosx-10.12.6-x86_64-3.6-pydebug/Users/dojo/Library/Caches/Homebrew/Python-3.6.2/Modules/_pickle.o
cc -bundle -undefined dynamic_lookup -fsanitize=address -L/usr/local/opt/openblas/lib -L/usr/local/opt/llvm/lib -L/usr/local/opt/sqlite/lib -L/usr/local/opt/readline/lib -L/usr/local/opt/openssl@1.1/lib -L/usr/local/opt/openblas/lib -L/usr/local/opt/llvm/lib -L/usr/local/opt/sqlite/lib -L/usr/local/opt/readline/lib -L/usr/local/opt/openssl@1.1/lib -L/usr/local/opt/openblas/lib -L/usr/local/opt/llvm/lib -L/usr/local/opt/sqlite/lib -L/usr/local/opt/readline/lib -L/usr/local/opt/openssl@1.1/lib -fomit-frame-pointer -funroll-loops -ffast-math -Ofast -fno-signed-zeros -ffp-contract=fast -mmmx -msse -flto -I/usr/local/opt/openblas/include -I/usr/local/opt/llvm/include -I/usr/local/opt/sqlite/include -I/usr/local/opt/readline/include -I/usr/local/opt/openssl@1.1/include -march=native build/temp.macosx-10.12.6-x86_64-3.6-pydebug/Users/dojo/Library/Caches/Homebrew/Python-3.6.2/Modules/_bisectmodule.o -L. -L/usr/local/opt/openblas/lib -L/usr/local/opt/llvm/lib -L/usr/local/opt/sqlite/lib -L/usr/local/opt/readline/lib -L/usr/local/opt/openssl@1.1/lib -L/usr/local/lib -o build/lib.macosx-10.12.6-x86_64-3.6-pydebug/_bisect.cpython-36dm-darwin.so
cc -bundle -undefined dynamic_lookup -fsanitize=address -L/usr/local/opt/openblas/lib -L/usr/local/opt/llvm/lib -L/usr/local/opt/sqlite/lib -L/usr/local/opt/readline/lib -L/usr/local/opt/openssl@1.1/lib -L/usr/local/opt/openblas/lib -L/usr/local/opt/llvm/lib -L/usr/local/opt/sqlite/lib -L/usr/local/opt/readline/lib -L/usr/local/opt/openssl@1.1/lib -L/usr/local/opt/openblas/lib -L/usr/local/opt/llvm/lib -L/usr/local/opt/sqlite/lib -L/usr/local/opt/readline/lib -L/usr/local/opt/openssl@1.1/lib -fomit-frame-pointer -funroll-loops -ffast-math -Ofast -fno-signed-zeros -ffp-contract=fast -mmmx -msse -flto -I/usr/local/opt/openblas/include -I/usr/local/opt/llvm/include -I/usr/local/opt/sqlite/include -I/usr/local/opt/readline/include -I/usr/local/opt/openssl@1.1/include -march=native build/temp.macosx-10.12.6-x86_64-3.6-pydebug/Users/dojo/Library/Caches/Homebrew/Python-3.6.2/Modules/_heapqmodule.o -L. -L/usr/local/opt/openblas/lib -L/usr/local/opt/llvm/lib -L/usr/local/opt/sqlite/lib -L/usr/local/opt/readline/lib -L/usr/local/opt/openssl@1.1/lib -L/usr/local/lib -o build/lib.macosx-10.12.6-x86_64-3.6-pydebug/_heapq.cpython-36dm-darwin.so
building '_json' extension
cc -fsanitize=address -fno-omit-frame-pointer -Wno-unused-result -Wsign-compare -DDYNAMIC_ANNOTATIONS_ENABLED=1 -g -Ofast -Wall -Wstrict-prototypes -fomit-frame-pointer -funroll-loops -ffast-math -Ofast -fno-signed-zeros -ffp-contract=fast -mmmx -msse -flto -fomit-frame-pointer -funroll-loops -ffast-math -Ofast -fno-signed-zeros -ffp-contract=fast -mmmx -msse -flto -std=c99 -Wextra -Wno-unused-result -Wno-unused-parameter -Wno-missing-field-initializers -fomit-frame-pointer -funroll-loops -ffast-math -Ofast -fno-signed-zeros -ffp-contract=fast -mmmx -msse -flto -march=native -I./Include -I. -I/usr/local/opt/openblas/include -I/usr/local/opt/llvm/include -I/usr/local/opt/sqlite/include -I/usr/local/opt/readline/include -I/usr/local/opt/openssl@1.1/include -I/usr/local/include -I/Users/dojo/Library/Caches/Homebrew/Python-3.6.2/Include -I/Users/dojo/Library/Caches/Homebrew/Python-3.6.2 -c /Users/dojo/Library/Caches/Homebrew/Python-3.6.2/Modules/_json.c -o build/temp.macosx-10.12.6-x86_64-3.6-pydebug/Users/dojo/Library/Caches/Homebrew/Python-3.6.2/Modules/_json.o
cc -bundle -undefined dynamic_lookup -fsanitize=address -L/usr/local/opt/openblas/lib -L/usr/local/opt/llvm/lib -L/usr/local/opt/sqlite/lib -L/usr/local/opt/readline/lib -L/usr/local/opt/openssl@1.1/lib -L/usr/local/opt/openblas/lib -L/usr/local/opt/llvm/lib -L/usr/local/opt/sqlite/lib -L/usr/local/opt/readline/lib -L/usr/local/opt/openssl@1.1/lib -L/usr/local/opt/openblas/lib -L/usr/local/opt/llvm/lib -L/usr/local/opt/sqlite/lib -L/usr/local/opt/readline/lib -L/usr/local/opt/openssl@1.1/lib -fomit-frame-pointer -funroll-loops -ffast-math -Ofast -fno-signed-zeros -ffp-contract=fast -mmmx -msse -flto -I/usr/local/opt/openblas/include -I/usr/local/opt/llvm/include -I/usr/local/opt/sqlite/include -I/usr/local/opt/readline/include -I/usr/local/opt/openssl@1.1/include -march=native build/temp.macosx-10.12.6-x86_64-3.6-pydebug/Users/dojo/Library/Caches/Homebrew/Python-3.6.2/Modules/_datetimemodule.o -L. -L/usr/local/opt/openblas/lib -L/usr/local/opt/llvm/lib -L/usr/local/opt/sqlite/lib -L/usr/local/opt/readline/lib -L/usr/local/opt/openssl@1.1/lib -L/usr/local/lib -o build/lib.macosx-10.12.6-x86_64-3.6-pydebug/_datetime.cpython-36dm-darwin.so
building '_testcapi' extension
cc -fsanitize=address -fno-omit-frame-pointer -Wno-unused-result -Wsign-compare -DDYNAMIC_ANNOTATIONS_ENABLED=1 -g -Ofast -Wall -Wstrict-prototypes -fomit-frame-pointer -funroll-loops -ffast-math -Ofast -fno-signed-zeros -ffp-contract=fast -mmmx -msse -flto -fomit-frame-pointer -funroll-loops -ffast-math -Ofast -fno-signed-zeros -ffp-contract=fast -mmmx -msse -flto -std=c99 -Wextra -Wno-unused-result -Wno-unused-parameter -Wno-missing-field-initializers -fomit-frame-pointer -funroll-loops -ffast-math -Ofast -fno-signed-zeros -ffp-contract=fast -mmmx -msse -flto -march=native -I./Include -I. -I/usr/local/opt/openblas/include -I/usr/local/opt/llvm/include -I/usr/local/opt/sqlite/include -I/usr/local/opt/readline/include -I/usr/local/opt/openssl@1.1/include -I/usr/local/include -I/Users/dojo/Library/Caches/Homebrew/Python-3.6.2/Include -I/Users/dojo/Library/Caches/Homebrew/Python-3.6.2 -c /Users/dojo/Library/Caches/Homebrew/Python-3.6.2/Modules/_testcapimodule.c -o build/temp.macosx-10.12.6-x86_64-3.6-pydebug/Users/dojo/Library/Caches/Homebrew/Python-3.6.2/Modules/_testcapimodule.o
cc -bundle -undefined dynamic_lookup -fsanitize=address -L/usr/local/opt/openblas/lib -L/usr/local/opt/llvm/lib -L/usr/local/opt/sqlite/lib -L/usr/local/opt/readline/lib -L/usr/local/opt/openssl@1.1/lib -L/usr/local/opt/openblas/lib -L/usr/local/opt/llvm/lib -L/usr/local/opt/sqlite/lib -L/usr/local/opt/readline/lib -L/usr/local/opt/openssl@1.1/lib -L/usr/local/opt/openblas/lib -L/usr/local/opt/llvm/lib -L/usr/local/opt/sqlite/lib -L/usr/local/opt/readline/lib -L/usr/local/opt/openssl@1.1/lib -fomit-frame-pointer -funroll-loops -ffast-math -Ofast -fno-signed-zeros -ffp-contract=fast -mmmx -msse -flto -I/usr/local/opt/openblas/include -I/usr/local/opt/llvm/include -I/usr/local/opt/sqlite/include -I/usr/local/opt/readline/include -I/usr/local/opt/openssl@1.1/include -march=native build/temp.macosx-10.12.6-x86_64-3.6-pydebug/Users/dojo/Library/Caches/Homebrew/Python-3.6.2/Modules/_json.o -L. -L/usr/local/opt/openblas/lib -L/usr/local/opt/llvm/lib -L/usr/local/opt/sqlite/lib -L/usr/local/opt/readline/lib -L/usr/local/opt/openssl@1.1/lib -L/usr/local/lib -o build/lib.macosx-10.12.6-x86_64-3.6-pydebug/_json.cpython-36dm-darwin.so
cc -bundle -undefined dynamic_lookup -fsanitize=address -L/usr/local/opt/openblas/lib -L/usr/local/opt/llvm/lib -L/usr/local/opt/sqlite/lib -L/usr/local/opt/readline/lib -L/usr/local/opt/openssl@1.1/lib -L/usr/local/opt/openblas/lib -L/usr/local/opt/llvm/lib -L/usr/local/opt/sqlite/lib -L/usr/local/opt/readline/lib -L/usr/local/opt/openssl@1.1/lib -L/usr/local/opt/openblas/lib -L/usr/local/opt/llvm/lib -L/usr/local/opt/sqlite/lib -L/usr/local/opt/readline/lib -L/usr/local/opt/openssl@1.1/lib -fomit-frame-pointer -funroll-loops -ffast-math -Ofast -fno-signed-zeros -ffp-contract=fast -mmmx -msse -flto -I/usr/local/opt/openblas/include -I/usr/local/opt/llvm/include -I/usr/local/opt/sqlite/include -I/usr/local/opt/readline/include -I/usr/local/opt/openssl@1.1/include -march=native build/temp.macosx-10.12.6-x86_64-3.6-pydebug/Users/dojo/Library/Caches/Homebrew/Python-3.6.2/Modules/_testcapimodule.o -L. -L/usr/local/opt/openblas/lib -L/usr/local/opt/llvm/lib -L/usr/local/opt/sqlite/lib -L/usr/local/opt/readline/lib -L/usr/local/opt/openssl@1.1/lib -L/usr/local/lib -o build/lib.macosx-10.12.6-x86_64-3.6-pydebug/_testcapi.cpython-36dm-darwin.so
cc -bundle -undefined dynamic_lookup -fsanitize=address -L/usr/local/opt/openblas/lib -L/usr/local/opt/llvm/lib -L/usr/local/opt/sqlite/lib -L/usr/local/opt/readline/lib -L/usr/local/opt/openssl@1.1/lib -L/usr/local/opt/openblas/lib -L/usr/local/opt/llvm/lib -L/usr/local/opt/sqlite/lib -L/usr/local/opt/readline/lib -L/usr/local/opt/openssl@1.1/lib -L/usr/local/opt/openblas/lib -L/usr/local/opt/llvm/lib -L/usr/local/opt/sqlite/lib -L/usr/local/opt/readline/lib -L/usr/local/opt/openssl@1.1/lib -fomit-frame-pointer -funroll-loops -ffast-math -Ofast -fno-signed-zeros -ffp-contract=fast -mmmx -msse -flto -I/usr/local/opt/openblas/include -I/usr/local/opt/llvm/include -I/usr/local/opt/sqlite/include -I/usr/local/opt/readline/include -I/usr/local/opt/openssl@1.1/include -march=native build/temp.macosx-10.12.6-x86_64-3.6-pydebug/Users/dojo/Library/Caches/Homebrew/Python-3.6.2/Modules/_pickle.o -L. -L/usr/local/opt/openblas/lib -L/usr/local/opt/llvm/lib -L/usr/local/opt/sqlite/lib -L/usr/local/opt/readline/lib -L/usr/local/opt/openssl@1.1/lib -L/usr/local/lib -o build/lib.macosx-10.12.6-x86_64-3.6-pydebug/_pickle.cpython-36dm-darwin.so
building '_testbuffer' extension
cc -fsanitize=address -fno-omit-frame-pointer -Wno-unused-result -Wsign-compare -DDYNAMIC_ANNOTATIONS_ENABLED=1 -g -Ofast -Wall -Wstrict-prototypes -fomit-frame-pointer -funroll-loops -ffast-math -Ofast -fno-signed-zeros -ffp-contract=fast -mmmx -msse -flto -fomit-frame-pointer -funroll-loops -ffast-math -Ofast -fno-signed-zeros -ffp-contract=fast -mmmx -msse -flto -std=c99 -Wextra -Wno-unused-result -Wno-unused-parameter -Wno-missing-field-initializers -fomit-frame-pointer -funroll-loops -ffast-math -Ofast -fno-signed-zeros -ffp-contract=fast -mmmx -msse -flto -march=native -I./Include -I. -I/usr/local/opt/openblas/include -I/usr/local/opt/llvm/include -I/usr/local/opt/sqlite/include -I/usr/local/opt/readline/include -I/usr/local/opt/openssl@1.1/include -I/usr/local/include -I/Users/dojo/Library/Caches/Homebrew/Python-3.6.2/Include -I/Users/dojo/Library/Caches/Homebrew/Python-3.6.2 -c /Users/dojo/Library/Caches/Homebrew/Python-3.6.2/Modules/_testbuffer.c -o build/temp.macosx-10.12.6-x86_64-3.6-pydebug/Users/dojo/Library/Caches/Homebrew/Python-3.6.2/Modules/_testbuffer.o
building '_testimportmultiple' extension
cc -fsanitize=address -fno-omit-frame-pointer -Wno-unused-result -Wsign-compare -DDYNAMIC_ANNOTATIONS_ENABLED=1 -g -Ofast -Wall -Wstrict-prototypes -fomit-frame-pointer -funroll-loops -ffast-math -Ofast -fno-signed-zeros -ffp-contract=fast -mmmx -msse -flto -fomit-frame-pointer -funroll-loops -ffast-math -Ofast -fno-signed-zeros -ffp-contract=fast -mmmx -msse -flto -std=c99 -Wextra -Wno-unused-result -Wno-unused-parameter -Wno-missing-field-initializers -fomit-frame-pointer -funroll-loops -ffast-math -Ofast -fno-signed-zeros -ffp-contract=fast -mmmx -msse -flto -march=native -I./Include -I. -I/usr/local/opt/openblas/include -I/usr/local/opt/llvm/include -I/usr/local/opt/sqlite/include -I/usr/local/opt/readline/include -I/usr/local/opt/openssl@1.1/include -I/usr/local/include -I/Users/dojo/Library/Caches/Homebrew/Python-3.6.2/Include -I/Users/dojo/Library/Caches/Homebrew/Python-3.6.2 -c /Users/dojo/Library/Caches/Homebrew/Python-3.6.2/Modules/_testimportmultiple.c -o build/temp.macosx-10.12.6-x86_64-3.6-pydebug/Users/dojo/Library/Caches/Homebrew/Python-3.6.2/Modules/_testimportmultiple.o
building '_testmultiphase' extension
cc -fsanitize=address -fno-omit-frame-pointer -Wno-unused-result -Wsign-compare -DDYNAMIC_ANNOTATIONS_ENABLED=1 -g -Ofast -Wall -Wstrict-prototypes -fomit-frame-pointer -funroll-loops -ffast-math -Ofast -fno-signed-zeros -ffp-contract=fast -mmmx -msse -flto -fomit-frame-pointer -funroll-loops -ffast-math -Ofast -fno-signed-zeros -ffp-contract=fast -mmmx -msse -flto -std=c99 -Wextra -Wno-unused-result -Wno-unused-parameter -Wno-missing-field-initializers -fomit-frame-pointer -funroll-loops -ffast-math -Ofast -fno-signed-zeros -ffp-contract=fast -mmmx -msse -flto -march=native -I./Include -I. -I/usr/local/opt/openblas/include -I/usr/local/opt/llvm/include -I/usr/local/opt/sqlite/include -I/usr/local/opt/readline/include -I/usr/local/opt/openssl@1.1/include -I/usr/local/include -I/Users/dojo/Library/Caches/Homebrew/Python-3.6.2/Include -I/Users/dojo/Library/Caches/Homebrew/Python-3.6.2 -c /Users/dojo/Library/Caches/Homebrew/Python-3.6.2/Modules/_testmultiphase.c -o build/temp.macosx-10.12.6-x86_64-3.6-pydebug/Users/dojo/Library/Caches/Homebrew/Python-3.6.2/Modules/_testmultiphase.o
cc -bundle -undefined dynamic_lookup -fsanitize=address -L/usr/local/opt/openblas/lib -L/usr/local/opt/llvm/lib -L/usr/local/opt/sqlite/lib -L/usr/local/opt/readline/lib -L/usr/local/opt/openssl@1.1/lib -L/usr/local/opt/openblas/lib -L/usr/local/opt/llvm/lib -L/usr/local/opt/sqlite/lib -L/usr/local/opt/readline/lib -L/usr/local/opt/openssl@1.1/lib -L/usr/local/opt/openblas/lib -L/usr/local/opt/llvm/lib -L/usr/local/opt/sqlite/lib -L/usr/local/opt/readline/lib -L/usr/local/opt/openssl@1.1/lib -fomit-frame-pointer -funroll-loops -ffast-math -Ofast -fno-signed-zeros -ffp-contract=fast -mmmx -msse -flto -I/usr/local/opt/openblas/include -I/usr/local/opt/llvm/include -I/usr/local/opt/sqlite/include -I/usr/local/opt/readline/include -I/usr/local/opt/openssl@1.1/include -march=native build/temp.macosx-10.12.6-x86_64-3.6-pydebug/Users/dojo/Library/Caches/Homebrew/Python-3.6.2/Modules/_testimportmultiple.o -L. -L/usr/local/opt/openblas/lib -L/usr/local/opt/llvm/lib -L/usr/local/opt/sqlite/lib -L/usr/local/opt/readline/lib -L/usr/local/opt/openssl@1.1/lib -L/usr/local/lib -o build/lib.macosx-10.12.6-x86_64-3.6-pydebug/_testimportmultiple.cpython-36dm-darwin.so
building '_lsprof' extension
cc -fsanitize=address -fno-omit-frame-pointer -Wno-unused-result -Wsign-compare -DDYNAMIC_ANNOTATIONS_ENABLED=1 -g -Ofast -Wall -Wstrict-prototypes -fomit-frame-pointer -funroll-loops -ffast-math -Ofast -fno-signed-zeros -ffp-contract=fast -mmmx -msse -flto -fomit-frame-pointer -funroll-loops -ffast-math -Ofast -fno-signed-zeros -ffp-contract=fast -mmmx -msse -flto -std=c99 -Wextra -Wno-unused-result -Wno-unused-parameter -Wno-missing-field-initializers -fomit-frame-pointer -funroll-loops -ffast-math -Ofast -fno-signed-zeros -ffp-contract=fast -mmmx -msse -flto -march=native -I./Include -I. -I/usr/local/opt/openblas/include -I/usr/local/opt/llvm/include -I/usr/local/opt/sqlite/include -I/usr/local/opt/readline/include -I/usr/local/opt/openssl@1.1/include -I/usr/local/include -I/Users/dojo/Library/Caches/Homebrew/Python-3.6.2/Include -I/Users/dojo/Library/Caches/Homebrew/Python-3.6.2 -c /Users/dojo/Library/Caches/Homebrew/Python-3.6.2/Modules/_lsprof.c -o build/temp.macosx-10.12.6-x86_64-3.6-pydebug/Users/dojo/Library/Caches/Homebrew/Python-3.6.2/Modules/_lsprof.o
cc -bundle -undefined dynamic_lookup -fsanitize=address -L/usr/local/opt/openblas/lib -L/usr/local/opt/llvm/lib -L/usr/local/opt/sqlite/lib -L/usr/local/opt/readline/lib -L/usr/local/opt/openssl@1.1/lib -L/usr/local/opt/openblas/lib -L/usr/local/opt/llvm/lib -L/usr/local/opt/sqlite/lib -L/usr/local/opt/readline/lib -L/usr/local/opt/openssl@1.1/lib -L/usr/local/opt/openblas/lib -L/usr/local/opt/llvm/lib -L/usr/local/opt/sqlite/lib -L/usr/local/opt/readline/lib -L/usr/local/opt/openssl@1.1/lib -fomit-frame-pointer -funroll-loops -ffast-math -Ofast -fno-signed-zeros -ffp-contract=fast -mmmx -msse -flto -I/usr/local/opt/openblas/include -I/usr/local/opt/llvm/include -I/usr/local/opt/sqlite/include -I/usr/local/opt/readline/include -I/usr/local/opt/openssl@1.1/include -march=native build/temp.macosx-10.12.6-x86_64-3.6-pydebug/Users/dojo/Library/Caches/Homebrew/Python-3.6.2/Modules/_testmultiphase.o -L. -L/usr/local/opt/openblas/lib -L/usr/local/opt/llvm/lib -L/usr/local/opt/sqlite/lib -L/usr/local/opt/readline/lib -L/usr/local/opt/openssl@1.1/lib -L/usr/local/lib -o build/lib.macosx-10.12.6-x86_64-3.6-pydebug/_testmultiphase.cpython-36dm-darwin.so
cc -bundle -undefined dynamic_lookup -fsanitize=address -L/usr/local/opt/openblas/lib -L/usr/local/opt/llvm/lib -L/usr/local/opt/sqlite/lib -L/usr/local/opt/readline/lib -L/usr/local/opt/openssl@1.1/lib -L/usr/local/opt/openblas/lib -L/usr/local/opt/llvm/lib -L/usr/local/opt/sqlite/lib -L/usr/local/opt/readline/lib -L/usr/local/opt/openssl@1.1/lib -L/usr/local/opt/openblas/lib -L/usr/local/opt/llvm/lib -L/usr/local/opt/sqlite/lib -L/usr/local/opt/readline/lib -L/usr/local/opt/openssl@1.1/lib -fomit-frame-pointer -funroll-loops -ffast-math -Ofast -fno-signed-zeros -ffp-contract=fast -mmmx -msse -flto -I/usr/local/opt/openblas/include -I/usr/local/opt/llvm/include -I/usr/local/opt/sqlite/include -I/usr/local/opt/readline/include -I/usr/local/opt/openssl@1.1/include -march=native build/temp.macosx-10.12.6-x86_64-3.6-pydebug/Users/dojo/Library/Caches/Homebrew/Python-3.6.2/Modules/_testbuffer.o -L. -L/usr/local/opt/openblas/lib -L/usr/local/opt/llvm/lib -L/usr/local/opt/sqlite/lib -L/usr/local/opt/readline/lib -L/usr/local/opt/openssl@1.1/lib -L/usr/local/lib -o build/lib.macosx-10.12.6-x86_64-3.6-pydebug/_testbuffer.cpython-36dm-darwin.so
cc -fsanitize=address -fno-omit-frame-pointer -Wno-unused-result -Wsign-compare -DDYNAMIC_ANNOTATIONS_ENABLED=1 -g -Ofast -Wall -Wstrict-prototypes -fomit-frame-pointer -funroll-loops -ffast-math -Ofast -fno-signed-zeros -ffp-contract=fast -mmmx -msse -flto -fomit-frame-pointer -funroll-loops -ffast-math -Ofast -fno-signed-zeros -ffp-contract=fast -mmmx -msse -flto -std=c99 -Wextra -Wno-unused-result -Wno-unused-parameter -Wno-missing-field-initializers -fomit-frame-pointer -funroll-loops -ffast-math -Ofast -fno-signed-zeros -ffp-contract=fast -mmmx -msse -flto -march=native -I./Include -I. -I/usr/local/opt/openblas/include -I/usr/local/opt/llvm/include -I/usr/local/opt/sqlite/include -I/usr/local/opt/readline/include -I/usr/local/opt/openssl@1.1/include -I/usr/local/include -I/Users/dojo/Library/Caches/Homebrew/Python-3.6.2/Include -I/Users/dojo/Library/Caches/Homebrew/Python-3.6.2 -c /Users/dojo/Library/Caches/Homebrew/Python-3.6.2/Modules/rotatingtree.c -o build/temp.macosx-10.12.6-x86_64-3.6-pydebug/Users/dojo/Library/Caches/Homebrew/Python-3.6.2/Modules/rotatingtree.o
building 'unicodedata' extension
cc -fsanitize=address -fno-omit-frame-pointer -Wno-unused-result -Wsign-compare -DDYNAMIC_ANNOTATIONS_ENABLED=1 -g -Ofast -Wall -Wstrict-prototypes -fomit-frame-pointer -funroll-loops -ffast-math -Ofast -fno-signed-zeros -ffp-contract=fast -mmmx -msse -flto -fomit-frame-pointer -funroll-loops -ffast-math -Ofast -fno-signed-zeros -ffp-contract=fast -mmmx -msse -flto -std=c99 -Wextra -Wno-unused-result -Wno-unused-parameter -Wno-missing-field-initializers -fomit-frame-pointer -funroll-loops -ffast-math -Ofast -fno-signed-zeros -ffp-contract=fast -mmmx -msse -flto -march=native -I./Include -I. -I/usr/local/opt/openblas/include -I/usr/local/opt/llvm/include -I/usr/local/opt/sqlite/include -I/usr/local/opt/readline/include -I/usr/local/opt/openssl@1.1/include -I/usr/local/include -I/Users/dojo/Library/Caches/Homebrew/Python-3.6.2/Include -I/Users/dojo/Library/Caches/Homebrew/Python-3.6.2 -c /Users/dojo/Library/Caches/Homebrew/Python-3.6.2/Modules/unicodedata.c -o build/temp.macosx-10.12.6-x86_64-3.6-pydebug/Users/dojo/Library/Caches/Homebrew/Python-3.6.2/Modules/unicodedata.o
cc -bundle -undefined dynamic_lookup -fsanitize=address -L/usr/local/opt/openblas/lib -L/usr/local/opt/llvm/lib -L/usr/local/opt/sqlite/lib -L/usr/local/opt/readline/lib -L/usr/local/opt/openssl@1.1/lib -L/usr/local/opt/openblas/lib -L/usr/local/opt/llvm/lib -L/usr/local/opt/sqlite/lib -L/usr/local/opt/readline/lib -L/usr/local/opt/openssl@1.1/lib -L/usr/local/opt/openblas/lib -L/usr/local/opt/llvm/lib -L/usr/local/opt/sqlite/lib -L/usr/local/opt/readline/lib -L/usr/local/opt/openssl@1.1/lib -fomit-frame-pointer -funroll-loops -ffast-math -Ofast -fno-signed-zeros -ffp-contract=fast -mmmx -msse -flto -I/usr/local/opt/openblas/include -I/usr/local/opt/llvm/include -I/usr/local/opt/sqlite/include -I/usr/local/opt/readline/include -I/usr/local/opt/openssl@1.1/include -march=native build/temp.macosx-10.12.6-x86_64-3.6-pydebug/Users/dojo/Library/Caches/Homebrew/Python-3.6.2/Modules/_lsprof.o build/temp.macosx-10.12.6-x86_64-3.6-pydebug/Users/dojo/Library/Caches/Homebrew/Python-3.6.2/Modules/rotatingtree.o -L. -L/usr/local/opt/openblas/lib -L/usr/local/opt/llvm/lib -L/usr/local/opt/sqlite/lib -L/usr/local/opt/readline/lib -L/usr/local/opt/openssl@1.1/lib -L/usr/local/lib -o build/lib.macosx-10.12.6-x86_64-3.6-pydebug/_lsprof.cpython-36dm-darwin.so
building '_opcode' extension
cc -fsanitize=address -fno-omit-frame-pointer -Wno-unused-result -Wsign-compare -DDYNAMIC_ANNOTATIONS_ENABLED=1 -g -Ofast -Wall -Wstrict-prototypes -fomit-frame-pointer -funroll-loops -ffast-math -Ofast -fno-signed-zeros -ffp-contract=fast -mmmx -msse -flto -fomit-frame-pointer -funroll-loops -ffast-math -Ofast -fno-signed-zeros -ffp-contract=fast -mmmx -msse -flto -std=c99 -Wextra -Wno-unused-result -Wno-unused-parameter -Wno-missing-field-initializers -fomit-frame-pointer -funroll-loops -ffast-math -Ofast -fno-signed-zeros -ffp-contract=fast -mmmx -msse -flto -march=native -I./Include -I. -I/usr/local/opt/openblas/include -I/usr/local/opt/llvm/include -I/usr/local/opt/sqlite/include -I/usr/local/opt/readline/include -I/usr/local/opt/openssl@1.1/include -I/usr/local/include -I/Users/dojo/Library/Caches/Homebrew/Python-3.6.2/Include -I/Users/dojo/Library/Caches/Homebrew/Python-3.6.2 -c /Users/dojo/Library/Caches/Homebrew/Python-3.6.2/Modules/_opcode.c -o build/temp.macosx-10.12.6-x86_64-3.6-pydebug/Users/dojo/Library/Caches/Homebrew/Python-3.6.2/Modules/_opcode.o
cc -bundle -undefined dynamic_lookup -fsanitize=address -L/usr/local/opt/openblas/lib -L/usr/local/opt/llvm/lib -L/usr/local/opt/sqlite/lib -L/usr/local/opt/readline/lib -L/usr/local/opt/openssl@1.1/lib -L/usr/local/opt/openblas/lib -L/usr/local/opt/llvm/lib -L/usr/local/opt/sqlite/lib -L/usr/local/opt/readline/lib -L/usr/local/opt/openssl@1.1/lib -L/usr/local/opt/openblas/lib -L/usr/local/opt/llvm/lib -L/usr/local/opt/sqlite/lib -L/usr/local/opt/readline/lib -L/usr/local/opt/openssl@1.1/lib -fomit-frame-pointer -funroll-loops -ffast-math -Ofast -fno-signed-zeros -ffp-contract=fast -mmmx -msse -flto -I/usr/local/opt/openblas/include -I/usr/local/opt/llvm/include -I/usr/local/opt/sqlite/include -I/usr/local/opt/readline/include -I/usr/local/opt/openssl@1.1/include -march=native build/temp.macosx-10.12.6-x86_64-3.6-pydebug/Users/dojo/Library/Caches/Homebrew/Python-3.6.2/Modules/_opcode.o -L. -L/usr/local/opt/openblas/lib -L/usr/local/opt/llvm/lib -L/usr/local/opt/sqlite/lib -L/usr/local/opt/readline/lib -L/usr/local/opt/openssl@1.1/lib -L/usr/local/lib -o build/lib.macosx-10.12.6-x86_64-3.6-pydebug/_opcode.cpython-36dm-darwin.so
building '_asyncio' extension
cc -fsanitize=address -fno-omit-frame-pointer -Wno-unused-result -Wsign-compare -DDYNAMIC_ANNOTATIONS_ENABLED=1 -g -Ofast -Wall -Wstrict-prototypes -fomit-frame-pointer -funroll-loops -ffast-math -Ofast -fno-signed-zeros -ffp-contract=fast -mmmx -msse -flto -fomit-frame-pointer -funroll-loops -ffast-math -Ofast -fno-signed-zeros -ffp-contract=fast -mmmx -msse -flto -std=c99 -Wextra -Wno-unused-result -Wno-unused-parameter -Wno-missing-field-initializers -fomit-frame-pointer -funroll-loops -ffast-math -Ofast -fno-signed-zeros -ffp-contract=fast -mmmx -msse -flto -march=native -I./Include -I. -I/usr/local/opt/openblas/include -I/usr/local/opt/llvm/include -I/usr/local/opt/sqlite/include -I/usr/local/opt/readline/include -I/usr/local/opt/openssl@1.1/include -I/usr/local/include -I/Users/dojo/Library/Caches/Homebrew/Python-3.6.2/Include -I/Users/dojo/Library/Caches/Homebrew/Python-3.6.2 -c /Users/dojo/Library/Caches/Homebrew/Python-3.6.2/Modules/_asynciomodule.c -o build/temp.macosx-10.12.6-x86_64-3.6-pydebug/Users/dojo/Library/Caches/Homebrew/Python-3.6.2/Modules/_asynciomodule.o
building 'fcntl' extension
cc -fsanitize=address -fno-omit-frame-pointer -Wno-unused-result -Wsign-compare -DDYNAMIC_ANNOTATIONS_ENABLED=1 -g -Ofast -Wall -Wstrict-prototypes -fomit-frame-pointer -funroll-loops -ffast-math -Ofast -fno-signed-zeros -ffp-contract=fast -mmmx -msse -flto -fomit-frame-pointer -funroll-loops -ffast-math -Ofast -fno-signed-zeros -ffp-contract=fast -mmmx -msse -flto -std=c99 -Wextra -Wno-unused-result -Wno-unused-parameter -Wno-missing-field-initializers -fomit-frame-pointer -funroll-loops -ffast-math -Ofast -fno-signed-zeros -ffp-contract=fast -mmmx -msse -flto -march=native -I./Include -I. -I/usr/local/opt/openblas/include -I/usr/local/opt/llvm/include -I/usr/local/opt/sqlite/include -I/usr/local/opt/readline/include -I/usr/local/opt/openssl@1.1/include -I/usr/local/include -I/Users/dojo/Library/Caches/Homebrew/Python-3.6.2/Include -I/Users/dojo/Library/Caches/Homebrew/Python-3.6.2 -c /Users/dojo/Library/Caches/Homebrew/Python-3.6.2/Modules/fcntlmodule.c -o build/temp.macosx-10.12.6-x86_64-3.6-pydebug/Users/dojo/Library/Caches/Homebrew/Python-3.6.2/Modules/fcntlmodule.o
cc -bundle -undefined dynamic_lookup -fsanitize=address -L/usr/local/opt/openblas/lib -L/usr/local/opt/llvm/lib -L/usr/local/opt/sqlite/lib -L/usr/local/opt/readline/lib -L/usr/local/opt/openssl@1.1/lib -L/usr/local/opt/openblas/lib -L/usr/local/opt/llvm/lib -L/usr/local/opt/sqlite/lib -L/usr/local/opt/readline/lib -L/usr/local/opt/openssl@1.1/lib -L/usr/local/opt/openblas/lib -L/usr/local/opt/llvm/lib -L/usr/local/opt/sqlite/lib -L/usr/local/opt/readline/lib -L/usr/local/opt/openssl@1.1/lib -fomit-frame-pointer -funroll-loops -ffast-math -Ofast -fno-signed-zeros -ffp-contract=fast -mmmx -msse -flto -I/usr/local/opt/openblas/include -I/usr/local/opt/llvm/include -I/usr/local/opt/sqlite/include -I/usr/local/opt/readline/include -I/usr/local/opt/openssl@1.1/include -march=native build/temp.macosx-10.12.6-x86_64-3.6-pydebug/Users/dojo/Library/Caches/Homebrew/Python-3.6.2/Modules/fcntlmodule.o -L. -L/usr/local/opt/openblas/lib -L/usr/local/opt/llvm/lib -L/usr/local/opt/sqlite/lib -L/usr/local/opt/readline/lib -L/usr/local/opt/openssl@1.1/lib -L/usr/local/lib -o build/lib.macosx-10.12.6-x86_64-3.6-pydebug/fcntl.cpython-36dm-darwin.so
cc -bundle -undefined dynamic_lookup -fsanitize=address -L/usr/local/opt/openblas/lib -L/usr/local/opt/llvm/lib -L/usr/local/opt/sqlite/lib -L/usr/local/opt/readline/lib -L/usr/local/opt/openssl@1.1/lib -L/usr/local/opt/openblas/lib -L/usr/local/opt/llvm/lib -L/usr/local/opt/sqlite/lib -L/usr/local/opt/readline/lib -L/usr/local/opt/openssl@1.1/lib -L/usr/local/opt/openblas/lib -L/usr/local/opt/llvm/lib -L/usr/local/opt/sqlite/lib -L/usr/local/opt/readline/lib -L/usr/local/opt/openssl@1.1/lib -fomit-frame-pointer -funroll-loops -ffast-math -Ofast -fno-signed-zeros -ffp-contract=fast -mmmx -msse -flto -I/usr/local/opt/openblas/include -I/usr/local/opt/llvm/include -I/usr/local/opt/sqlite/include -I/usr/local/opt/readline/include -I/usr/local/opt/openssl@1.1/include -march=native build/temp.macosx-10.12.6-x86_64-3.6-pydebug/Users/dojo/Library/Caches/Homebrew/Python-3.6.2/Modules/_asynciomodule.o -L. -L/usr/local/opt/openblas/lib -L/usr/local/opt/llvm/lib -L/usr/local/opt/sqlite/lib -L/usr/local/opt/readline/lib -L/usr/local/opt/openssl@1.1/lib -L/usr/local/lib -o build/lib.macosx-10.12.6-x86_64-3.6-pydebug/_asyncio.cpython-36dm-darwin.so
building 'grp' extension
cc -fsanitize=address -fno-omit-frame-pointer -Wno-unused-result -Wsign-compare -DDYNAMIC_ANNOTATIONS_ENABLED=1 -g -Ofast -Wall -Wstrict-prototypes -fomit-frame-pointer -funroll-loops -ffast-math -Ofast -fno-signed-zeros -ffp-contract=fast -mmmx -msse -flto -fomit-frame-pointer -funroll-loops -ffast-math -Ofast -fno-signed-zeros -ffp-contract=fast -mmmx -msse -flto -std=c99 -Wextra -Wno-unused-result -Wno-unused-parameter -Wno-missing-field-initializers -fomit-frame-pointer -funroll-loops -ffast-math -Ofast -fno-signed-zeros -ffp-contract=fast -mmmx -msse -flto -march=native -I./Include -I. -I/usr/local/opt/openblas/include -I/usr/local/opt/llvm/include -I/usr/local/opt/sqlite/include -I/usr/local/opt/readline/include -I/usr/local/opt/openssl@1.1/include -I/usr/local/include -I/Users/dojo/Library/Caches/Homebrew/Python-3.6.2/Include -I/Users/dojo/Library/Caches/Homebrew/Python-3.6.2 -c /Users/dojo/Library/Caches/Homebrew/Python-3.6.2/Modules/grpmodule.c -o build/temp.macosx-10.12.6-x86_64-3.6-pydebug/Users/dojo/Library/Caches/Homebrew/Python-3.6.2/Modules/grpmodule.o
cc -bundle -undefined dynamic_lookup -fsanitize=address -L/usr/local/opt/openblas/lib -L/usr/local/opt/llvm/lib -L/usr/local/opt/sqlite/lib -L/usr/local/opt/readline/lib -L/usr/local/opt/openssl@1.1/lib -L/usr/local/opt/openblas/lib -L/usr/local/opt/llvm/lib -L/usr/local/opt/sqlite/lib -L/usr/local/opt/readline/lib -L/usr/local/opt/openssl@1.1/lib -L/usr/local/opt/openblas/lib -L/usr/local/opt/llvm/lib -L/usr/local/opt/sqlite/lib -L/usr/local/opt/readline/lib -L/usr/local/opt/openssl@1.1/lib -fomit-frame-pointer -funroll-loops -ffast-math -Ofast -fno-signed-zeros -ffp-contract=fast -mmmx -msse -flto -I/usr/local/opt/openblas/include -I/usr/local/opt/llvm/include -I/usr/local/opt/sqlite/include -I/usr/local/opt/readline/include -I/usr/local/opt/openssl@1.1/include -march=native build/temp.macosx-10.12.6-x86_64-3.6-pydebug/Users/dojo/Library/Caches/Homebrew/Python-3.6.2/Modules/unicodedata.o -L. -L/usr/local/opt/openblas/lib -L/usr/local/opt/llvm/lib -L/usr/local/opt/sqlite/lib -L/usr/local/opt/readline/lib -L/usr/local/opt/openssl@1.1/lib -L/usr/local/lib -o build/lib.macosx-10.12.6-x86_64-3.6-pydebug/unicodedata.cpython-36dm-darwin.so
cc -bundle -undefined dynamic_lookup -fsanitize=address -L/usr/local/opt/openblas/lib -L/usr/local/opt/llvm/lib -L/usr/local/opt/sqlite/lib -L/usr/local/opt/readline/lib -L/usr/local/opt/openssl@1.1/lib -L/usr/local/opt/openblas/lib -L/usr/local/opt/llvm/lib -L/usr/local/opt/sqlite/lib -L/usr/local/opt/readline/lib -L/usr/local/opt/openssl@1.1/lib -L/usr/local/opt/openblas/lib -L/usr/local/opt/llvm/lib -L/usr/local/opt/sqlite/lib -L/usr/local/opt/readline/lib -L/usr/local/opt/openssl@1.1/lib -fomit-frame-pointer -funroll-loops -ffast-math -Ofast -fno-signed-zeros -ffp-contract=fast -mmmx -msse -flto -I/usr/local/opt/openblas/include -I/usr/local/opt/llvm/include -I/usr/local/opt/sqlite/include -I/usr/local/opt/readline/include -I/usr/local/opt/openssl@1.1/include -march=native build/temp.macosx-10.12.6-x86_64-3.6-pydebug/Users/dojo/Library/Caches/Homebrew/Python-3.6.2/Modules/grpmodule.o -L. -L/usr/local/opt/openblas/lib -L/usr/local/opt/llvm/lib -L/usr/local/opt/sqlite/lib -L/usr/local/opt/readline/lib -L/usr/local/opt/openssl@1.1/lib -L/usr/local/lib -o build/lib.macosx-10.12.6-x86_64-3.6-pydebug/grp.cpython-36dm-darwin.so
building 'select' extension
cc -fsanitize=address -fno-omit-frame-pointer -Wno-unused-result -Wsign-compare -DDYNAMIC_ANNOTATIONS_ENABLED=1 -g -Ofast -Wall -Wstrict-prototypes -fomit-frame-pointer -funroll-loops -ffast-math -Ofast -fno-signed-zeros -ffp-contract=fast -mmmx -msse -flto -fomit-frame-pointer -funroll-loops -ffast-math -Ofast -fno-signed-zeros -ffp-contract=fast -mmmx -msse -flto -std=c99 -Wextra -Wno-unused-result -Wno-unused-parameter -Wno-missing-field-initializers -fomit-frame-pointer -funroll-loops -ffast-math -Ofast -fno-signed-zeros -ffp-contract=fast -mmmx -msse -flto -march=native -I./Include -I. -I/usr/local/opt/openblas/include -I/usr/local/opt/llvm/include -I/usr/local/opt/sqlite/include -I/usr/local/opt/readline/include -I/usr/local/opt/openssl@1.1/include -I/usr/local/include -I/Users/dojo/Library/Caches/Homebrew/Python-3.6.2/Include -I/Users/dojo/Library/Caches/Homebrew/Python-3.6.2 -c /Users/dojo/Library/Caches/Homebrew/Python-3.6.2/Modules/selectmodule.c -o build/temp.macosx-10.12.6-x86_64-3.6-pydebug/Users/dojo/Library/Caches/Homebrew/Python-3.6.2/Modules/selectmodule.o
cc -bundle -undefined dynamic_lookup -fsanitize=address -L/usr/local/opt/openblas/lib -L/usr/local/opt/llvm/lib -L/usr/local/opt/sqlite/lib -L/usr/local/opt/readline/lib -L/usr/local/opt/openssl@1.1/lib -L/usr/local/opt/openblas/lib -L/usr/local/opt/llvm/lib -L/usr/local/opt/sqlite/lib -L/usr/local/opt/readline/lib -L/usr/local/opt/openssl@1.1/lib -L/usr/local/opt/openblas/lib -L/usr/local/opt/llvm/lib -L/usr/local/opt/sqlite/lib -L/usr/local/opt/readline/lib -L/usr/local/opt/openssl@1.1/lib -fomit-frame-pointer -funroll-loops -ffast-math -Ofast -fno-signed-zeros -ffp-contract=fast -mmmx -msse -flto -I/usr/local/opt/openblas/include -I/usr/local/opt/llvm/include -I/usr/local/opt/sqlite/include -I/usr/local/opt/readline/include -I/usr/local/opt/openssl@1.1/include -march=native build/temp.macosx-10.12.6-x86_64-3.6-pydebug/Users/dojo/Library/Caches/Homebrew/Python-3.6.2/Modules/selectmodule.o -L. -L/usr/local/opt/openblas/lib -L/usr/local/opt/llvm/lib -L/usr/local/opt/sqlite/lib -L/usr/local/opt/readline/lib -L/usr/local/opt/openssl@1.1/lib -L/usr/local/lib -o build/lib.macosx-10.12.6-x86_64-3.6-pydebug/select.cpython-36dm-darwin.so
building 'parser' extension
cc -fsanitize=address -fno-omit-frame-pointer -Wno-unused-result -Wsign-compare -DDYNAMIC_ANNOTATIONS_ENABLED=1 -g -Ofast -Wall -Wstrict-prototypes -fomit-frame-pointer -funroll-loops -ffast-math -Ofast -fno-signed-zeros -ffp-contract=fast -mmmx -msse -flto -fomit-frame-pointer -funroll-loops -ffast-math -Ofast -fno-signed-zeros -ffp-contract=fast -mmmx -msse -flto -std=c99 -Wextra -Wno-unused-result -Wno-unused-parameter -Wno-missing-field-initializers -fomit-frame-pointer -funroll-loops -ffast-math -Ofast -fno-signed-zeros -ffp-contract=fast -mmmx -msse -flto -march=native -I./Include -I. -I/usr/local/opt/openblas/include -I/usr/local/opt/llvm/include -I/usr/local/opt/sqlite/include -I/usr/local/opt/readline/include -I/usr/local/opt/openssl@1.1/include -I/usr/local/include -I/Users/dojo/Library/Caches/Homebrew/Python-3.6.2/Include -I/Users/dojo/Library/Caches/Homebrew/Python-3.6.2 -c /Users/dojo/Library/Caches/Homebrew/Python-3.6.2/Modules/parsermodule.c -o build/temp.macosx-10.12.6-x86_64-3.6-pydebug/Users/dojo/Library/Caches/Homebrew/Python-3.6.2/Modules/parsermodule.o
building 'mmap' extension
cc -fsanitize=address -fno-omit-frame-pointer -Wno-unused-result -Wsign-compare -DDYNAMIC_ANNOTATIONS_ENABLED=1 -g -Ofast -Wall -Wstrict-prototypes -fomit-frame-pointer -funroll-loops -ffast-math -Ofast -fno-signed-zeros -ffp-contract=fast -mmmx -msse -flto -fomit-frame-pointer -funroll-loops -ffast-math -Ofast -fno-signed-zeros -ffp-contract=fast -mmmx -msse -flto -std=c99 -Wextra -Wno-unused-result -Wno-unused-parameter -Wno-missing-field-initializers -fomit-frame-pointer -funroll-loops -ffast-math -Ofast -fno-signed-zeros -ffp-contract=fast -mmmx -msse -flto -march=native -I./Include -I. -I/usr/local/opt/openblas/include -I/usr/local/opt/llvm/include -I/usr/local/opt/sqlite/include -I/usr/local/opt/readline/include -I/usr/local/opt/openssl@1.1/include -I/usr/local/include -I/Users/dojo/Library/Caches/Homebrew/Python-3.6.2/Include -I/Users/dojo/Library/Caches/Homebrew/Python-3.6.2 -c /Users/dojo/Library/Caches/Homebrew/Python-3.6.2/Modules/mmapmodule.c -o build/temp.macosx-10.12.6-x86_64-3.6-pydebug/Users/dojo/Library/Caches/Homebrew/Python-3.6.2/Modules/mmapmodule.o
building 'syslog' extension
cc -fsanitize=address -fno-omit-frame-pointer -Wno-unused-result -Wsign-compare -DDYNAMIC_ANNOTATIONS_ENABLED=1 -g -Ofast -Wall -Wstrict-prototypes -fomit-frame-pointer -funroll-loops -ffast-math -Ofast -fno-signed-zeros -ffp-contract=fast -mmmx -msse -flto -fomit-frame-pointer -funroll-loops -ffast-math -Ofast -fno-signed-zeros -ffp-contract=fast -mmmx -msse -flto -std=c99 -Wextra -Wno-unused-result -Wno-unused-parameter -Wno-missing-field-initializers -fomit-frame-pointer -funroll-loops -ffast-math -Ofast -fno-signed-zeros -ffp-contract=fast -mmmx -msse -flto -march=native -I./Include -I. -I/usr/local/opt/openblas/include -I/usr/local/opt/llvm/include -I/usr/local/opt/sqlite/include -I/usr/local/opt/readline/include -I/usr/local/opt/openssl@1.1/include -I/usr/local/include -I/Users/dojo/Library/Caches/Homebrew/Python-3.6.2/Include -I/Users/dojo/Library/Caches/Homebrew/Python-3.6.2 -c /Users/dojo/Library/Caches/Homebrew/Python-3.6.2/Modules/syslogmodule.c -o build/temp.macosx-10.12.6-x86_64-3.6-pydebug/Users/dojo/Library/Caches/Homebrew/Python-3.6.2/Modules/syslogmodule.o
building 'audioop' extension
cc -fsanitize=address -fno-omit-frame-pointer -Wno-unused-result -Wsign-compare -DDYNAMIC_ANNOTATIONS_ENABLED=1 -g -Ofast -Wall -Wstrict-prototypes -fomit-frame-pointer -funroll-loops -ffast-math -Ofast -fno-signed-zeros -ffp-contract=fast -mmmx -msse -flto -fomit-frame-pointer -funroll-loops -ffast-math -Ofast -fno-signed-zeros -ffp-contract=fast -mmmx -msse -flto -std=c99 -Wextra -Wno-unused-result -Wno-unused-parameter -Wno-missing-field-initializers -fomit-frame-pointer -funroll-loops -ffast-math -Ofast -fno-signed-zeros -ffp-contract=fast -mmmx -msse -flto -march=native -I./Include -I. -I/usr/local/opt/openblas/include -I/usr/local/opt/llvm/include -I/usr/local/opt/sqlite/include -I/usr/local/opt/readline/include -I/usr/local/opt/openssl@1.1/include -I/usr/local/include -I/Users/dojo/Library/Caches/Homebrew/Python-3.6.2/Include -I/Users/dojo/Library/Caches/Homebrew/Python-3.6.2 -c /Users/dojo/Library/Caches/Homebrew/Python-3.6.2/Modules/audioop.c -o build/temp.macosx-10.12.6-x86_64-3.6-pydebug/Users/dojo/Library/Caches/Homebrew/Python-3.6.2/Modules/audioop.o
cc -bundle -undefined dynamic_lookup -fsanitize=address -L/usr/local/opt/openblas/lib -L/usr/local/opt/llvm/lib -L/usr/local/opt/sqlite/lib -L/usr/local/opt/readline/lib -L/usr/local/opt/openssl@1.1/lib -L/usr/local/opt/openblas/lib -L/usr/local/opt/llvm/lib -L/usr/local/opt/sqlite/lib -L/usr/local/opt/readline/lib -L/usr/local/opt/openssl@1.1/lib -L/usr/local/opt/openblas/lib -L/usr/local/opt/llvm/lib -L/usr/local/opt/sqlite/lib -L/usr/local/opt/readline/lib -L/usr/local/opt/openssl@1.1/lib -fomit-frame-pointer -funroll-loops -ffast-math -Ofast -fno-signed-zeros -ffp-contract=fast -mmmx -msse -flto -I/usr/local/opt/openblas/include -I/usr/local/opt/llvm/include -I/usr/local/opt/sqlite/include -I/usr/local/opt/readline/include -I/usr/local/opt/openssl@1.1/include -march=native build/temp.macosx-10.12.6-x86_64-3.6-pydebug/Users/dojo/Library/Caches/Homebrew/Python-3.6.2/Modules/parsermodule.o -L. -L/usr/local/opt/openblas/lib -L/usr/local/opt/llvm/lib -L/usr/local/opt/sqlite/lib -L/usr/local/opt/readline/lib -L/usr/local/opt/openssl@1.1/lib -L/usr/local/lib -o build/lib.macosx-10.12.6-x86_64-3.6-pydebug/parser.cpython-36dm-darwin.so
cc -bundle -undefined dynamic_lookup -fsanitize=address -L/usr/local/opt/openblas/lib -L/usr/local/opt/llvm/lib -L/usr/local/opt/sqlite/lib -L/usr/local/opt/readline/lib -L/usr/local/opt/openssl@1.1/lib -L/usr/local/opt/openblas/lib -L/usr/local/opt/llvm/lib -L/usr/local/opt/sqlite/lib -L/usr/local/opt/readline/lib -L/usr/local/opt/openssl@1.1/lib -L/usr/local/opt/openblas/lib -L/usr/local/opt/llvm/lib -L/usr/local/opt/sqlite/lib -L/usr/local/opt/readline/lib -L/usr/local/opt/openssl@1.1/lib -fomit-frame-pointer -funroll-loops -ffast-math -Ofast -fno-signed-zeros -ffp-contract=fast -mmmx -msse -flto -I/usr/local/opt/openblas/include -I/usr/local/opt/llvm/include -I/usr/local/opt/sqlite/include -I/usr/local/opt/readline/include -I/usr/local/opt/openssl@1.1/include -march=native build/temp.macosx-10.12.6-x86_64-3.6-pydebug/Users/dojo/Library/Caches/Homebrew/Python-3.6.2/Modules/mmapmodule.o -L. -L/usr/local/opt/openblas/lib -L/usr/local/opt/llvm/lib -L/usr/local/opt/sqlite/lib -L/usr/local/opt/readline/lib -L/usr/local/opt/openssl@1.1/lib -L/usr/local/lib -o build/lib.macosx-10.12.6-x86_64-3.6-pydebug/mmap.cpython-36dm-darwin.so
cc -bundle -undefined dynamic_lookup -fsanitize=address -L/usr/local/opt/openblas/lib -L/usr/local/opt/llvm/lib -L/usr/local/opt/sqlite/lib -L/usr/local/opt/readline/lib -L/usr/local/opt/openssl@1.1/lib -L/usr/local/opt/openblas/lib -L/usr/local/opt/llvm/lib -L/usr/local/opt/sqlite/lib -L/usr/local/opt/readline/lib -L/usr/local/opt/openssl@1.1/lib -L/usr/local/opt/openblas/lib -L/usr/local/opt/llvm/lib -L/usr/local/opt/sqlite/lib -L/usr/local/opt/readline/lib -L/usr/local/opt/openssl@1.1/lib -fomit-frame-pointer -funroll-loops -ffast-math -Ofast -fno-signed-zeros -ffp-contract=fast -mmmx -msse -flto -I/usr/local/opt/openblas/include -I/usr/local/opt/llvm/include -I/usr/local/opt/sqlite/include -I/usr/local/opt/readline/include -I/usr/local/opt/openssl@1.1/include -march=native build/temp.macosx-10.12.6-x86_64-3.6-pydebug/Users/dojo/Library/Caches/Homebrew/Python-3.6.2/Modules/syslogmodule.o -L. -L/usr/local/opt/openblas/lib -L/usr/local/opt/llvm/lib -L/usr/local/opt/sqlite/lib -L/usr/local/opt/readline/lib -L/usr/local/opt/openssl@1.1/lib -L/usr/local/lib -o build/lib.macosx-10.12.6-x86_64-3.6-pydebug/syslog.cpython-36dm-darwin.so
building 'readline' extension
cc -fsanitize=address -fno-omit-frame-pointer -Wno-unused-result -Wsign-compare -DDYNAMIC_ANNOTATIONS_ENABLED=1 -g -Ofast -Wall -Wstrict-prototypes -fomit-frame-pointer -funroll-loops -ffast-math -Ofast -fno-signed-zeros -ffp-contract=fast -mmmx -msse -flto -fomit-frame-pointer -funroll-loops -ffast-math -Ofast -fno-signed-zeros -ffp-contract=fast -mmmx -msse -flto -std=c99 -Wextra -Wno-unused-result -Wno-unused-parameter -Wno-missing-field-initializers -fomit-frame-pointer -funroll-loops -ffast-math -Ofast -fno-signed-zeros -ffp-contract=fast -mmmx -msse -flto -march=native -I./Include -I. -I/usr/local/opt/openblas/include -I/usr/local/opt/llvm/include -I/usr/local/opt/sqlite/include -I/usr/local/opt/readline/include -I/usr/local/opt/openssl@1.1/include -I/usr/local/include -I/Users/dojo/Library/Caches/Homebrew/Python-3.6.2/Include -I/Users/dojo/Library/Caches/Homebrew/Python-3.6.2 -c /Users/dojo/Library/Caches/Homebrew/Python-3.6.2/Modules/readline.c -o build/temp.macosx-10.12.6-x86_64-3.6-pydebug/Users/dojo/Library/Caches/Homebrew/Python-3.6.2/Modules/readline.o
building '_crypt' extension
cc -fsanitize=address -fno-omit-frame-pointer -Wno-unused-result -Wsign-compare -DDYNAMIC_ANNOTATIONS_ENABLED=1 -g -Ofast -Wall -Wstrict-prototypes -fomit-frame-pointer -funroll-loops -ffast-math -Ofast -fno-signed-zeros -ffp-contract=fast -mmmx -msse -flto -fomit-frame-pointer -funroll-loops -ffast-math -Ofast -fno-signed-zeros -ffp-contract=fast -mmmx -msse -flto -std=c99 -Wextra -Wno-unused-result -Wno-unused-parameter -Wno-missing-field-initializers -fomit-frame-pointer -funroll-loops -ffast-math -Ofast -fno-signed-zeros -ffp-contract=fast -mmmx -msse -flto -march=native -I./Include -I. -I/usr/local/opt/openblas/include -I/usr/local/opt/llvm/include -I/usr/local/opt/sqlite/include -I/usr/local/opt/readline/include -I/usr/local/opt/openssl@1.1/include -I/usr/local/include -I/Users/dojo/Library/Caches/Homebrew/Python-3.6.2/Include -I/Users/dojo/Library/Caches/Homebrew/Python-3.6.2 -c /Users/dojo/Library/Caches/Homebrew/Python-3.6.2/Modules/_cryptmodule.c -o build/temp.macosx-10.12.6-x86_64-3.6-pydebug/Users/dojo/Library/Caches/Homebrew/Python-3.6.2/Modules/_cryptmodule.o
building '_csv' extension
cc -fsanitize=address -fno-omit-frame-pointer -Wno-unused-result -Wsign-compare -DDYNAMIC_ANNOTATIONS_ENABLED=1 -g -Ofast -Wall -Wstrict-prototypes -fomit-frame-pointer -funroll-loops -ffast-math -Ofast -fno-signed-zeros -ffp-contract=fast -mmmx -msse -flto -fomit-frame-pointer -funroll-loops -ffast-math -Ofast -fno-signed-zeros -ffp-contract=fast -mmmx -msse -flto -std=c99 -Wextra -Wno-unused-result -Wno-unused-parameter -Wno-missing-field-initializers -fomit-frame-pointer -funroll-loops -ffast-math -Ofast -fno-signed-zeros -ffp-contract=fast -mmmx -msse -flto -march=native -I./Include -I. -I/usr/local/opt/openblas/include -I/usr/local/opt/llvm/include -I/usr/local/opt/sqlite/include -I/usr/local/opt/readline/include -I/usr/local/opt/openssl@1.1/include -I/usr/local/include -I/Users/dojo/Library/Caches/Homebrew/Python-3.6.2/Include -I/Users/dojo/Library/Caches/Homebrew/Python-3.6.2 -c /Users/dojo/Library/Caches/Homebrew/Python-3.6.2/Modules/_csv.c -o build/temp.macosx-10.12.6-x86_64-3.6-pydebug/Users/dojo/Library/Caches/Homebrew/Python-3.6.2/Modules/_csv.o
cc -bundle -undefined dynamic_lookup -fsanitize=address -L/usr/local/opt/openblas/lib -L/usr/local/opt/llvm/lib -L/usr/local/opt/sqlite/lib -L/usr/local/opt/readline/lib -L/usr/local/opt/openssl@1.1/lib -L/usr/local/opt/openblas/lib -L/usr/local/opt/llvm/lib -L/usr/local/opt/sqlite/lib -L/usr/local/opt/readline/lib -L/usr/local/opt/openssl@1.1/lib -L/usr/local/opt/openblas/lib -L/usr/local/opt/llvm/lib -L/usr/local/opt/sqlite/lib -L/usr/local/opt/readline/lib -L/usr/local/opt/openssl@1.1/lib -fomit-frame-pointer -funroll-loops -ffast-math -Ofast -fno-signed-zeros -ffp-contract=fast -mmmx -msse -flto -I/usr/local/opt/openblas/include -I/usr/local/opt/llvm/include -I/usr/local/opt/sqlite/include -I/usr/local/opt/readline/include -I/usr/local/opt/openssl@1.1/include -march=native build/temp.macosx-10.12.6-x86_64-3.6-pydebug/Users/dojo/Library/Caches/Homebrew/Python-3.6.2/Modules/readline.o -L/usr/lib/termcap -L. -L/usr/local/opt/openblas/lib -L/usr/local/opt/llvm/lib -L/usr/local/opt/sqlite/lib -L/usr/local/opt/readline/lib -L/usr/local/opt/openssl@1.1/lib -L/usr/local/lib -lreadline -lncurses -o build/lib.macosx-10.12.6-x86_64-3.6-pydebug/readline.cpython-36dm-darwin.so
cc -bundle -undefined dynamic_lookup -fsanitize=address -L/usr/local/opt/openblas/lib -L/usr/local/opt/llvm/lib -L/usr/local/opt/sqlite/lib -L/usr/local/opt/readline/lib -L/usr/local/opt/openssl@1.1/lib -L/usr/local/opt/openblas/lib -L/usr/local/opt/llvm/lib -L/usr/local/opt/sqlite/lib -L/usr/local/opt/readline/lib -L/usr/local/opt/openssl@1.1/lib -L/usr/local/opt/openblas/lib -L/usr/local/opt/llvm/lib -L/usr/local/opt/sqlite/lib -L/usr/local/opt/readline/lib -L/usr/local/opt/openssl@1.1/lib -fomit-frame-pointer -funroll-loops -ffast-math -Ofast -fno-signed-zeros -ffp-contract=fast -mmmx -msse -flto -I/usr/local/opt/openblas/include -I/usr/local/opt/llvm/include -I/usr/local/opt/sqlite/include -I/usr/local/opt/readline/include -I/usr/local/opt/openssl@1.1/include -march=native build/temp.macosx-10.12.6-x86_64-3.6-pydebug/Users/dojo/Library/Caches/Homebrew/Python-3.6.2/Modules/_cryptmodule.o -L. -L/usr/local/opt/openblas/lib -L/usr/local/opt/llvm/lib -L/usr/local/opt/sqlite/lib -L/usr/local/opt/readline/lib -L/usr/local/opt/openssl@1.1/lib -L/usr/local/lib -o build/lib.macosx-10.12.6-x86_64-3.6-pydebug/_crypt.cpython-36dm-darwin.so
cc -bundle -undefined dynamic_lookup -fsanitize=address -L/usr/local/opt/openblas/lib -L/usr/local/opt/llvm/lib -L/usr/local/opt/sqlite/lib -L/usr/local/opt/readline/lib -L/usr/local/opt/openssl@1.1/lib -L/usr/local/opt/openblas/lib -L/usr/local/opt/llvm/lib -L/usr/local/opt/sqlite/lib -L/usr/local/opt/readline/lib -L/usr/local/opt/openssl@1.1/lib -L/usr/local/opt/openblas/lib -L/usr/local/opt/llvm/lib -L/usr/local/opt/sqlite/lib -L/usr/local/opt/readline/lib -L/usr/local/opt/openssl@1.1/lib -fomit-frame-pointer -funroll-loops -ffast-math -Ofast -fno-signed-zeros -ffp-contract=fast -mmmx -msse -flto -I/usr/local/opt/openblas/include -I/usr/local/opt/llvm/include -I/usr/local/opt/sqlite/include -I/usr/local/opt/readline/include -I/usr/local/opt/openssl@1.1/include -march=native build/temp.macosx-10.12.6-x86_64-3.6-pydebug/Users/dojo/Library/Caches/Homebrew/Python-3.6.2/Modules/audioop.o -L. -L/usr/local/opt/openblas/lib -L/usr/local/opt/llvm/lib -L/usr/local/opt/sqlite/lib -L/usr/local/opt/readline/lib -L/usr/local/opt/openssl@1.1/lib -L/usr/local/lib -o build/lib.macosx-10.12.6-x86_64-3.6-pydebug/audioop.cpython-36dm-darwin.so
building '_posixsubprocess' extension
cc -fsanitize=address -fno-omit-frame-pointer -Wno-unused-result -Wsign-compare -DDYNAMIC_ANNOTATIONS_ENABLED=1 -g -Ofast -Wall -Wstrict-prototypes -fomit-frame-pointer -funroll-loops -ffast-math -Ofast -fno-signed-zeros -ffp-contract=fast -mmmx -msse -flto -fomit-frame-pointer -funroll-loops -ffast-math -Ofast -fno-signed-zeros -ffp-contract=fast -mmmx -msse -flto -std=c99 -Wextra -Wno-unused-result -Wno-unused-parameter -Wno-missing-field-initializers -fomit-frame-pointer -funroll-loops -ffast-math -Ofast -fno-signed-zeros -ffp-contract=fast -mmmx -msse -flto -march=native -I./Include -I. -I/usr/local/opt/openblas/include -I/usr/local/opt/llvm/include -I/usr/local/opt/sqlite/include -I/usr/local/opt/readline/include -I/usr/local/opt/openssl@1.1/include -I/usr/local/include -I/Users/dojo/Library/Caches/Homebrew/Python-3.6.2/Include -I/Users/dojo/Library/Caches/Homebrew/Python-3.6.2 -c /Users/dojo/Library/Caches/Homebrew/Python-3.6.2/Modules/_posixsubprocess.c -o build/temp.macosx-10.12.6-x86_64-3.6-pydebug/Users/dojo/Library/Caches/Homebrew/Python-3.6.2/Modules/_posixsubprocess.o
cc -bundle -undefined dynamic_lookup -fsanitize=address -L/usr/local/opt/openblas/lib -L/usr/local/opt/llvm/lib -L/usr/local/opt/sqlite/lib -L/usr/local/opt/readline/lib -L/usr/local/opt/openssl@1.1/lib -L/usr/local/opt/openblas/lib -L/usr/local/opt/llvm/lib -L/usr/local/opt/sqlite/lib -L/usr/local/opt/readline/lib -L/usr/local/opt/openssl@1.1/lib -L/usr/local/opt/openblas/lib -L/usr/local/opt/llvm/lib -L/usr/local/opt/sqlite/lib -L/usr/local/opt/readline/lib -L/usr/local/opt/openssl@1.1/lib -fomit-frame-pointer -funroll-loops -ffast-math -Ofast -fno-signed-zeros -ffp-contract=fast -mmmx -msse -flto -I/usr/local/opt/openblas/include -I/usr/local/opt/llvm/include -I/usr/local/opt/sqlite/include -I/usr/local/opt/readline/include -I/usr/local/opt/openssl@1.1/include -march=native build/temp.macosx-10.12.6-x86_64-3.6-pydebug/Users/dojo/Library/Caches/Homebrew/Python-3.6.2/Modules/_csv.o -L. -L/usr/local/opt/openblas/lib -L/usr/local/opt/llvm/lib -L/usr/local/opt/sqlite/lib -L/usr/local/opt/readline/lib -L/usr/local/opt/openssl@1.1/lib -L/usr/local/lib -o build/lib.macosx-10.12.6-x86_64-3.6-pydebug/_csv.cpython-36dm-darwin.so
building '_socket' extension
cc -fsanitize=address -fno-omit-frame-pointer -Wno-unused-result -Wsign-compare -DDYNAMIC_ANNOTATIONS_ENABLED=1 -g -Ofast -Wall -Wstrict-prototypes -fomit-frame-pointer -funroll-loops -ffast-math -Ofast -fno-signed-zeros -ffp-contract=fast -mmmx -msse -flto -fomit-frame-pointer -funroll-loops -ffast-math -Ofast -fno-signed-zeros -ffp-contract=fast -mmmx -msse -flto -std=c99 -Wextra -Wno-unused-result -Wno-unused-parameter -Wno-missing-field-initializers -fomit-frame-pointer -funroll-loops -ffast-math -Ofast -fno-signed-zeros -ffp-contract=fast -mmmx -msse -flto -march=native -I./Include -I. -I/usr/local/opt/openblas/include -I/usr/local/opt/llvm/include -I/usr/local/opt/sqlite/include -I/usr/local/opt/readline/include -I/usr/local/opt/openssl@1.1/include -I/usr/local/include -I/Users/dojo/Library/Caches/Homebrew/Python-3.6.2/Include -I/Users/dojo/Library/Caches/Homebrew/Python-3.6.2 -c /Users/dojo/Library/Caches/Homebrew/Python-3.6.2/Modules/socketmodule.c -o build/temp.macosx-10.12.6-x86_64-3.6-pydebug/Users/dojo/Library/Caches/Homebrew/Python-3.6.2/Modules/socketmodule.o
cc -bundle -undefined dynamic_lookup -fsanitize=address -L/usr/local/opt/openblas/lib -L/usr/local/opt/llvm/lib -L/usr/local/opt/sqlite/lib -L/usr/local/opt/readline/lib -L/usr/local/opt/openssl@1.1/lib -L/usr/local/opt/openblas/lib -L/usr/local/opt/llvm/lib -L/usr/local/opt/sqlite/lib -L/usr/local/opt/readline/lib -L/usr/local/opt/openssl@1.1/lib -L/usr/local/opt/openblas/lib -L/usr/local/opt/llvm/lib -L/usr/local/opt/sqlite/lib -L/usr/local/opt/readline/lib -L/usr/local/opt/openssl@1.1/lib -fomit-frame-pointer -funroll-loops -ffast-math -Ofast -fno-signed-zeros -ffp-contract=fast -mmmx -msse -flto -I/usr/local/opt/openblas/include -I/usr/local/opt/llvm/include -I/usr/local/opt/sqlite/include -I/usr/local/opt/readline/include -I/usr/local/opt/openssl@1.1/include -march=native build/temp.macosx-10.12.6-x86_64-3.6-pydebug/Users/dojo/Library/Caches/Homebrew/Python-3.6.2/Modules/_posixsubprocess.o -L. -L/usr/local/opt/openblas/lib -L/usr/local/opt/llvm/lib -L/usr/local/opt/sqlite/lib -L/usr/local/opt/readline/lib -L/usr/local/opt/openssl@1.1/lib -L/usr/local/lib -o build/lib.macosx-10.12.6-x86_64-3.6-pydebug/_posixsubprocess.cpython-36dm-darwin.so
building '_ssl' extension
cc -fsanitize=address -fno-omit-frame-pointer -Wno-unused-result -Wsign-compare -DDYNAMIC_ANNOTATIONS_ENABLED=1 -g -Ofast -Wall -Wstrict-prototypes -fomit-frame-pointer -funroll-loops -ffast-math -Ofast -fno-signed-zeros -ffp-contract=fast -mmmx -msse -flto -fomit-frame-pointer -funroll-loops -ffast-math -Ofast -fno-signed-zeros -ffp-contract=fast -mmmx -msse -flto -std=c99 -Wextra -Wno-unused-result -Wno-unused-parameter -Wno-missing-field-initializers -fomit-frame-pointer -funroll-loops -ffast-math -Ofast -fno-signed-zeros -ffp-contract=fast -mmmx -msse -flto -march=native -I./Include -I. -I/usr/local/opt/openblas/include -I/usr/local/opt/llvm/include -I/usr/local/opt/sqlite/include -I/usr/local/opt/readline/include -I/usr/local/opt/openssl@1.1/include -I/usr/local/include -I/Users/dojo/Library/Caches/Homebrew/Python-3.6.2/Include -I/Users/dojo/Library/Caches/Homebrew/Python-3.6.2 -c /Users/dojo/Library/Caches/Homebrew/Python-3.6.2/Modules/_ssl.c -o build/temp.macosx-10.12.6-x86_64-3.6-pydebug/Users/dojo/Library/Caches/Homebrew/Python-3.6.2/Modules/_ssl.o
building '_hashlib' extension
cc -fsanitize=address -fno-omit-frame-pointer -Wno-unused-result -Wsign-compare -DDYNAMIC_ANNOTATIONS_ENABLED=1 -g -Ofast -Wall -Wstrict-prototypes -fomit-frame-pointer -funroll-loops -ffast-math -Ofast -fno-signed-zeros -ffp-contract=fast -mmmx -msse -flto -fomit-frame-pointer -funroll-loops -ffast-math -Ofast -fno-signed-zeros -ffp-contract=fast -mmmx -msse -flto -std=c99 -Wextra -Wno-unused-result -Wno-unused-parameter -Wno-missing-field-initializers -fomit-frame-pointer -funroll-loops -ffast-math -Ofast -fno-signed-zeros -ffp-contract=fast -mmmx -msse -flto -march=native -I./Include -I. -I/usr/local/opt/openblas/include -I/usr/local/opt/llvm/include -I/usr/local/opt/sqlite/include -I/usr/local/opt/readline/include -I/usr/local/opt/openssl@1.1/include -I/usr/local/include -I/Users/dojo/Library/Caches/Homebrew/Python-3.6.2/Include -I/Users/dojo/Library/Caches/Homebrew/Python-3.6.2 -c /Users/dojo/Library/Caches/Homebrew/Python-3.6.2/Modules/_hashopenssl.c -o build/temp.macosx-10.12.6-x86_64-3.6-pydebug/Users/dojo/Library/Caches/Homebrew/Python-3.6.2/Modules/_hashopenssl.o
cc -bundle -undefined dynamic_lookup -fsanitize=address -L/usr/local/opt/openblas/lib -L/usr/local/opt/llvm/lib -L/usr/local/opt/sqlite/lib -L/usr/local/opt/readline/lib -L/usr/local/opt/openssl@1.1/lib -L/usr/local/opt/openblas/lib -L/usr/local/opt/llvm/lib -L/usr/local/opt/sqlite/lib -L/usr/local/opt/readline/lib -L/usr/local/opt/openssl@1.1/lib -L/usr/local/opt/openblas/lib -L/usr/local/opt/llvm/lib -L/usr/local/opt/sqlite/lib -L/usr/local/opt/readline/lib -L/usr/local/opt/openssl@1.1/lib -fomit-frame-pointer -funroll-loops -ffast-math -Ofast -fno-signed-zeros -ffp-contract=fast -mmmx -msse -flto -I/usr/local/opt/openblas/include -I/usr/local/opt/llvm/include -I/usr/local/opt/sqlite/include -I/usr/local/opt/readline/include -I/usr/local/opt/openssl@1.1/include -march=native build/temp.macosx-10.12.6-x86_64-3.6-pydebug/Users/dojo/Library/Caches/Homebrew/Python-3.6.2/Modules/socketmodule.o -L. -L/usr/local/opt/openblas/lib -L/usr/local/opt/llvm/lib -L/usr/local/opt/sqlite/lib -L/usr/local/opt/readline/lib -L/usr/local/opt/openssl@1.1/lib -L/usr/local/lib -o build/lib.macosx-10.12.6-x86_64-3.6-pydebug/_socket.cpython-36dm-darwin.so
cc -bundle -undefined dynamic_lookup -fsanitize=address -L/usr/local/opt/openblas/lib -L/usr/local/opt/llvm/lib -L/usr/local/opt/sqlite/lib -L/usr/local/opt/readline/lib -L/usr/local/opt/openssl@1.1/lib -L/usr/local/opt/openblas/lib -L/usr/local/opt/llvm/lib -L/usr/local/opt/sqlite/lib -L/usr/local/opt/readline/lib -L/usr/local/opt/openssl@1.1/lib -L/usr/local/opt/openblas/lib -L/usr/local/opt/llvm/lib -L/usr/local/opt/sqlite/lib -L/usr/local/opt/readline/lib -L/usr/local/opt/openssl@1.1/lib -fomit-frame-pointer -funroll-loops -ffast-math -Ofast -fno-signed-zeros -ffp-contract=fast -mmmx -msse -flto -I/usr/local/opt/openblas/include -I/usr/local/opt/llvm/include -I/usr/local/opt/sqlite/include -I/usr/local/opt/readline/include -I/usr/local/opt/openssl@1.1/include -march=native build/temp.macosx-10.12.6-x86_64-3.6-pydebug/Users/dojo/Library/Caches/Homebrew/Python-3.6.2/Modules/_hashopenssl.o -L. -L/usr/local/opt/openblas/lib -L/usr/local/opt/llvm/lib -L/usr/local/opt/sqlite/lib -L/usr/local/opt/readline/lib -L/usr/local/opt/openssl@1.1/lib -L/usr/local/lib -lssl -lcrypto -o build/lib.macosx-10.12.6-x86_64-3.6-pydebug/_hashlib.cpython-36dm-darwin.so
building '_sha256' extension
cc -fsanitize=address -fno-omit-frame-pointer -Wno-unused-result -Wsign-compare -DDYNAMIC_ANNOTATIONS_ENABLED=1 -g -Ofast -Wall -Wstrict-prototypes -fomit-frame-pointer -funroll-loops -ffast-math -Ofast -fno-signed-zeros -ffp-contract=fast -mmmx -msse -flto -fomit-frame-pointer -funroll-loops -ffast-math -Ofast -fno-signed-zeros -ffp-contract=fast -mmmx -msse -flto -std=c99 -Wextra -Wno-unused-result -Wno-unused-parameter -Wno-missing-field-initializers -fomit-frame-pointer -funroll-loops -ffast-math -Ofast -fno-signed-zeros -ffp-contract=fast -mmmx -msse -flto -march=native -I./Include -I. -I/usr/local/opt/openblas/include -I/usr/local/opt/llvm/include -I/usr/local/opt/sqlite/include -I/usr/local/opt/readline/include -I/usr/local/opt/openssl@1.1/include -I/usr/local/include -I/Users/dojo/Library/Caches/Homebrew/Python-3.6.2/Include -I/Users/dojo/Library/Caches/Homebrew/Python-3.6.2 -c /Users/dojo/Library/Caches/Homebrew/Python-3.6.2/Modules/sha256module.c -o build/temp.macosx-10.12.6-x86_64-3.6-pydebug/Users/dojo/Library/Caches/Homebrew/Python-3.6.2/Modules/sha256module.o
building '_sha512' extension
cc -fsanitize=address -fno-omit-frame-pointer -Wno-unused-result -Wsign-compare -DDYNAMIC_ANNOTATIONS_ENABLED=1 -g -Ofast -Wall -Wstrict-prototypes -fomit-frame-pointer -funroll-loops -ffast-math -Ofast -fno-signed-zeros -ffp-contract=fast -mmmx -msse -flto -fomit-frame-pointer -funroll-loops -ffast-math -Ofast -fno-signed-zeros -ffp-contract=fast -mmmx -msse -flto -std=c99 -Wextra -Wno-unused-result -Wno-unused-parameter -Wno-missing-field-initializers -fomit-frame-pointer -funroll-loops -ffast-math -Ofast -fno-signed-zeros -ffp-contract=fast -mmmx -msse -flto -march=native -I./Include -I. -I/usr/local/opt/openblas/include -I/usr/local/opt/llvm/include -I/usr/local/opt/sqlite/include -I/usr/local/opt/readline/include -I/usr/local/opt/openssl@1.1/include -I/usr/local/include -I/Users/dojo/Library/Caches/Homebrew/Python-3.6.2/Include -I/Users/dojo/Library/Caches/Homebrew/Python-3.6.2 -c /Users/dojo/Library/Caches/Homebrew/Python-3.6.2/Modules/sha512module.c -o build/temp.macosx-10.12.6-x86_64-3.6-pydebug/Users/dojo/Library/Caches/Homebrew/Python-3.6.2/Modules/sha512module.o
cc -bundle -undefined dynamic_lookup -fsanitize=address -L/usr/local/opt/openblas/lib -L/usr/local/opt/llvm/lib -L/usr/local/opt/sqlite/lib -L/usr/local/opt/readline/lib -L/usr/local/opt/openssl@1.1/lib -L/usr/local/opt/openblas/lib -L/usr/local/opt/llvm/lib -L/usr/local/opt/sqlite/lib -L/usr/local/opt/readline/lib -L/usr/local/opt/openssl@1.1/lib -L/usr/local/opt/openblas/lib -L/usr/local/opt/llvm/lib -L/usr/local/opt/sqlite/lib -L/usr/local/opt/readline/lib -L/usr/local/opt/openssl@1.1/lib -fomit-frame-pointer -funroll-loops -ffast-math -Ofast -fno-signed-zeros -ffp-contract=fast -mmmx -msse -flto -I/usr/local/opt/openblas/include -I/usr/local/opt/llvm/include -I/usr/local/opt/sqlite/include -I/usr/local/opt/readline/include -I/usr/local/opt/openssl@1.1/include -march=native build/temp.macosx-10.12.6-x86_64-3.6-pydebug/Users/dojo/Library/Caches/Homebrew/Python-3.6.2/Modules/_ssl.o -L. -L/usr/local/opt/openblas/lib -L/usr/local/opt/llvm/lib -L/usr/local/opt/sqlite/lib -L/usr/local/opt/readline/lib -L/usr/local/opt/openssl@1.1/lib -L/usr/local/lib -lssl -lcrypto -o build/lib.macosx-10.12.6-x86_64-3.6-pydebug/_ssl.cpython-36dm-darwin.so
cc -bundle -undefined dynamic_lookup -fsanitize=address -L/usr/local/opt/openblas/lib -L/usr/local/opt/llvm/lib -L/usr/local/opt/sqlite/lib -L/usr/local/opt/readline/lib -L/usr/local/opt/openssl@1.1/lib -L/usr/local/opt/openblas/lib -L/usr/local/opt/llvm/lib -L/usr/local/opt/sqlite/lib -L/usr/local/opt/readline/lib -L/usr/local/opt/openssl@1.1/lib -L/usr/local/opt/openblas/lib -L/usr/local/opt/llvm/lib -L/usr/local/opt/sqlite/lib -L/usr/local/opt/readline/lib -L/usr/local/opt/openssl@1.1/lib -fomit-frame-pointer -funroll-loops -ffast-math -Ofast -fno-signed-zeros -ffp-contract=fast -mmmx -msse -flto -I/usr/local/opt/openblas/include -I/usr/local/opt/llvm/include -I/usr/local/opt/sqlite/include -I/usr/local/opt/readline/include -I/usr/local/opt/openssl@1.1/include -march=native build/temp.macosx-10.12.6-x86_64-3.6-pydebug/Users/dojo/Library/Caches/Homebrew/Python-3.6.2/Modules/sha256module.o -L. -L/usr/local/opt/openblas/lib -L/usr/local/opt/llvm/lib -L/usr/local/opt/sqlite/lib -L/usr/local/opt/readline/lib -L/usr/local/opt/openssl@1.1/lib -L/usr/local/lib -o build/lib.macosx-10.12.6-x86_64-3.6-pydebug/_sha256.cpython-36dm-darwin.so
building '_md5' extension
cc -fsanitize=address -fno-omit-frame-pointer -Wno-unused-result -Wsign-compare -DDYNAMIC_ANNOTATIONS_ENABLED=1 -g -Ofast -Wall -Wstrict-prototypes -fomit-frame-pointer -funroll-loops -ffast-math -Ofast -fno-signed-zeros -ffp-contract=fast -mmmx -msse -flto -fomit-frame-pointer -funroll-loops -ffast-math -Ofast -fno-signed-zeros -ffp-contract=fast -mmmx -msse -flto -std=c99 -Wextra -Wno-unused-result -Wno-unused-parameter -Wno-missing-field-initializers -fomit-frame-pointer -funroll-loops -ffast-math -Ofast -fno-signed-zeros -ffp-contract=fast -mmmx -msse -flto -march=native -I./Include -I. -I/usr/local/opt/openblas/include -I/usr/local/opt/llvm/include -I/usr/local/opt/sqlite/include -I/usr/local/opt/readline/include -I/usr/local/opt/openssl@1.1/include -I/usr/local/include -I/Users/dojo/Library/Caches/Homebrew/Python-3.6.2/Include -I/Users/dojo/Library/Caches/Homebrew/Python-3.6.2 -c /Users/dojo/Library/Caches/Homebrew/Python-3.6.2/Modules/md5module.c -o build/temp.macosx-10.12.6-x86_64-3.6-pydebug/Users/dojo/Library/Caches/Homebrew/Python-3.6.2/Modules/md5module.o
cc -bundle -undefined dynamic_lookup -fsanitize=address -L/usr/local/opt/openblas/lib -L/usr/local/opt/llvm/lib -L/usr/local/opt/sqlite/lib -L/usr/local/opt/readline/lib -L/usr/local/opt/openssl@1.1/lib -L/usr/local/opt/openblas/lib -L/usr/local/opt/llvm/lib -L/usr/local/opt/sqlite/lib -L/usr/local/opt/readline/lib -L/usr/local/opt/openssl@1.1/lib -L/usr/local/opt/openblas/lib -L/usr/local/opt/llvm/lib -L/usr/local/opt/sqlite/lib -L/usr/local/opt/readline/lib -L/usr/local/opt/openssl@1.1/lib -fomit-frame-pointer -funroll-loops -ffast-math -Ofast -fno-signed-zeros -ffp-contract=fast -mmmx -msse -flto -I/usr/local/opt/openblas/include -I/usr/local/opt/llvm/include -I/usr/local/opt/sqlite/include -I/usr/local/opt/readline/include -I/usr/local/opt/openssl@1.1/include -march=native build/temp.macosx-10.12.6-x86_64-3.6-pydebug/Users/dojo/Library/Caches/Homebrew/Python-3.6.2/Modules/sha512module.o -L. -L/usr/local/opt/openblas/lib -L/usr/local/opt/llvm/lib -L/usr/local/opt/sqlite/lib -L/usr/local/opt/readline/lib -L/usr/local/opt/openssl@1.1/lib -L/usr/local/lib -o build/lib.macosx-10.12.6-x86_64-3.6-pydebug/_sha512.cpython-36dm-darwin.so
cc -bundle -undefined dynamic_lookup -fsanitize=address -L/usr/local/opt/openblas/lib -L/usr/local/opt/llvm/lib -L/usr/local/opt/sqlite/lib -L/usr/local/opt/readline/lib -L/usr/local/opt/openssl@1.1/lib -L/usr/local/opt/openblas/lib -L/usr/local/opt/llvm/lib -L/usr/local/opt/sqlite/lib -L/usr/local/opt/readline/lib -L/usr/local/opt/openssl@1.1/lib -L/usr/local/opt/openblas/lib -L/usr/local/opt/llvm/lib -L/usr/local/opt/sqlite/lib -L/usr/local/opt/readline/lib -L/usr/local/opt/openssl@1.1/lib -fomit-frame-pointer -funroll-loops -ffast-math -Ofast -fno-signed-zeros -ffp-contract=fast -mmmx -msse -flto -I/usr/local/opt/openblas/include -I/usr/local/opt/llvm/include -I/usr/local/opt/sqlite/include -I/usr/local/opt/readline/include -I/usr/local/opt/openssl@1.1/include -march=native build/temp.macosx-10.12.6-x86_64-3.6-pydebug/Users/dojo/Library/Caches/Homebrew/Python-3.6.2/Modules/md5module.o -L. -L/usr/local/opt/openblas/lib -L/usr/local/opt/llvm/lib -L/usr/local/opt/sqlite/lib -L/usr/local/opt/readline/lib -L/usr/local/opt/openssl@1.1/lib -L/usr/local/lib -o build/lib.macosx-10.12.6-x86_64-3.6-pydebug/_md5.cpython-36dm-darwin.so
building '_sha1' extension
cc -fsanitize=address -fno-omit-frame-pointer -Wno-unused-result -Wsign-compare -DDYNAMIC_ANNOTATIONS_ENABLED=1 -g -Ofast -Wall -Wstrict-prototypes -fomit-frame-pointer -funroll-loops -ffast-math -Ofast -fno-signed-zeros -ffp-contract=fast -mmmx -msse -flto -fomit-frame-pointer -funroll-loops -ffast-math -Ofast -fno-signed-zeros -ffp-contract=fast -mmmx -msse -flto -std=c99 -Wextra -Wno-unused-result -Wno-unused-parameter -Wno-missing-field-initializers -fomit-frame-pointer -funroll-loops -ffast-math -Ofast -fno-signed-zeros -ffp-contract=fast -mmmx -msse -flto -march=native -I./Include -I. -I/usr/local/opt/openblas/include -I/usr/local/opt/llvm/include -I/usr/local/opt/sqlite/include -I/usr/local/opt/readline/include -I/usr/local/opt/openssl@1.1/include -I/usr/local/include -I/Users/dojo/Library/Caches/Homebrew/Python-3.6.2/Include -I/Users/dojo/Library/Caches/Homebrew/Python-3.6.2 -c /Users/dojo/Library/Caches/Homebrew/Python-3.6.2/Modules/sha1module.c -o build/temp.macosx-10.12.6-x86_64-3.6-pydebug/Users/dojo/Library/Caches/Homebrew/Python-3.6.2/Modules/sha1module.o
building '_blake2' extension
cc -fsanitize=address -fno-omit-frame-pointer -Wno-unused-result -Wsign-compare -DDYNAMIC_ANNOTATIONS_ENABLED=1 -g -Ofast -Wall -Wstrict-prototypes -fomit-frame-pointer -funroll-loops -ffast-math -Ofast -fno-signed-zeros -ffp-contract=fast -mmmx -msse -flto -fomit-frame-pointer -funroll-loops -ffast-math -Ofast -fno-signed-zeros -ffp-contract=fast -mmmx -msse -flto -std=c99 -Wextra -Wno-unused-result -Wno-unused-parameter -Wno-missing-field-initializers -fomit-frame-pointer -funroll-loops -ffast-math -Ofast -fno-signed-zeros -ffp-contract=fast -mmmx -msse -flto -march=native -DBLAKE2_USE_SSE=1 -I./Include -I. -I/usr/local/opt/openblas/include -I/usr/local/opt/llvm/include -I/usr/local/opt/sqlite/include -I/usr/local/opt/readline/include -I/usr/local/opt/openssl@1.1/include -I/usr/local/include -I/Users/dojo/Library/Caches/Homebrew/Python-3.6.2/Include -I/Users/dojo/Library/Caches/Homebrew/Python-3.6.2 -c /Users/dojo/Library/Caches/Homebrew/Python-3.6.2/Modules/_blake2/blake2module.c -o build/temp.macosx-10.12.6-x86_64-3.6-pydebug/Users/dojo/Library/Caches/Homebrew/Python-3.6.2/Modules/_blake2/blake2module.o
cc -bundle -undefined dynamic_lookup -fsanitize=address -L/usr/local/opt/openblas/lib -L/usr/local/opt/llvm/lib -L/usr/local/opt/sqlite/lib -L/usr/local/opt/readline/lib -L/usr/local/opt/openssl@1.1/lib -L/usr/local/opt/openblas/lib -L/usr/local/opt/llvm/lib -L/usr/local/opt/sqlite/lib -L/usr/local/opt/readline/lib -L/usr/local/opt/openssl@1.1/lib -L/usr/local/opt/openblas/lib -L/usr/local/opt/llvm/lib -L/usr/local/opt/sqlite/lib -L/usr/local/opt/readline/lib -L/usr/local/opt/openssl@1.1/lib -fomit-frame-pointer -funroll-loops -ffast-math -Ofast -fno-signed-zeros -ffp-contract=fast -mmmx -msse -flto -I/usr/local/opt/openblas/include -I/usr/local/opt/llvm/include -I/usr/local/opt/sqlite/include -I/usr/local/opt/readline/include -I/usr/local/opt/openssl@1.1/include -march=native build/temp.macosx-10.12.6-x86_64-3.6-pydebug/Users/dojo/Library/Caches/Homebrew/Python-3.6.2/Modules/sha1module.o -L. -L/usr/local/opt/openblas/lib -L/usr/local/opt/llvm/lib -L/usr/local/opt/sqlite/lib -L/usr/local/opt/readline/lib -L/usr/local/opt/openssl@1.1/lib -L/usr/local/lib -o build/lib.macosx-10.12.6-x86_64-3.6-pydebug/_sha1.cpython-36dm-darwin.so
building '_sha3' extension
cc -fsanitize=address -fno-omit-frame-pointer -Wno-unused-result -Wsign-compare -DDYNAMIC_ANNOTATIONS_ENABLED=1 -g -Ofast -Wall -Wstrict-prototypes -fomit-frame-pointer -funroll-loops -ffast-math -Ofast -fno-signed-zeros -ffp-contract=fast -mmmx -msse -flto -fomit-frame-pointer -funroll-loops -ffast-math -Ofast -fno-signed-zeros -ffp-contract=fast -mmmx -msse -flto -std=c99 -Wextra -Wno-unused-result -Wno-unused-parameter -Wno-missing-field-initializers -fomit-frame-pointer -funroll-loops -ffast-math -Ofast -fno-signed-zeros -ffp-contract=fast -mmmx -msse -flto -march=native -I./Include -I. -I/usr/local/opt/openblas/include -I/usr/local/opt/llvm/include -I/usr/local/opt/sqlite/include -I/usr/local/opt/readline/include -I/usr/local/opt/openssl@1.1/include -I/usr/local/include -I/Users/dojo/Library/Caches/Homebrew/Python-3.6.2/Include -I/Users/dojo/Library/Caches/Homebrew/Python-3.6.2 -c /Users/dojo/Library/Caches/Homebrew/Python-3.6.2/Modules/_sha3/sha3module.c -o build/temp.macosx-10.12.6-x86_64-3.6-pydebug/Users/dojo/Library/Caches/Homebrew/Python-3.6.2/Modules/_sha3/sha3module.o
building '_sqlite3' extension
cc -fsanitize=address -fno-omit-frame-pointer -Wno-unused-result -Wsign-compare -DDYNAMIC_ANNOTATIONS_ENABLED=1 -g -Ofast -Wall -Wstrict-prototypes -fomit-frame-pointer -funroll-loops -ffast-math -Ofast -fno-signed-zeros -ffp-contract=fast -mmmx -msse -flto -fomit-frame-pointer -funroll-loops -ffast-math -Ofast -fno-signed-zeros -ffp-contract=fast -mmmx -msse -flto -std=c99 -Wextra -Wno-unused-result -Wno-unused-parameter -Wno-missing-field-initializers -fomit-frame-pointer -funroll-loops -ffast-math -Ofast -fno-signed-zeros -ffp-contract=fast -mmmx -msse -flto -march=native -DMODULE_NAME="sqlite3" -IModules/_sqlite -I./Include -I. -I/usr/local/opt/openblas/include -I/usr/local/opt/llvm/include -I/usr/local/opt/sqlite/include -I/usr/local/opt/readline/include -I/usr/local/opt/openssl@1.1/include -I/usr/local/include -I/Users/dojo/Library/Caches/Homebrew/Python-3.6.2/Include -I/Users/dojo/Library/Caches/Homebrew/Python-3.6.2 -c /Users/dojo/Library/Caches/Homebrew/Python-3.6.2/Modules/_sqlite/cache.c -o build/temp.macosx-10.12.6-x86_64-3.6-pydebug/Users/dojo/Library/Caches/Homebrew/Python-3.6.2/Modules/_sqlite/cache.o
cc -fsanitize=address -fno-omit-frame-pointer -Wno-unused-result -Wsign-compare -DDYNAMIC_ANNOTATIONS_ENABLED=1 -g -Ofast -Wall -Wstrict-prototypes -fomit-frame-pointer -funroll-loops -ffast-math -Ofast -fno-signed-zeros -ffp-contract=fast -mmmx -msse -flto -fomit-frame-pointer -funroll-loops -ffast-math -Ofast -fno-signed-zeros -ffp-contract=fast -mmmx -msse -flto -std=c99 -Wextra -Wno-unused-result -Wno-unused-parameter -Wno-missing-field-initializers -fomit-frame-pointer -funroll-loops -ffast-math -Ofast -fno-signed-zeros -ffp-contract=fast -mmmx -msse -flto -march=native -DBLAKE2_USE_SSE=1 -I./Include -I. -I/usr/local/opt/openblas/include -I/usr/local/opt/llvm/include -I/usr/local/opt/sqlite/include -I/usr/local/opt/readline/include -I/usr/local/opt/openssl@1.1/include -I/usr/local/include -I/Users/dojo/Library/Caches/Homebrew/Python-3.6.2/Include -I/Users/dojo/Library/Caches/Homebrew/Python-3.6.2 -c /Users/dojo/Library/Caches/Homebrew/Python-3.6.2/Modules/_blake2/blake2b_impl.c -o build/temp.macosx-10.12.6-x86_64-3.6-pydebug/Users/dojo/Library/Caches/Homebrew/Python-3.6.2/Modules/_blake2/blake2b_impl.o
building '_dbm' extension
cc -fsanitize=address -fno-omit-frame-pointer -Wno-unused-result -Wsign-compare -DDYNAMIC_ANNOTATIONS_ENABLED=1 -g -Ofast -Wall -Wstrict-prototypes -fomit-frame-pointer -funroll-loops -ffast-math -Ofast -fno-signed-zeros -ffp-contract=fast -mmmx -msse -flto -fomit-frame-pointer -funroll-loops -ffast-math -Ofast -fno-signed-zeros -ffp-contract=fast -mmmx -msse -flto -std=c99 -Wextra -Wno-unused-result -Wno-unused-parameter -Wno-missing-field-initializers -fomit-frame-pointer -funroll-loops -ffast-math -Ofast -fno-signed-zeros -ffp-contract=fast -mmmx -msse -flto -march=native -DHAVE_NDBM_H -I./Include -I. -I/usr/local/opt/openblas/include -I/usr/local/opt/llvm/include -I/usr/local/opt/sqlite/include -I/usr/local/opt/readline/include -I/usr/local/opt/openssl@1.1/include -I/usr/local/include -I/Users/dojo/Library/Caches/Homebrew/Python-3.6.2/Include -I/Users/dojo/Library/Caches/Homebrew/Python-3.6.2 -c /Users/dojo/Library/Caches/Homebrew/Python-3.6.2/Modules/_dbmmodule.c -o build/temp.macosx-10.12.6-x86_64-3.6-pydebug/Users/dojo/Library/Caches/Homebrew/Python-3.6.2/Modules/_dbmmodule.o
cc -fsanitize=address -fno-omit-frame-pointer -Wno-unused-result -Wsign-compare -DDYNAMIC_ANNOTATIONS_ENABLED=1 -g -Ofast -Wall -Wstrict-prototypes -fomit-frame-pointer -funroll-loops -ffast-math -Ofast -fno-signed-zeros -ffp-contract=fast -mmmx -msse -flto -fomit-frame-pointer -funroll-loops -ffast-math -Ofast -fno-signed-zeros -ffp-contract=fast -mmmx -msse -flto -std=c99 -Wextra -Wno-unused-result -Wno-unused-parameter -Wno-missing-field-initializers -fomit-frame-pointer -funroll-loops -ffast-math -Ofast -fno-signed-zeros -ffp-contract=fast -mmmx -msse -flto -march=native -DMODULE_NAME="sqlite3" -IModules/_sqlite -I./Include -I. -I/usr/local/opt/openblas/include -I/usr/local/opt/llvm/include -I/usr/local/opt/sqlite/include -I/usr/local/opt/readline/include -I/usr/local/opt/openssl@1.1/include -I/usr/local/include -I/Users/dojo/Library/Caches/Homebrew/Python-3.6.2/Include -I/Users/dojo/Library/Caches/Homebrew/Python-3.6.2 -c /Users/dojo/Library/Caches/Homebrew/Python-3.6.2/Modules/_sqlite/connection.c -o build/temp.macosx-10.12.6-x86_64-3.6-pydebug/Users/dojo/Library/Caches/Homebrew/Python-3.6.2/Modules/_sqlite/connection.o
cc -bundle -undefined dynamic_lookup -fsanitize=address -L/usr/local/opt/openblas/lib -L/usr/local/opt/llvm/lib -L/usr/local/opt/sqlite/lib -L/usr/local/opt/readline/lib -L/usr/local/opt/openssl@1.1/lib -L/usr/local/opt/openblas/lib -L/usr/local/opt/llvm/lib -L/usr/local/opt/sqlite/lib -L/usr/local/opt/readline/lib -L/usr/local/opt/openssl@1.1/lib -L/usr/local/opt/openblas/lib -L/usr/local/opt/llvm/lib -L/usr/local/opt/sqlite/lib -L/usr/local/opt/readline/lib -L/usr/local/opt/openssl@1.1/lib -fomit-frame-pointer -funroll-loops -ffast-math -Ofast -fno-signed-zeros -ffp-contract=fast -mmmx -msse -flto -I/usr/local/opt/openblas/include -I/usr/local/opt/llvm/include -I/usr/local/opt/sqlite/include -I/usr/local/opt/readline/include -I/usr/local/opt/openssl@1.1/include -march=native build/temp.macosx-10.12.6-x86_64-3.6-pydebug/Users/dojo/Library/Caches/Homebrew/Python-3.6.2/Modules/_dbmmodule.o -L. -L/usr/local/opt/openblas/lib -L/usr/local/opt/llvm/lib -L/usr/local/opt/sqlite/lib -L/usr/local/opt/readline/lib -L/usr/local/opt/openssl@1.1/lib -L/usr/local/lib -o build/lib.macosx-10.12.6-x86_64-3.6-pydebug/_dbm.cpython-36dm-darwin.so
cc -fsanitize=address -fno-omit-frame-pointer -Wno-unused-result -Wsign-compare -DDYNAMIC_ANNOTATIONS_ENABLED=1 -g -Ofast -Wall -Wstrict-prototypes -fomit-frame-pointer -funroll-loops -ffast-math -Ofast -fno-signed-zeros -ffp-contract=fast -mmmx -msse -flto -fomit-frame-pointer -funroll-loops -ffast-math -Ofast -fno-signed-zeros -ffp-contract=fast -mmmx -msse -flto -std=c99 -Wextra -Wno-unused-result -Wno-unused-parameter -Wno-missing-field-initializers -fomit-frame-pointer -funroll-loops -ffast-math -Ofast -fno-signed-zeros -ffp-contract=fast -mmmx -msse -flto -march=native -DMODULE_NAME="sqlite3" -IModules/_sqlite -I./Include -I. -I/usr/local/opt/openblas/include -I/usr/local/opt/llvm/include -I/usr/local/opt/sqlite/include -I/usr/local/opt/readline/include -I/usr/local/opt/openssl@1.1/include -I/usr/local/include -I/Users/dojo/Library/Caches/Homebrew/Python-3.6.2/Include -I/Users/dojo/Library/Caches/Homebrew/Python-3.6.2 -c /Users/dojo/Library/Caches/Homebrew/Python-3.6.2/Modules/_sqlite/cursor.c -o build/temp.macosx-10.12.6-x86_64-3.6-pydebug/Users/dojo/Library/Caches/Homebrew/Python-3.6.2/Modules/_sqlite/cursor.o
building '_gdbm' extension
cc -fsanitize=address -fno-omit-frame-pointer -Wno-unused-result -Wsign-compare -DDYNAMIC_ANNOTATIONS_ENABLED=1 -g -Ofast -Wall -Wstrict-prototypes -fomit-frame-pointer -funroll-loops -ffast-math -Ofast -fno-signed-zeros -ffp-contract=fast -mmmx -msse -flto -fomit-frame-pointer -funroll-loops -ffast-math -Ofast -fno-signed-zeros -ffp-contract=fast -mmmx -msse -flto -std=c99 -Wextra -Wno-unused-result -Wno-unused-parameter -Wno-missing-field-initializers -fomit-frame-pointer -funroll-loops -ffast-math -Ofast -fno-signed-zeros -ffp-contract=fast -mmmx -msse -flto -march=native -I./Include -I. -I/usr/local/opt/openblas/include -I/usr/local/opt/llvm/include -I/usr/local/opt/sqlite/include -I/usr/local/opt/readline/include -I/usr/local/opt/openssl@1.1/include -I/usr/local/include -I/Users/dojo/Library/Caches/Homebrew/Python-3.6.2/Include -I/Users/dojo/Library/Caches/Homebrew/Python-3.6.2 -c /Users/dojo/Library/Caches/Homebrew/Python-3.6.2/Modules/_gdbmmodule.c -o build/temp.macosx-10.12.6-x86_64-3.6-pydebug/Users/dojo/Library/Caches/Homebrew/Python-3.6.2/Modules/_gdbmmodule.o
cc -fsanitize=address -fno-omit-frame-pointer -Wno-unused-result -Wsign-compare -DDYNAMIC_ANNOTATIONS_ENABLED=1 -g -Ofast -Wall -Wstrict-prototypes -fomit-frame-pointer -funroll-loops -ffast-math -Ofast -fno-signed-zeros -ffp-contract=fast -mmmx -msse -flto -fomit-frame-pointer -funroll-loops -ffast-math -Ofast -fno-signed-zeros -ffp-contract=fast -mmmx -msse -flto -std=c99 -Wextra -Wno-unused-result -Wno-unused-parameter -Wno-missing-field-initializers -fomit-frame-pointer -funroll-loops -ffast-math -Ofast -fno-signed-zeros -ffp-contract=fast -mmmx -msse -flto -march=native -DMODULE_NAME="sqlite3" -IModules/_sqlite -I./Include -I. -I/usr/local/opt/openblas/include -I/usr/local/opt/llvm/include -I/usr/local/opt/sqlite/include -I/usr/local/opt/readline/include -I/usr/local/opt/openssl@1.1/include -I/usr/local/include -I/Users/dojo/Library/Caches/Homebrew/Python-3.6.2/Include -I/Users/dojo/Library/Caches/Homebrew/Python-3.6.2 -c /Users/dojo/Library/Caches/Homebrew/Python-3.6.2/Modules/_sqlite/microprotocols.c -o build/temp.macosx-10.12.6-x86_64-3.6-pydebug/Users/dojo/Library/Caches/Homebrew/Python-3.6.2/Modules/_sqlite/microprotocols.o
cc -fsanitize=address -fno-omit-frame-pointer -Wno-unused-result -Wsign-compare -DDYNAMIC_ANNOTATIONS_ENABLED=1 -g -Ofast -Wall -Wstrict-prototypes -fomit-frame-pointer -funroll-loops -ffast-math -Ofast -fno-signed-zeros -ffp-contract=fast -mmmx -msse -flto -fomit-frame-pointer -funroll-loops -ffast-math -Ofast -fno-signed-zeros -ffp-contract=fast -mmmx -msse -flto -std=c99 -Wextra -Wno-unused-result -Wno-unused-parameter -Wno-missing-field-initializers -fomit-frame-pointer -funroll-loops -ffast-math -Ofast -fno-signed-zeros -ffp-contract=fast -mmmx -msse -flto -march=native -DBLAKE2_USE_SSE=1 -I./Include -I. -I/usr/local/opt/openblas/include -I/usr/local/opt/llvm/include -I/usr/local/opt/sqlite/include -I/usr/local/opt/readline/include -I/usr/local/opt/openssl@1.1/include -I/usr/local/include -I/Users/dojo/Library/Caches/Homebrew/Python-3.6.2/Include -I/Users/dojo/Library/Caches/Homebrew/Python-3.6.2 -c /Users/dojo/Library/Caches/Homebrew/Python-3.6.2/Modules/_blake2/blake2s_impl.c -o build/temp.macosx-10.12.6-x86_64-3.6-pydebug/Users/dojo/Library/Caches/Homebrew/Python-3.6.2/Modules/_blake2/blake2s_impl.o
cc -bundle -undefined dynamic_lookup -fsanitize=address -L/usr/local/opt/openblas/lib -L/usr/local/opt/llvm/lib -L/usr/local/opt/sqlite/lib -L/usr/local/opt/readline/lib -L/usr/local/opt/openssl@1.1/lib -L/usr/local/opt/openblas/lib -L/usr/local/opt/llvm/lib -L/usr/local/opt/sqlite/lib -L/usr/local/opt/readline/lib -L/usr/local/opt/openssl@1.1/lib -L/usr/local/opt/openblas/lib -L/usr/local/opt/llvm/lib -L/usr/local/opt/sqlite/lib -L/usr/local/opt/readline/lib -L/usr/local/opt/openssl@1.1/lib -fomit-frame-pointer -funroll-loops -ffast-math -Ofast -fno-signed-zeros -ffp-contract=fast -mmmx -msse -flto -I/usr/local/opt/openblas/include -I/usr/local/opt/llvm/include -I/usr/local/opt/sqlite/include -I/usr/local/opt/readline/include -I/usr/local/opt/openssl@1.1/include -march=native build/temp.macosx-10.12.6-x86_64-3.6-pydebug/Users/dojo/Library/Caches/Homebrew/Python-3.6.2/Modules/_gdbmmodule.o -L. -L/usr/local/opt/openblas/lib -L/usr/local/opt/llvm/lib -L/usr/local/opt/sqlite/lib -L/usr/local/opt/readline/lib -L/usr/local/opt/openssl@1.1/lib -L/usr/local/lib -lgdbm -o build/lib.macosx-10.12.6-x86_64-3.6-pydebug/_gdbm.cpython-36dm-darwin.so
cc -fsanitize=address -fno-omit-frame-pointer -Wno-unused-result -Wsign-compare -DDYNAMIC_ANNOTATIONS_ENABLED=1 -g -Ofast -Wall -Wstrict-prototypes -fomit-frame-pointer -funroll-loops -ffast-math -Ofast -fno-signed-zeros -ffp-contract=fast -mmmx -msse -flto -fomit-frame-pointer -funroll-loops -ffast-math -Ofast -fno-signed-zeros -ffp-contract=fast -mmmx -msse -flto -std=c99 -Wextra -Wno-unused-result -Wno-unused-parameter -Wno-missing-field-initializers -fomit-frame-pointer -funroll-loops -ffast-math -Ofast -fno-signed-zeros -ffp-contract=fast -mmmx -msse -flto -march=native -DMODULE_NAME="sqlite3" -IModules/_sqlite -I./Include -I. -I/usr/local/opt/openblas/include -I/usr/local/opt/llvm/include -I/usr/local/opt/sqlite/include -I/usr/local/opt/readline/include -I/usr/local/opt/openssl@1.1/include -I/usr/local/include -I/Users/dojo/Library/Caches/Homebrew/Python-3.6.2/Include -I/Users/dojo/Library/Caches/Homebrew/Python-3.6.2 -c /Users/dojo/Library/Caches/Homebrew/Python-3.6.2/Modules/_sqlite/module.c -o build/temp.macosx-10.12.6-x86_64-3.6-pydebug/Users/dojo/Library/Caches/Homebrew/Python-3.6.2/Modules/_sqlite/module.o
building 'termios' extension
cc -fsanitize=address -fno-omit-frame-pointer -Wno-unused-result -Wsign-compare -DDYNAMIC_ANNOTATIONS_ENABLED=1 -g -Ofast -Wall -Wstrict-prototypes -fomit-frame-pointer -funroll-loops -ffast-math -Ofast -fno-signed-zeros -ffp-contract=fast -mmmx -msse -flto -fomit-frame-pointer -funroll-loops -ffast-math -Ofast -fno-signed-zeros -ffp-contract=fast -mmmx -msse -flto -std=c99 -Wextra -Wno-unused-result -Wno-unused-parameter -Wno-missing-field-initializers -fomit-frame-pointer -funroll-loops -ffast-math -Ofast -fno-signed-zeros -ffp-contract=fast -mmmx -msse -flto -march=native -I./Include -I. -I/usr/local/opt/openblas/include -I/usr/local/opt/llvm/include -I/usr/local/opt/sqlite/include -I/usr/local/opt/readline/include -I/usr/local/opt/openssl@1.1/include -I/usr/local/include -I/Users/dojo/Library/Caches/Homebrew/Python-3.6.2/Include -I/Users/dojo/Library/Caches/Homebrew/Python-3.6.2 -c /Users/dojo/Library/Caches/Homebrew/Python-3.6.2/Modules/termios.c -o build/temp.macosx-10.12.6-x86_64-3.6-pydebug/Users/dojo/Library/Caches/Homebrew/Python-3.6.2/Modules/termios.o
cc -fsanitize=address -fno-omit-frame-pointer -Wno-unused-result -Wsign-compare -DDYNAMIC_ANNOTATIONS_ENABLED=1 -g -Ofast -Wall -Wstrict-prototypes -fomit-frame-pointer -funroll-loops -ffast-math -Ofast -fno-signed-zeros -ffp-contract=fast -mmmx -msse -flto -fomit-frame-pointer -funroll-loops -ffast-math -Ofast -fno-signed-zeros -ffp-contract=fast -mmmx -msse -flto -std=c99 -Wextra -Wno-unused-result -Wno-unused-parameter -Wno-missing-field-initializers -fomit-frame-pointer -funroll-loops -ffast-math -Ofast -fno-signed-zeros -ffp-contract=fast -mmmx -msse -flto -march=native -DMODULE_NAME="sqlite3" -IModules/_sqlite -I./Include -I. -I/usr/local/opt/openblas/include -I/usr/local/opt/llvm/include -I/usr/local/opt/sqlite/include -I/usr/local/opt/readline/include -I/usr/local/opt/openssl@1.1/include -I/usr/local/include -I/Users/dojo/Library/Caches/Homebrew/Python-3.6.2/Include -I/Users/dojo/Library/Caches/Homebrew/Python-3.6.2 -c /Users/dojo/Library/Caches/Homebrew/Python-3.6.2/Modules/_sqlite/prepare_protocol.c -o build/temp.macosx-10.12.6-x86_64-3.6-pydebug/Users/dojo/Library/Caches/Homebrew/Python-3.6.2/Modules/_sqlite/prepare_protocol.o
cc -bundle -undefined dynamic_lookup -fsanitize=address -L/usr/local/opt/openblas/lib -L/usr/local/opt/llvm/lib -L/usr/local/opt/sqlite/lib -L/usr/local/opt/readline/lib -L/usr/local/opt/openssl@1.1/lib -L/usr/local/opt/openblas/lib -L/usr/local/opt/llvm/lib -L/usr/local/opt/sqlite/lib -L/usr/local/opt/readline/lib -L/usr/local/opt/openssl@1.1/lib -L/usr/local/opt/openblas/lib -L/usr/local/opt/llvm/lib -L/usr/local/opt/sqlite/lib -L/usr/local/opt/readline/lib -L/usr/local/opt/openssl@1.1/lib -fomit-frame-pointer -funroll-loops -ffast-math -Ofast -fno-signed-zeros -ffp-contract=fast -mmmx -msse -flto -I/usr/local/opt/openblas/include -I/usr/local/opt/llvm/include -I/usr/local/opt/sqlite/include -I/usr/local/opt/readline/include -I/usr/local/opt/openssl@1.1/include -march=native build/temp.macosx-10.12.6-x86_64-3.6-pydebug/Users/dojo/Library/Caches/Homebrew/Python-3.6.2/Modules/termios.o -L. -L/usr/local/opt/openblas/lib -L/usr/local/opt/llvm/lib -L/usr/local/opt/sqlite/lib -L/usr/local/opt/readline/lib -L/usr/local/opt/openssl@1.1/lib -L/usr/local/lib -o build/lib.macosx-10.12.6-x86_64-3.6-pydebug/termios.cpython-36dm-darwin.so
cc -fsanitize=address -fno-omit-frame-pointer -Wno-unused-result -Wsign-compare -DDYNAMIC_ANNOTATIONS_ENABLED=1 -g -Ofast -Wall -Wstrict-prototypes -fomit-frame-pointer -funroll-loops -ffast-math -Ofast -fno-signed-zeros -ffp-contract=fast -mmmx -msse -flto -fomit-frame-pointer -funroll-loops -ffast-math -Ofast -fno-signed-zeros -ffp-contract=fast -mmmx -msse -flto -std=c99 -Wextra -Wno-unused-result -Wno-unused-parameter -Wno-missing-field-initializers -fomit-frame-pointer -funroll-loops -ffast-math -Ofast -fno-signed-zeros -ffp-contract=fast -mmmx -msse -flto -march=native -DMODULE_NAME="sqlite3" -IModules/_sqlite -I./Include -I. -I/usr/local/opt/openblas/include -I/usr/local/opt/llvm/include -I/usr/local/opt/sqlite/include -I/usr/local/opt/readline/include -I/usr/local/opt/openssl@1.1/include -I/usr/local/include -I/Users/dojo/Library/Caches/Homebrew/Python-3.6.2/Include -I/Users/dojo/Library/Caches/Homebrew/Python-3.6.2 -c /Users/dojo/Library/Caches/Homebrew/Python-3.6.2/Modules/_sqlite/row.c -o build/temp.macosx-10.12.6-x86_64-3.6-pydebug/Users/dojo/Library/Caches/Homebrew/Python-3.6.2/Modules/_sqlite/row.o
cc -bundle -undefined dynamic_lookup -fsanitize=address -L/usr/local/opt/openblas/lib -L/usr/local/opt/llvm/lib -L/usr/local/opt/sqlite/lib -L/usr/local/opt/readline/lib -L/usr/local/opt/openssl@1.1/lib -L/usr/local/opt/openblas/lib -L/usr/local/opt/llvm/lib -L/usr/local/opt/sqlite/lib -L/usr/local/opt/readline/lib -L/usr/local/opt/openssl@1.1/lib -L/usr/local/opt/openblas/lib -L/usr/local/opt/llvm/lib -L/usr/local/opt/sqlite/lib -L/usr/local/opt/readline/lib -L/usr/local/opt/openssl@1.1/lib -fomit-frame-pointer -funroll-loops -ffast-math -Ofast -fno-signed-zeros -ffp-contract=fast -mmmx -msse -flto -I/usr/local/opt/openblas/include -I/usr/local/opt/llvm/include -I/usr/local/opt/sqlite/include -I/usr/local/opt/readline/include -I/usr/local/opt/openssl@1.1/include -march=native build/temp.macosx-10.12.6-x86_64-3.6-pydebug/Users/dojo/Library/Caches/Homebrew/Python-3.6.2/Modules/_blake2/blake2module.o build/temp.macosx-10.12.6-x86_64-3.6-pydebug/Users/dojo/Library/Caches/Homebrew/Python-3.6.2/Modules/_blake2/blake2b_impl.o build/temp.macosx-10.12.6-x86_64-3.6-pydebug/Users/dojo/Library/Caches/Homebrew/Python-3.6.2/Modules/_blake2/blake2s_impl.o -L. -L/usr/local/opt/openblas/lib -L/usr/local/opt/llvm/lib -L/usr/local/opt/sqlite/lib -L/usr/local/opt/readline/lib -L/usr/local/opt/openssl@1.1/lib -L/usr/local/lib -o build/lib.macosx-10.12.6-x86_64-3.6-pydebug/_blake2.cpython-36dm-darwin.so
cc -fsanitize=address -fno-omit-frame-pointer -Wno-unused-result -Wsign-compare -DDYNAMIC_ANNOTATIONS_ENABLED=1 -g -Ofast -Wall -Wstrict-prototypes -fomit-frame-pointer -funroll-loops -ffast-math -Ofast -fno-signed-zeros -ffp-contract=fast -mmmx -msse -flto -fomit-frame-pointer -funroll-loops -ffast-math -Ofast -fno-signed-zeros -ffp-contract=fast -mmmx -msse -flto -std=c99 -Wextra -Wno-unused-result -Wno-unused-parameter -Wno-missing-field-initializers -fomit-frame-pointer -funroll-loops -ffast-math -Ofast -fno-signed-zeros -ffp-contract=fast -mmmx -msse -flto -march=native -DMODULE_NAME="sqlite3" -IModules/_sqlite -I./Include -I. -I/usr/local/opt/openblas/include -I/usr/local/opt/llvm/include -I/usr/local/opt/sqlite/include -I/usr/local/opt/readline/include -I/usr/local/opt/openssl@1.1/include -I/usr/local/include -I/Users/dojo/Library/Caches/Homebrew/Python-3.6.2/Include -I/Users/dojo/Library/Caches/Homebrew/Python-3.6.2 -c /Users/dojo/Library/Caches/Homebrew/Python-3.6.2/Modules/_sqlite/statement.c -o build/temp.macosx-10.12.6-x86_64-3.6-pydebug/Users/dojo/Library/Caches/Homebrew/Python-3.6.2/Modules/_sqlite/statement.o
building 'resource' extension
cc -fsanitize=address -fno-omit-frame-pointer -Wno-unused-result -Wsign-compare -DDYNAMIC_ANNOTATIONS_ENABLED=1 -g -Ofast -Wall -Wstrict-prototypes -fomit-frame-pointer -funroll-loops -ffast-math -Ofast -fno-signed-zeros -ffp-contract=fast -mmmx -msse -flto -fomit-frame-pointer -funroll-loops -ffast-math -Ofast -fno-signed-zeros -ffp-contract=fast -mmmx -msse -flto -std=c99 -Wextra -Wno-unused-result -Wno-unused-parameter -Wno-missing-field-initializers -fomit-frame-pointer -funroll-loops -ffast-math -Ofast -fno-signed-zeros -ffp-contract=fast -mmmx -msse -flto -march=native -I./Include -I. -I/usr/local/opt/openblas/include -I/usr/local/opt/llvm/include -I/usr/local/opt/sqlite/include -I/usr/local/opt/readline/include -I/usr/local/opt/openssl@1.1/include -I/usr/local/include -I/Users/dojo/Library/Caches/Homebrew/Python-3.6.2/Include -I/Users/dojo/Library/Caches/Homebrew/Python-3.6.2 -c /Users/dojo/Library/Caches/Homebrew/Python-3.6.2/Modules/resource.c -o build/temp.macosx-10.12.6-x86_64-3.6-pydebug/Users/dojo/Library/Caches/Homebrew/Python-3.6.2/Modules/resource.o
cc -fsanitize=address -fno-omit-frame-pointer -Wno-unused-result -Wsign-compare -DDYNAMIC_ANNOTATIONS_ENABLED=1 -g -Ofast -Wall -Wstrict-prototypes -fomit-frame-pointer -funroll-loops -ffast-math -Ofast -fno-signed-zeros -ffp-contract=fast -mmmx -msse -flto -fomit-frame-pointer -funroll-loops -ffast-math -Ofast -fno-signed-zeros -ffp-contract=fast -mmmx -msse -flto -std=c99 -Wextra -Wno-unused-result -Wno-unused-parameter -Wno-missing-field-initializers -fomit-frame-pointer -funroll-loops -ffast-math -Ofast -fno-signed-zeros -ffp-contract=fast -mmmx -msse -flto -march=native -DMODULE_NAME="sqlite3" -IModules/_sqlite -I./Include -I. -I/usr/local/opt/openblas/include -I/usr/local/opt/llvm/include -I/usr/local/opt/sqlite/include -I/usr/local/opt/readline/include -I/usr/local/opt/openssl@1.1/include -I/usr/local/include -I/Users/dojo/Library/Caches/Homebrew/Python-3.6.2/Include -I/Users/dojo/Library/Caches/Homebrew/Python-3.6.2 -c /Users/dojo/Library/Caches/Homebrew/Python-3.6.2/Modules/_sqlite/util.c -o build/temp.macosx-10.12.6-x86_64-3.6-pydebug/Users/dojo/Library/Caches/Homebrew/Python-3.6.2/Modules/_sqlite/util.o
cc -bundle -undefined dynamic_lookup -fsanitize=address -L/usr/local/opt/openblas/lib -L/usr/local/opt/llvm/lib -L/usr/local/opt/sqlite/lib -L/usr/local/opt/readline/lib -L/usr/local/opt/openssl@1.1/lib -L/usr/local/opt/openblas/lib -L/usr/local/opt/llvm/lib -L/usr/local/opt/sqlite/lib -L/usr/local/opt/readline/lib -L/usr/local/opt/openssl@1.1/lib -L/usr/local/opt/openblas/lib -L/usr/local/opt/llvm/lib -L/usr/local/opt/sqlite/lib -L/usr/local/opt/readline/lib -L/usr/local/opt/openssl@1.1/lib -fomit-frame-pointer -funroll-loops -ffast-math -Ofast -fno-signed-zeros -ffp-contract=fast -mmmx -msse -flto -I/usr/local/opt/openblas/include -I/usr/local/opt/llvm/include -I/usr/local/opt/sqlite/include -I/usr/local/opt/readline/include -I/usr/local/opt/openssl@1.1/include -march=native build/temp.macosx-10.12.6-x86_64-3.6-pydebug/Users/dojo/Library/Caches/Homebrew/Python-3.6.2/Modules/resource.o -L. -L/usr/local/opt/openblas/lib -L/usr/local/opt/llvm/lib -L/usr/local/opt/sqlite/lib -L/usr/local/opt/readline/lib -L/usr/local/opt/openssl@1.1/lib -L/usr/local/lib -o build/lib.macosx-10.12.6-x86_64-3.6-pydebug/resource.cpython-36dm-darwin.so
cc -bundle -undefined dynamic_lookup -fsanitize=address -L/usr/local/opt/openblas/lib -L/usr/local/opt/llvm/lib -L/usr/local/opt/sqlite/lib -L/usr/local/opt/readline/lib -L/usr/local/opt/openssl@1.1/lib -L/usr/local/opt/openblas/lib -L/usr/local/opt/llvm/lib -L/usr/local/opt/sqlite/lib -L/usr/local/opt/readline/lib -L/usr/local/opt/openssl@1.1/lib -L/usr/local/opt/openblas/lib -L/usr/local/opt/llvm/lib -L/usr/local/opt/sqlite/lib -L/usr/local/opt/readline/lib -L/usr/local/opt/openssl@1.1/lib -fomit-frame-pointer -funroll-loops -ffast-math -Ofast -fno-signed-zeros -ffp-contract=fast -mmmx -msse -flto -I/usr/local/opt/openblas/include -I/usr/local/opt/llvm/include -I/usr/local/opt/sqlite/include -I/usr/local/opt/readline/include -I/usr/local/opt/openssl@1.1/include -march=native build/temp.macosx-10.12.6-x86_64-3.6-pydebug/Users/dojo/Library/Caches/Homebrew/Python-3.6.2/Modules/_sqlite/cache.o build/temp.macosx-10.12.6-x86_64-3.6-pydebug/Users/dojo/Library/Caches/Homebrew/Python-3.6.2/Modules/_sqlite/connection.o build/temp.macosx-10.12.6-x86_64-3.6-pydebug/Users/dojo/Library/Caches/Homebrew/Python-3.6.2/Modules/_sqlite/cursor.o build/temp.macosx-10.12.6-x86_64-3.6-pydebug/Users/dojo/Library/Caches/Homebrew/Python-3.6.2/Modules/_sqlite/microprotocols.o build/temp.macosx-10.12.6-x86_64-3.6-pydebug/Users/dojo/Library/Caches/Homebrew/Python-3.6.2/Modules/_sqlite/module.o build/temp.macosx-10.12.6-x86_64-3.6-pydebug/Users/dojo/Library/Caches/Homebrew/Python-3.6.2/Modules/_sqlite/prepare_protocol.o build/temp.macosx-10.12.6-x86_64-3.6-pydebug/Users/dojo/Library/Caches/Homebrew/Python-3.6.2/Modules/_sqlite/row.o build/temp.macosx-10.12.6-x86_64-3.6-pydebug/Users/dojo/Library/Caches/Homebrew/Python-3.6.2/Modules/_sqlite/statement.o build/temp.macosx-10.12.6-x86_64-3.6-pydebug/Users/dojo/Library/Caches/Homebrew/Python-3.6.2/Modules/_sqlite/util.o -L. -L/usr/local/opt/openblas/lib -L/usr/local/opt/llvm/lib -L/usr/local/opt/sqlite/lib -L/usr/local/opt/readline/lib -L/usr/local/opt/openssl@1.1/lib -L/usr/local/lib -lsqlite3 -o build/lib.macosx-10.12.6-x86_64-3.6-pydebug/_sqlite3.cpython-36dm-darwin.so -Wl,-search_paths_first
building 'nis' extension
cc -fsanitize=address -fno-omit-frame-pointer -Wno-unused-result -Wsign-compare -DDYNAMIC_ANNOTATIONS_ENABLED=1 -g -Ofast -Wall -Wstrict-prototypes -fomit-frame-pointer -funroll-loops -ffast-math -Ofast -fno-signed-zeros -ffp-contract=fast -mmmx -msse -flto -fomit-frame-pointer -funroll-loops -ffast-math -Ofast -fno-signed-zeros -ffp-contract=fast -mmmx -msse -flto -std=c99 -Wextra -Wno-unused-result -Wno-unused-parameter -Wno-missing-field-initializers -fomit-frame-pointer -funroll-loops -ffast-math -Ofast -fno-signed-zeros -ffp-contract=fast -mmmx -msse -flto -march=native -I./Include -I. -I/usr/local/opt/openblas/include -I/usr/local/opt/llvm/include -I/usr/local/opt/sqlite/include -I/usr/local/opt/readline/include -I/usr/local/opt/openssl@1.1/include -I/usr/local/include -I/Users/dojo/Library/Caches/Homebrew/Python-3.6.2/Include -I/Users/dojo/Library/Caches/Homebrew/Python-3.6.2 -c /Users/dojo/Library/Caches/Homebrew/Python-3.6.2/Modules/nismodule.c -o build/temp.macosx-10.12.6-x86_64-3.6-pydebug/Users/dojo/Library/Caches/Homebrew/Python-3.6.2/Modules/nismodule.o
cc -bundle -undefined dynamic_lookup -fsanitize=address -L/usr/local/opt/openblas/lib -L/usr/local/opt/llvm/lib -L/usr/local/opt/sqlite/lib -L/usr/local/opt/readline/lib -L/usr/local/opt/openssl@1.1/lib -L/usr/local/opt/openblas/lib -L/usr/local/opt/llvm/lib -L/usr/local/opt/sqlite/lib -L/usr/local/opt/readline/lib -L/usr/local/opt/openssl@1.1/lib -L/usr/local/opt/openblas/lib -L/usr/local/opt/llvm/lib -L/usr/local/opt/sqlite/lib -L/usr/local/opt/readline/lib -L/usr/local/opt/openssl@1.1/lib -fomit-frame-pointer -funroll-loops -ffast-math -Ofast -fno-signed-zeros -ffp-contract=fast -mmmx -msse -flto -I/usr/local/opt/openblas/include -I/usr/local/opt/llvm/include -I/usr/local/opt/sqlite/include -I/usr/local/opt/readline/include -I/usr/local/opt/openssl@1.1/include -march=native build/temp.macosx-10.12.6-x86_64-3.6-pydebug/Users/dojo/Library/Caches/Homebrew/Python-3.6.2/Modules/nismodule.o -L. -L/usr/local/opt/openblas/lib -L/usr/local/opt/llvm/lib -L/usr/local/opt/sqlite/lib -L/usr/local/opt/readline/lib -L/usr/local/opt/openssl@1.1/lib -L/usr/local/lib -o build/lib.macosx-10.12.6-x86_64-3.6-pydebug/nis.cpython-36dm-darwin.so
building '_curses' extension
cc -fsanitize=address -fno-omit-frame-pointer -Wno-unused-result -Wsign-compare -DDYNAMIC_ANNOTATIONS_ENABLED=1 -g -Ofast -Wall -Wstrict-prototypes -fomit-frame-pointer -funroll-loops -ffast-math -Ofast -fno-signed-zeros -ffp-contract=fast -mmmx -msse -flto -fomit-frame-pointer -funroll-loops -ffast-math -Ofast -fno-signed-zeros -ffp-contract=fast -mmmx -msse -flto -std=c99 -Wextra -Wno-unused-result -Wno-unused-parameter -Wno-missing-field-initializers -fomit-frame-pointer -funroll-loops -ffast-math -Ofast -fno-signed-zeros -ffp-contract=fast -mmmx -msse -flto -march=native -DHAVE_NCURSESW=1 -D_XOPEN_SOURCE_EXTENDED=1 -I./Include -I. -I/usr/local/opt/openblas/include -I/usr/local/opt/llvm/include -I/usr/local/opt/sqlite/include -I/usr/local/opt/readline/include -I/usr/local/opt/openssl@1.1/include -I/usr/local/include -I/Users/dojo/Library/Caches/Homebrew/Python-3.6.2/Include -I/Users/dojo/Library/Caches/Homebrew/Python-3.6.2 -c /Users/dojo/Library/Caches/Homebrew/Python-3.6.2/Modules/_cursesmodule.c -o build/temp.macosx-10.12.6-x86_64-3.6-pydebug/Users/dojo/Library/Caches/Homebrew/Python-3.6.2/Modules/_cursesmodule.o
building '_curses_panel' extension
cc -fsanitize=address -fno-omit-frame-pointer -Wno-unused-result -Wsign-compare -DDYNAMIC_ANNOTATIONS_ENABLED=1 -g -Ofast -Wall -Wstrict-prototypes -fomit-frame-pointer -funroll-loops -ffast-math -Ofast -fno-signed-zeros -ffp-contract=fast -mmmx -msse -flto -fomit-frame-pointer -funroll-loops -ffast-math -Ofast -fno-signed-zeros -ffp-contract=fast -mmmx -msse -flto -std=c99 -Wextra -Wno-unused-result -Wno-unused-parameter -Wno-missing-field-initializers -fomit-frame-pointer -funroll-loops -ffast-math -Ofast -fno-signed-zeros -ffp-contract=fast -mmmx -msse -flto -march=native -DHAVE_NCURSESW=1 -D_XOPEN_SOURCE_EXTENDED=1 -I./Include -I. -I/usr/local/opt/openblas/include -I/usr/local/opt/llvm/include -I/usr/local/opt/sqlite/include -I/usr/local/opt/readline/include -I/usr/local/opt/openssl@1.1/include -I/usr/local/include -I/Users/dojo/Library/Caches/Homebrew/Python-3.6.2/Include -I/Users/dojo/Library/Caches/Homebrew/Python-3.6.2 -c /Users/dojo/Library/Caches/Homebrew/Python-3.6.2/Modules/_curses_panel.c -o build/temp.macosx-10.12.6-x86_64-3.6-pydebug/Users/dojo/Library/Caches/Homebrew/Python-3.6.2/Modules/_curses_panel.o
cc -bundle -undefined dynamic_lookup -fsanitize=address -L/usr/local/opt/openblas/lib -L/usr/local/opt/llvm/lib -L/usr/local/opt/sqlite/lib -L/usr/local/opt/readline/lib -L/usr/local/opt/openssl@1.1/lib -L/usr/local/opt/openblas/lib -L/usr/local/opt/llvm/lib -L/usr/local/opt/sqlite/lib -L/usr/local/opt/readline/lib -L/usr/local/opt/openssl@1.1/lib -L/usr/local/opt/openblas/lib -L/usr/local/opt/llvm/lib -L/usr/local/opt/sqlite/lib -L/usr/local/opt/readline/lib -L/usr/local/opt/openssl@1.1/lib -fomit-frame-pointer -funroll-loops -ffast-math -Ofast -fno-signed-zeros -ffp-contract=fast -mmmx -msse -flto -I/usr/local/opt/openblas/include -I/usr/local/opt/llvm/include -I/usr/local/opt/sqlite/include -I/usr/local/opt/readline/include -I/usr/local/opt/openssl@1.1/include -march=native build/temp.macosx-10.12.6-x86_64-3.6-pydebug/Users/dojo/Library/Caches/Homebrew/Python-3.6.2/Modules/_curses_panel.o -L. -L/usr/local/opt/openblas/lib -L/usr/local/opt/llvm/lib -L/usr/local/opt/sqlite/lib -L/usr/local/opt/readline/lib -L/usr/local/opt/openssl@1.1/lib -L/usr/local/lib -lpanel -lncurses -o build/lib.macosx-10.12.6-x86_64-3.6-pydebug/_curses_panel.cpython-36dm-darwin.so
cc -bundle -undefined dynamic_lookup -fsanitize=address -L/usr/local/opt/openblas/lib -L/usr/local/opt/llvm/lib -L/usr/local/opt/sqlite/lib -L/usr/local/opt/readline/lib -L/usr/local/opt/openssl@1.1/lib -L/usr/local/opt/openblas/lib -L/usr/local/opt/llvm/lib -L/usr/local/opt/sqlite/lib -L/usr/local/opt/readline/lib -L/usr/local/opt/openssl@1.1/lib -L/usr/local/opt/openblas/lib -L/usr/local/opt/llvm/lib -L/usr/local/opt/sqlite/lib -L/usr/local/opt/readline/lib -L/usr/local/opt/openssl@1.1/lib -fomit-frame-pointer -funroll-loops -ffast-math -Ofast -fno-signed-zeros -ffp-contract=fast -mmmx -msse -flto -I/usr/local/opt/openblas/include -I/usr/local/opt/llvm/include -I/usr/local/opt/sqlite/include -I/usr/local/opt/readline/include -I/usr/local/opt/openssl@1.1/include -march=native build/temp.macosx-10.12.6-x86_64-3.6-pydebug/Users/dojo/Library/Caches/Homebrew/Python-3.6.2/Modules/_cursesmodule.o -L. -L/usr/local/opt/openblas/lib -L/usr/local/opt/llvm/lib -L/usr/local/opt/sqlite/lib -L/usr/local/opt/readline/lib -L/usr/local/opt/openssl@1.1/lib -L/usr/local/lib -lncurses -o build/lib.macosx-10.12.6-x86_64-3.6-pydebug/_curses.cpython-36dm-darwin.so
building 'zlib' extension
cc -fsanitize=address -fno-omit-frame-pointer -Wno-unused-result -Wsign-compare -DDYNAMIC_ANNOTATIONS_ENABLED=1 -g -Ofast -Wall -Wstrict-prototypes -fomit-frame-pointer -funroll-loops -ffast-math -Ofast -fno-signed-zeros -ffp-contract=fast -mmmx -msse -flto -fomit-frame-pointer -funroll-loops -ffast-math -Ofast -fno-signed-zeros -ffp-contract=fast -mmmx -msse -flto -std=c99 -Wextra -Wno-unused-result -Wno-unused-parameter -Wno-missing-field-initializers -fomit-frame-pointer -funroll-loops -ffast-math -Ofast -fno-signed-zeros -ffp-contract=fast -mmmx -msse -flto -march=native -I./Include -I. -I/usr/local/opt/openblas/include -I/usr/local/opt/llvm/include -I/usr/local/opt/sqlite/include -I/usr/local/opt/readline/include -I/usr/local/opt/openssl@1.1/include -I/usr/local/include -I/Users/dojo/Library/Caches/Homebrew/Python-3.6.2/Include -I/Users/dojo/Library/Caches/Homebrew/Python-3.6.2 -c /Users/dojo/Library/Caches/Homebrew/Python-3.6.2/Modules/zlibmodule.c -o build/temp.macosx-10.12.6-x86_64-3.6-pydebug/Users/dojo/Library/Caches/Homebrew/Python-3.6.2/Modules/zlibmodule.o
building 'binascii' extension
cc -fsanitize=address -fno-omit-frame-pointer -Wno-unused-result -Wsign-compare -DDYNAMIC_ANNOTATIONS_ENABLED=1 -g -Ofast -Wall -Wstrict-prototypes -fomit-frame-pointer -funroll-loops -ffast-math -Ofast -fno-signed-zeros -ffp-contract=fast -mmmx -msse -flto -fomit-frame-pointer -funroll-loops -ffast-math -Ofast -fno-signed-zeros -ffp-contract=fast -mmmx -msse -flto -std=c99 -Wextra -Wno-unused-result -Wno-unused-parameter -Wno-missing-field-initializers -fomit-frame-pointer -funroll-loops -ffast-math -Ofast -fno-signed-zeros -ffp-contract=fast -mmmx -msse -flto -march=native -I./Include -I. -I/usr/local/opt/openblas/include -I/usr/local/opt/llvm/include -I/usr/local/opt/sqlite/include -I/usr/local/opt/readline/include -I/usr/local/opt/openssl@1.1/include -I/usr/local/include -I/Users/dojo/Library/Caches/Homebrew/Python-3.6.2/Include -I/Users/dojo/Library/Caches/Homebrew/Python-3.6.2 -c /Users/dojo/Library/Caches/Homebrew/Python-3.6.2/Modules/binascii.c -o build/temp.macosx-10.12.6-x86_64-3.6-pydebug/Users/dojo/Library/Caches/Homebrew/Python-3.6.2/Modules/binascii.o -DUSE_ZLIB_CRC32
cc -bundle -undefined dynamic_lookup -fsanitize=address -L/usr/local/opt/openblas/lib -L/usr/local/opt/llvm/lib -L/usr/local/opt/sqlite/lib -L/usr/local/opt/readline/lib -L/usr/local/opt/openssl@1.1/lib -L/usr/local/opt/openblas/lib -L/usr/local/opt/llvm/lib -L/usr/local/opt/sqlite/lib -L/usr/local/opt/readline/lib -L/usr/local/opt/openssl@1.1/lib -L/usr/local/opt/openblas/lib -L/usr/local/opt/llvm/lib -L/usr/local/opt/sqlite/lib -L/usr/local/opt/readline/lib -L/usr/local/opt/openssl@1.1/lib -fomit-frame-pointer -funroll-loops -ffast-math -Ofast -fno-signed-zeros -ffp-contract=fast -mmmx -msse -flto -I/usr/local/opt/openblas/include -I/usr/local/opt/llvm/include -I/usr/local/opt/sqlite/include -I/usr/local/opt/readline/include -I/usr/local/opt/openssl@1.1/include -march=native build/temp.macosx-10.12.6-x86_64-3.6-pydebug/Users/dojo/Library/Caches/Homebrew/Python-3.6.2/Modules/zlibmodule.o -L. -L/usr/local/opt/openblas/lib -L/usr/local/opt/llvm/lib -L/usr/local/opt/sqlite/lib -L/usr/local/opt/readline/lib -L/usr/local/opt/openssl@1.1/lib -L/usr/local/lib -lz -o build/lib.macosx-10.12.6-x86_64-3.6-pydebug/zlib.cpython-36dm-darwin.so -Wl,-search_paths_first
cc -bundle -undefined dynamic_lookup -fsanitize=address -L/usr/local/opt/openblas/lib -L/usr/local/opt/llvm/lib -L/usr/local/opt/sqlite/lib -L/usr/local/opt/readline/lib -L/usr/local/opt/openssl@1.1/lib -L/usr/local/opt/openblas/lib -L/usr/local/opt/llvm/lib -L/usr/local/opt/sqlite/lib -L/usr/local/opt/readline/lib -L/usr/local/opt/openssl@1.1/lib -L/usr/local/opt/openblas/lib -L/usr/local/opt/llvm/lib -L/usr/local/opt/sqlite/lib -L/usr/local/opt/readline/lib -L/usr/local/opt/openssl@1.1/lib -fomit-frame-pointer -funroll-loops -ffast-math -Ofast -fno-signed-zeros -ffp-contract=fast -mmmx -msse -flto -I/usr/local/opt/openblas/include -I/usr/local/opt/llvm/include -I/usr/local/opt/sqlite/include -I/usr/local/opt/readline/include -I/usr/local/opt/openssl@1.1/include -march=native build/temp.macosx-10.12.6-x86_64-3.6-pydebug/Users/dojo/Library/Caches/Homebrew/Python-3.6.2/Modules/binascii.o -L. -L/usr/local/opt/openblas/lib -L/usr/local/opt/llvm/lib -L/usr/local/opt/sqlite/lib -L/usr/local/opt/readline/lib -L/usr/local/opt/openssl@1.1/lib -L/usr/local/lib -lz -o build/lib.macosx-10.12.6-x86_64-3.6-pydebug/binascii.cpython-36dm-darwin.so -Wl,-search_paths_first
cc -bundle -undefined dynamic_lookup -fsanitize=address -L/usr/local/opt/openblas/lib -L/usr/local/opt/llvm/lib -L/usr/local/opt/sqlite/lib -L/usr/local/opt/readline/lib -L/usr/local/opt/openssl@1.1/lib -L/usr/local/opt/openblas/lib -L/usr/local/opt/llvm/lib -L/usr/local/opt/sqlite/lib -L/usr/local/opt/readline/lib -L/usr/local/opt/openssl@1.1/lib -L/usr/local/opt/openblas/lib -L/usr/local/opt/llvm/lib -L/usr/local/opt/sqlite/lib -L/usr/local/opt/readline/lib -L/usr/local/opt/openssl@1.1/lib -fomit-frame-pointer -funroll-loops -ffast-math -Ofast -fno-signed-zeros -ffp-contract=fast -mmmx -msse -flto -I/usr/local/opt/openblas/include -I/usr/local/opt/llvm/include -I/usr/local/opt/sqlite/include -I/usr/local/opt/readline/include -I/usr/local/opt/openssl@1.1/include -march=native build/temp.macosx-10.12.6-x86_64-3.6-pydebug/Users/dojo/Library/Caches/Homebrew/Python-3.6.2/Modules/_sha3/sha3module.o -L. -L/usr/local/opt/openblas/lib -L/usr/local/opt/llvm/lib -L/usr/local/opt/sqlite/lib -L/usr/local/opt/readline/lib -L/usr/local/opt/openssl@1.1/lib -L/usr/local/lib -o build/lib.macosx-10.12.6-x86_64-3.6-pydebug/_sha3.cpython-36dm-darwin.so
building '_bz2' extension
cc -fsanitize=address -fno-omit-frame-pointer -Wno-unused-result -Wsign-compare -DDYNAMIC_ANNOTATIONS_ENABLED=1 -g -Ofast -Wall -Wstrict-prototypes -fomit-frame-pointer -funroll-loops -ffast-math -Ofast -fno-signed-zeros -ffp-contract=fast -mmmx -msse -flto -fomit-frame-pointer -funroll-loops -ffast-math -Ofast -fno-signed-zeros -ffp-contract=fast -mmmx -msse -flto -std=c99 -Wextra -Wno-unused-result -Wno-unused-parameter -Wno-missing-field-initializers -fomit-frame-pointer -funroll-loops -ffast-math -Ofast -fno-signed-zeros -ffp-contract=fast -mmmx -msse -flto -march=native -I./Include -I. -I/usr/local/opt/openblas/include -I/usr/local/opt/llvm/include -I/usr/local/opt/sqlite/include -I/usr/local/opt/readline/include -I/usr/local/opt/openssl@1.1/include -I/usr/local/include -I/Users/dojo/Library/Caches/Homebrew/Python-3.6.2/Include -I/Users/dojo/Library/Caches/Homebrew/Python-3.6.2 -c /Users/dojo/Library/Caches/Homebrew/Python-3.6.2/Modules/_bz2module.c -o build/temp.macosx-10.12.6-x86_64-3.6-pydebug/Users/dojo/Library/Caches/Homebrew/Python-3.6.2/Modules/_bz2module.o
building '_lzma' extension
cc -fsanitize=address -fno-omit-frame-pointer -Wno-unused-result -Wsign-compare -DDYNAMIC_ANNOTATIONS_ENABLED=1 -g -Ofast -Wall -Wstrict-prototypes -fomit-frame-pointer -funroll-loops -ffast-math -Ofast -fno-signed-zeros -ffp-contract=fast -mmmx -msse -flto -fomit-frame-pointer -funroll-loops -ffast-math -Ofast -fno-signed-zeros -ffp-contract=fast -mmmx -msse -flto -std=c99 -Wextra -Wno-unused-result -Wno-unused-parameter -Wno-missing-field-initializers -fomit-frame-pointer -funroll-loops -ffast-math -Ofast -fno-signed-zeros -ffp-contract=fast -mmmx -msse -flto -march=native -I./Include -I. -I/usr/local/opt/openblas/include -I/usr/local/opt/llvm/include -I/usr/local/opt/sqlite/include -I/usr/local/opt/readline/include -I/usr/local/opt/openssl@1.1/include -I/usr/local/include -I/Users/dojo/Library/Caches/Homebrew/Python-3.6.2/Include -I/Users/dojo/Library/Caches/Homebrew/Python-3.6.2 -c /Users/dojo/Library/Caches/Homebrew/Python-3.6.2/Modules/_lzmamodule.c -o build/temp.macosx-10.12.6-x86_64-3.6-pydebug/Users/dojo/Library/Caches/Homebrew/Python-3.6.2/Modules/_lzmamodule.o
cc -bundle -undefined dynamic_lookup -fsanitize=address -L/usr/local/opt/openblas/lib -L/usr/local/opt/llvm/lib -L/usr/local/opt/sqlite/lib -L/usr/local/opt/readline/lib -L/usr/local/opt/openssl@1.1/lib -L/usr/local/opt/openblas/lib -L/usr/local/opt/llvm/lib -L/usr/local/opt/sqlite/lib -L/usr/local/opt/readline/lib -L/usr/local/opt/openssl@1.1/lib -L/usr/local/opt/openblas/lib -L/usr/local/opt/llvm/lib -L/usr/local/opt/sqlite/lib -L/usr/local/opt/readline/lib -L/usr/local/opt/openssl@1.1/lib -fomit-frame-pointer -funroll-loops -ffast-math -Ofast -fno-signed-zeros -ffp-contract=fast -mmmx -msse -flto -I/usr/local/opt/openblas/include -I/usr/local/opt/llvm/include -I/usr/local/opt/sqlite/include -I/usr/local/opt/readline/include -I/usr/local/opt/openssl@1.1/include -march=native build/temp.macosx-10.12.6-x86_64-3.6-pydebug/Users/dojo/Library/Caches/Homebrew/Python-3.6.2/Modules/_bz2module.o -L. -L/usr/local/opt/openblas/lib -L/usr/local/opt/llvm/lib -L/usr/local/opt/sqlite/lib -L/usr/local/opt/readline/lib -L/usr/local/opt/openssl@1.1/lib -L/usr/local/lib -lbz2 -o build/lib.macosx-10.12.6-x86_64-3.6-pydebug/_bz2.cpython-36dm-darwin.so -Wl,-search_paths_first
cc -bundle -undefined dynamic_lookup -fsanitize=address -L/usr/local/opt/openblas/lib -L/usr/local/opt/llvm/lib -L/usr/local/opt/sqlite/lib -L/usr/local/opt/readline/lib -L/usr/local/opt/openssl@1.1/lib -L/usr/local/opt/openblas/lib -L/usr/local/opt/llvm/lib -L/usr/local/opt/sqlite/lib -L/usr/local/opt/readline/lib -L/usr/local/opt/openssl@1.1/lib -L/usr/local/opt/openblas/lib -L/usr/local/opt/llvm/lib -L/usr/local/opt/sqlite/lib -L/usr/local/opt/readline/lib -L/usr/local/opt/openssl@1.1/lib -fomit-frame-pointer -funroll-loops -ffast-math -Ofast -fno-signed-zeros -ffp-contract=fast -mmmx -msse -flto -I/usr/local/opt/openblas/include -I/usr/local/opt/llvm/include -I/usr/local/opt/sqlite/include -I/usr/local/opt/readline/include -I/usr/local/opt/openssl@1.1/include -march=native build/temp.macosx-10.12.6-x86_64-3.6-pydebug/Users/dojo/Library/Caches/Homebrew/Python-3.6.2/Modules/_lzmamodule.o -L. -L/usr/local/opt/openblas/lib -L/usr/local/opt/llvm/lib -L/usr/local/opt/sqlite/lib -L/usr/local/opt/readline/lib -L/usr/local/opt/openssl@1.1/lib -L/usr/local/lib -llzma -o build/lib.macosx-10.12.6-x86_64-3.6-pydebug/_lzma.cpython-36dm-darwin.so
building 'pyexpat' extension
cc -fsanitize=address -fno-omit-frame-pointer -Wno-unused-result -Wsign-compare -DDYNAMIC_ANNOTATIONS_ENABLED=1 -g -Ofast -Wall -Wstrict-prototypes -fomit-frame-pointer -funroll-loops -ffast-math -Ofast -fno-signed-zeros -ffp-contract=fast -mmmx -msse -flto -fomit-frame-pointer -funroll-loops -ffast-math -Ofast -fno-signed-zeros -ffp-contract=fast -mmmx -msse -flto -std=c99 -Wextra -Wno-unused-result -Wno-unused-parameter -Wno-missing-field-initializers -fomit-frame-pointer -funroll-loops -ffast-math -Ofast -fno-signed-zeros -ffp-contract=fast -mmmx -msse -flto -march=native -I./Include -I. -I/usr/local/opt/openblas/include -I/usr/local/opt/llvm/include -I/usr/local/opt/sqlite/include -I/usr/local/opt/readline/include -I/usr/local/opt/openssl@1.1/include -I/usr/local/include -I/Users/dojo/Library/Caches/Homebrew/Python-3.6.2/Include -I/Users/dojo/Library/Caches/Homebrew/Python-3.6.2 -c /Users/dojo/Library/Caches/Homebrew/Python-3.6.2/Modules/pyexpat.c -o build/temp.macosx-10.12.6-x86_64-3.6-pydebug/Users/dojo/Library/Caches/Homebrew/Python-3.6.2/Modules/pyexpat.o
building '_elementtree' extension
cc -fsanitize=address -fno-omit-frame-pointer -Wno-unused-result -Wsign-compare -DDYNAMIC_ANNOTATIONS_ENABLED=1 -g -Ofast -Wall -Wstrict-prototypes -fomit-frame-pointer -funroll-loops -ffast-math -Ofast -fno-signed-zeros -ffp-contract=fast -mmmx -msse -flto -fomit-frame-pointer -funroll-loops -ffast-math -Ofast -fno-signed-zeros -ffp-contract=fast -mmmx -msse -flto -std=c99 -Wextra -Wno-unused-result -Wno-unused-parameter -Wno-missing-field-initializers -fomit-frame-pointer -funroll-loops -ffast-math -Ofast -fno-signed-zeros -ffp-contract=fast -mmmx -msse -flto -march=native -DUSE_PYEXPAT_CAPI -I./Include -I. -I/usr/local/opt/openblas/include -I/usr/local/opt/llvm/include -I/usr/local/opt/sqlite/include -I/usr/local/opt/readline/include -I/usr/local/opt/openssl@1.1/include -I/usr/local/include -I/Users/dojo/Library/Caches/Homebrew/Python-3.6.2/Include -I/Users/dojo/Library/Caches/Homebrew/Python-3.6.2 -c /Users/dojo/Library/Caches/Homebrew/Python-3.6.2/Modules/_elementtree.c -o build/temp.macosx-10.12.6-x86_64-3.6-pydebug/Users/dojo/Library/Caches/Homebrew/Python-3.6.2/Modules/_elementtree.o
building '_multibytecodec' extension
cc -fsanitize=address -fno-omit-frame-pointer -Wno-unused-result -Wsign-compare -DDYNAMIC_ANNOTATIONS_ENABLED=1 -g -Ofast -Wall -Wstrict-prototypes -fomit-frame-pointer -funroll-loops -ffast-math -Ofast -fno-signed-zeros -ffp-contract=fast -mmmx -msse -flto -fomit-frame-pointer -funroll-loops -ffast-math -Ofast -fno-signed-zeros -ffp-contract=fast -mmmx -msse -flto -std=c99 -Wextra -Wno-unused-result -Wno-unused-parameter -Wno-missing-field-initializers -fomit-frame-pointer -funroll-loops -ffast-math -Ofast -fno-signed-zeros -ffp-contract=fast -mmmx -msse -flto -march=native -I./Include -I. -I/usr/local/opt/openblas/include -I/usr/local/opt/llvm/include -I/usr/local/opt/sqlite/include -I/usr/local/opt/readline/include -I/usr/local/opt/openssl@1.1/include -I/usr/local/include -I/Users/dojo/Library/Caches/Homebrew/Python-3.6.2/Include -I/Users/dojo/Library/Caches/Homebrew/Python-3.6.2 -c /Users/dojo/Library/Caches/Homebrew/Python-3.6.2/Modules/cjkcodecs/multibytecodec.c -o build/temp.macosx-10.12.6-x86_64-3.6-pydebug/Users/dojo/Library/Caches/Homebrew/Python-3.6.2/Modules/cjkcodecs/multibytecodec.o
cc -bundle -undefined dynamic_lookup -fsanitize=address -L/usr/local/opt/openblas/lib -L/usr/local/opt/llvm/lib -L/usr/local/opt/sqlite/lib -L/usr/local/opt/readline/lib -L/usr/local/opt/openssl@1.1/lib -L/usr/local/opt/openblas/lib -L/usr/local/opt/llvm/lib -L/usr/local/opt/sqlite/lib -L/usr/local/opt/readline/lib -L/usr/local/opt/openssl@1.1/lib -L/usr/local/opt/openblas/lib -L/usr/local/opt/llvm/lib -L/usr/local/opt/sqlite/lib -L/usr/local/opt/readline/lib -L/usr/local/opt/openssl@1.1/lib -fomit-frame-pointer -funroll-loops -ffast-math -Ofast -fno-signed-zeros -ffp-contract=fast -mmmx -msse -flto -I/usr/local/opt/openblas/include -I/usr/local/opt/llvm/include -I/usr/local/opt/sqlite/include -I/usr/local/opt/readline/include -I/usr/local/opt/openssl@1.1/include -march=native build/temp.macosx-10.12.6-x86_64-3.6-pydebug/Users/dojo/Library/Caches/Homebrew/Python-3.6.2/Modules/pyexpat.o -L. -L/usr/local/opt/openblas/lib -L/usr/local/opt/llvm/lib -L/usr/local/opt/sqlite/lib -L/usr/local/opt/readline/lib -L/usr/local/opt/openssl@1.1/lib -L/usr/local/lib -lexpat -o build/lib.macosx-10.12.6-x86_64-3.6-pydebug/pyexpat.cpython-36dm-darwin.so
cc -bundle -undefined dynamic_lookup -fsanitize=address -L/usr/local/opt/openblas/lib -L/usr/local/opt/llvm/lib -L/usr/local/opt/sqlite/lib -L/usr/local/opt/readline/lib -L/usr/local/opt/openssl@1.1/lib -L/usr/local/opt/openblas/lib -L/usr/local/opt/llvm/lib -L/usr/local/opt/sqlite/lib -L/usr/local/opt/readline/lib -L/usr/local/opt/openssl@1.1/lib -L/usr/local/opt/openblas/lib -L/usr/local/opt/llvm/lib -L/usr/local/opt/sqlite/lib -L/usr/local/opt/readline/lib -L/usr/local/opt/openssl@1.1/lib -fomit-frame-pointer -funroll-loops -ffast-math -Ofast -fno-signed-zeros -ffp-contract=fast -mmmx -msse -flto -I/usr/local/opt/openblas/include -I/usr/local/opt/llvm/include -I/usr/local/opt/sqlite/include -I/usr/local/opt/readline/include -I/usr/local/opt/openssl@1.1/include -march=native build/temp.macosx-10.12.6-x86_64-3.6-pydebug/Users/dojo/Library/Caches/Homebrew/Python-3.6.2/Modules/_elementtree.o -L. -L/usr/local/opt/openblas/lib -L/usr/local/opt/llvm/lib -L/usr/local/opt/sqlite/lib -L/usr/local/opt/readline/lib -L/usr/local/opt/openssl@1.1/lib -L/usr/local/lib -lexpat -o build/lib.macosx-10.12.6-x86_64-3.6-pydebug/_elementtree.cpython-36dm-darwin.so
cc -bundle -undefined dynamic_lookup -fsanitize=address -L/usr/local/opt/openblas/lib -L/usr/local/opt/llvm/lib -L/usr/local/opt/sqlite/lib -L/usr/local/opt/readline/lib -L/usr/local/opt/openssl@1.1/lib -L/usr/local/opt/openblas/lib -L/usr/local/opt/llvm/lib -L/usr/local/opt/sqlite/lib -L/usr/local/opt/readline/lib -L/usr/local/opt/openssl@1.1/lib -L/usr/local/opt/openblas/lib -L/usr/local/opt/llvm/lib -L/usr/local/opt/sqlite/lib -L/usr/local/opt/readline/lib -L/usr/local/opt/openssl@1.1/lib -fomit-frame-pointer -funroll-loops -ffast-math -Ofast -fno-signed-zeros -ffp-contract=fast -mmmx -msse -flto -I/usr/local/opt/openblas/include -I/usr/local/opt/llvm/include -I/usr/local/opt/sqlite/include -I/usr/local/opt/readline/include -I/usr/local/opt/openssl@1.1/include -march=native build/temp.macosx-10.12.6-x86_64-3.6-pydebug/Users/dojo/Library/Caches/Homebrew/Python-3.6.2/Modules/cjkcodecs/multibytecodec.o -L. -L/usr/local/opt/openblas/lib -L/usr/local/opt/llvm/lib -L/usr/local/opt/sqlite/lib -L/usr/local/opt/readline/lib -L/usr/local/opt/openssl@1.1/lib -L/usr/local/lib -o build/lib.macosx-10.12.6-x86_64-3.6-pydebug/_multibytecodec.cpython-36dm-darwin.so
building '_codecs_kr' extension
cc -fsanitize=address -fno-omit-frame-pointer -Wno-unused-result -Wsign-compare -DDYNAMIC_ANNOTATIONS_ENABLED=1 -g -Ofast -Wall -Wstrict-prototypes -fomit-frame-pointer -funroll-loops -ffast-math -Ofast -fno-signed-zeros -ffp-contract=fast -mmmx -msse -flto -fomit-frame-pointer -funroll-loops -ffast-math -Ofast -fno-signed-zeros -ffp-contract=fast -mmmx -msse -flto -std=c99 -Wextra -Wno-unused-result -Wno-unused-parameter -Wno-missing-field-initializers -fomit-frame-pointer -funroll-loops -ffast-math -Ofast -fno-signed-zeros -ffp-contract=fast -mmmx -msse -flto -march=native -I./Include -I. -I/usr/local/opt/openblas/include -I/usr/local/opt/llvm/include -I/usr/local/opt/sqlite/include -I/usr/local/opt/readline/include -I/usr/local/opt/openssl@1.1/include -I/usr/local/include -I/Users/dojo/Library/Caches/Homebrew/Python-3.6.2/Include -I/Users/dojo/Library/Caches/Homebrew/Python-3.6.2 -c /Users/dojo/Library/Caches/Homebrew/Python-3.6.2/Modules/cjkcodecs/_codecs_kr.c -o build/temp.macosx-10.12.6-x86_64-3.6-pydebug/Users/dojo/Library/Caches/Homebrew/Python-3.6.2/Modules/cjkcodecs/_codecs_kr.o
cc -bundle -undefined dynamic_lookup -fsanitize=address -L/usr/local/opt/openblas/lib -L/usr/local/opt/llvm/lib -L/usr/local/opt/sqlite/lib -L/usr/local/opt/readline/lib -L/usr/local/opt/openssl@1.1/lib -L/usr/local/opt/openblas/lib -L/usr/local/opt/llvm/lib -L/usr/local/opt/sqlite/lib -L/usr/local/opt/readline/lib -L/usr/local/opt/openssl@1.1/lib -L/usr/local/opt/openblas/lib -L/usr/local/opt/llvm/lib -L/usr/local/opt/sqlite/lib -L/usr/local/opt/readline/lib -L/usr/local/opt/openssl@1.1/lib -fomit-frame-pointer -funroll-loops -ffast-math -Ofast -fno-signed-zeros -ffp-contract=fast -mmmx -msse -flto -I/usr/local/opt/openblas/include -I/usr/local/opt/llvm/include -I/usr/local/opt/sqlite/include -I/usr/local/opt/readline/include -I/usr/local/opt/openssl@1.1/include -march=native build/temp.macosx-10.12.6-x86_64-3.6-pydebug/Users/dojo/Library/Caches/Homebrew/Python-3.6.2/Modules/cjkcodecs/_codecs_kr.o -L. -L/usr/local/opt/openblas/lib -L/usr/local/opt/llvm/lib -L/usr/local/opt/sqlite/lib -L/usr/local/opt/readline/lib -L/usr/local/opt/openssl@1.1/lib -L/usr/local/lib -o build/lib.macosx-10.12.6-x86_64-3.6-pydebug/_codecs_kr.cpython-36dm-darwin.so
building '_codecs_jp' extension
cc -fsanitize=address -fno-omit-frame-pointer -Wno-unused-result -Wsign-compare -DDYNAMIC_ANNOTATIONS_ENABLED=1 -g -Ofast -Wall -Wstrict-prototypes -fomit-frame-pointer -funroll-loops -ffast-math -Ofast -fno-signed-zeros -ffp-contract=fast -mmmx -msse -flto -fomit-frame-pointer -funroll-loops -ffast-math -Ofast -fno-signed-zeros -ffp-contract=fast -mmmx -msse -flto -std=c99 -Wextra -Wno-unused-result -Wno-unused-parameter -Wno-missing-field-initializers -fomit-frame-pointer -funroll-loops -ffast-math -Ofast -fno-signed-zeros -ffp-contract=fast -mmmx -msse -flto -march=native -I./Include -I. -I/usr/local/opt/openblas/include -I/usr/local/opt/llvm/include -I/usr/local/opt/sqlite/include -I/usr/local/opt/readline/include -I/usr/local/opt/openssl@1.1/include -I/usr/local/include -I/Users/dojo/Library/Caches/Homebrew/Python-3.6.2/Include -I/Users/dojo/Library/Caches/Homebrew/Python-3.6.2 -c /Users/dojo/Library/Caches/Homebrew/Python-3.6.2/Modules/cjkcodecs/_codecs_jp.c -o build/temp.macosx-10.12.6-x86_64-3.6-pydebug/Users/dojo/Library/Caches/Homebrew/Python-3.6.2/Modules/cjkcodecs/_codecs_jp.o
building '_codecs_cn' extension
cc -fsanitize=address -fno-omit-frame-pointer -Wno-unused-result -Wsign-compare -DDYNAMIC_ANNOTATIONS_ENABLED=1 -g -Ofast -Wall -Wstrict-prototypes -fomit-frame-pointer -funroll-loops -ffast-math -Ofast -fno-signed-zeros -ffp-contract=fast -mmmx -msse -flto -fomit-frame-pointer -funroll-loops -ffast-math -Ofast -fno-signed-zeros -ffp-contract=fast -mmmx -msse -flto -std=c99 -Wextra -Wno-unused-result -Wno-unused-parameter -Wno-missing-field-initializers -fomit-frame-pointer -funroll-loops -ffast-math -Ofast -fno-signed-zeros -ffp-contract=fast -mmmx -msse -flto -march=native -I./Include -I. -I/usr/local/opt/openblas/include -I/usr/local/opt/llvm/include -I/usr/local/opt/sqlite/include -I/usr/local/opt/readline/include -I/usr/local/opt/openssl@1.1/include -I/usr/local/include -I/Users/dojo/Library/Caches/Homebrew/Python-3.6.2/Include -I/Users/dojo/Library/Caches/Homebrew/Python-3.6.2 -c /Users/dojo/Library/Caches/Homebrew/Python-3.6.2/Modules/cjkcodecs/_codecs_cn.c -o build/temp.macosx-10.12.6-x86_64-3.6-pydebug/Users/dojo/Library/Caches/Homebrew/Python-3.6.2/Modules/cjkcodecs/_codecs_cn.o
building '_codecs_tw' extension
cc -fsanitize=address -fno-omit-frame-pointer -Wno-unused-result -Wsign-compare -DDYNAMIC_ANNOTATIONS_ENABLED=1 -g -Ofast -Wall -Wstrict-prototypes -fomit-frame-pointer -funroll-loops -ffast-math -Ofast -fno-signed-zeros -ffp-contract=fast -mmmx -msse -flto -fomit-frame-pointer -funroll-loops -ffast-math -Ofast -fno-signed-zeros -ffp-contract=fast -mmmx -msse -flto -std=c99 -Wextra -Wno-unused-result -Wno-unused-parameter -Wno-missing-field-initializers -fomit-frame-pointer -funroll-loops -ffast-math -Ofast -fno-signed-zeros -ffp-contract=fast -mmmx -msse -flto -march=native -I./Include -I. -I/usr/local/opt/openblas/include -I/usr/local/opt/llvm/include -I/usr/local/opt/sqlite/include -I/usr/local/opt/readline/include -I/usr/local/opt/openssl@1.1/include -I/usr/local/include -I/Users/dojo/Library/Caches/Homebrew/Python-3.6.2/Include -I/Users/dojo/Library/Caches/Homebrew/Python-3.6.2 -c /Users/dojo/Library/Caches/Homebrew/Python-3.6.2/Modules/cjkcodecs/_codecs_tw.c -o build/temp.macosx-10.12.6-x86_64-3.6-pydebug/Users/dojo/Library/Caches/Homebrew/Python-3.6.2/Modules/cjkcodecs/_codecs_tw.o
cc -bundle -undefined dynamic_lookup -fsanitize=address -L/usr/local/opt/openblas/lib -L/usr/local/opt/llvm/lib -L/usr/local/opt/sqlite/lib -L/usr/local/opt/readline/lib -L/usr/local/opt/openssl@1.1/lib -L/usr/local/opt/openblas/lib -L/usr/local/opt/llvm/lib -L/usr/local/opt/sqlite/lib -L/usr/local/opt/readline/lib -L/usr/local/opt/openssl@1.1/lib -L/usr/local/opt/openblas/lib -L/usr/local/opt/llvm/lib -L/usr/local/opt/sqlite/lib -L/usr/local/opt/readline/lib -L/usr/local/opt/openssl@1.1/lib -fomit-frame-pointer -funroll-loops -ffast-math -Ofast -fno-signed-zeros -ffp-contract=fast -mmmx -msse -flto -I/usr/local/opt/openblas/include -I/usr/local/opt/llvm/include -I/usr/local/opt/sqlite/include -I/usr/local/opt/readline/include -I/usr/local/opt/openssl@1.1/include -march=native build/temp.macosx-10.12.6-x86_64-3.6-pydebug/Users/dojo/Library/Caches/Homebrew/Python-3.6.2/Modules/cjkcodecs/_codecs_tw.o -L. -L/usr/local/opt/openblas/lib -L/usr/local/opt/llvm/lib -L/usr/local/opt/sqlite/lib -L/usr/local/opt/readline/lib -L/usr/local/opt/openssl@1.1/lib -L/usr/local/lib -o build/lib.macosx-10.12.6-x86_64-3.6-pydebug/_codecs_tw.cpython-36dm-darwin.so
cc -bundle -undefined dynamic_lookup -fsanitize=address -L/usr/local/opt/openblas/lib -L/usr/local/opt/llvm/lib -L/usr/local/opt/sqlite/lib -L/usr/local/opt/readline/lib -L/usr/local/opt/openssl@1.1/lib -L/usr/local/opt/openblas/lib -L/usr/local/opt/llvm/lib -L/usr/local/opt/sqlite/lib -L/usr/local/opt/readline/lib -L/usr/local/opt/openssl@1.1/lib -L/usr/local/opt/openblas/lib -L/usr/local/opt/llvm/lib -L/usr/local/opt/sqlite/lib -L/usr/local/opt/readline/lib -L/usr/local/opt/openssl@1.1/lib -fomit-frame-pointer -funroll-loops -ffast-math -Ofast -fno-signed-zeros -ffp-contract=fast -mmmx -msse -flto -I/usr/local/opt/openblas/include -I/usr/local/opt/llvm/include -I/usr/local/opt/sqlite/include -I/usr/local/opt/readline/include -I/usr/local/opt/openssl@1.1/include -march=native build/temp.macosx-10.12.6-x86_64-3.6-pydebug/Users/dojo/Library/Caches/Homebrew/Python-3.6.2/Modules/cjkcodecs/_codecs_cn.o -L. -L/usr/local/opt/openblas/lib -L/usr/local/opt/llvm/lib -L/usr/local/opt/sqlite/lib -L/usr/local/opt/readline/lib -L/usr/local/opt/openssl@1.1/lib -L/usr/local/lib -o build/lib.macosx-10.12.6-x86_64-3.6-pydebug/_codecs_cn.cpython-36dm-darwin.so
cc -bundle -undefined dynamic_lookup -fsanitize=address -L/usr/local/opt/openblas/lib -L/usr/local/opt/llvm/lib -L/usr/local/opt/sqlite/lib -L/usr/local/opt/readline/lib -L/usr/local/opt/openssl@1.1/lib -L/usr/local/opt/openblas/lib -L/usr/local/opt/llvm/lib -L/usr/local/opt/sqlite/lib -L/usr/local/opt/readline/lib -L/usr/local/opt/openssl@1.1/lib -L/usr/local/opt/openblas/lib -L/usr/local/opt/llvm/lib -L/usr/local/opt/sqlite/lib -L/usr/local/opt/readline/lib -L/usr/local/opt/openssl@1.1/lib -fomit-frame-pointer -funroll-loops -ffast-math -Ofast -fno-signed-zeros -ffp-contract=fast -mmmx -msse -flto -I/usr/local/opt/openblas/include -I/usr/local/opt/llvm/include -I/usr/local/opt/sqlite/include -I/usr/local/opt/readline/include -I/usr/local/opt/openssl@1.1/include -march=native build/temp.macosx-10.12.6-x86_64-3.6-pydebug/Users/dojo/Library/Caches/Homebrew/Python-3.6.2/Modules/cjkcodecs/_codecs_jp.o -L. -L/usr/local/opt/openblas/lib -L/usr/local/opt/llvm/lib -L/usr/local/opt/sqlite/lib -L/usr/local/opt/readline/lib -L/usr/local/opt/openssl@1.1/lib -L/usr/local/lib -o build/lib.macosx-10.12.6-x86_64-3.6-pydebug/_codecs_jp.cpython-36dm-darwin.so
building '_codecs_hk' extension
cc -fsanitize=address -fno-omit-frame-pointer -Wno-unused-result -Wsign-compare -DDYNAMIC_ANNOTATIONS_ENABLED=1 -g -Ofast -Wall -Wstrict-prototypes -fomit-frame-pointer -funroll-loops -ffast-math -Ofast -fno-signed-zeros -ffp-contract=fast -mmmx -msse -flto -fomit-frame-pointer -funroll-loops -ffast-math -Ofast -fno-signed-zeros -ffp-contract=fast -mmmx -msse -flto -std=c99 -Wextra -Wno-unused-result -Wno-unused-parameter -Wno-missing-field-initializers -fomit-frame-pointer -funroll-loops -ffast-math -Ofast -fno-signed-zeros -ffp-contract=fast -mmmx -msse -flto -march=native -I./Include -I. -I/usr/local/opt/openblas/include -I/usr/local/opt/llvm/include -I/usr/local/opt/sqlite/include -I/usr/local/opt/readline/include -I/usr/local/opt/openssl@1.1/include -I/usr/local/include -I/Users/dojo/Library/Caches/Homebrew/Python-3.6.2/Include -I/Users/dojo/Library/Caches/Homebrew/Python-3.6.2 -c /Users/dojo/Library/Caches/Homebrew/Python-3.6.2/Modules/cjkcodecs/_codecs_hk.c -o build/temp.macosx-10.12.6-x86_64-3.6-pydebug/Users/dojo/Library/Caches/Homebrew/Python-3.6.2/Modules/cjkcodecs/_codecs_hk.o
building '_codecs_iso2022' extension
cc -fsanitize=address -fno-omit-frame-pointer -Wno-unused-result -Wsign-compare -DDYNAMIC_ANNOTATIONS_ENABLED=1 -g -Ofast -Wall -Wstrict-prototypes -fomit-frame-pointer -funroll-loops -ffast-math -Ofast -fno-signed-zeros -ffp-contract=fast -mmmx -msse -flto -fomit-frame-pointer -funroll-loops -ffast-math -Ofast -fno-signed-zeros -ffp-contract=fast -mmmx -msse -flto -std=c99 -Wextra -Wno-unused-result -Wno-unused-parameter -Wno-missing-field-initializers -fomit-frame-pointer -funroll-loops -ffast-math -Ofast -fno-signed-zeros -ffp-contract=fast -mmmx -msse -flto -march=native -I./Include -I. -I/usr/local/opt/openblas/include -I/usr/local/opt/llvm/include -I/usr/local/opt/sqlite/include -I/usr/local/opt/readline/include -I/usr/local/opt/openssl@1.1/include -I/usr/local/include -I/Users/dojo/Library/Caches/Homebrew/Python-3.6.2/Include -I/Users/dojo/Library/Caches/Homebrew/Python-3.6.2 -c /Users/dojo/Library/Caches/Homebrew/Python-3.6.2/Modules/cjkcodecs/_codecs_iso2022.c -o build/temp.macosx-10.12.6-x86_64-3.6-pydebug/Users/dojo/Library/Caches/Homebrew/Python-3.6.2/Modules/cjkcodecs/_codecs_iso2022.o
cc -bundle -undefined dynamic_lookup -fsanitize=address -L/usr/local/opt/openblas/lib -L/usr/local/opt/llvm/lib -L/usr/local/opt/sqlite/lib -L/usr/local/opt/readline/lib -L/usr/local/opt/openssl@1.1/lib -L/usr/local/opt/openblas/lib -L/usr/local/opt/llvm/lib -L/usr/local/opt/sqlite/lib -L/usr/local/opt/readline/lib -L/usr/local/opt/openssl@1.1/lib -L/usr/local/opt/openblas/lib -L/usr/local/opt/llvm/lib -L/usr/local/opt/sqlite/lib -L/usr/local/opt/readline/lib -L/usr/local/opt/openssl@1.1/lib -fomit-frame-pointer -funroll-loops -ffast-math -Ofast -fno-signed-zeros -ffp-contract=fast -mmmx -msse -flto -I/usr/local/opt/openblas/include -I/usr/local/opt/llvm/include -I/usr/local/opt/sqlite/include -I/usr/local/opt/readline/include -I/usr/local/opt/openssl@1.1/include -march=native build/temp.macosx-10.12.6-x86_64-3.6-pydebug/Users/dojo/Library/Caches/Homebrew/Python-3.6.2/Modules/cjkcodecs/_codecs_hk.o -L. -L/usr/local/opt/openblas/lib -L/usr/local/opt/llvm/lib -L/usr/local/opt/sqlite/lib -L/usr/local/opt/readline/lib -L/usr/local/opt/openssl@1.1/lib -L/usr/local/lib -o build/lib.macosx-10.12.6-x86_64-3.6-pydebug/_codecs_hk.cpython-36dm-darwin.so
building '_decimal' extension
cc -fsanitize=address -fno-omit-frame-pointer -Wno-unused-result -Wsign-compare -DDYNAMIC_ANNOTATIONS_ENABLED=1 -g -Ofast -Wall -Wstrict-prototypes -fomit-frame-pointer -funroll-loops -ffast-math -Ofast -fno-signed-zeros -ffp-contract=fast -mmmx -msse -flto -fomit-frame-pointer -funroll-loops -ffast-math -Ofast -fno-signed-zeros -ffp-contract=fast -mmmx -msse -flto -std=c99 -Wextra -Wno-unused-result -Wno-unused-parameter -Wno-missing-field-initializers -fomit-frame-pointer -funroll-loops -ffast-math -Ofast -fno-signed-zeros -ffp-contract=fast -mmmx -msse -flto -march=native -DUNIVERSAL=1 -I/Users/dojo/Library/Caches/Homebrew/Python-3.6.2/Modules/_decimal/libmpdec -I./Include -I. -I/usr/local/opt/openblas/include -I/usr/local/opt/llvm/include -I/usr/local/opt/sqlite/include -I/usr/local/opt/readline/include -I/usr/local/opt/openssl@1.1/include -I/usr/local/include -I/Users/dojo/Library/Caches/Homebrew/Python-3.6.2/Include -I/Users/dojo/Library/Caches/Homebrew/Python-3.6.2 -c /Users/dojo/Library/Caches/Homebrew/Python-3.6.2/Modules/_decimal/_decimal.c -o build/temp.macosx-10.12.6-x86_64-3.6-pydebug/Users/dojo/Library/Caches/Homebrew/Python-3.6.2/Modules/_decimal/_decimal.o
building '_multiprocessing' extension
cc -fsanitize=address -fno-omit-frame-pointer -Wno-unused-result -Wsign-compare -DDYNAMIC_ANNOTATIONS_ENABLED=1 -g -Ofast -Wall -Wstrict-prototypes -fomit-frame-pointer -funroll-loops -ffast-math -Ofast -fno-signed-zeros -ffp-contract=fast -mmmx -msse -flto -fomit-frame-pointer -funroll-loops -ffast-math -Ofast -fno-signed-zeros -ffp-contract=fast -mmmx -msse -flto -std=c99 -Wextra -Wno-unused-result -Wno-unused-parameter -Wno-missing-field-initializers -fomit-frame-pointer -funroll-loops -ffast-math -Ofast -fno-signed-zeros -ffp-contract=fast -mmmx -msse -flto -march=native -IModules/_multiprocessing -I./Include -I. -I/usr/local/opt/openblas/include -I/usr/local/opt/llvm/include -I/usr/local/opt/sqlite/include -I/usr/local/opt/readline/include -I/usr/local/opt/openssl@1.1/include -I/usr/local/include -I/Users/dojo/Library/Caches/Homebrew/Python-3.6.2/Include -I/Users/dojo/Library/Caches/Homebrew/Python-3.6.2 -c /Users/dojo/Library/Caches/Homebrew/Python-3.6.2/Modules/_multiprocessing/multiprocessing.c -o build/temp.macosx-10.12.6-x86_64-3.6-pydebug/Users/dojo/Library/Caches/Homebrew/Python-3.6.2/Modules/_multiprocessing/multiprocessing.o
cc -bundle -undefined dynamic_lookup -fsanitize=address -L/usr/local/opt/openblas/lib -L/usr/local/opt/llvm/lib -L/usr/local/opt/sqlite/lib -L/usr/local/opt/readline/lib -L/usr/local/opt/openssl@1.1/lib -L/usr/local/opt/openblas/lib -L/usr/local/opt/llvm/lib -L/usr/local/opt/sqlite/lib -L/usr/local/opt/readline/lib -L/usr/local/opt/openssl@1.1/lib -L/usr/local/opt/openblas/lib -L/usr/local/opt/llvm/lib -L/usr/local/opt/sqlite/lib -L/usr/local/opt/readline/lib -L/usr/local/opt/openssl@1.1/lib -fomit-frame-pointer -funroll-loops -ffast-math -Ofast -fno-signed-zeros -ffp-contract=fast -mmmx -msse -flto -I/usr/local/opt/openblas/include -I/usr/local/opt/llvm/include -I/usr/local/opt/sqlite/include -I/usr/local/opt/readline/include -I/usr/local/opt/openssl@1.1/include -march=native build/temp.macosx-10.12.6-x86_64-3.6-pydebug/Users/dojo/Library/Caches/Homebrew/Python-3.6.2/Modules/cjkcodecs/_codecs_iso2022.o -L. -L/usr/local/opt/openblas/lib -L/usr/local/opt/llvm/lib -L/usr/local/opt/sqlite/lib -L/usr/local/opt/readline/lib -L/usr/local/opt/openssl@1.1/lib -L/usr/local/lib -o build/lib.macosx-10.12.6-x86_64-3.6-pydebug/_codecs_iso2022.cpython-36dm-darwin.so
building '_scproxy' extension
cc -fsanitize=address -fno-omit-frame-pointer -Wno-unused-result -Wsign-compare -DDYNAMIC_ANNOTATIONS_ENABLED=1 -g -Ofast -Wall -Wstrict-prototypes -fomit-frame-pointer -funroll-loops -ffast-math -Ofast -fno-signed-zeros -ffp-contract=fast -mmmx -msse -flto -fomit-frame-pointer -funroll-loops -ffast-math -Ofast -fno-signed-zeros -ffp-contract=fast -mmmx -msse -flto -std=c99 -Wextra -Wno-unused-result -Wno-unused-parameter -Wno-missing-field-initializers -fomit-frame-pointer -funroll-loops -ffast-math -Ofast -fno-signed-zeros -ffp-contract=fast -mmmx -msse -flto -march=native -I./Include -I. -I/usr/local/opt/openblas/include -I/usr/local/opt/llvm/include -I/usr/local/opt/sqlite/include -I/usr/local/opt/readline/include -I/usr/local/opt/openssl@1.1/include -I/usr/local/include -I/Users/dojo/Library/Caches/Homebrew/Python-3.6.2/Include -I/Users/dojo/Library/Caches/Homebrew/Python-3.6.2 -c /Users/dojo/Library/Caches/Homebrew/Python-3.6.2/Modules/_scproxy.c -o build/temp.macosx-10.12.6-x86_64-3.6-pydebug/Users/dojo/Library/Caches/Homebrew/Python-3.6.2/Modules/_scproxy.o
cc -fsanitize=address -fno-omit-frame-pointer -Wno-unused-result -Wsign-compare -DDYNAMIC_ANNOTATIONS_ENABLED=1 -g -Ofast -Wall -Wstrict-prototypes -fomit-frame-pointer -funroll-loops -ffast-math -Ofast -fno-signed-zeros -ffp-contract=fast -mmmx -msse -flto -fomit-frame-pointer -funroll-loops -ffast-math -Ofast -fno-signed-zeros -ffp-contract=fast -mmmx -msse -flto -std=c99 -Wextra -Wno-unused-result -Wno-unused-parameter -Wno-missing-field-initializers -fomit-frame-pointer -funroll-loops -ffast-math -Ofast -fno-signed-zeros -ffp-contract=fast -mmmx -msse -flto -march=native -IModules/_multiprocessing -I./Include -I. -I/usr/local/opt/openblas/include -I/usr/local/opt/llvm/include -I/usr/local/opt/sqlite/include -I/usr/local/opt/readline/include -I/usr/local/opt/openssl@1.1/include -I/usr/local/include -I/Users/dojo/Library/Caches/Homebrew/Python-3.6.2/Include -I/Users/dojo/Library/Caches/Homebrew/Python-3.6.2 -c /Users/dojo/Library/Caches/Homebrew/Python-3.6.2/Modules/_multiprocessing/semaphore.c -o build/temp.macosx-10.12.6-x86_64-3.6-pydebug/Users/dojo/Library/Caches/Homebrew/Python-3.6.2/Modules/_multiprocessing/semaphore.o
cc -bundle -undefined dynamic_lookup -fsanitize=address -L/usr/local/opt/openblas/lib -L/usr/local/opt/llvm/lib -L/usr/local/opt/sqlite/lib -L/usr/local/opt/readline/lib -L/usr/local/opt/openssl@1.1/lib -L/usr/local/opt/openblas/lib -L/usr/local/opt/llvm/lib -L/usr/local/opt/sqlite/lib -L/usr/local/opt/readline/lib -L/usr/local/opt/openssl@1.1/lib -L/usr/local/opt/openblas/lib -L/usr/local/opt/llvm/lib -L/usr/local/opt/sqlite/lib -L/usr/local/opt/readline/lib -L/usr/local/opt/openssl@1.1/lib -fomit-frame-pointer -funroll-loops -ffast-math -Ofast -fno-signed-zeros -ffp-contract=fast -mmmx -msse -flto -I/usr/local/opt/openblas/include -I/usr/local/opt/llvm/include -I/usr/local/opt/sqlite/include -I/usr/local/opt/readline/include -I/usr/local/opt/openssl@1.1/include -march=native build/temp.macosx-10.12.6-x86_64-3.6-pydebug/Users/dojo/Library/Caches/Homebrew/Python-3.6.2/Modules/_multiprocessing/multiprocessing.o build/temp.macosx-10.12.6-x86_64-3.6-pydebug/Users/dojo/Library/Caches/Homebrew/Python-3.6.2/Modules/_multiprocessing/semaphore.o -L. -L/usr/local/opt/openblas/lib -L/usr/local/opt/llvm/lib -L/usr/local/opt/sqlite/lib -L/usr/local/opt/readline/lib -L/usr/local/opt/openssl@1.1/lib -L/usr/local/lib -o build/lib.macosx-10.12.6-x86_64-3.6-pydebug/_multiprocessing.cpython-36dm-darwin.so
building '_tkinter' extension
cc -fsanitize=address -fno-omit-frame-pointer -Wno-unused-result -Wsign-compare -DDYNAMIC_ANNOTATIONS_ENABLED=1 -g -Ofast -Wall -Wstrict-prototypes -fomit-frame-pointer -funroll-loops -ffast-math -Ofast -fno-signed-zeros -ffp-contract=fast -mmmx -msse -flto -fomit-frame-pointer -funroll-loops -ffast-math -Ofast -fno-signed-zeros -ffp-contract=fast -mmmx -msse -flto -std=c99 -Wextra -Wno-unused-result -Wno-unused-parameter -Wno-missing-field-initializers -fomit-frame-pointer -funroll-loops -ffast-math -Ofast -fno-signed-zeros -ffp-contract=fast -mmmx -msse -flto -march=native -DWITH_APPINIT=1 -I/System/Library/Frameworks/Tcl.framework/Headers -I/System/Library/Frameworks/Tcl.framework/Versions/Current/PrivateHeaders -I/System/Library/Frameworks/Tk.framework/Headers -I/System/Library/Frameworks/Tk.framework/Versions/Current/PrivateHeaders -I/usr/X11R6/include -I./Include -I. -I/usr/local/opt/openblas/include -I/usr/local/opt/llvm/include -I/usr/local/opt/sqlite/include -I/usr/local/opt/readline/include -I/usr/local/opt/openssl@1.1/include -I/usr/local/include -I/Users/dojo/Library/Caches/Homebrew/Python-3.6.2/Include -I/Users/dojo/Library/Caches/Homebrew/Python-3.6.2 -c /Users/dojo/Library/Caches/Homebrew/Python-3.6.2/Modules/_tkinter.c -o build/temp.macosx-10.12.6-x86_64-3.6-pydebug/Users/dojo/Library/Caches/Homebrew/Python-3.6.2/Modules/_tkinter.o -framework Tk
building '_ctypes' extension
cc -fsanitize=address -fno-omit-frame-pointer -Wno-unused-result -Wsign-compare -DDYNAMIC_ANNOTATIONS_ENABLED=1 -g -Ofast -Wall -Wstrict-prototypes -fomit-frame-pointer -funroll-loops -ffast-math -Ofast -fno-signed-zeros -ffp-contract=fast -mmmx -msse -flto -fomit-frame-pointer -funroll-loops -ffast-math -Ofast -fno-signed-zeros -ffp-contract=fast -mmmx -msse -flto -std=c99 -Wextra -Wno-unused-result -Wno-unused-parameter -Wno-missing-field-initializers -fomit-frame-pointer -funroll-loops -ffast-math -Ofast -fno-signed-zeros -ffp-contract=fast -mmmx -msse -flto -march=native -I_ctypes/darwin -I/usr/local/Cellar/libffi/3.2.1/lib/libffi-3.2.1/include -I./Include -I. -I/usr/local/opt/openblas/include -I/usr/local/opt/llvm/include -I/usr/local/opt/sqlite/include -I/usr/local/opt/readline/include -I/usr/local/opt/openssl@1.1/include -I/usr/local/include -I/Users/dojo/Library/Caches/Homebrew/Python-3.6.2/Include -I/Users/dojo/Library/Caches/Homebrew/Python-3.6.2 -c /Users/dojo/Library/Caches/Homebrew/Python-3.6.2/Modules/_ctypes/_ctypes.c -o build/temp.macosx-10.12.6-x86_64-3.6-pydebug/Users/dojo/Library/Caches/Homebrew/Python-3.6.2/Modules/_ctypes/_ctypes.o -DMACOSX
cc -bundle -undefined dynamic_lookup -fsanitize=address -L/usr/local/opt/openblas/lib -L/usr/local/opt/llvm/lib -L/usr/local/opt/sqlite/lib -L/usr/local/opt/readline/lib -L/usr/local/opt/openssl@1.1/lib -L/usr/local/opt/openblas/lib -L/usr/local/opt/llvm/lib -L/usr/local/opt/sqlite/lib -L/usr/local/opt/readline/lib -L/usr/local/opt/openssl@1.1/lib -L/usr/local/opt/openblas/lib -L/usr/local/opt/llvm/lib -L/usr/local/opt/sqlite/lib -L/usr/local/opt/readline/lib -L/usr/local/opt/openssl@1.1/lib -fomit-frame-pointer -funroll-loops -ffast-math -Ofast -fno-signed-zeros -ffp-contract=fast -mmmx -msse -flto -I/usr/local/opt/openblas/include -I/usr/local/opt/llvm/include -I/usr/local/opt/sqlite/include -I/usr/local/opt/readline/include -I/usr/local/opt/openssl@1.1/include -march=native build/temp.macosx-10.12.6-x86_64-3.6-pydebug/Users/dojo/Library/Caches/Homebrew/Python-3.6.2/Modules/_scproxy.o -L. -L/usr/local/opt/openblas/lib -L/usr/local/opt/llvm/lib -L/usr/local/opt/sqlite/lib -L/usr/local/opt/readline/lib -L/usr/local/opt/openssl@1.1/lib -L/usr/local/lib -o build/lib.macosx-10.12.6-x86_64-3.6-pydebug/_scproxy.cpython-36dm-darwin.so -framework SystemConfiguration -framework CoreFoundation
cc -fsanitize=address -fno-omit-frame-pointer -Wno-unused-result -Wsign-compare -DDYNAMIC_ANNOTATIONS_ENABLED=1 -g -Ofast -Wall -Wstrict-prototypes -fomit-frame-pointer -funroll-loops -ffast-math -Ofast -fno-signed-zeros -ffp-contract=fast -mmmx -msse -flto -fomit-frame-pointer -funroll-loops -ffast-math -Ofast -fno-signed-zeros -ffp-contract=fast -mmmx -msse -flto -std=c99 -Wextra -Wno-unused-result -Wno-unused-parameter -Wno-missing-field-initializers -fomit-frame-pointer -funroll-loops -ffast-math -Ofast -fno-signed-zeros -ffp-contract=fast -mmmx -msse -flto -march=native -DWITH_APPINIT=1 -I/System/Library/Frameworks/Tcl.framework/Headers -I/System/Library/Frameworks/Tcl.framework/Versions/Current/PrivateHeaders -I/System/Library/Frameworks/Tk.framework/Headers -I/System/Library/Frameworks/Tk.framework/Versions/Current/PrivateHeaders -I/usr/X11R6/include -I./Include -I. -I/usr/local/opt/openblas/include -I/usr/local/opt/llvm/include -I/usr/local/opt/sqlite/include -I/usr/local/opt/readline/include -I/usr/local/opt/openssl@1.1/include -I/usr/local/include -I/Users/dojo/Library/Caches/Homebrew/Python-3.6.2/Include -I/Users/dojo/Library/Caches/Homebrew/Python-3.6.2 -c /Users/dojo/Library/Caches/Homebrew/Python-3.6.2/Modules/tkappinit.c -o build/temp.macosx-10.12.6-x86_64-3.6-pydebug/Users/dojo/Library/Caches/Homebrew/Python-3.6.2/Modules/tkappinit.o -framework Tk
cc -fsanitize=address -fno-omit-frame-pointer -Wno-unused-result -Wsign-compare -DDYNAMIC_ANNOTATIONS_ENABLED=1 -g -Ofast -Wall -Wstrict-prototypes -fomit-frame-pointer -funroll-loops -ffast-math -Ofast -fno-signed-zeros -ffp-contract=fast -mmmx -msse -flto -fomit-frame-pointer -funroll-loops -ffast-math -Ofast -fno-signed-zeros -ffp-contract=fast -mmmx -msse -flto -std=c99 -Wextra -Wno-unused-result -Wno-unused-parameter -Wno-missing-field-initializers -fomit-frame-pointer -funroll-loops -ffast-math -Ofast -fno-signed-zeros -ffp-contract=fast -mmmx -msse -flto -march=native -DUNIVERSAL=1 -I/Users/dojo/Library/Caches/Homebrew/Python-3.6.2/Modules/_decimal/libmpdec -I./Include -I. -I/usr/local/opt/openblas/include -I/usr/local/opt/llvm/include -I/usr/local/opt/sqlite/include -I/usr/local/opt/readline/include -I/usr/local/opt/openssl@1.1/include -I/usr/local/include -I/Users/dojo/Library/Caches/Homebrew/Python-3.6.2/Include -I/Users/dojo/Library/Caches/Homebrew/Python-3.6.2 -c /Users/dojo/Library/Caches/Homebrew/Python-3.6.2/Modules/_decimal/libmpdec/basearith.c -o build/temp.macosx-10.12.6-x86_64-3.6-pydebug/Users/dojo/Library/Caches/Homebrew/Python-3.6.2/Modules/_decimal/libmpdec/basearith.o
cc -bundle -undefined dynamic_lookup -fsanitize=address -L/usr/local/opt/openblas/lib -L/usr/local/opt/llvm/lib -L/usr/local/opt/sqlite/lib -L/usr/local/opt/readline/lib -L/usr/local/opt/openssl@1.1/lib -L/usr/local/opt/openblas/lib -L/usr/local/opt/llvm/lib -L/usr/local/opt/sqlite/lib -L/usr/local/opt/readline/lib -L/usr/local/opt/openssl@1.1/lib -L/usr/local/opt/openblas/lib -L/usr/local/opt/llvm/lib -L/usr/local/opt/sqlite/lib -L/usr/local/opt/readline/lib -L/usr/local/opt/openssl@1.1/lib -fomit-frame-pointer -funroll-loops -ffast-math -Ofast -fno-signed-zeros -ffp-contract=fast -mmmx -msse -flto -I/usr/local/opt/openblas/include -I/usr/local/opt/llvm/include -I/usr/local/opt/sqlite/include -I/usr/local/opt/readline/include -I/usr/local/opt/openssl@1.1/include -march=native build/temp.macosx-10.12.6-x86_64-3.6-pydebug/Users/dojo/Library/Caches/Homebrew/Python-3.6.2/Modules/_tkinter.o build/temp.macosx-10.12.6-x86_64-3.6-pydebug/Users/dojo/Library/Caches/Homebrew/Python-3.6.2/Modules/tkappinit.o -L. -L/usr/local/opt/openblas/lib -L/usr/local/opt/llvm/lib -L/usr/local/opt/sqlite/lib -L/usr/local/opt/readline/lib -L/usr/local/opt/openssl@1.1/lib -L/usr/local/lib -o build/lib.macosx-10.12.6-x86_64-3.6-pydebug/_tkinter.cpython-36dm-darwin.so -framework Tcl -framework Tk
cc -fsanitize=address -fno-omit-frame-pointer -Wno-unused-result -Wsign-compare -DDYNAMIC_ANNOTATIONS_ENABLED=1 -g -Ofast -Wall -Wstrict-prototypes -fomit-frame-pointer -funroll-loops -ffast-math -Ofast -fno-signed-zeros -ffp-contract=fast -mmmx -msse -flto -fomit-frame-pointer -funroll-loops -ffast-math -Ofast -fno-signed-zeros -ffp-contract=fast -mmmx -msse -flto -std=c99 -Wextra -Wno-unused-result -Wno-unused-parameter -Wno-missing-field-initializers -fomit-frame-pointer -funroll-loops -ffast-math -Ofast -fno-signed-zeros -ffp-contract=fast -mmmx -msse -flto -march=native -I_ctypes/darwin -I/usr/local/Cellar/libffi/3.2.1/lib/libffi-3.2.1/include -I./Include -I. -I/usr/local/opt/openblas/include -I/usr/local/opt/llvm/include -I/usr/local/opt/sqlite/include -I/usr/local/opt/readline/include -I/usr/local/opt/openssl@1.1/include -I/usr/local/include -I/Users/dojo/Library/Caches/Homebrew/Python-3.6.2/Include -I/Users/dojo/Library/Caches/Homebrew/Python-3.6.2 -c /Users/dojo/Library/Caches/Homebrew/Python-3.6.2/Modules/_ctypes/callbacks.c -o build/temp.macosx-10.12.6-x86_64-3.6-pydebug/Users/dojo/Library/Caches/Homebrew/Python-3.6.2/Modules/_ctypes/callbacks.o -DMACOSX
cc -fsanitize=address -fno-omit-frame-pointer -Wno-unused-result -Wsign-compare -DDYNAMIC_ANNOTATIONS_ENABLED=1 -g -Ofast -Wall -Wstrict-prototypes -fomit-frame-pointer -funroll-loops -ffast-math -Ofast -fno-signed-zeros -ffp-contract=fast -mmmx -msse -flto -fomit-frame-pointer -funroll-loops -ffast-math -Ofast -fno-signed-zeros -ffp-contract=fast -mmmx -msse -flto -std=c99 -Wextra -Wno-unused-result -Wno-unused-parameter -Wno-missing-field-initializers -fomit-frame-pointer -funroll-loops -ffast-math -Ofast -fno-signed-zeros -ffp-contract=fast -mmmx -msse -flto -march=native -DUNIVERSAL=1 -I/Users/dojo/Library/Caches/Homebrew/Python-3.6.2/Modules/_decimal/libmpdec -I./Include -I. -I/usr/local/opt/openblas/include -I/usr/local/opt/llvm/include -I/usr/local/opt/sqlite/include -I/usr/local/opt/readline/include -I/usr/local/opt/openssl@1.1/include -I/usr/local/include -I/Users/dojo/Library/Caches/Homebrew/Python-3.6.2/Include -I/Users/dojo/Library/Caches/Homebrew/Python-3.6.2 -c /Users/dojo/Library/Caches/Homebrew/Python-3.6.2/Modules/_decimal/libmpdec/constants.c -o build/temp.macosx-10.12.6-x86_64-3.6-pydebug/Users/dojo/Library/Caches/Homebrew/Python-3.6.2/Modules/_decimal/libmpdec/constants.o
cc -fsanitize=address -fno-omit-frame-pointer -Wno-unused-result -Wsign-compare -DDYNAMIC_ANNOTATIONS_ENABLED=1 -g -Ofast -Wall -Wstrict-prototypes -fomit-frame-pointer -funroll-loops -ffast-math -Ofast -fno-signed-zeros -ffp-contract=fast -mmmx -msse -flto -fomit-frame-pointer -funroll-loops -ffast-math -Ofast -fno-signed-zeros -ffp-contract=fast -mmmx -msse -flto -std=c99 -Wextra -Wno-unused-result -Wno-unused-parameter -Wno-missing-field-initializers -fomit-frame-pointer -funroll-loops -ffast-math -Ofast -fno-signed-zeros -ffp-contract=fast -mmmx -msse -flto -march=native -I_ctypes/darwin -I/usr/local/Cellar/libffi/3.2.1/lib/libffi-3.2.1/include -I./Include -I. -I/usr/local/opt/openblas/include -I/usr/local/opt/llvm/include -I/usr/local/opt/sqlite/include -I/usr/local/opt/readline/include -I/usr/local/opt/openssl@1.1/include -I/usr/local/include -I/Users/dojo/Library/Caches/Homebrew/Python-3.6.2/Include -I/Users/dojo/Library/Caches/Homebrew/Python-3.6.2 -c /Users/dojo/Library/Caches/Homebrew/Python-3.6.2/Modules/_ctypes/callproc.c -o build/temp.macosx-10.12.6-x86_64-3.6-pydebug/Users/dojo/Library/Caches/Homebrew/Python-3.6.2/Modules/_ctypes/callproc.o -DMACOSX
cc -fsanitize=address -fno-omit-frame-pointer -Wno-unused-result -Wsign-compare -DDYNAMIC_ANNOTATIONS_ENABLED=1 -g -Ofast -Wall -Wstrict-prototypes -fomit-frame-pointer -funroll-loops -ffast-math -Ofast -fno-signed-zeros -ffp-contract=fast -mmmx -msse -flto -fomit-frame-pointer -funroll-loops -ffast-math -Ofast -fno-signed-zeros -ffp-contract=fast -mmmx -msse -flto -std=c99 -Wextra -Wno-unused-result -Wno-unused-parameter -Wno-missing-field-initializers -fomit-frame-pointer -funroll-loops -ffast-math -Ofast -fno-signed-zeros -ffp-contract=fast -mmmx -msse -flto -march=native -DUNIVERSAL=1 -I/Users/dojo/Library/Caches/Homebrew/Python-3.6.2/Modules/_decimal/libmpdec -I./Include -I. -I/usr/local/opt/openblas/include -I/usr/local/opt/llvm/include -I/usr/local/opt/sqlite/include -I/usr/local/opt/readline/include -I/usr/local/opt/openssl@1.1/include -I/usr/local/include -I/Users/dojo/Library/Caches/Homebrew/Python-3.6.2/Include -I/Users/dojo/Library/Caches/Homebrew/Python-3.6.2 -c /Users/dojo/Library/Caches/Homebrew/Python-3.6.2/Modules/_decimal/libmpdec/context.c -o build/temp.macosx-10.12.6-x86_64-3.6-pydebug/Users/dojo/Library/Caches/Homebrew/Python-3.6.2/Modules/_decimal/libmpdec/context.o
cc -fsanitize=address -fno-omit-frame-pointer -Wno-unused-result -Wsign-compare -DDYNAMIC_ANNOTATIONS_ENABLED=1 -g -Ofast -Wall -Wstrict-prototypes -fomit-frame-pointer -funroll-loops -ffast-math -Ofast -fno-signed-zeros -ffp-contract=fast -mmmx -msse -flto -fomit-frame-pointer -funroll-loops -ffast-math -Ofast -fno-signed-zeros -ffp-contract=fast -mmmx -msse -flto -std=c99 -Wextra -Wno-unused-result -Wno-unused-parameter -Wno-missing-field-initializers -fomit-frame-pointer -funroll-loops -ffast-math -Ofast -fno-signed-zeros -ffp-contract=fast -mmmx -msse -flto -march=native -DUNIVERSAL=1 -I/Users/dojo/Library/Caches/Homebrew/Python-3.6.2/Modules/_decimal/libmpdec -I./Include -I. -I/usr/local/opt/openblas/include -I/usr/local/opt/llvm/include -I/usr/local/opt/sqlite/include -I/usr/local/opt/readline/include -I/usr/local/opt/openssl@1.1/include -I/usr/local/include -I/Users/dojo/Library/Caches/Homebrew/Python-3.6.2/Include -I/Users/dojo/Library/Caches/Homebrew/Python-3.6.2 -c /Users/dojo/Library/Caches/Homebrew/Python-3.6.2/Modules/_decimal/libmpdec/convolute.c -o build/temp.macosx-10.12.6-x86_64-3.6-pydebug/Users/dojo/Library/Caches/Homebrew/Python-3.6.2/Modules/_decimal/libmpdec/convolute.o
cc -fsanitize=address -fno-omit-frame-pointer -Wno-unused-result -Wsign-compare -DDYNAMIC_ANNOTATIONS_ENABLED=1 -g -Ofast -Wall -Wstrict-prototypes -fomit-frame-pointer -funroll-loops -ffast-math -Ofast -fno-signed-zeros -ffp-contract=fast -mmmx -msse -flto -fomit-frame-pointer -funroll-loops -ffast-math -Ofast -fno-signed-zeros -ffp-contract=fast -mmmx -msse -flto -std=c99 -Wextra -Wno-unused-result -Wno-unused-parameter -Wno-missing-field-initializers -fomit-frame-pointer -funroll-loops -ffast-math -Ofast -fno-signed-zeros -ffp-contract=fast -mmmx -msse -flto -march=native -I_ctypes/darwin -I/usr/local/Cellar/libffi/3.2.1/lib/libffi-3.2.1/include -I./Include -I. -I/usr/local/opt/openblas/include -I/usr/local/opt/llvm/include -I/usr/local/opt/sqlite/include -I/usr/local/opt/readline/include -I/usr/local/opt/openssl@1.1/include -I/usr/local/include -I/Users/dojo/Library/Caches/Homebrew/Python-3.6.2/Include -I/Users/dojo/Library/Caches/Homebrew/Python-3.6.2 -c /Users/dojo/Library/Caches/Homebrew/Python-3.6.2/Modules/_ctypes/stgdict.c -o build/temp.macosx-10.12.6-x86_64-3.6-pydebug/Users/dojo/Library/Caches/Homebrew/Python-3.6.2/Modules/_ctypes/stgdict.o -DMACOSX
cc -fsanitize=address -fno-omit-frame-pointer -Wno-unused-result -Wsign-compare -DDYNAMIC_ANNOTATIONS_ENABLED=1 -g -Ofast -Wall -Wstrict-prototypes -fomit-frame-pointer -funroll-loops -ffast-math -Ofast -fno-signed-zeros -ffp-contract=fast -mmmx -msse -flto -fomit-frame-pointer -funroll-loops -ffast-math -Ofast -fno-signed-zeros -ffp-contract=fast -mmmx -msse -flto -std=c99 -Wextra -Wno-unused-result -Wno-unused-parameter -Wno-missing-field-initializers -fomit-frame-pointer -funroll-loops -ffast-math -Ofast -fno-signed-zeros -ffp-contract=fast -mmmx -msse -flto -march=native -DUNIVERSAL=1 -I/Users/dojo/Library/Caches/Homebrew/Python-3.6.2/Modules/_decimal/libmpdec -I./Include -I. -I/usr/local/opt/openblas/include -I/usr/local/opt/llvm/include -I/usr/local/opt/sqlite/include -I/usr/local/opt/readline/include -I/usr/local/opt/openssl@1.1/include -I/usr/local/include -I/Users/dojo/Library/Caches/Homebrew/Python-3.6.2/Include -I/Users/dojo/Library/Caches/Homebrew/Python-3.6.2 -c /Users/dojo/Library/Caches/Homebrew/Python-3.6.2/Modules/_decimal/libmpdec/crt.c -o build/temp.macosx-10.12.6-x86_64-3.6-pydebug/Users/dojo/Library/Caches/Homebrew/Python-3.6.2/Modules/_decimal/libmpdec/crt.o
cc -fsanitize=address -fno-omit-frame-pointer -Wno-unused-result -Wsign-compare -DDYNAMIC_ANNOTATIONS_ENABLED=1 -g -Ofast -Wall -Wstrict-prototypes -fomit-frame-pointer -funroll-loops -ffast-math -Ofast -fno-signed-zeros -ffp-contract=fast -mmmx -msse -flto -fomit-frame-pointer -funroll-loops -ffast-math -Ofast -fno-signed-zeros -ffp-contract=fast -mmmx -msse -flto -std=c99 -Wextra -Wno-unused-result -Wno-unused-parameter -Wno-missing-field-initializers -fomit-frame-pointer -funroll-loops -ffast-math -Ofast -fno-signed-zeros -ffp-contract=fast -mmmx -msse -flto -march=native -I_ctypes/darwin -I/usr/local/Cellar/libffi/3.2.1/lib/libffi-3.2.1/include -I./Include -I. -I/usr/local/opt/openblas/include -I/usr/local/opt/llvm/include -I/usr/local/opt/sqlite/include -I/usr/local/opt/readline/include -I/usr/local/opt/openssl@1.1/include -I/usr/local/include -I/Users/dojo/Library/Caches/Homebrew/Python-3.6.2/Include -I/Users/dojo/Library/Caches/Homebrew/Python-3.6.2 -c /Users/dojo/Library/Caches/Homebrew/Python-3.6.2/Modules/_ctypes/cfield.c -o build/temp.macosx-10.12.6-x86_64-3.6-pydebug/Users/dojo/Library/Caches/Homebrew/Python-3.6.2/Modules/_ctypes/cfield.o -DMACOSX
cc -fsanitize=address -fno-omit-frame-pointer -Wno-unused-result -Wsign-compare -DDYNAMIC_ANNOTATIONS_ENABLED=1 -g -Ofast -Wall -Wstrict-prototypes -fomit-frame-pointer -funroll-loops -ffast-math -Ofast -fno-signed-zeros -ffp-contract=fast -mmmx -msse -flto -fomit-frame-pointer -funroll-loops -ffast-math -Ofast -fno-signed-zeros -ffp-contract=fast -mmmx -msse -flto -std=c99 -Wextra -Wno-unused-result -Wno-unused-parameter -Wno-missing-field-initializers -fomit-frame-pointer -funroll-loops -ffast-math -Ofast -fno-signed-zeros -ffp-contract=fast -mmmx -msse -flto -march=native -DUNIVERSAL=1 -I/Users/dojo/Library/Caches/Homebrew/Python-3.6.2/Modules/_decimal/libmpdec -I./Include -I. -I/usr/local/opt/openblas/include -I/usr/local/opt/llvm/include -I/usr/local/opt/sqlite/include -I/usr/local/opt/readline/include -I/usr/local/opt/openssl@1.1/include -I/usr/local/include -I/Users/dojo/Library/Caches/Homebrew/Python-3.6.2/Include -I/Users/dojo/Library/Caches/Homebrew/Python-3.6.2 -c /Users/dojo/Library/Caches/Homebrew/Python-3.6.2/Modules/_decimal/libmpdec/difradix2.c -o build/temp.macosx-10.12.6-x86_64-3.6-pydebug/Users/dojo/Library/Caches/Homebrew/Python-3.6.2/Modules/_decimal/libmpdec/difradix2.o
cc -fsanitize=address -fno-omit-frame-pointer -Wno-unused-result -Wsign-compare -DDYNAMIC_ANNOTATIONS_ENABLED=1 -g -Ofast -Wall -Wstrict-prototypes -fomit-frame-pointer -funroll-loops -ffast-math -Ofast -fno-signed-zeros -ffp-contract=fast -mmmx -msse -flto -fomit-frame-pointer -funroll-loops -ffast-math -Ofast -fno-signed-zeros -ffp-contract=fast -mmmx -msse -flto -std=c99 -Wextra -Wno-unused-result -Wno-unused-parameter -Wno-missing-field-initializers -fomit-frame-pointer -funroll-loops -ffast-math -Ofast -fno-signed-zeros -ffp-contract=fast -mmmx -msse -flto -march=native -DUNIVERSAL=1 -I/Users/dojo/Library/Caches/Homebrew/Python-3.6.2/Modules/_decimal/libmpdec -I./Include -I. -I/usr/local/opt/openblas/include -I/usr/local/opt/llvm/include -I/usr/local/opt/sqlite/include -I/usr/local/opt/readline/include -I/usr/local/opt/openssl@1.1/include -I/usr/local/include -I/Users/dojo/Library/Caches/Homebrew/Python-3.6.2/Include -I/Users/dojo/Library/Caches/Homebrew/Python-3.6.2 -c /Users/dojo/Library/Caches/Homebrew/Python-3.6.2/Modules/_decimal/libmpdec/fnt.c -o build/temp.macosx-10.12.6-x86_64-3.6-pydebug/Users/dojo/Library/Caches/Homebrew/Python-3.6.2/Modules/_decimal/libmpdec/fnt.o
cc -fsanitize=address -fno-omit-frame-pointer -Wno-unused-result -Wsign-compare -DDYNAMIC_ANNOTATIONS_ENABLED=1 -g -Ofast -Wall -Wstrict-prototypes -fomit-frame-pointer -funroll-loops -ffast-math -Ofast -fno-signed-zeros -ffp-contract=fast -mmmx -msse -flto -fomit-frame-pointer -funroll-loops -ffast-math -Ofast -fno-signed-zeros -ffp-contract=fast -mmmx -msse -flto -std=c99 -Wextra -Wno-unused-result -Wno-unused-parameter -Wno-missing-field-initializers -fomit-frame-pointer -funroll-loops -ffast-math -Ofast -fno-signed-zeros -ffp-contract=fast -mmmx -msse -flto -march=native -I_ctypes/darwin -I/usr/local/Cellar/libffi/3.2.1/lib/libffi-3.2.1/include -I./Include -I. -I/usr/local/opt/openblas/include -I/usr/local/opt/llvm/include -I/usr/local/opt/sqlite/include -I/usr/local/opt/readline/include -I/usr/local/opt/openssl@1.1/include -I/usr/local/include -I/Users/dojo/Library/Caches/Homebrew/Python-3.6.2/Include -I/Users/dojo/Library/Caches/Homebrew/Python-3.6.2 -c /Users/dojo/Library/Caches/Homebrew/Python-3.6.2/Modules/_ctypes/malloc_closure.c -o build/temp.macosx-10.12.6-x86_64-3.6-pydebug/Users/dojo/Library/Caches/Homebrew/Python-3.6.2/Modules/_ctypes/malloc_closure.o -DMACOSX
cc -fsanitize=address -fno-omit-frame-pointer -Wno-unused-result -Wsign-compare -DDYNAMIC_ANNOTATIONS_ENABLED=1 -g -Ofast -Wall -Wstrict-prototypes -fomit-frame-pointer -funroll-loops -ffast-math -Ofast -fno-signed-zeros -ffp-contract=fast -mmmx -msse -flto -fomit-frame-pointer -funroll-loops -ffast-math -Ofast -fno-signed-zeros -ffp-contract=fast -mmmx -msse -flto -std=c99 -Wextra -Wno-unused-result -Wno-unused-parameter -Wno-missing-field-initializers -fomit-frame-pointer -funroll-loops -ffast-math -Ofast -fno-signed-zeros -ffp-contract=fast -mmmx -msse -flto -march=native -DUNIVERSAL=1 -I/Users/dojo/Library/Caches/Homebrew/Python-3.6.2/Modules/_decimal/libmpdec -I./Include -I. -I/usr/local/opt/openblas/include -I/usr/local/opt/llvm/include -I/usr/local/opt/sqlite/include -I/usr/local/opt/readline/include -I/usr/local/opt/openssl@1.1/include -I/usr/local/include -I/Users/dojo/Library/Caches/Homebrew/Python-3.6.2/Include -I/Users/dojo/Library/Caches/Homebrew/Python-3.6.2 -c /Users/dojo/Library/Caches/Homebrew/Python-3.6.2/Modules/_decimal/libmpdec/fourstep.c -o build/temp.macosx-10.12.6-x86_64-3.6-pydebug/Users/dojo/Library/Caches/Homebrew/Python-3.6.2/Modules/_decimal/libmpdec/fourstep.o
cc -fsanitize=address -fno-omit-frame-pointer -Wno-unused-result -Wsign-compare -DDYNAMIC_ANNOTATIONS_ENABLED=1 -g -Ofast -Wall -Wstrict-prototypes -fomit-frame-pointer -funroll-loops -ffast-math -Ofast -fno-signed-zeros -ffp-contract=fast -mmmx -msse -flto -fomit-frame-pointer -funroll-loops -ffast-math -Ofast -fno-signed-zeros -ffp-contract=fast -mmmx -msse -flto -std=c99 -Wextra -Wno-unused-result -Wno-unused-parameter -Wno-missing-field-initializers -fomit-frame-pointer -funroll-loops -ffast-math -Ofast -fno-signed-zeros -ffp-contract=fast -mmmx -msse -flto -march=native -I_ctypes/darwin -I/usr/local/Cellar/libffi/3.2.1/lib/libffi-3.2.1/include -I./Include -I. -I/usr/local/opt/openblas/include -I/usr/local/opt/llvm/include -I/usr/local/opt/sqlite/include -I/usr/local/opt/readline/include -I/usr/local/opt/openssl@1.1/include -I/usr/local/include -I/Users/dojo/Library/Caches/Homebrew/Python-3.6.2/Include -I/Users/dojo/Library/Caches/Homebrew/Python-3.6.2 -c /Users/dojo/Library/Caches/Homebrew/Python-3.6.2/Modules/_ctypes/darwin/dlfcn_simple.c -o build/temp.macosx-10.12.6-x86_64-3.6-pydebug/Users/dojo/Library/Caches/Homebrew/Python-3.6.2/Modules/_ctypes/darwin/dlfcn_simple.o -DMACOSX
cc -fsanitize=address -fno-omit-frame-pointer -Wno-unused-result -Wsign-compare -DDYNAMIC_ANNOTATIONS_ENABLED=1 -g -Ofast -Wall -Wstrict-prototypes -fomit-frame-pointer -funroll-loops -ffast-math -Ofast -fno-signed-zeros -ffp-contract=fast -mmmx -msse -flto -fomit-frame-pointer -funroll-loops -ffast-math -Ofast -fno-signed-zeros -ffp-contract=fast -mmmx -msse -flto -std=c99 -Wextra -Wno-unused-result -Wno-unused-parameter -Wno-missing-field-initializers -fomit-frame-pointer -funroll-loops -ffast-math -Ofast -fno-signed-zeros -ffp-contract=fast -mmmx -msse -flto -march=native -DUNIVERSAL=1 -I/Users/dojo/Library/Caches/Homebrew/Python-3.6.2/Modules/_decimal/libmpdec -I./Include -I. -I/usr/local/opt/openblas/include -I/usr/local/opt/llvm/include -I/usr/local/opt/sqlite/include -I/usr/local/opt/readline/include -I/usr/local/opt/openssl@1.1/include -I/usr/local/include -I/Users/dojo/Library/Caches/Homebrew/Python-3.6.2/Include -I/Users/dojo/Library/Caches/Homebrew/Python-3.6.2 -c /Users/dojo/Library/Caches/Homebrew/Python-3.6.2/Modules/_decimal/libmpdec/io.c -o build/temp.macosx-10.12.6-x86_64-3.6-pydebug/Users/dojo/Library/Caches/Homebrew/Python-3.6.2/Modules/_decimal/libmpdec/io.o
cc -bundle -undefined dynamic_lookup -fsanitize=address -L/usr/local/opt/openblas/lib -L/usr/local/opt/llvm/lib -L/usr/local/opt/sqlite/lib -L/usr/local/opt/readline/lib -L/usr/local/opt/openssl@1.1/lib -L/usr/local/opt/openblas/lib -L/usr/local/opt/llvm/lib -L/usr/local/opt/sqlite/lib -L/usr/local/opt/readline/lib -L/usr/local/opt/openssl@1.1/lib -L/usr/local/opt/openblas/lib -L/usr/local/opt/llvm/lib -L/usr/local/opt/sqlite/lib -L/usr/local/opt/readline/lib -L/usr/local/opt/openssl@1.1/lib -fomit-frame-pointer -funroll-loops -ffast-math -Ofast -fno-signed-zeros -ffp-contract=fast -mmmx -msse -flto -I/usr/local/opt/openblas/include -I/usr/local/opt/llvm/include -I/usr/local/opt/sqlite/include -I/usr/local/opt/readline/include -I/usr/local/opt/openssl@1.1/include -march=native build/temp.macosx-10.12.6-x86_64-3.6-pydebug/Users/dojo/Library/Caches/Homebrew/Python-3.6.2/Modules/_ctypes/_ctypes.o build/temp.macosx-10.12.6-x86_64-3.6-pydebug/Users/dojo/Library/Caches/Homebrew/Python-3.6.2/Modules/_ctypes/callbacks.o build/temp.macosx-10.12.6-x86_64-3.6-pydebug/Users/dojo/Library/Caches/Homebrew/Python-3.6.2/Modules/_ctypes/callproc.o build/temp.macosx-10.12.6-x86_64-3.6-pydebug/Users/dojo/Library/Caches/Homebrew/Python-3.6.2/Modules/_ctypes/stgdict.o build/temp.macosx-10.12.6-x86_64-3.6-pydebug/Users/dojo/Library/Caches/Homebrew/Python-3.6.2/Modules/_ctypes/cfield.o build/temp.macosx-10.12.6-x86_64-3.6-pydebug/Users/dojo/Library/Caches/Homebrew/Python-3.6.2/Modules/_ctypes/malloc_closure.o build/temp.macosx-10.12.6-x86_64-3.6-pydebug/Users/dojo/Library/Caches/Homebrew/Python-3.6.2/Modules/_ctypes/darwin/dlfcn_simple.o -L. -L/usr/local/opt/openblas/lib -L/usr/local/opt/llvm/lib -L/usr/local/opt/sqlite/lib -L/usr/local/opt/readline/lib -L/usr/local/opt/openssl@1.1/lib -L/usr/local/lib -lffi -o build/lib.macosx-10.12.6-x86_64-3.6-pydebug/_ctypes.cpython-36dm-darwin.so
cc -fsanitize=address -fno-omit-frame-pointer -Wno-unused-result -Wsign-compare -DDYNAMIC_ANNOTATIONS_ENABLED=1 -g -Ofast -Wall -Wstrict-prototypes -fomit-frame-pointer -funroll-loops -ffast-math -Ofast -fno-signed-zeros -ffp-contract=fast -mmmx -msse -flto -fomit-frame-pointer -funroll-loops -ffast-math -Ofast -fno-signed-zeros -ffp-contract=fast -mmmx -msse -flto -std=c99 -Wextra -Wno-unused-result -Wno-unused-parameter -Wno-missing-field-initializers -fomit-frame-pointer -funroll-loops -ffast-math -Ofast -fno-signed-zeros -ffp-contract=fast -mmmx -msse -flto -march=native -DUNIVERSAL=1 -I/Users/dojo/Library/Caches/Homebrew/Python-3.6.2/Modules/_decimal/libmpdec -I./Include -I. -I/usr/local/opt/openblas/include -I/usr/local/opt/llvm/include -I/usr/local/opt/sqlite/include -I/usr/local/opt/readline/include -I/usr/local/opt/openssl@1.1/include -I/usr/local/include -I/Users/dojo/Library/Caches/Homebrew/Python-3.6.2/Include -I/Users/dojo/Library/Caches/Homebrew/Python-3.6.2 -c /Users/dojo/Library/Caches/Homebrew/Python-3.6.2/Modules/_decimal/libmpdec/memory.c -o build/temp.macosx-10.12.6-x86_64-3.6-pydebug/Users/dojo/Library/Caches/Homebrew/Python-3.6.2/Modules/_decimal/libmpdec/memory.o
cc -fsanitize=address -fno-omit-frame-pointer -Wno-unused-result -Wsign-compare -DDYNAMIC_ANNOTATIONS_ENABLED=1 -g -Ofast -Wall -Wstrict-prototypes -fomit-frame-pointer -funroll-loops -ffast-math -Ofast -fno-signed-zeros -ffp-contract=fast -mmmx -msse -flto -fomit-frame-pointer -funroll-loops -ffast-math -Ofast -fno-signed-zeros -ffp-contract=fast -mmmx -msse -flto -std=c99 -Wextra -Wno-unused-result -Wno-unused-parameter -Wno-missing-field-initializers -fomit-frame-pointer -funroll-loops -ffast-math -Ofast -fno-signed-zeros -ffp-contract=fast -mmmx -msse -flto -march=native -DUNIVERSAL=1 -I/Users/dojo/Library/Caches/Homebrew/Python-3.6.2/Modules/_decimal/libmpdec -I./Include -I. -I/usr/local/opt/openblas/include -I/usr/local/opt/llvm/include -I/usr/local/opt/sqlite/include -I/usr/local/opt/readline/include -I/usr/local/opt/openssl@1.1/include -I/usr/local/include -I/Users/dojo/Library/Caches/Homebrew/Python-3.6.2/Include -I/Users/dojo/Library/Caches/Homebrew/Python-3.6.2 -c /Users/dojo/Library/Caches/Homebrew/Python-3.6.2/Modules/_decimal/libmpdec/mpdecimal.c -o build/temp.macosx-10.12.6-x86_64-3.6-pydebug/Users/dojo/Library/Caches/Homebrew/Python-3.6.2/Modules/_decimal/libmpdec/mpdecimal.o
cc -fsanitize=address -fno-omit-frame-pointer -Wno-unused-result -Wsign-compare -DDYNAMIC_ANNOTATIONS_ENABLED=1 -g -Ofast -Wall -Wstrict-prototypes -fomit-frame-pointer -funroll-loops -ffast-math -Ofast -fno-signed-zeros -ffp-contract=fast -mmmx -msse -flto -fomit-frame-pointer -funroll-loops -ffast-math -Ofast -fno-signed-zeros -ffp-contract=fast -mmmx -msse -flto -std=c99 -Wextra -Wno-unused-result -Wno-unused-parameter -Wno-missing-field-initializers -fomit-frame-pointer -funroll-loops -ffast-math -Ofast -fno-signed-zeros -ffp-contract=fast -mmmx -msse -flto -march=native -DUNIVERSAL=1 -I/Users/dojo/Library/Caches/Homebrew/Python-3.6.2/Modules/_decimal/libmpdec -I./Include -I. -I/usr/local/opt/openblas/include -I/usr/local/opt/llvm/include -I/usr/local/opt/sqlite/include -I/usr/local/opt/readline/include -I/usr/local/opt/openssl@1.1/include -I/usr/local/include -I/Users/dojo/Library/Caches/Homebrew/Python-3.6.2/Include -I/Users/dojo/Library/Caches/Homebrew/Python-3.6.2 -c /Users/dojo/Library/Caches/Homebrew/Python-3.6.2/Modules/_decimal/libmpdec/numbertheory.c -o build/temp.macosx-10.12.6-x86_64-3.6-pydebug/Users/dojo/Library/Caches/Homebrew/Python-3.6.2/Modules/_decimal/libmpdec/numbertheory.o
cc -fsanitize=address -fno-omit-frame-pointer -Wno-unused-result -Wsign-compare -DDYNAMIC_ANNOTATIONS_ENABLED=1 -g -Ofast -Wall -Wstrict-prototypes -fomit-frame-pointer -funroll-loops -ffast-math -Ofast -fno-signed-zeros -ffp-contract=fast -mmmx -msse -flto -fomit-frame-pointer -funroll-loops -ffast-math -Ofast -fno-signed-zeros -ffp-contract=fast -mmmx -msse -flto -std=c99 -Wextra -Wno-unused-result -Wno-unused-parameter -Wno-missing-field-initializers -fomit-frame-pointer -funroll-loops -ffast-math -Ofast -fno-signed-zeros -ffp-contract=fast -mmmx -msse -flto -march=native -DUNIVERSAL=1 -I/Users/dojo/Library/Caches/Homebrew/Python-3.6.2/Modules/_decimal/libmpdec -I./Include -I. -I/usr/local/opt/openblas/include -I/usr/local/opt/llvm/include -I/usr/local/opt/sqlite/include -I/usr/local/opt/readline/include -I/usr/local/opt/openssl@1.1/include -I/usr/local/include -I/Users/dojo/Library/Caches/Homebrew/Python-3.6.2/Include -I/Users/dojo/Library/Caches/Homebrew/Python-3.6.2 -c /Users/dojo/Library/Caches/Homebrew/Python-3.6.2/Modules/_decimal/libmpdec/sixstep.c -o build/temp.macosx-10.12.6-x86_64-3.6-pydebug/Users/dojo/Library/Caches/Homebrew/Python-3.6.2/Modules/_decimal/libmpdec/sixstep.o
cc -fsanitize=address -fno-omit-frame-pointer -Wno-unused-result -Wsign-compare -DDYNAMIC_ANNOTATIONS_ENABLED=1 -g -Ofast -Wall -Wstrict-prototypes -fomit-frame-pointer -funroll-loops -ffast-math -Ofast -fno-signed-zeros -ffp-contract=fast -mmmx -msse -flto -fomit-frame-pointer -funroll-loops -ffast-math -Ofast -fno-signed-zeros -ffp-contract=fast -mmmx -msse -flto -std=c99 -Wextra -Wno-unused-result -Wno-unused-parameter -Wno-missing-field-initializers -fomit-frame-pointer -funroll-loops -ffast-math -Ofast -fno-signed-zeros -ffp-contract=fast -mmmx -msse -flto -march=native -DUNIVERSAL=1 -I/Users/dojo/Library/Caches/Homebrew/Python-3.6.2/Modules/_decimal/libmpdec -I./Include -I. -I/usr/local/opt/openblas/include -I/usr/local/opt/llvm/include -I/usr/local/opt/sqlite/include -I/usr/local/opt/readline/include -I/usr/local/opt/openssl@1.1/include -I/usr/local/include -I/Users/dojo/Library/Caches/Homebrew/Python-3.6.2/Include -I/Users/dojo/Library/Caches/Homebrew/Python-3.6.2 -c /Users/dojo/Library/Caches/Homebrew/Python-3.6.2/Modules/_decimal/libmpdec/transpose.c -o build/temp.macosx-10.12.6-x86_64-3.6-pydebug/Users/dojo/Library/Caches/Homebrew/Python-3.6.2/Modules/_decimal/libmpdec/transpose.o
cc -bundle -undefined dynamic_lookup -fsanitize=address -L/usr/local/opt/openblas/lib -L/usr/local/opt/llvm/lib -L/usr/local/opt/sqlite/lib -L/usr/local/opt/readline/lib -L/usr/local/opt/openssl@1.1/lib -L/usr/local/opt/openblas/lib -L/usr/local/opt/llvm/lib -L/usr/local/opt/sqlite/lib -L/usr/local/opt/readline/lib -L/usr/local/opt/openssl@1.1/lib -L/usr/local/opt/openblas/lib -L/usr/local/opt/llvm/lib -L/usr/local/opt/sqlite/lib -L/usr/local/opt/readline/lib -L/usr/local/opt/openssl@1.1/lib -fomit-frame-pointer -funroll-loops -ffast-math -Ofast -fno-signed-zeros -ffp-contract=fast -mmmx -msse -flto -I/usr/local/opt/openblas/include -I/usr/local/opt/llvm/include -I/usr/local/opt/sqlite/include -I/usr/local/opt/readline/include -I/usr/local/opt/openssl@1.1/include -march=native build/temp.macosx-10.12.6-x86_64-3.6-pydebug/Users/dojo/Library/Caches/Homebrew/Python-3.6.2/Modules/_decimal/_decimal.o build/temp.macosx-10.12.6-x86_64-3.6-pydebug/Users/dojo/Library/Caches/Homebrew/Python-3.6.2/Modules/_decimal/libmpdec/basearith.o build/temp.macosx-10.12.6-x86_64-3.6-pydebug/Users/dojo/Library/Caches/Homebrew/Python-3.6.2/Modules/_decimal/libmpdec/constants.o build/temp.macosx-10.12.6-x86_64-3.6-pydebug/Users/dojo/Library/Caches/Homebrew/Python-3.6.2/Modules/_decimal/libmpdec/context.o build/temp.macosx-10.12.6-x86_64-3.6-pydebug/Users/dojo/Library/Caches/Homebrew/Python-3.6.2/Modules/_decimal/libmpdec/convolute.o build/temp.macosx-10.12.6-x86_64-3.6-pydebug/Users/dojo/Library/Caches/Homebrew/Python-3.6.2/Modules/_decimal/libmpdec/crt.o build/temp.macosx-10.12.6-x86_64-3.6-pydebug/Users/dojo/Library/Caches/Homebrew/Python-3.6.2/Modules/_decimal/libmpdec/difradix2.o build/temp.macosx-10.12.6-x86_64-3.6-pydebug/Users/dojo/Library/Caches/Homebrew/Python-3.6.2/Modules/_decimal/libmpdec/fnt.o build/temp.macosx-10.12.6-x86_64-3.6-pydebug/Users/dojo/Library/Caches/Homebrew/Python-3.6.2/Modules/_decimal/libmpdec/fourstep.o build/temp.macosx-10.12.6-x86_64-3.6-pydebug/Users/dojo/Library/Caches/Homebrew/Python-3.6.2/Modules/_decimal/libmpdec/io.o build/temp.macosx-10.12.6-x86_64-3.6-pydebug/Users/dojo/Library/Caches/Homebrew/Python-3.6.2/Modules/_decimal/libmpdec/memory.o build/temp.macosx-10.12.6-x86_64-3.6-pydebug/Users/dojo/Library/Caches/Homebrew/Python-3.6.2/Modules/_decimal/libmpdec/mpdecimal.o build/temp.macosx-10.12.6-x86_64-3.6-pydebug/Users/dojo/Library/Caches/Homebrew/Python-3.6.2/Modules/_decimal/libmpdec/numbertheory.o build/temp.macosx-10.12.6-x86_64-3.6-pydebug/Users/dojo/Library/Caches/Homebrew/Python-3.6.2/Modules/_decimal/libmpdec/sixstep.o build/temp.macosx-10.12.6-x86_64-3.6-pydebug/Users/dojo/Library/Caches/Homebrew/Python-3.6.2/Modules/_decimal/libmpdec/transpose.o -L. -L/usr/local/opt/openblas/lib -L/usr/local/opt/llvm/lib -L/usr/local/opt/sqlite/lib -L/usr/local/opt/readline/lib -L/usr/local/opt/openssl@1.1/lib -L/usr/local/lib -o build/lib.macosx-10.12.6-x86_64-3.6-pydebug/_decimal.cpython-36dm-darwin.so

Python build finished successfully!
The necessary bits to build these optional modules were not found:
ossaudiodev           spwd                                     
To find the necessary bits, look in setup.py in detect_modules() for the module's name.

The following modules found by detect_modules() in setup.py, have been
built by the Makefile instead, as configured by the Setup files:
atexit                pwd                   time               
running build_scripts
copying and adjusting /Users/dojo/Library/Caches/Homebrew/Python-3.6.2/Tools/scripts/pydoc3 -> build/scripts-3.6
copying and adjusting /Users/dojo/Library/Caches/Homebrew/Python-3.6.2/Tools/scripts/idle3 -> build/scripts-3.6
copying and adjusting /Users/dojo/Library/Caches/Homebrew/Python-3.6.2/Tools/scripts/2to3 -> build/scripts-3.6
copying and adjusting /Users/dojo/Library/Caches/Homebrew/Python-3.6.2/Tools/scripts/pyvenv -> build/scripts-3.6
changing mode of build/scripts-3.6/pydoc3 from 600 to 755
changing mode of build/scripts-3.6/idle3 from 600 to 755
changing mode of build/scripts-3.6/2to3 from 600 to 755
changing mode of build/scripts-3.6/pyvenv from 600 to 755
renaming build/scripts-3.6/pydoc3 to build/scripts-3.6/pydoc3.6
renaming build/scripts-3.6/idle3 to build/scripts-3.6/idle3.6
renaming build/scripts-3.6/2to3 to build/scripts-3.6/2to3-3.6
renaming build/scripts-3.6/pyvenv to build/scripts-3.6/pyvenv-3.6
gmake[2]: Leaving directory '/Users/dojo/Library/Caches/Homebrew/Python-3.6.2'
gmake[1]: Leaving directory '/Users/dojo/Library/Caches/Homebrew/Python-3.6.2'
gmake profile-removal
gmake[1]: Entering directory '/Users/dojo/Library/Caches/Homebrew/Python-3.6.2'
find . -name '*.gc??' -exec rm -f {} ';'
find . -name '*.profclang?' -exec rm -f {} ';'
find . -name '*.dyn' -exec rm -f {} ';'
rm -f /Users/dojo/Library/Caches/Homebrew/Python-3.6.2/coverage.info
rm -rf /Users/dojo/Library/Caches/Homebrew/Python-3.6.2/lcov-report
gmake[1]: Leaving directory '/Users/dojo/Library/Caches/Homebrew/Python-3.6.2'
